
> aipromoeventsystem@0.0.0 test
> jest --testPathPatterns=src/test/unit/components/Staff --no-coverage

node.exe : FAIL 
src/test/unit/components/Staff/organizers/StaffOrganizerStats.test.tsx (7.786 
s)
At line:1 char:1
+ & "C:\Program Files\nodejs/node.exe" "C:\Program Files\nodejs/node_mo ...
+ ~~~~~~~~~~~~~~~~~~~~~~~~~~~~~~~~~~~~~~~~~~~~~~~~~~~~~~~~~~~~~~~~~~~~~
    + CategoryInfo          : NotSpecified: (FAIL src/test/u...t.tsx (7.786 s) 
   :String) [], RemoteException
    + FullyQualifiedErrorId : NativeCommandError
 
  ΓùÅ StaffOrganizerStats ΓÇ║ Edge Cases ΓÇ║ should handle undefined 
pendingOrganizers

    TypeError: Cannot read properties of undefined (reading 'forEach')

    [0m [90m 27 |[39m     [36mconst[39m businessTypeStats [33m=[39m 
useMemo(() [33m=>[39m {
     [90m 28 |[39m         [36mconst[39m stats[33m:[39m 
[33mRecord[39m[33m<[39m[33mstring[39m[33m,[39m number[33m>[39m 
[33m=[39m {}[33m;[39m
    [31m[1m>[22m[39m[90m 29 |[39m         
pendingOrganizers[33m.[39mforEach((org) [33m=>[39m {
     [90m    |[39m                           [31m[1m^[22m[39m
     [90m 30 |[39m             [36mconst[39m type [33m=[39m 
org[33m.[39mbusinessType [33m||[39m [32m"Kh├íc"[39m[33m;[39m
     [90m 31 |[39m             stats[type] [33m=[39m (stats[type] 
[33m||[39m [35m0[39m) [33m+[39m [35m1[39m[33m;[39m
     [90m 32 |[39m         })[33m;[39m[0m

      at src/components/Staff/organizers/StaffOrganizerStats.tsx:29:27
      at mountMemo 
(node_modules/react-dom/cjs/react-dom-client.development.js:8777:23)
      at Object.useMemo 
(node_modules/react-dom/cjs/react-dom-client.development.js:26216:18)
      at process.env.NODE_ENV.exports.useMemo 
(node_modules/react/cjs/react.development.js:1251:34)
      at StaffOrganizerStats 
(src/components/Staff/organizers/StaffOrganizerStats.tsx:27:38)
      at Object.react_stack_bottom_frame 
(node_modules/react-dom/cjs/react-dom-client.development.js:25904:20)
      at renderWithHooks 
(node_modules/react-dom/cjs/react-dom-client.development.js:7662:22)
      at updateFunctionComponent 
(node_modules/react-dom/cjs/react-dom-client.development.js:10166:19)
      at beginWork 
(node_modules/react-dom/cjs/react-dom-client.development.js:11778:18)
      at runWithFiberInDEV 
(node_modules/react-dom/cjs/react-dom-client.development.js:874:13)
      at performUnitOfWork 
(node_modules/react-dom/cjs/react-dom-client.development.js:17641:22)
      at workLoopSync 
(node_modules/react-dom/cjs/react-dom-client.development.js:17469:41)
      at renderRootSync 
(node_modules/react-dom/cjs/react-dom-client.development.js:17450:11)
      at performWorkOnRoot 
(node_modules/react-dom/cjs/react-dom-client.development.js:16583:35)
      at performWorkOnRootViaSchedulerTask 
(node_modules/react-dom/cjs/react-dom-client.development.js:18957:7)
      at flushActQueue (node_modules/react/cjs/react.development.js:590:34)
      at node_modules/react/cjs/react.development.js:847:21

  ΓùÅ StaffOrganizerStats ΓÇ║ Edge Cases ΓÇ║ should handle null 
pendingOrganizers

    TypeError: Cannot read properties of null (reading 'forEach')

    [0m [90m 27 |[39m     [36mconst[39m businessTypeStats [33m=[39m 
useMemo(() [33m=>[39m {
     [90m 28 |[39m         [36mconst[39m stats[33m:[39m 
[33mRecord[39m[33m<[39m[33mstring[39m[33m,[39m number[33m>[39m 
[33m=[39m {}[33m;[39m
    [31m[1m>[22m[39m[90m 29 |[39m         
pendingOrganizers[33m.[39mforEach((org) [33m=>[39m {
     [90m    |[39m                           [31m[1m^[22m[39m
     [90m 30 |[39m             [36mconst[39m type [33m=[39m 
org[33m.[39mbusinessType [33m||[39m [32m"Kh├íc"[39m[33m;[39m
     [90m 31 |[39m             stats[type] [33m=[39m (stats[type] 
[33m||[39m [35m0[39m) [33m+[39m [35m1[39m[33m;[39m
     [90m 32 |[39m         })[33m;[39m[0m

      at src/components/Staff/organizers/StaffOrganizerStats.tsx:29:27
      at mountMemo 
(node_modules/react-dom/cjs/react-dom-client.development.js:8777:23)
      at Object.useMemo 
(node_modules/react-dom/cjs/react-dom-client.development.js:26216:18)
      at process.env.NODE_ENV.exports.useMemo 
(node_modules/react/cjs/react.development.js:1251:34)
      at StaffOrganizerStats 
(src/components/Staff/organizers/StaffOrganizerStats.tsx:27:38)
      at Object.react_stack_bottom_frame 
(node_modules/react-dom/cjs/react-dom-client.development.js:25904:20)
      at renderWithHooks 
(node_modules/react-dom/cjs/react-dom-client.development.js:7662:22)
      at updateFunctionComponent 
(node_modules/react-dom/cjs/react-dom-client.development.js:10166:19)
      at beginWork 
(node_modules/react-dom/cjs/react-dom-client.development.js:11778:18)
      at runWithFiberInDEV 
(node_modules/react-dom/cjs/react-dom-client.development.js:874:13)
      at performUnitOfWork 
(node_modules/react-dom/cjs/react-dom-client.development.js:17641:22)
      at workLoopSync 
(node_modules/react-dom/cjs/react-dom-client.development.js:17469:41)
      at renderRootSync 
(node_modules/react-dom/cjs/react-dom-client.development.js:17450:11)
      at performWorkOnRoot 
(node_modules/react-dom/cjs/react-dom-client.development.js:16583:35)
      at performWorkOnRootViaSchedulerTask 
(node_modules/react-dom/cjs/react-dom-client.development.js:18957:7)
      at flushActQueue (node_modules/react/cjs/react.development.js:590:34)
      at node_modules/react/cjs/react.development.js:847:21

FAIL src/test/unit/components/Staff/events/StaffEventApprovalStats.test.tsx 
(7.859 s)
  ΓùÅ StaffEventApprovalStats ΓÇ║ Redux API Calls ΓÇ║ should dispatch 
fetchPendingEvents on mount

    Cannot find module '../../../../store/eventSlice' from 
'src/test/unit/components/Staff/events/StaffEventApprovalStats.test.tsx'

    [0m [90m 91 |[39m   describe([32m'Redux API Calls'[39m[33m,[39m () 
[33m=>[39m {
     [90m 92 |[39m     it([32m'should dispatch fetchPendingEvents on 
mount'[39m[33m,[39m [36masync[39m () [33m=>[39m {
    [31m[1m>[22m[39m[90m 93 |[39m       [36mconst[39m { 
fetchPendingEvents } [33m=[39m 
require([32m'../../../../store/eventSlice'[39m)
     [90m    |[39m                                      [31m[1m^[22m[39m
     [90m 94 |[39m
     [90m 95 |[39m       [36mawait[39m act([36masync[39m () [33m=>[39m 
{
     [90m 96 |[39m         
render([33m<[39m[33mStaffEventApprovalStats[39m [33m/[39m[33m>[39m)[0m

      at Resolver._throwModNotFoundError 
(node_modules/jest-resolve/build/index.js:863:11)
      at Object.<anonymous> 
(src/test/unit/components/Staff/events/StaffEventApprovalStats.test.tsx:93:38)

  ΓùÅ StaffEventApprovalStats ΓÇ║ Data Display ΓÇ║ should show total count 
when pagination has totalCount

    TestingLibraryElementError: Found multiple elements with the text: Tß╗òng 
25 y├¬u cß║ºu

    Here are the matching elements:

    Ignored nodes: comments, script, style
    [36m<p[39m
      [33mclass[39m=[32m"text-xs text-slate-500 mt-4"[39m
    [36m>[39m
      [0mTß╗òng [0m
      [0m25[0m
      [0m y├¬u cß║ºu[0m
    [36m</p>[39m

    Ignored nodes: comments, script, style
    [36m<p[39m
      [33mclass[39m=[32m"text-xs text-slate-500 mt-4"[39m
    [36m>[39m
      [0mTß╗òng [0m
      [0m25[0m
      [0m y├¬u cß║ºu[0m
    [36m</p>[39m

    Ignored nodes: comments, script, style
    [36m<p[39m
      [33mclass[39m=[32m"text-xs text-slate-500 mt-4"[39m
    [36m>[39m
      [0mTß╗òng [0m
      [0m25[0m
      [0m y├¬u cß║ºu[0m
    [36m</p>[39m

    (If this is intentional, then use the `*AllBy*` variant of the query (like 
`queryAllByText`, `getAllByText`, or `findAllByText`)).

    Ignored nodes: comments, script, style
    [36m<body>[39m
      [36m<div>[39m
        [36m<div[39m
          [33mclass[39m=[32m"grid grid-cols-1 md:grid-cols-3 gap-8 
mb-12"[39m
        [36m>[39m
          [36m<div[39m
            [33mclass[39m=[32m"relative group overflow-hidden 
bg-[rgba(24,18,43,0.6)] backdrop-blur-[16px] border 
border-[rgba(124,64,237,0.15)] hover:border-primary/30 transition-all 
duration-300 p-8 rounded-3xl hover:scale-[1.02]"[39m
          [36m>[39m
            [36m<div[39m
              [33mclass[39m=[32m"absolute top-0 right-0 p-8 opacity-70 
group-hover:opacity-100 transition"[39m
            [36m>[39m
              [36m<svg[39m
                [33mclass[39m=[32m"text-primary/20 text-5xl"[39m
                [33mfill[39m=[32m"currentColor"[39m
                [33mheight[39m=[32m"1em"[39m
                [33mstroke[39m=[32m"currentColor"[39m
                [33mstroke-width[39m=[32m"0"[39m
                [33mviewBox[39m=[32m"0 0 24 24"[39m
                [33mwidth[39m=[32m"1em"[39m
                [33mxmlns[39m=[32m"http://www.w3.org/2000/svg"[39m
              [36m>[39m
                [36m<path[39m
                  [33md[39m=[32m"M0 0h24v24H0z"[39m
                  [33mfill[39m=[32m"none"[39m
                [36m/>[39m
                [36m<path[39m
                  [33md[39m=[32m"M17 12c-2.76 0-5 2.24-5 5s2.24 5 5 5 
5-2.24 5-5-2.24-5-5-5zm1.65 7.35L16.5 17.2V14h1v2.79l1.85 1.85-.7.71zM18 
3h-3.18C14.4 1.84 13.3 1 12 1s-2.4.84-2.82 2H6c-1.1 0-2 .9-2 2v15c0 1.1.9 2 2 
2h6.11a6.743 6.743 0 0 1-1.42-2H6V5h2v3h8V5h2v5.08c.71.1 1.38.31 2 
.6V5c0-1.1-.9-2-2-2zm-6 2c-.55 0-1-.45-1-1s.45-1 1-1 1 .45 1 1-.45 1-1 1z"[39m
                [36m/>[39m
              [36m</svg>[39m
            [36m</div>[39m
            [36m<div[39m
              [33mclass[39m=[32m"absolute -right-10 -bottom-10 size-40 
bg-primary/10 rounded-full blur-[80px]"[39m
            [36m/>[39m
            [36m<p[39m
              [33mclass[39m=[32m"text-sm font-bold text-slate-400 uppercase 
tracking-widest mb-4"[39m
            [36m>[39m
              [0mSß╗▒ kiß╗çn chß╗¥ duyß╗çt[0m
            [36m</p>[39m
            [36m<div[39m
              [33mclass[39m=[32m"flex items-baseline gap-4"[39m
            [36m>[39m
              [36m<h4[39m
                [33mclass[39m=[32m"text-6xl font-black text-white 
tracking-tighter"[39m
              [36m>[39m
                [0m1[0m
              [36m</h4>[39m
              [36m<div[39m
                [33mclass[39m=[32m"flex items-center px-2 py-1 rounded-lg 
text-xs font-bold bg-amber-500/10 text-amber-400"[39m
              [36m>[39m
                [36m<span[39m
                  [33mclass[39m=[32m"mr-1"[39m
                [36m>[39m
                  [0mΓåæ[0m
                [36m</span>[39m
                [0m1[0m
              [36m</div>[39m
            [36m</div>[39m
            [36m<p[39m
              [33mclass[39m=[32m"text-xs text-slate-500 mt-4"[39m
            [36m>[39m
              [0mTß╗òng [0m
              [0m25[0m
              [0m y├¬u cß║ºu[0m
            [36m</p>[39m
          [36m</div>[39m
          [36m<div[39m
            [33mclass[39m=[32m"relative group overflow-hidden 
bg-[rgba(24,18,43,0.6)] backdrop-blur-[16px] border 
border-[rgba(124,64,237,0.15)] hover:border-primary/30 transition-all 
duration-300 p-8 rounded-3xl hover:scale-[1.02]"[39m
          [36m>[39m
            [36m<div[39m
              [33mclass[39m=[32m"absolute top-0 right-0 p-8 opacity-70 
group-hover:opacity-100 transition"[39m
            [36m>[39m
              [36m<svg[39m
                [33mclass[39m=[32m"text-primary/20 text-5xl"[39m
                [33mfill[39m=[32m"currentColor"[39m
                [33mheight[39m=[32m"1em"[39m
                [33mstroke[39m=[32m"currentColor"[39m
                [33mstroke-width[39m=[32m"0"[39m
                [33mviewBox[39m=[32m"0 0 24 24"[39m
                [33mwidth[39m=[32m"1em"[39m
                [33mxmlns[39m=[32m"http://www.w3.org/2000/svg"[39m
              [36m>[39m
                [36m<path[39m
                  [33md[39m=[32m"M0 0h24v24H0z"[39m
                  [33mfill[39m=[32m"none"[39m
                [36m/>[39m
                [36m<path[39m
                  [33md[39m=[32m"M22 5.18 10.59 16.6l-4.24-4.24 1.41-1.41 
2.83 2.83 10-10L22 5.18zm-2.21 5.04c.13.57.21 1.17.21 1.78 0 4.42-3.58 8-8 
8s-8-3.58-8-8 3.58-8 8-8c1.58 0 3.04.46 4.28 1.25l1.44-1.44A9.9 9.9 0 0 0 12 
2C6.48 2 2 6.48 2 12s4.48 10 10 10 10-4.48 10-10c0-1.19-.22-2.33-.6-3.39l-1.61 
1.61z"[39m
                [36m/>[39m
              [36m</svg>[39m
            [36m</div>[39m
            [36m<div[39m
              [33mclass[39m=[32m"absolute -right-10 -bottom-10 size-40 
bg-primary/10 rounded-full blur-[80px]"[39m
            [36m/>[39m
            [36m<p[39m
              [33mclass[39m=[32m"text-sm font-bold text-slate-400 uppercase 
tracking-widest mb-4"[39m
            [36m>[39m
              [0mY├¬u cß║ºu huß╗╖[0m
            [36m</p>[39m
            [36m<div[39m
              [33mclass[39m=[32m"flex items-baseline gap-4"[39m
            [36m>[39m
              [36m<h4[39m
                [33mclass[39m=[32m"text-6xl font-black text-white 
tracking-tighter"[39m
              [36m>[39m
                [0m0[0m
              [36m</h4>[39m
              [36m<div[39m
                [33mclass[39m=[32m"flex items-center px-2 py-1 rounded-lg 
text-xs font-bold bg-red-500/10 text-red-400"[39m
              [36m>[39m
                [0m0[0m
              [36m</div>[39m
            [36m</div>[39m
            [36m<p[39m
              [33mclass[39m=[32m"text-xs text-slate-500 mt-4"[39m
            [36m>[39m
              [0mTß╗òng [0m
              [0m25[0m
              [0m y├¬u cß║ºu[0m
            [36m</p>[39m
          [36m</div>[39m
          [36m<div[39m
            [33mclass[39m=[32m"relative group overflow-hidden 
bg-[rgba(24,18,43,0.6)] backdrop-blur-[16px] border 
border-[rgba(124,64,237,0.15)] hover:border-primary/30 transition-all 
duration-300 p-8 rounded-3xl hover:scale-[1.02]"[39m
          [36m>[39m
            [36m<div[39m
              [33mclass[39m=[32m"absolute top-0 right-0 p-8 opacity-70 
group-hover:opacity-100 transition"[39m
            [36m>[39m
              [36m<svg[39m
                [33mclass[39m=[32m"text-primary/20 text-5xl"[39m
                [33mfill[39m=[32m"currentColor"[39m
                [33mheight[39m=[32m"1em"[39m
                [33mstroke[39m=[32m"currentColor"[39m
                [33mstroke-width[39m=[32m"0"[39m
                [33mviewBox[39m=[32m"0 0 24 24"[39m
                [33mwidth[39m=[32m"1em"[39m
                [33mxmlns[39m=[32m"http://www.w3.org/2000/svg"[39m
              [36m>[39m
                [36m<path[39m
                  [33md[39m=[32m"M0 0h24v24H0z"[39m
                  [33mfill[39m=[32m"none"[39m
                [36m/>[39m
                [36m<path[39m
                  [33md[39m=[32m"M11.99 2C6.47 2 2 6.48 2 12s4.47 10 9.99 
10C17.52 22 22 17.52 22 12S17.52 2 11.99 2zM12 20c-4.42 0-8-3.58-8-8s3.58-8 
8-8 8 3.58 8 8-3.58 8-8 8z"[39m
                [36m/>[39m
                [36m<path[39m
                  [33md[39m=[32m"M12.5 7H11v6l5.25 
3.15.75-1.23-4.5-2.67z"[39m
                [36m/>[39m
              [36m</svg>[39m
            [36m</div>[39m
            [36m<div[39m
              [33mclass[39m=[32m"absolute -right-10 -bottom-10 size-40 
bg-primary/10 rounded-full blur-[80px]"[39m
            [36m/>[39m
            [36m<p[39m
              [33mclass[39m=[32m"text-sm font-bold text-slate-400 uppercase 
tracking-widest mb-4"[39m
            [36m>[39m
              [0mXß╗¡ l├╜ h├┤m nay[0m
            [36m</p>[39m
            [36m<div[39m
              [33mclass[39m=[32m"flex items-baseline gap-4"[39m
            [36m>[39m
              [36m<h4[39m
                [33mclass[39m=[32m"text-6xl font-black text-white 
tracking-tighter"[39m
              [36m>[39m
                [0m1[0m
              [36m</h4>[39m
              [36m<div[39m
                [33mclass[39m=[32m"flex items-center px-2 py-1 rounded-lg 
text-xs font-bold bg-primary/20 text-primary"[39m
              [36m>[39m
                [36m<svg[39m
                  [33mclass[39m=[32m"text-sm mr-1"[39m
                  [33mfill[39m=[32m"currentColor"[39m
                  [33mheight[39m=[32m"1em"[39m
                  [33mstroke[39m=[32m"currentColor"[39m
                  [33mstroke-width[39m=[32m"0"[39m
                  [33mviewBox[39m=[32m"0 0 24 24"[39m
                  [33mwidth[39m=[32m"1em"[39m
                  [33mxmlns[39m=[32m"http://www.w3.org/2000/svg"[39m
                [36m>[39m
                  [36m<path[39m
                    [33md[39m=[32m"M0 0h24v24H0z"[39m
                    [33mfill[39m=[32m"none"[39m
                  [36m/>[39m
                  [36m<path[39m
                    [33md[39m=[32m"M13 3a9 9 0 0 0-9 9H1l3.89 3.89.07.14L9 
12H6c0-3.87 3.13-7 7-7s7 3.13 7 7-3.13 7-7 7c-1.93 0-3.68-.79-4.94-2.06l-1.42 
1.42A8.954 8.954 0 0 0 13 21a9 9 0 0 0 0-18zm-1 5v5l4.28 
2.54.72-1.21-3.5-2.08V8H12z"[39m
                  [36m/>[39m
                [36m</svg>[39m
                [0mH├┤m nay[0m
              [36m</div>[39m
            [36m</div>[39m
            [36m<p[39m
              [33mclass[39m=[32m"text-xs text-slate-500 mt-4"[39m
            [36m>[39m
              [0mTß╗òng [0m
              [0m25[0m
              [0m y├¬u cß║ºu[0m
            [36m</p>[39m
          [36m</div>[39m
        [36m</div>[39m
      [36m</div>[39m
    [36m</body>[39m

    [0m [90m 185 |[39m       })
     [90m 186 |[39m
    [31m[1m>[22m[39m[90m 187 |[39m       
expect(screen[33m.[39mgetByText([32m'Tß╗òng 25 y├¬u 
cß║ºu'[39m))[33m.[39mtoBeInTheDocument()
     [90m     |[39m                     [31m[1m^[22m[39m
     [90m 188 |[39m     })
     [90m 189 |[39m
     [90m 190 |[39m     it([32m'should not show total count when pagination 
is missing totalCount'[39m[33m,[39m [36masync[39m () [33m=>[39m {[0m

      at Object.getElementError 
(node_modules/@testing-library/dom/dist/config.js:37:19)
      at getElementError 
(node_modules/@testing-library/dom/dist/query-helpers.js:20:35)
      at getMultipleElementsFoundError 
(node_modules/@testing-library/dom/dist/query-helpers.js:23:10)
      at node_modules/@testing-library/dom/dist/query-helpers.js:55:13
      at node_modules/@testing-library/dom/dist/query-helpers.js:95:19
      at Object.<anonymous> 
(src/test/unit/components/Staff/events/StaffEventApprovalStats.test.tsx:187:21)

  ΓùÅ StaffEventApprovalStats ΓÇ║ Edge Cases ΓÇ║ should handle null events

    TypeError: Cannot read properties of null (reading 'filter')

    [0m [90m 32 |[39m   [90m/* ---------------- STATS CALCULATION 
---------------- */[39m
     [90m 33 |[39m
    [31m[1m>[22m[39m[90m 34 |[39m   [36mconst[39m pendingEvents 
[33m=[39m events[33m.[39mfilter(
     [90m    |[39m                                [31m[1m^[22m[39m
     [90m 35 |[39m     (e) [33m=>[39m e[33m.[39mstatus [33m===[39m 
[32m"PendingReview"[39m
     [90m 36 |[39m   )
     [90m 37 |[39m[0m

      at StaffEventApprovalStats 
(src/components/Staff/events/StaffEventApprovalStats.tsx:34:32)
      at Object.react_stack_bottom_frame 
(node_modules/react-dom/cjs/react-dom-client.development.js:25904:20)
      at renderWithHooks 
(node_modules/react-dom/cjs/react-dom-client.development.js:7662:22)
      at updateFunctionComponent 
(node_modules/react-dom/cjs/react-dom-client.development.js:10166:19)
      at beginWork 
(node_modules/react-dom/cjs/react-dom-client.development.js:11778:18)
      at runWithFiberInDEV 
(node_modules/react-dom/cjs/react-dom-client.development.js:874:13)
      at performUnitOfWork 
(node_modules/react-dom/cjs/react-dom-client.development.js:17641:22)
      at workLoopSync 
(node_modules/react-dom/cjs/react-dom-client.development.js:17469:41)
      at renderRootSync 
(node_modules/react-dom/cjs/react-dom-client.development.js:17450:11)
      at performWorkOnRoot 
(node_modules/react-dom/cjs/react-dom-client.development.js:16583:35)
      at performWorkOnRootViaSchedulerTask 
(node_modules/react-dom/cjs/react-dom-client.development.js:18957:7)
      at flushActQueue (node_modules/react/cjs/react.development.js:590:34)
      at node_modules/react/cjs/react.development.js:847:21

PASS src/test/unit/components/Staff/posts/StaffPostApprovalCard.test.tsx 
(8.186 s)
FAIL src/test/unit/components/Staff/posts/StaffPostApprovalPagination.test.tsx 
(8.253 s)
  ΓùÅ StaffPostApprovalPagination ΓÇ║ Render ΓÇ║ should display item count 
range correctly

    TestingLibraryElementError: Found multiple elements with the text: 1

    Here are the matching elements:

    Ignored nodes: comments, script, style
    [36m<span[39m
      [33mclass[39m=[32m"text-white font-semibold"[39m
    [36m>[39m
      [0m1[0m
    [36m</span>[39m

    Ignored nodes: comments, script, style
    [36m<button[39m
      [33mclass[39m=[32m"min-w-8 h-8 rounded-md flex items-center 
justify-center text-xs font-bold transition-colors bg-fuchsia-500 
text-white"[39m
    [36m>[39m
      [0m1[0m
    [36m</button>[39m

    (If this is intentional, then use the `*AllBy*` variant of the query (like 
`queryAllByText`, `getAllByText`, or `findAllByText`)).

    Ignored nodes: comments, script, style
    [36m<body>[39m
      [36m<div>[39m
        [36m<div[39m
          [33mclass[39m=[32m"flex items-center justify-between rounded-lg 
bg-[#1a1530] border border-primary/10 px-5 py-3"[39m
        [36m>[39m
          [36m<p[39m
            [33mclass[39m=[32m"text-slate-400 text-xs"[39m
          [36m>[39m
            [0mHiß╗ân thß╗ï[0m
            [0m [0m
            [36m<span[39m
              [33mclass[39m=[32m"text-white font-semibold"[39m
            [36m>[39m
              [0m1[0m
            [36m</span>[39m
            [0m [0m
            [0mtr├¬n[0m
            [0m [0m
            [36m<span[39m
              [33mclass[39m=[32m"text-white font-semibold"[39m
            [36m>[39m
              [0m10[0m
            [36m</span>[39m
            [0m [0m
            [0mb├ái ─æ─âng[0m
          [36m</p>[39m
          [36m<div[39m
            [33mclass[39m=[32m"flex gap-2"[39m
          [36m>[39m
            [36m<button[39m
              [33mclass[39m=[32m"px-3 py-1.5 rounded-md bg-slate-800/80 
text-slate-400 text-xs font-medium hover:text-white hover:bg-slate-700 
transition-colors disabled:opacity-40 disabled:cursor-not-allowed"[39m
              [33mdisabled[39m=[32m""[39m
            [36m>[39m
              [0mPrev[0m
            [36m</button>[39m
            [36m<div[39m
              [33mclass[39m=[32m"flex items-center gap-1"[39m
            [36m>[39m
              [36m<button[39m
                [33mclass[39m=[32m"min-w-8 h-8 rounded-md flex items-center 
justify-center text-xs font-bold transition-colors bg-fuchsia-500 
text-white"[39m
              [36m>[39m
                [0m1[0m
              [36m</button>[39m
            [36m</div>[39m
            [36m<div[39m
              [33mclass[39m=[32m"flex items-center gap-1"[39m
            [36m>[39m
              [36m<button[39m
                [33mclass[39m=[32m"min-w-8 h-8 rounded-md flex items-center 
justify-center text-xs font-bold transition-colors bg-slate-800/80 
text-slate-400 hover:text-white hover:bg-slate-700"[39m
              [36m>[39m
                [0m2[0m
              [36m</button>[39m
            [36m</div>[39m
            [36m<div[39m
              [33mclass[39m=[32m"flex items-center gap-1"[39m
            [36m>[39m
              [36m<button[39m
                [33mclass[39m=[32m"min-w-8 h-8 rounded-md flex items-center 
justify-center text-xs font-bold transition-colors bg-slate-800/80 
text-slate-400 hover:text-white hover:bg-slate-700"[39m
              [36m>[39m
                [0m3[0m
              [36m</button>[39m
            [36m</div>[39m
            [36m<div[39m
              [33mclass[39m=[32m"flex items-center gap-1"[39m
            [36m>[39m
              [36m<button[39m
                [33mclass[39m=[32m"min-w-8 h-8 rounded-md flex items-center 
justify-center text-xs font-bold transition-colors bg-slate-800/80 
text-slate-400 hover:text-white hover:bg-slate-700"[39m
              [36m>[39m
                [0m4[0m
              [36m</button>[39m
            [36m</div>[39m
            [36m<div[39m
              [33mclass[39m=[32m"flex items-center gap-1"[39m
            [36m>[39m
              [36m<button[39m
                [33mclass[39m=[32m"min-w-8 h-8 rounded-md flex items-center 
justify-center text-xs font-bold transition-colors bg-slate-800/80 
text-slate-400 hover:text-white hover:bg-slate-700"[39m
              [36m>[39m
                [0m5[0m
              [36m</button>[39m
            [36m</div>[39m
            [36m<button[39m
              [33mclass[39m=[32m"px-3 py-1.5 rounded-md bg-slate-800/80 
text-slate-400 text-xs font-medium hover:text-white hover:bg-slate-700 
transition-colors disabled:opacity-40 disabled:cursor-not-allowed"[39m
            [36m>[39m
              [0mNext[0m
            [36m</button>[39m
          [36m</div>[39m
        [36m</div>[39m
      [36m</div>[39m
    [36m</body>[39m

    [0m [90m 37 |[39m       
render([33m<[39m[33mStaffPostApprovalPagination[39m 
{[33m...[39mcreateMockProps()} [33m/[39m[33m>[39m)
     [90m 38 |[39m
    [31m[1m>[22m[39m[90m 39 |[39m       
expect(screen[33m.[39mgetByText([32m'1'[39m))[33m.[39mtoBeInTheDocument()
     [90m    |[39m                     [31m[1m^[22m[39m
     [90m 40 |[39m       expect(screen[33m.[39mgetByText([32m'10'[39m))[
33m.[39mtoBeInTheDocument()
     [90m 41 |[39m       expect(
     [90m 42 |[39m         screen[33m.[39mgetByText([35m/Hiß╗ân 
thß╗ï.*tr├¬n.*b├ái ─æ─âng/i[39m)[0m

      at Object.getElementError 
(node_modules/@testing-library/dom/dist/config.js:37:19)
      at getElementError 
(node_modules/@testing-library/dom/dist/query-helpers.js:20:35)
      at getMultipleElementsFoundError 
(node_modules/@testing-library/dom/dist/query-helpers.js:23:10)
      at node_modules/@testing-library/dom/dist/query-helpers.js:55:13
      at node_modules/@testing-library/dom/dist/query-helpers.js:95:19
      at Object.<anonymous> (src/test/unit/components/Staff/posts/StaffPostAppr
ovalPagination.test.tsx:39:21)

  ΓùÅ StaffPostApprovalPagination ΓÇ║ Render ΓÇ║ should render all page number 
buttons

    TestingLibraryElementError: Found multiple elements with the text: 1

    Here are the matching elements:

    Ignored nodes: comments, script, style
    [36m<span[39m
      [33mclass[39m=[32m"text-white font-semibold"[39m
    [36m>[39m
      [0m1[0m
    [36m</span>[39m

    Ignored nodes: comments, script, style
    [36m<button[39m
      [33mclass[39m=[32m"min-w-8 h-8 rounded-md flex items-center 
justify-center text-xs font-bold transition-colors bg-fuchsia-500 
text-white"[39m
    [36m>[39m
      [0m1[0m
    [36m</button>[39m

    (If this is intentional, then use the `*AllBy*` variant of the query (like 
`queryAllByText`, `getAllByText`, or `findAllByText`)).

    Ignored nodes: comments, script, style
    [36m<body>[39m
      [36m<div>[39m
        [36m<div[39m
          [33mclass[39m=[32m"flex items-center justify-between rounded-lg 
bg-[#1a1530] border border-primary/10 px-5 py-3"[39m
        [36m>[39m
          [36m<p[39m
            [33mclass[39m=[32m"text-slate-400 text-xs"[39m
          [36m>[39m
            [0mHiß╗ân thß╗ï[0m
            [0m [0m
            [36m<span[39m
              [33mclass[39m=[32m"text-white font-semibold"[39m
            [36m>[39m
              [0m1[0m
            [36m</span>[39m
            [0m [0m
            [0mtr├¬n[0m
            [0m [0m
            [36m<span[39m
              [33mclass[39m=[32m"text-white font-semibold"[39m
            [36m>[39m
              [0m10[0m
            [36m</span>[39m
            [0m [0m
            [0mb├ái ─æ─âng[0m
          [36m</p>[39m
          [36m<div[39m
            [33mclass[39m=[32m"flex gap-2"[39m
          [36m>[39m
            [36m<button[39m
              [33mclass[39m=[32m"px-3 py-1.5 rounded-md bg-slate-800/80 
text-slate-400 text-xs font-medium hover:text-white hover:bg-slate-700 
transition-colors disabled:opacity-40 disabled:cursor-not-allowed"[39m
              [33mdisabled[39m=[32m""[39m
            [36m>[39m
              [0mPrev[0m
            [36m</button>[39m
            [36m<div[39m
              [33mclass[39m=[32m"flex items-center gap-1"[39m
            [36m>[39m
              [36m<button[39m
                [33mclass[39m=[32m"min-w-8 h-8 rounded-md flex items-center 
justify-center text-xs font-bold transition-colors bg-fuchsia-500 
text-white"[39m
              [36m>[39m
                [0m1[0m
              [36m</button>[39m
            [36m</div>[39m
            [36m<div[39m
              [33mclass[39m=[32m"flex items-center gap-1"[39m
            [36m>[39m
              [36m<button[39m
                [33mclass[39m=[32m"min-w-8 h-8 rounded-md flex items-center 
justify-center text-xs font-bold transition-colors bg-slate-800/80 
text-slate-400 hover:text-white hover:bg-slate-700"[39m
              [36m>[39m
                [0m2[0m
              [36m</button>[39m
            [36m</div>[39m
            [36m<div[39m
              [33mclass[39m=[32m"flex items-center gap-1"[39m
            [36m>[39m
              [36m<button[39m
                [33mclass[39m=[32m"min-w-8 h-8 rounded-md flex items-center 
justify-center text-xs font-bold transition-colors bg-slate-800/80 
text-slate-400 hover:text-white hover:bg-slate-700"[39m
              [36m>[39m
                [0m3[0m
              [36m</button>[39m
            [36m</div>[39m
            [36m<div[39m
              [33mclass[39m=[32m"flex items-center gap-1"[39m
            [36m>[39m
              [36m<button[39m
                [33mclass[39m=[32m"min-w-8 h-8 rounded-md flex items-center 
justify-center text-xs font-bold transition-colors bg-slate-800/80 
text-slate-400 hover:text-white hover:bg-slate-700"[39m
              [36m>[39m
                [0m4[0m
              [36m</button>[39m
            [36m</div>[39m
            [36m<div[39m
              [33mclass[39m=[32m"flex items-center gap-1"[39m
            [36m>[39m
              [36m<button[39m
                [33mclass[39m=[32m"min-w-8 h-8 rounded-md flex items-center 
justify-center text-xs font-bold transition-colors bg-slate-800/80 
text-slate-400 hover:text-white hover:bg-slate-700"[39m
              [36m>[39m
                [0m5[0m
              [36m</button>[39m
            [36m</div>[39m
            [36m<button[39m
              [33mclass[39m=[32m"px-3 py-1.5 rounded-md bg-slate-800/80 
text-slate-400 text-xs font-medium hover:text-white hover:bg-slate-700 
transition-colors disabled:opacity-40 disabled:cursor-not-allowed"[39m
            [36m>[39m
              [0mNext[0m
            [36m</button>[39m
          [36m</div>[39m
        [36m</div>[39m
      [36m</div>[39m
    [36m</body>[39m

    [0m [90m 60 |[39m
     [90m 61 |[39m       [36mfor[39m ([36mlet[39m i [33m=[39m 
[35m1[39m[33m;[39m i [33m<=[39m [35m5[39m[33m;[39m i[33m++[39m) {
    [31m[1m>[22m[39m[90m 62 |[39m         expect(screen[33m.[39mgetByTe
xt(i[33m.[39mtoString()))[33m.[39mtoBeInTheDocument()
     [90m    |[39m                       [31m[1m^[22m[39m
     [90m 63 |[39m       }
     [90m 64 |[39m     })
     [90m 65 |[39m   })[0m

      at Object.getElementError 
(node_modules/@testing-library/dom/dist/config.js:37:19)
      at getElementError 
(node_modules/@testing-library/dom/dist/query-helpers.js:20:35)
      at getMultipleElementsFoundError 
(node_modules/@testing-library/dom/dist/query-helpers.js:23:10)
      at node_modules/@testing-library/dom/dist/query-helpers.js:55:13
      at node_modules/@testing-library/dom/dist/query-helpers.js:95:19
      at Object.<anonymous> (src/test/unit/components/Staff/posts/StaffPostAppr
ovalPagination.test.tsx:62:23)

  ΓùÅ StaffPostApprovalPagination ΓÇ║ Page Numbers ΓÇ║ should not highlight 
non-current pages

    TestingLibraryElementError: Found multiple elements with the text: 1

    Here are the matching elements:

    Ignored nodes: comments, script, style
    [36m<span[39m
      [33mclass[39m=[32m"text-white font-semibold"[39m
    [36m>[39m
      [0m1[0m
    [36m</span>[39m

    Ignored nodes: comments, script, style
    [36m<button[39m
      [33mclass[39m=[32m"min-w-8 h-8 rounded-md flex items-center 
justify-center text-xs font-bold transition-colors bg-slate-800/80 
text-slate-400 hover:text-white hover:bg-slate-700"[39m
    [36m>[39m
      [0m1[0m
    [36m</button>[39m

    (If this is intentional, then use the `*AllBy*` variant of the query (like 
`queryAllByText`, `getAllByText`, or `findAllByText`)).

    Ignored nodes: comments, script, style
    [36m<body>[39m
      [36m<div>[39m
        [36m<div[39m
          [33mclass[39m=[32m"flex items-center justify-between rounded-lg 
bg-[#1a1530] border border-primary/10 px-5 py-3"[39m
        [36m>[39m
          [36m<p[39m
            [33mclass[39m=[32m"text-slate-400 text-xs"[39m
          [36m>[39m
            [0mHiß╗ân thß╗ï[0m
            [0m [0m
            [36m<span[39m
              [33mclass[39m=[32m"text-white font-semibold"[39m
            [36m>[39m
              [0m1[0m
            [36m</span>[39m
            [0m [0m
            [0mtr├¬n[0m
            [0m [0m
            [36m<span[39m
              [33mclass[39m=[32m"text-white font-semibold"[39m
            [36m>[39m
              [0m10[0m
            [36m</span>[39m
            [0m [0m
            [0mb├ái ─æ─âng[0m
          [36m</p>[39m
          [36m<div[39m
            [33mclass[39m=[32m"flex gap-2"[39m
          [36m>[39m
            [36m<button[39m
              [33mclass[39m=[32m"px-3 py-1.5 rounded-md bg-slate-800/80 
text-slate-400 text-xs font-medium hover:text-white hover:bg-slate-700 
transition-colors disabled:opacity-40 disabled:cursor-not-allowed"[39m
            [36m>[39m
              [0mPrev[0m
            [36m</button>[39m
            [36m<div[39m
              [33mclass[39m=[32m"flex items-center gap-1"[39m
            [36m>[39m
              [36m<button[39m
                [33mclass[39m=[32m"min-w-8 h-8 rounded-md flex items-center 
justify-center text-xs font-bold transition-colors bg-slate-800/80 
text-slate-400 hover:text-white hover:bg-slate-700"[39m
              [36m>[39m
                [0m1[0m
              [36m</button>[39m
            [36m</div>[39m
            [36m<div[39m
              [33mclass[39m=[32m"flex items-center gap-1"[39m
            [36m>[39m
              [36m<button[39m
                [33mclass[39m=[32m"min-w-8 h-8 rounded-md flex items-center 
justify-center text-xs font-bold transition-colors bg-slate-800/80 
text-slate-400 hover:text-white hover:bg-slate-700"[39m
              [36m>[39m
                [0m2[0m
              [36m</button>[39m
            [36m</div>[39m
            [36m<div[39m
              [33mclass[39m=[32m"flex items-center gap-1"[39m
            [36m>[39m
              [36m<button[39m
                [33mclass[39m=[32m"min-w-8 h-8 rounded-md flex items-center 
justify-center text-xs font-bold transition-colors bg-fuchsia-500 
text-white"[39m
              [36m>[39m
                [0m3[0m
              [36m</button>[39m
            [36m</div>[39m
            [36m<div[39m
              [33mclass[39m=[32m"flex items-center gap-1"[39m
            [36m>[39m
              [36m<button[39m
                [33mclass[39m=[32m"min-w-8 h-8 rounded-md flex items-center 
justify-center text-xs font-bold transition-colors bg-slate-800/80 
text-slate-400 hover:text-white hover:bg-slate-700"[39m
              [36m>[39m
                [0m4[0m
              [36m</button>[39m
            [36m</div>[39m
            [36m<div[39m
              [33mclass[39m=[32m"flex items-center gap-1"[39m
            [36m>[39m
              [36m<button[39m
                [33mclass[39m=[32m"min-w-8 h-8 rounded-md flex items-center 
justify-center text-xs font-bold transition-colors bg-slate-800/80 
text-slate-400 hover:text-white hover:bg-slate-700"[39m
              [36m>[39m
                [0m5[0m
              [36m</button>[39m
            [36m</div>[39m
            [36m<button[39m
              [33mclass[39m=[32m"px-3 py-1.5 rounded-md bg-slate-800/80 
text-slate-400 text-xs font-medium hover:text-white hover:bg-slate-700 
transition-colors disabled:opacity-40 disabled:cursor-not-allowed"[39m
            [36m>[39m
              [0mNext[0m
            [36m</button>[39m
          [36m</div>[39m
        [36m</div>[39m
      [36m</div>[39m
    [36m</body>[39m

    [0m [90m 76 |[39m       
render([33m<[39m[33mStaffPostApprovalPagination[39m 
{[33m...[39mcreateMockProps({ currentPage[33m:[39m [35m3[39m })} 
[33m/[39m[33m>[39m)
     [90m 77 |[39m
    [31m[1m>[22m[39m[90m 78 |[39m       [36mconst[39m page1Btn 
[33m=[39m screen[33m.[39mgetByText([32m'1'[39m)
     [90m    |[39m                               [31m[1m^[22m[39m
     [90m 79 |[39m       expect(page1Btn)[33m.[39mnot[33m.[39mtoHaveClass
([32m'bg-fuchsia-500'[39m)
     [90m 80 |[39m     })
     [90m 81 |[39m[0m

      at Object.getElementError 
(node_modules/@testing-library/dom/dist/config.js:37:19)
      at getElementError 
(node_modules/@testing-library/dom/dist/query-helpers.js:20:35)
      at getMultipleElementsFoundError 
(node_modules/@testing-library/dom/dist/query-helpers.js:23:10)
      at node_modules/@testing-library/dom/dist/query-helpers.js:55:13
      at node_modules/@testing-library/dom/dist/query-helpers.js:95:19
      at Object.<anonymous> (src/test/unit/components/Staff/posts/StaffPostAppr
ovalPagination.test.tsx:78:31)

  ΓùÅ StaffPostApprovalPagination ΓÇ║ Page Numbers ΓÇ║ should show all pages 
when totalPages <= 5

    TestingLibraryElementError: Found multiple elements with the text: 1

    Here are the matching elements:

    Ignored nodes: comments, script, style
    [36m<span[39m
      [33mclass[39m=[32m"text-white font-semibold"[39m
    [36m>[39m
      [0m1[0m
    [36m</span>[39m

    Ignored nodes: comments, script, style
    [36m<button[39m
      [33mclass[39m=[32m"min-w-8 h-8 rounded-md flex items-center 
justify-center text-xs font-bold transition-colors bg-fuchsia-500 
text-white"[39m
    [36m>[39m
      [0m1[0m
    [36m</button>[39m

    (If this is intentional, then use the `*AllBy*` variant of the query (like 
`queryAllByText`, `getAllByText`, or `findAllByText`)).

    Ignored nodes: comments, script, style
    [36m<body>[39m
      [36m<div>[39m
        [36m<div[39m
          [33mclass[39m=[32m"flex items-center justify-between rounded-lg 
bg-[#1a1530] border border-primary/10 px-5 py-3"[39m
        [36m>[39m
          [36m<p[39m
            [33mclass[39m=[32m"text-slate-400 text-xs"[39m
          [36m>[39m
            [0mHiß╗ân thß╗ï[0m
            [0m [0m
            [36m<span[39m
              [33mclass[39m=[32m"text-white font-semibold"[39m
            [36m>[39m
              [0m1[0m
            [36m</span>[39m
            [0m [0m
            [0mtr├¬n[0m
            [0m [0m
            [36m<span[39m
              [33mclass[39m=[32m"text-white font-semibold"[39m
            [36m>[39m
              [0m10[0m
            [36m</span>[39m
            [0m [0m
            [0mb├ái ─æ─âng[0m
          [36m</p>[39m
          [36m<div[39m
            [33mclass[39m=[32m"flex gap-2"[39m
          [36m>[39m
            [36m<button[39m
              [33mclass[39m=[32m"px-3 py-1.5 rounded-md bg-slate-800/80 
text-slate-400 text-xs font-medium hover:text-white hover:bg-slate-700 
transition-colors disabled:opacity-40 disabled:cursor-not-allowed"[39m
              [33mdisabled[39m=[32m""[39m
            [36m>[39m
              [0mPrev[0m
            [36m</button>[39m
            [36m<div[39m
              [33mclass[39m=[32m"flex items-center gap-1"[39m
            [36m>[39m
              [36m<button[39m
                [33mclass[39m=[32m"min-w-8 h-8 rounded-md flex items-center 
justify-center text-xs font-bold transition-colors bg-fuchsia-500 
text-white"[39m
              [36m>[39m
                [0m1[0m
              [36m</button>[39m
            [36m</div>[39m
            [36m<div[39m
              [33mclass[39m=[32m"flex items-center gap-1"[39m
            [36m>[39m
              [36m<button[39m
                [33mclass[39m=[32m"min-w-8 h-8 rounded-md flex items-center 
justify-center text-xs font-bold transition-colors bg-slate-800/80 
text-slate-400 hover:text-white hover:bg-slate-700"[39m
              [36m>[39m
                [0m2[0m
              [36m</button>[39m
            [36m</div>[39m
            [36m<div[39m
              [33mclass[39m=[32m"flex items-center gap-1"[39m
            [36m>[39m
              [36m<button[39m
                [33mclass[39m=[32m"min-w-8 h-8 rounded-md flex items-center 
justify-center text-xs font-bold transition-colors bg-slate-800/80 
text-slate-400 hover:text-white hover:bg-slate-700"[39m
              [36m>[39m
                [0m3[0m
              [36m</button>[39m
            [36m</div>[39m
            [36m<button[39m
              [33mclass[39m=[32m"px-3 py-1.5 rounded-md bg-slate-800/80 
text-slate-400 text-xs font-medium hover:text-white hover:bg-slate-700 
transition-colors disabled:opacity-40 disabled:cursor-not-allowed"[39m
            [36m>[39m
              [0mNext[0m
            [36m</button>[39m
          [36m</div>[39m
        [36m</div>[39m
      [36m</div>[39m
    [36m</body>[39m

    [0m [90m 83 |[39m       
render([33m<[39m[33mStaffPostApprovalPagination[39m 
{[33m...[39mcreateMockProps({ totalPages[33m:[39m [35m3[39m })} 
[33m/[39m[33m>[39m)
     [90m 84 |[39m
    [31m[1m>[22m[39m[90m 85 |[39m       
expect(screen[33m.[39mgetByText([32m'1'[39m))[33m.[39mtoBeInTheDocument()
     [90m    |[39m                     [31m[1m^[22m[39m
     [90m 86 |[39m       
expect(screen[33m.[39mgetByText([32m'2'[39m))[33m.[39mtoBeInTheDocument()
     [90m 87 |[39m       
expect(screen[33m.[39mgetByText([32m'3'[39m))[33m.[39mtoBeInTheDocument()
     [90m 88 |[39m     })[0m

      at Object.getElementError 
(node_modules/@testing-library/dom/dist/config.js:37:19)
      at getElementError 
(node_modules/@testing-library/dom/dist/query-helpers.js:20:35)
      at getMultipleElementsFoundError 
(node_modules/@testing-library/dom/dist/query-helpers.js:23:10)
      at node_modules/@testing-library/dom/dist/query-helpers.js:55:13
      at node_modules/@testing-library/dom/dist/query-helpers.js:95:19
      at Object.<anonymous> (src/test/unit/components/Staff/posts/StaffPostAppr
ovalPagination.test.tsx:85:21)

  ΓùÅ StaffPostApprovalPagination ΓÇ║ Ellipsis Logic ΓÇ║ should show ellipsis 
for many pages (middle page)

    TestingLibraryElementError: Found multiple elements with the text: 1

    Here are the matching elements:

    Ignored nodes: comments, script, style
    [36m<span[39m
      [33mclass[39m=[32m"text-white font-semibold"[39m
    [36m>[39m
      [0m1[0m
    [36m</span>[39m

    Ignored nodes: comments, script, style
    [36m<button[39m
      [33mclass[39m=[32m"min-w-8 h-8 rounded-md flex items-center 
justify-center text-xs font-bold transition-colors bg-slate-800/80 
text-slate-400 hover:text-white hover:bg-slate-700"[39m
    [36m>[39m
      [0m1[0m
    [36m</button>[39m

    (If this is intentional, then use the `*AllBy*` variant of the query (like 
`queryAllByText`, `getAllByText`, or `findAllByText`)).

    Ignored nodes: comments, script, style
    [36m<body>[39m
      [36m<div>[39m
        [36m<div[39m
          [33mclass[39m=[32m"flex items-center justify-between rounded-lg 
bg-[#1a1530] border border-primary/10 px-5 py-3"[39m
        [36m>[39m
          [36m<p[39m
            [33mclass[39m=[32m"text-slate-400 text-xs"[39m
          [36m>[39m
            [0mHiß╗ân thß╗ï[0m
            [0m [0m
            [36m<span[39m
              [33mclass[39m=[32m"text-white font-semibold"[39m
            [36m>[39m
              [0m1[0m
            [36m</span>[39m
            [0m [0m
            [0mtr├¬n[0m
            [0m [0m
            [36m<span[39m
              [33mclass[39m=[32m"text-white font-semibold"[39m
            [36m>[39m
              [0m10[0m
            [36m</span>[39m
            [0m [0m
            [0mb├ái ─æ─âng[0m
          [36m</p>[39m
          [36m<div[39m
            [33mclass[39m=[32m"flex gap-2"[39m
          [36m>[39m
            [36m<button[39m
              [33mclass[39m=[32m"px-3 py-1.5 rounded-md bg-slate-800/80 
text-slate-400 text-xs font-medium hover:text-white hover:bg-slate-700 
transition-colors disabled:opacity-40 disabled:cursor-not-allowed"[39m
            [36m>[39m
              [0mPrev[0m
            [36m</button>[39m
            [36m<div[39m
              [33mclass[39m=[32m"flex items-center gap-1"[39m
            [36m>[39m
              [36m<button[39m
                [33mclass[39m=[32m"min-w-8 h-8 rounded-md flex items-center 
justify-center text-xs font-bold transition-colors bg-slate-800/80 
text-slate-400 hover:text-white hover:bg-slate-700"[39m
              [36m>[39m
                [0m1[0m
              [36m</button>[39m
            [36m</div>[39m
            [36m<div[39m
              [33mclass[39m=[32m"flex items-center gap-1"[39m
            [36m>[39m
              [36m<span[39m
                [33mclass[39m=[32m"text-slate-500 text-xs px-1"[39m
              [36m>[39m
                [0mΓÇª[0m
              [36m</span>[39m
              [36m<button[39m
                [33mclass[39m=[32m"min-w-8 h-8 rounded-md flex items-center 
justify-center text-xs font-bold transition-colors bg-slate-800/80 
text-slate-400 hover:text-white hover:bg-slate-700"[39m
              [36m>[39m
                [0m4[0m
              [36m</button>[39m
            [36m</div>[39m
            [36m<div[39m
              [33mclass[39m=[32m"flex items-center gap-1"[39m
            [36m>[39m
              [36m<button[39m
                [33mclass[39m=[32m"min-w-8 h-8 rounded-md flex items-center 
justify-center text-xs font-bold transition-colors bg-fuchsia-500 
text-white"[39m
              [36m>[39m
                [0m5[0m
              [36m</button>[39m
            [36m</div>[39m
            [36m<div[39m
              [33mclass[39m=[32m"flex items-center gap-1"[39m
            [36m>[39m
              [36m<button[39m
                [33mclass[39m=[32m"min-w-8 h-8 rounded-md flex items-center 
justify-center text-xs font-bold transition-colors bg-slate-800/80 
text-slate-400 hover:text-white hover:bg-slate-700"[39m
              [36m>[39m
                [0m6[0m
              [36m</button>[39m
            [36m</div>[39m
            [36m<div[39m
              [33mclass[39m=[32m"flex items-center gap-1"[39m
            [36m>[39m
              [36m<span[39m
                [33mclass[39m=[32m"text-slate-500 text-xs px-1"[39m
              [36m>[39m
                [0mΓÇª[0m
              [36m</span>[39m
              [36m<button[39m
                [33mclass[39m=[32m"min-w-8 h-8 rounded-md flex items-center 
justify-center text-xs font-bold transition-colors bg-slate-800/80 
text-slate-400 hover:text-white hover:bg-slate-700"[39m
              [36m>[39m
                [0m10[0m
              [36m</button>[39m
            [36m</div>[39m
            [36m<button[39m
              [33mclass[39m=[32m"px-3 py-1.5 rounded-md bg-slate-800/80 
text-slate-400 text-xs font-medium hover:text-white hover:bg-slate-700 
transition-colors disabled:opacity-40 disabled:cursor-not-allowed"[39m
            [36m>[39m
              [0mNext[0m
            [36m</button>[39m
          [36m</div>[39m
        [36m</div>[39m
      [36m</div>[39m
    [36m</body>[39m

    [0m [90m 110 |[39m
     [90m 111 |[39m       [90m// Should show page 1, ..., 4, 5, 6, ..., 
10[39m
    [31m[1m>[22m[39m[90m 112 |[39m       
expect(screen[33m.[39mgetByText([32m'1'[39m))[33m.[39mtoBeInTheDocument()
     [90m     |[39m                     [31m[1m^[22m[39m
     [90m 113 |[39m       
expect(screen[33m.[39mgetByText([32m'5'[39m))[33m.[39mtoBeInTheDocument()
     [90m 114 |[39m       expect(screen[33m.[39mgetByText([32m'10'[39m))
[33m.[39mtoBeInTheDocument()
     [90m 115 |[39m     })[0m

      at Object.getElementError 
(node_modules/@testing-library/dom/dist/config.js:37:19)
      at getElementError 
(node_modules/@testing-library/dom/dist/query-helpers.js:20:35)
      at getMultipleElementsFoundError 
(node_modules/@testing-library/dom/dist/query-helpers.js:23:10)
      at node_modules/@testing-library/dom/dist/query-helpers.js:55:13
      at node_modules/@testing-library/dom/dist/query-helpers.js:95:19
      at Object.<anonymous> (src/test/unit/components/Staff/posts/StaffPostAppr
ovalPagination.test.tsx:112:21)

  ΓùÅ StaffPostApprovalPagination ΓÇ║ Ellipsis Logic ΓÇ║ should show ellipsis 
for many pages (last page)

    TestingLibraryElementError: Found multiple elements with the text: 1

    Here are the matching elements:

    Ignored nodes: comments, script, style
    [36m<span[39m
      [33mclass[39m=[32m"text-white font-semibold"[39m
    [36m>[39m
      [0m1[0m
    [36m</span>[39m

    Ignored nodes: comments, script, style
    [36m<button[39m
      [33mclass[39m=[32m"min-w-8 h-8 rounded-md flex items-center 
justify-center text-xs font-bold transition-colors bg-slate-800/80 
text-slate-400 hover:text-white hover:bg-slate-700"[39m
    [36m>[39m
      [0m1[0m
    [36m</button>[39m

    (If this is intentional, then use the `*AllBy*` variant of the query (like 
`queryAllByText`, `getAllByText`, or `findAllByText`)).

    Ignored nodes: comments, script, style
    [36m<body>[39m
      [36m<div>[39m
        [36m<div[39m
          [33mclass[39m=[32m"flex items-center justify-between rounded-lg 
bg-[#1a1530] border border-primary/10 px-5 py-3"[39m
        [36m>[39m
          [36m<p[39m
            [33mclass[39m=[32m"text-slate-400 text-xs"[39m
          [36m>[39m
            [0mHiß╗ân thß╗ï[0m
            [0m [0m
            [36m<span[39m
              [33mclass[39m=[32m"text-white font-semibold"[39m
            [36m>[39m
              [0m1[0m
            [36m</span>[39m
            [0m [0m
            [0mtr├¬n[0m
            [0m [0m
            [36m<span[39m
              [33mclass[39m=[32m"text-white font-semibold"[39m
            [36m>[39m
              [0m10[0m
            [36m</span>[39m
            [0m [0m
            [0mb├ái ─æ─âng[0m
          [36m</p>[39m
          [36m<div[39m
            [33mclass[39m=[32m"flex gap-2"[39m
          [36m>[39m
            [36m<button[39m
              [33mclass[39m=[32m"px-3 py-1.5 rounded-md bg-slate-800/80 
text-slate-400 text-xs font-medium hover:text-white hover:bg-slate-700 
transition-colors disabled:opacity-40 disabled:cursor-not-allowed"[39m
            [36m>[39m
              [0mPrev[0m
            [36m</button>[39m
            [36m<div[39m
              [33mclass[39m=[32m"flex items-center gap-1"[39m
            [36m>[39m
              [36m<button[39m
                [33mclass[39m=[32m"min-w-8 h-8 rounded-md flex items-center 
justify-center text-xs font-bold transition-colors bg-slate-800/80 
text-slate-400 hover:text-white hover:bg-slate-700"[39m
              [36m>[39m
                [0m1[0m
              [36m</button>[39m
            [36m</div>[39m
            [36m<div[39m
              [33mclass[39m=[32m"flex items-center gap-1"[39m
            [36m>[39m
              [36m<span[39m
                [33mclass[39m=[32m"text-slate-500 text-xs px-1"[39m
              [36m>[39m
                [0mΓÇª[0m
              [36m</span>[39m
              [36m<button[39m
                [33mclass[39m=[32m"min-w-8 h-8 rounded-md flex items-center 
justify-center text-xs font-bold transition-colors bg-slate-800/80 
text-slate-400 hover:text-white hover:bg-slate-700"[39m
              [36m>[39m
                [0m9[0m
              [36m</button>[39m
            [36m</div>[39m
            [36m<div[39m
              [33mclass[39m=[32m"flex items-center gap-1"[39m
            [36m>[39m
              [36m<button[39m
                [33mclass[39m=[32m"min-w-8 h-8 rounded-md flex items-center 
justify-center text-xs font-bold transition-colors bg-fuchsia-500 
text-white"[39m
              [36m>[39m
                [0m10[0m
              [36m</button>[39m
            [36m</div>[39m
            [36m<button[39m
              [33mclass[39m=[32m"px-3 py-1.5 rounded-md bg-slate-800/80 
text-slate-400 text-xs font-medium hover:text-white hover:bg-slate-700 
transition-colors disabled:opacity-40 disabled:cursor-not-allowed"[39m
              [33mdisabled[39m=[32m""[39m
            [36m>[39m
              [0mNext[0m
            [36m</button>[39m
          [36m</div>[39m
        [36m</div>[39m
      [36m</div>[39m
    [36m</body>[39m

    [0m [90m 122 |[39m       )
     [90m 123 |[39m
    [31m[1m>[22m[39m[90m 124 |[39m       
expect(screen[33m.[39mgetByText([32m'1'[39m))[33m.[39mtoBeInTheDocument()
     [90m     |[39m                     [31m[1m^[22m[39m
     [90m 125 |[39m       expect(screen[33m.[39mgetByText([32m'10'[39m))
[33m.[39mtoBeInTheDocument()
     [90m 126 |[39m     })
     [90m 127 |[39m   })[0m

      at Object.getElementError 
(node_modules/@testing-library/dom/dist/config.js:37:19)
      at getElementError 
(node_modules/@testing-library/dom/dist/query-helpers.js:20:35)
      at getMultipleElementsFoundError 
(node_modules/@testing-library/dom/dist/query-helpers.js:23:10)
      at node_modules/@testing-library/dom/dist/query-helpers.js:55:13
      at node_modules/@testing-library/dom/dist/query-helpers.js:95:19
      at Object.<anonymous> (src/test/unit/components/Staff/posts/StaffPostAppr
ovalPagination.test.tsx:124:21)

  ΓùÅ StaffPostApprovalPagination ΓÇ║ Edge Cases ΓÇ║ should render with single 
page

    TestingLibraryElementError: Found multiple elements with the text: 1

    Here are the matching elements:

    Ignored nodes: comments, script, style
    [36m<span[39m
      [33mclass[39m=[32m"text-white font-semibold"[39m
    [36m>[39m
      [0m1[0m
    [36m</span>[39m

    Ignored nodes: comments, script, style
    [36m<button[39m
      [33mclass[39m=[32m"min-w-8 h-8 rounded-md flex items-center 
justify-center text-xs font-bold transition-colors bg-fuchsia-500 
text-white"[39m
    [36m>[39m
      [0m1[0m
    [36m</button>[39m

    (If this is intentional, then use the `*AllBy*` variant of the query (like 
`queryAllByText`, `getAllByText`, or `findAllByText`)).

    Ignored nodes: comments, script, style
    [36m<body>[39m
      [36m<div>[39m
        [36m<div[39m
          [33mclass[39m=[32m"flex items-center justify-between rounded-lg 
bg-[#1a1530] border border-primary/10 px-5 py-3"[39m
        [36m>[39m
          [36m<p[39m
            [33mclass[39m=[32m"text-slate-400 text-xs"[39m
          [36m>[39m
            [0mHiß╗ân thß╗ï[0m
            [0m [0m
            [36m<span[39m
              [33mclass[39m=[32m"text-white font-semibold"[39m
            [36m>[39m
              [0m1[0m
            [36m</span>[39m
            [0m [0m
            [0mtr├¬n[0m
            [0m [0m
            [36m<span[39m
              [33mclass[39m=[32m"text-white font-semibold"[39m
            [36m>[39m
              [0m10[0m
            [36m</span>[39m
            [0m [0m
            [0mb├ái ─æ─âng[0m
          [36m</p>[39m
          [36m<div[39m
            [33mclass[39m=[32m"flex gap-2"[39m
          [36m>[39m
            [36m<button[39m
              [33mclass[39m=[32m"px-3 py-1.5 rounded-md bg-slate-800/80 
text-slate-400 text-xs font-medium hover:text-white hover:bg-slate-700 
transition-colors disabled:opacity-40 disabled:cursor-not-allowed"[39m
              [33mdisabled[39m=[32m""[39m
            [36m>[39m
              [0mPrev[0m
            [36m</button>[39m
            [36m<div[39m
              [33mclass[39m=[32m"flex items-center gap-1"[39m
            [36m>[39m
              [36m<button[39m
                [33mclass[39m=[32m"min-w-8 h-8 rounded-md flex items-center 
justify-center text-xs font-bold transition-colors bg-fuchsia-500 
text-white"[39m
              [36m>[39m
                [0m1[0m
              [36m</button>[39m
            [36m</div>[39m
            [36m<button[39m
              [33mclass[39m=[32m"px-3 py-1.5 rounded-md bg-slate-800/80 
text-slate-400 text-xs font-medium hover:text-white hover:bg-slate-700 
transition-colors disabled:opacity-40 disabled:cursor-not-allowed"[39m
              [33mdisabled[39m=[32m""[39m
            [36m>[39m
              [0mNext[0m
            [36m</button>[39m
          [36m</div>[39m
        [36m</div>[39m
      [36m</div>[39m
    [36m</body>[39m

    [0m [90m 248 |[39m       
render([33m<[39m[33mStaffPostApprovalPagination[39m 
{[33m...[39mcreateMockProps({ totalPages[33m:[39m [35m1[39m[33m,[39m 
currentPage[33m:[39m [35m1[39m })} [33m/[39m[33m>[39m)
     [90m 249 |[39m
    [31m[1m>[22m[39m[90m 250 |[39m       
expect(screen[33m.[39mgetByText([32m'1'[39m))[33m.[39mtoBeInTheDocument()
     [90m     |[39m                     [31m[1m^[22m[39m
     [90m 251 |[39m       
expect(screen[33m.[39mgetByText([32m'Prev'[39m))[33m.[39mtoBeDisabled()
     [90m 252 |[39m       
expect(screen[33m.[39mgetByText([32m'Next'[39m))[33m.[39mtoBeDisabled()
     [90m 253 |[39m     })[0m

      at Object.getElementError 
(node_modules/@testing-library/dom/dist/config.js:37:19)
      at getElementError 
(node_modules/@testing-library/dom/dist/query-helpers.js:20:35)
      at getMultipleElementsFoundError 
(node_modules/@testing-library/dom/dist/query-helpers.js:23:10)
      at node_modules/@testing-library/dom/dist/query-helpers.js:55:13
      at node_modules/@testing-library/dom/dist/query-helpers.js:95:19
      at Object.<anonymous> (src/test/unit/components/Staff/posts/StaffPostAppr
ovalPagination.test.tsx:250:21)

  ΓùÅ StaffPostApprovalPagination ΓÇ║ Edge Cases ΓÇ║ should render with large 
number of pages

    TestingLibraryElementError: Found multiple elements with the text: 1

    Here are the matching elements:

    Ignored nodes: comments, script, style
    [36m<span[39m
      [33mclass[39m=[32m"text-white font-semibold"[39m
    [36m>[39m
      [0m1[0m
    [36m</span>[39m

    Ignored nodes: comments, script, style
    [36m<button[39m
      [33mclass[39m=[32m"min-w-8 h-8 rounded-md flex items-center 
justify-center text-xs font-bold transition-colors bg-slate-800/80 
text-slate-400 hover:text-white hover:bg-slate-700"[39m
    [36m>[39m
      [0m1[0m
    [36m</button>[39m

    (If this is intentional, then use the `*AllBy*` variant of the query (like 
`queryAllByText`, `getAllByText`, or `findAllByText`)).

    Ignored nodes: comments, script, style
    [36m<body>[39m
      [36m<div>[39m
        [36m<div[39m
          [33mclass[39m=[32m"flex items-center justify-between rounded-lg 
bg-[#1a1530] border border-primary/10 px-5 py-3"[39m
        [36m>[39m
          [36m<p[39m
            [33mclass[39m=[32m"text-slate-400 text-xs"[39m
          [36m>[39m
            [0mHiß╗ân thß╗ï[0m
            [0m [0m
            [36m<span[39m
              [33mclass[39m=[32m"text-white font-semibold"[39m
            [36m>[39m
              [0m1[0m
            [36m</span>[39m
            [0m [0m
            [0mtr├¬n[0m
            [0m [0m
            [36m<span[39m
              [33mclass[39m=[32m"text-white font-semibold"[39m
            [36m>[39m
              [0m10[0m
            [36m</span>[39m
            [0m [0m
            [0mb├ái ─æ─âng[0m
          [36m</p>[39m
          [36m<div[39m
            [33mclass[39m=[32m"flex gap-2"[39m
          [36m>[39m
            [36m<button[39m
              [33mclass[39m=[32m"px-3 py-1.5 rounded-md bg-slate-800/80 
text-slate-400 text-xs font-medium hover:text-white hover:bg-slate-700 
transition-colors disabled:opacity-40 disabled:cursor-not-allowed"[39m
            [36m>[39m
              [0mPrev[0m
            [36m</button>[39m
            [36m<div[39m
              [33mclass[39m=[32m"flex items-center gap-1"[39m
            [36m>[39m
              [36m<button[39m
                [33mclass[39m=[32m"min-w-8 h-8 rounded-md flex items-center 
justify-center text-xs font-bold transition-colors bg-slate-800/80 
text-slate-400 hover:text-white hover:bg-slate-700"[39m
              [36m>[39m
                [0m1[0m
              [36m</button>[39m
            [36m</div>[39m
            [36m<div[39m
              [33mclass[39m=[32m"flex items-center gap-1"[39m
            [36m>[39m
              [36m<span[39m
                [33mclass[39m=[32m"text-slate-500 text-xs px-1"[39m
              [36m>[39m
                [0mΓÇª[0m
              [36m</span>[39m
              [36m<button[39m
                [33mclass[39m=[32m"min-w-8 h-8 rounded-md flex items-center 
justify-center text-xs font-bold transition-colors bg-slate-800/80 
text-slate-400 hover:text-white hover:bg-slate-700"[39m
              [36m>[39m
                [0m24[0m
              [36m</button>[39m
            [36m</div>[39m
            [36m<div[39m
              [33mclass[39m=[32m"flex items-center gap-1"[39m
            [36m>[39m
              [36m<button[39m
                [33mclass[39m=[32m"min-w-8 h-8 rounded-md flex items-center 
justify-center text-xs font-bold transition-colors bg-fuchsia-500 
text-white"[39m
              [36m>[39m
                [0m25[0m
              [36m</button>[39m
            [36m</div>[39m
            [36m<div[39m
              [33mclass[39m=[32m"flex items-center gap-1"[39m
            [36m>[39m
              [36m<button[39m
                [33mclass[39m=[32m"min-w-8 h-8 rounded-md flex items-center 
justify-center text-xs font-bold transition-colors bg-slate-800/80 
text-slate-400 hover:text-white hover:bg-slate-700"[39m
              [36m>[39m
                [0m26[0m
              [36m</button>[39m
            [36m</div>[39m
            [36m<div[39m
              [33mclass[39m=[32m"flex items-center gap-1"[39m
            [36m>[39m
              [36m<span[39m
                [33mclass[39m=[32m"text-slate-500 text-xs px-1"[39m
              [36m>[39m
                [0mΓÇª[0m
              [36m</span>[39m
              [36m<button[39m
                [33mclass[39m=[32m"min-w-8 h-8 rounded-md flex items-center 
justify-center text-xs font-bold transition-colors bg-slate-800/80 
text-slate-400 hover:text-white hover:bg-slate-700"[39m
              [36m>[39m
                [0m50[0m
              [36m</button>[39m
            [36m</div>[39m
            [36m<button[39m
              [33mclass[39m=[32m"px-3 py-1.5 rounded-md bg-slate-800/80 
text-slate-400 text-xs font-medium hover:text-white hover:bg-slate-700 
transition-colors disabled:opacity-40 disabled:cursor-not-allowed"[39m
            [36m>[39m
              [0mNext[0m
            [36m</button>[39m
          [36m</div>[39m
        [36m</div>[39m
      [36m</div>[39m
    [36m</body>[39m

    [0m [90m 260 |[39m       )
     [90m 261 |[39m
    [31m[1m>[22m[39m[90m 262 |[39m       
expect(screen[33m.[39mgetByText([32m'1'[39m))[33m.[39mtoBeInTheDocument()
     [90m     |[39m                     [31m[1m^[22m[39m
     [90m 263 |[39m       expect(screen[33m.[39mgetByText([32m'25'[39m))
[33m.[39mtoBeInTheDocument()
     [90m 264 |[39m       expect(screen[33m.[39mgetByText([32m'50'[39m))
[33m.[39mtoBeInTheDocument()
     [90m 265 |[39m     })[0m

      at Object.getElementError 
(node_modules/@testing-library/dom/dist/config.js:37:19)
      at getElementError 
(node_modules/@testing-library/dom/dist/query-helpers.js:20:35)
      at getMultipleElementsFoundError 
(node_modules/@testing-library/dom/dist/query-helpers.js:23:10)
      at node_modules/@testing-library/dom/dist/query-helpers.js:55:13
      at node_modules/@testing-library/dom/dist/query-helpers.js:95:19
      at Object.<anonymous> (src/test/unit/components/Staff/posts/StaffPostAppr
ovalPagination.test.tsx:262:21)

  ΓùÅ StaffPostApprovalPagination ΓÇ║ Edge Cases ΓÇ║ should render with 
startItem > endItem gracefully

    TestingLibraryElementError: Found multiple elements with the text: 0

    Here are the matching elements:

    Ignored nodes: comments, script, style
    [36m<span[39m
      [33mclass[39m=[32m"text-white font-semibold"[39m
    [36m>[39m
      [0m0[0m
    [36m</span>[39m

    Ignored nodes: comments, script, style
    [36m<span[39m
      [33mclass[39m=[32m"text-white font-semibold"[39m
    [36m>[39m
      [0m0[0m
    [36m</span>[39m

    (If this is intentional, then use the `*AllBy*` variant of the query (like 
`queryAllByText`, `getAllByText`, or `findAllByText`)).

    Ignored nodes: comments, script, style
    [36m<body>[39m
      [36m<div>[39m
        [36m<div[39m
          [33mclass[39m=[32m"flex items-center justify-between rounded-lg 
bg-[#1a1530] border border-primary/10 px-5 py-3"[39m
        [36m>[39m
          [36m<p[39m
            [33mclass[39m=[32m"text-slate-400 text-xs"[39m
          [36m>[39m
            [0mHiß╗ân thß╗ï[0m
            [0m [0m
            [36m<span[39m
              [33mclass[39m=[32m"text-white font-semibold"[39m
            [36m>[39m
              [0m0[0m
            [36m</span>[39m
            [0m [0m
            [0mtr├¬n[0m
            [0m [0m
            [36m<span[39m
              [33mclass[39m=[32m"text-white font-semibold"[39m
            [36m>[39m
              [0m0[0m
            [36m</span>[39m
            [0m [0m
            [0mb├ái ─æ─âng[0m
          [36m</p>[39m
          [36m<div[39m
            [33mclass[39m=[32m"flex gap-2"[39m
          [36m>[39m
            [36m<button[39m
              [33mclass[39m=[32m"px-3 py-1.5 rounded-md bg-slate-800/80 
text-slate-400 text-xs font-medium hover:text-white hover:bg-slate-700 
transition-colors disabled:opacity-40 disabled:cursor-not-allowed"[39m
              [33mdisabled[39m=[32m""[39m
            [36m>[39m
              [0mPrev[0m
            [36m</button>[39m
            [36m<div[39m
              [33mclass[39m=[32m"flex items-center gap-1"[39m
            [36m>[39m
              [36m<button[39m
                [33mclass[39m=[32m"min-w-8 h-8 rounded-md flex items-center 
justify-center text-xs font-bold transition-colors bg-fuchsia-500 
text-white"[39m
              [36m>[39m
                [0m1[0m
              [36m</button>[39m
            [36m</div>[39m
            [36m<div[39m
              [33mclass[39m=[32m"flex items-center gap-1"[39m
            [36m>[39m
              [36m<button[39m
                [33mclass[39m=[32m"min-w-8 h-8 rounded-md flex items-center 
justify-center text-xs font-bold transition-colors bg-slate-800/80 
text-slate-400 hover:text-white hover:bg-slate-700"[39m
              [36m>[39m
                [0m2[0m
              [36m</button>[39m
            [36m</div>[39m
            [36m<div[39m
              [33mclass[39m=[32m"flex items-center gap-1"[39m
            [36m>[39m
              [36m<button[39m
                [33mclass[39m=[32m"min-w-8 h-8 rounded-md flex items-center 
justify-center text-xs font-bold transition-colors bg-slate-800/80 
text-slate-400 hover:text-white hover:bg-slate-700"[39m
              [36m>[39m
                [0m3[0m
              [36m</button>[39m
            [36m</div>[39m
            [36m<div[39m
              [33mclass[39m=[32m"flex items-center gap-1"[39m
            [36m>[39m
              [36m<button[39m
                [33mclass[39m=[32m"min-w-8 h-8 rounded-md flex items-center 
justify-center text-xs font-bold transition-colors bg-slate-800/80 
text-slate-400 hover:text-white hover:bg-slate-700"[39m
              [36m>[39m
                [0m4[0m
              [36m</button>[39m
            [36m</div>[39m
            [36m<div[39m
              [33mclass[39m=[32m"flex items-center gap-1"[39m
            [36m>[39m
              [36m<button[39m
                [33mclass[39m=[32m"min-w-8 h-8 rounded-md flex items-center 
justify-center text-xs font-bold transition-colors bg-slate-800/80 
text-slate-400 hover:text-white hover:bg-slate-700"[39m
              [36m>[39m
                [0m5[0m
              [36m</button>[39m
            [36m</div>[39m
            [36m<button[39m
              [33mclass[39m=[32m"px-3 py-1.5 rounded-md bg-slate-800/80 
text-slate-400 text-xs font-medium hover:text-white hover:bg-slate-700 
transition-colors disabled:opacity-40 disabled:cursor-not-allowed"[39m
            [36m>[39m
              [0mNext[0m
            [36m</button>[39m
          [36m</div>[39m
        [36m</div>[39m
      [36m</div>[39m
    [36m</body>[39m

    [0m [90m 272 |[39m       )
     [90m 273 |[39m
    [31m[1m>[22m[39m[90m 274 |[39m       
expect(screen[33m.[39mgetByText([32m'0'[39m))[33m.[39mtoBeInTheDocument()
     [90m     |[39m                     [31m[1m^[22m[39m
     [90m 275 |[39m     })
     [90m 276 |[39m   })
     [90m 277 |[39m })[0m

      at Object.getElementError 
(node_modules/@testing-library/dom/dist/config.js:37:19)
      at getElementError 
(node_modules/@testing-library/dom/dist/query-helpers.js:20:35)
      at getMultipleElementsFoundError 
(node_modules/@testing-library/dom/dist/query-helpers.js:23:10)
      at node_modules/@testing-library/dom/dist/query-helpers.js:55:13
      at node_modules/@testing-library/dom/dist/query-helpers.js:95:19
      at Object.<anonymous> (src/test/unit/components/Staff/posts/StaffPostAppr
ovalPagination.test.tsx:274:21)

FAIL src/test/unit/components/Staff/layouts/StaffLayout.test.tsx (8.605 s)
  ΓùÅ StaffLayout ΓÇ║ Page Titles ΓÇ║ should show organizer profile title for 
/staff/organizer-profile

    TestingLibraryElementError: Found multiple elements with the text: Duyß╗çt 
nh├á tß╗ò chß╗⌐c

    Here are the matching elements:

    Ignored nodes: comments, script, style
    [36m<span[39m
      [33mclass[39m=[32m"text-sm font-semibold"[39m
    [36m>[39m
      [0mDuyß╗çt nh├á tß╗ò chß╗⌐c[0m
    [36m</span>[39m

    Ignored nodes: comments, script, style
    [36m<h2[39m
      [33mclass[39m=[32m"text-lg font-bold"[39m
    [36m>[39m
      [0mDuyß╗çt nh├á tß╗ò chß╗⌐c[0m
    [36m</h2>[39m

    (If this is intentional, then use the `*AllBy*` variant of the query (like 
`queryAllByText`, `getAllByText`, or `findAllByText`)).

    Ignored nodes: comments, script, style
    [36m<body>[39m
      [36m<div>[39m
        [36m<div[39m
          [33mclass[39m=[32m"flex h-screen overflow-hidden bg-[#0B0B12] 
text-slate-100"[39m
        [36m>[39m
          [36m<aside[39m
            [33mclass[39m=[32m"w-64 flex flex-col border-r 
border-primary/10 bg-[#0B0B12] shrink-0"[39m
          [36m>[39m
            [36m<div[39m
              [33mclass[39m=[32m"p-6 flex items-center gap-3"[39m
            [36m>[39m
              [36m<div[39m
                [33mclass[39m=[32m"size-10 rounded-lg bg-primary flex 
items-center justify-center shadow-[0_0_15px_rgba(124,59,237,0.4)]"[39m
              [36m>[39m
                [36m<svg[39m
                  [33mclass[39m=[32m"text-white text-xl"[39m
                  [33mfill[39m=[32m"none"[39m
                  [33mheight[39m=[32m"1em"[39m
                  [33mstroke[39m=[32m"currentColor"[39m
                  [33mstroke-linecap[39m=[32m"round"[39m
                  [33mstroke-linejoin[39m=[32m"round"[39m
                  [33mstroke-width[39m=[32m"2"[39m
                  [33mviewBox[39m=[32m"0 0 24 24"[39m
                  [33mwidth[39m=[32m"1em"[39m
                  [33mxmlns[39m=[32m"http://www.w3.org/2000/svg"[39m
                [36m>[39m
                  [36m<polygon[39m
                    [33mpoints[39m=[32m"13 2 3 14 12 14 11 22 21 10 12 10 
13 2"[39m
                  [36m/>[39m
                [36m</svg>[39m
              [36m</div>[39m
              [36m<div[39m
                [33mclass[39m=[32m"flex flex-col"[39m
              [36m>[39m
                [36m<h1[39m
                  [33mclass[39m=[32m"text-lg font-bold leading-tight 
tracking-tight dark:text-white"[39m
                [36m>[39m
                  [0mAIPromo[0m
                [36m</h1>[39m
                [36m<p[39m
                  [33mclass[39m=[32m"text-xs text-primary font-medium 
uppercase tracking-widest"[39m
                [36m>[39m
                  [0mCß╗òng Nh├ón Vi├¬n[0m
                [36m</p>[39m
              [36m</div>[39m
            [36m</div>[39m
            [36m<nav[39m
              [33mclass[39m=[32m"flex-1 px-4 space-y-1 overflow-y-auto"[39m
            [36m>[39m
              [36m<a[39m
                [33mclass[39m=[32m"flex items-center gap-3 px-3 py-2.5 
rounded-lg transition-colors group text-slate-400 hover:bg-primary/10 
hover:text-primary"[39m
                [33mdata-path[39m=[32m"/staff/event-approval"[39m
                [33mdata-testid[39m=[32m"nav-link"[39m
                [33mhref[39m=[32m"/staff/event-approval"[39m
              [36m>[39m
                [36m<svg[39m
                  [33mclass[39m=[32m"group-hover:text-primary"[39m
                  [33mfill[39m=[32m"currentColor"[39m
                  [33mheight[39m=[32m"20"[39m
                  [33mstroke[39m=[32m"currentColor"[39m
                  [33mstroke-width[39m=[32m"0"[39m
                  [33mviewBox[39m=[32m"0 0 24 24"[39m
                  [33mwidth[39m=[32m"20"[39m
                  [33mxmlns[39m=[32m"http://www.w3.org/2000/svg"[39m
                [36m>[39m
                  [36m<path[39m
                    [33md[39m=[32m"M0 0h24v24H0z"[39m
                    [33mfill[39m=[32m"none"[39m
                  [36m/>[39m
                  [36m<path[39m
                    [33md[39m=[32m"M20 3H4c-1.1 0-2 .9-2 2v14c0 1.1.9 2 2 
2h16c1.1 0 2-.9 2-2V5c0-1.1-.9-2-2-2zM10 
17H5v-2h5v2zm0-4H5v-2h5v2zm0-4H5V7h5v2zm4.82 6L12 12.16l1.41-1.41 1.41 
1.42L17.99 9l1.42 1.42L14.82 15z"[39m
                    [33mfill-rule[39m=[32m"evenodd"[39m
                  [36m/>[39m
                [36m</svg>[39m
                [36m<span[39m
                  [33mclass[39m=[32m"text-sm font-medium"[39m
                [36m>[39m
                  [0mDuyß╗çt sß╗▒ kiß╗çn[0m
                [36m</span>[39m
              [36m</a>[39m
              [36m<a[39m
                [33mclass[39m=[32m"flex items-center gap-3 px-3 py-2.5 
rounded-lg transition-colors group bg-primary/10 text-primary"[39m
                [33mdata-path[39m=[32m"/staff/organizer-profile"[39m
                [33mdata-testid[39m=[32m"nav-link"[39m
                [33mhref[39m=[32m"/staff/organizer-profile"[39m
              [36m>[39m
                [36m<svg[39m
                  [33mclass[39m=[32m"opacity-100"[39m
                  [33mfill[39m=[32m"currentColor"[39m
                  [33mheight[39m=[32m"20"[39m
                  [33mstroke[39m=[32m"currentColor"[39m
                  [33mstroke-width[39m=[32m"0"[39m
                  [33mviewBox[39m=[32m"0 0 24 24"[39m
                  [33mwidth[39m=[32m"20"[39m
                  [33mxmlns[39m=[32m"http://www.w3.org/2000/svg"[39m
                [36m>[39m
                  [36m<path[39m
                    [33md[39m=[32m"M0 0h24v24H0z"[39m
                    [33mfill[39m=[32m"none"[39m
                  [36m/>[39m
                  [36m<path[39m
                    [33md[39m=[32m"M20 7h-5V4c0-1.1-.9-2-2-2h-2c-1.1 0-2 
.9-2 2v3H4c-1.1 0-2 .9-2 2v11c0 1.1.9 2 2 2h16c1.1 0 2-.9 
2-2V9c0-1.1-.9-2-2-2zM9 12c.83 0 1.5.67 1.5 1.5S9.83 15 9 
15s-1.5-.67-1.5-1.5S8.17 12 9 12zm3 6H6v-.75c0-1 2-1.5 3-1.5s3 .5 3 
1.5V18zm1-9h-2V4h2v5zm5 7.5h-4V15h4v1.5zm0-3h-4V12h4v1.5z"[39m
                  [36m/>[39m
                [36m</svg>[39m
                [36m<span[39m
                  [33mclass[39m=[32m"text-sm font-semibold"[39m
                [36m>[39m
                  [0mDuyß╗çt nh├á tß╗ò chß╗⌐c[0m
                [36m</span>[39m
              [36m</a>[39m
              [36m<a[39m
                [33mclass[39m=[32m"flex items-center gap-3 px-3 py-2.5 
rounded-lg transition-colors group text-slate-400 hover:bg-primary/10 
hover:text-primary"[39m
                [33mdata-path[39m=[32m"/staff/post-approval"[39m
                [33mdata-testid[39m=[32m"nav-link"[39m
                [33mhref[39m=[32m"/staff/post-approval"[39m
              [36m>[39m
                [36m<svg[39m
                  [33mclass[39m=[32m"group-hover:text-primary"[39m
                  [33mfill[39m=[32m"currentColor"[39m
                  [33mheight[39m=[32m"20"[39m
                  [33mstroke[39m=[32m"currentColor"[39m
                  [33mstroke-width[39m=[32m"0"[39m
                  [33mviewBox[39m=[32m"0 0 24 24"[39m
                  [33mwidth[39m=[32m"20"[39m
                  [33mxmlns[39m=[32m"http://www.w3.org/2000/svg"[39m
                [36m>[39m
                  [36m<path[39m
                    [33md[39m=[32m"M0 0h24v24H0z"[39m
                    [33mfill[39m=[32m"none"[39m
                  [36m/>[39m
                  [36m<path[39m
                    [33md[39m=[32m"M17 19.22H5V7h7V5H5c-1.1 0-2 .9-2 2v12c0 
1.1.9 2 2 2h12c1.1 0 2-.9 2-2v-7h-2v7.22z"[39m
                  [36m/>[39m
                  [36m<path[39m
                    [33md[39m=[32m"M19 2h-2v3h-3c.01.01 0 2 0 
2h3v2.99c.01.01 2 0 2 0V7h3V5h-3V2zM7 9h8v2H7zM7 12v2h8v-2h-3zM7 
15h8v2H7z"[39m
                  [36m/>[39m
                [36m</svg>[39m
                [36m<span[39m
                  [33mclass[39m=[32m"text-sm font-medium"[39m
                [36m>[39m
                  [0mDuyß╗çt b├ái ─æ─âng[0m
                [36m</span>[39m
              [36m</a>[39m
            [36m</nav>[39m
            [36m<div[39m
              [33mclass[39m=[32m"p-4 border-t border-primary/10"[39m
            [36m>[39m
              [36m<div[39m
                [33mclass[39m=[32m"relative"[39m
              [36m>[39m
                [36m<button[39m
                  [33mclass[39m=[32m"w-full flex items-center gap-3 p-2 
rounded-xl bg-primary/5 hover:bg-primary/10 transition-colors"[39m
                [36m>[39m
                  [36m<div[39m
                    [33mclass[39m=[32m"size-9 rounded-full flex 
items-center justify-center text-white text-sm font-bold bg-gradient-to-br 
from-purple-500 to-purple-700 border border-primary/20"[39m
                  [36m>[39m
                    [0mT[0m
                  [36m</div>[39m
                  [36m<div[39m
                    [33mclass[39m=[32m"flex flex-col min-w-0 text-left"[39m
                  [36m>[39m
                    [36m<p[39m
                      [33mclass[39m=[32m"text-sm font-bold text-white 
truncate"[39m
                    [36m>[39m
                      [0mteststaff[0m
                    [36m</p>[39m
                    [36m<p[39m
                      [33mclass[39m=[32m"text-[10px] text-slate-400 
uppercase"[39m
                    [36m>[39m
                      [0mNh├ón vi├¬n[0m
                    [36m</p>[39m
                  [36m</div>[39m
                [36m</button>[39m
              [36m</div>[39m
            [36m</div>[39m
          [36m</aside>[39m
          [36m<div[39m
            [33mclass[39m=[32m"flex-1 flex flex-col min-w-0 
overflow-hidden"[39m
          [36m>[39m
            [36m<header[39m
              [33mclass[39m=[32m"h-16 border-b border-primary/10 flex 
items-center justify-between px-8 bg-[#0B0B12]/50 backdrop-blur-md z-10 
shrink-0"[39m
            [36m>[39m
              [36m<div[39m
                [33mclass[39m=[32m"flex items-center gap-4"[39m
              [36m>[39m
                [36m<h2[39m
                  [33mclass[39m=[32m"text-lg font-bold"[39m
                [36m>[39m
                  [0mDuyß╗çt nh├á tß╗ò chß╗⌐c[0m
                [36m</h2>[39m
              [36m</div>[39m
            [36m</header>[39m
            [36m<main[39m
              [33mclass[39m=[32m"flex-1 overflow-y-auto p-8 bg-[#0B0B12] 
[&::-webkit-scrollbar]:w-1 [&::-webkit-scrollbar-track]:bg-[#0B0B12] 
[&::-webkit-scrollbar-thumb]:bg-[#302447] 
[&::-webkit-scrollbar-thumb]:rounded-full"[39m
            [36m>[39m
              [36m<div[39m
                [33mdata-testid[39m=[32m"outlet-content"[39m
              [36m>[39m
                [0mOutlet Content[0m
              [36m</div>[39m
            [36m</main>[39m
          [36m</div>[39m
        [36m</div>[39m
      [36m</div>[39m
    [36m</body>[39m

    [0m [90m 215 |[39m       })
     [90m 216 |[39m
    [31m[1m>[22m[39m[90m 217 |[39m       
expect(screen[33m.[39mgetByText([32m'Duyß╗çt nh├á tß╗ò 
chß╗⌐c'[39m))[33m.[39mtoBeInTheDocument()
     [90m     |[39m                     [31m[1m^[22m[39m
     [90m 218 |[39m     })
     [90m 219 |[39m
     [90m 220 |[39m     it([32m'should show post approval title for 
/staff/post-approval'[39m[33m,[39m [36masync[39m () [33m=>[39m {[0m

      at Object.getElementError 
(node_modules/@testing-library/dom/dist/config.js:37:19)
      at getElementError 
(node_modules/@testing-library/dom/dist/query-helpers.js:20:35)
      at getMultipleElementsFoundError 
(node_modules/@testing-library/dom/dist/query-helpers.js:23:10)
      at node_modules/@testing-library/dom/dist/query-helpers.js:55:13
      at node_modules/@testing-library/dom/dist/query-helpers.js:95:19
      at Object.<anonymous> 
(src/test/unit/components/Staff/layouts/StaffLayout.test.tsx:217:21)

  ΓùÅ StaffLayout ΓÇ║ Logout ΓÇ║ should dispatch clearAuth and navigate to 
login on logout

    Cannot find module '../../../../store/authSlice' from 
'src/test/unit/components/Staff/layouts/StaffLayout.test.tsx'

    [0m [90m 309 |[39m   describe([32m'Logout'[39m[33m,[39m () 
[33m=>[39m {
     [90m 310 |[39m     it([32m'should dispatch clearAuth and navigate to 
login on logout'[39m[33m,[39m [36masync[39m () [33m=>[39m {
    [31m[1m>[22m[39m[90m 311 |[39m       [36mconst[39m { clearAuth } 
[33m=[39m require([32m'../../../../store/authSlice'[39m)
     [90m     |[39m                             [31m[1m^[22m[39m
     [90m 312 |[39m
     [90m 313 |[39m       [36mawait[39m act([36masync[39m () 
[33m=>[39m {
     [90m 314 |[39m         render([33m<[39m[33mStaffLayout[39m 
[33m/[39m[33m>[39m)[0m

      at Resolver._throwModNotFoundError 
(node_modules/jest-resolve/build/index.js:863:11)
      at Object.<anonymous> 
(src/test/unit/components/Staff/layouts/StaffLayout.test.tsx:311:29)

FAIL src/test/unit/components/Staff/events/StaffEventApprovalQueue.test.tsx 
(9.576 s)
  ΓùÅ StaffEventApprovalQueue ΓÇ║ Redux API Calls ΓÇ║ should dispatch 
fetchPendingEvents on mount

    Cannot find module '../../../../store/eventSlice' from 
'src/test/unit/components/Staff/events/StaffEventApprovalQueue.test.tsx'

    [0m [90m 168 |[39m   describe([32m'Redux API Calls'[39m[33m,[39m () 
[33m=>[39m {
     [90m 169 |[39m     it([32m'should dispatch fetchPendingEvents on 
mount'[39m[33m,[39m [36masync[39m () [33m=>[39m {
    [31m[1m>[22m[39m[90m 170 |[39m       [36mconst[39m { 
fetchPendingEvents } [33m=[39m 
require([32m'../../../../store/eventSlice'[39m)
     [90m     |[39m                                      [31m[1m^[22m[39m
     [90m 171 |[39m
     [90m 172 |[39m       [36mawait[39m act([36masync[39m () 
[33m=>[39m {
     [90m 173 |[39m         
render([33m<[39m[33mStaffEventApprovalQueue[39m [33m/[39m[33m>[39m)[0m

      at Resolver._throwModNotFoundError 
(node_modules/jest-resolve/build/index.js:863:11)
      at Object.<anonymous> 
(src/test/unit/components/Staff/events/StaffEventApprovalQueue.test.tsx:170:38)

  ΓùÅ StaffEventApprovalQueue ΓÇ║ Data Display ΓÇ║ should display formatted 
date

    TestingLibraryElementError: Unable to find an element with the text: 13 
Th4, 2026. This could be because the text is broken up by multiple elements. 
In this case, you can provide a function for your text matcher to make your 
matcher more flexible.

    Ignored nodes: comments, script, style
    [36m<body>[39m
      [36m<div>[39m
        [36m<div[39m
          [33mclass[39m=[32m"flex flex-col gap-6 w-full"[39m
        [36m>[39m
          [36m<div[39m
            [33mclass[39m=[32m"flex items-center justify-between"[39m
          [36m>[39m
            [36m<div[39m
              [33mclass[39m=[32m"flex flex-col gap-1"[39m
            [36m>[39m
              [36m<h1[39m
                [33mclass[39m=[32m"text-3xl font-black text-white"[39m
              [36m>[39m
                [0mDanh s├ích chß╗¥ duyß╗çt sß╗▒ kiß╗çn[0m
              [36m</h1>[39m
              [36m<p[39m
                [33mclass[39m=[32m"text-sm text-slate-400"[39m
              [36m>[39m
                [0mBß║úng ─æiß╗üu khiß╗ân kiß╗âm duyß╗çt to├án hß╗ç thß╗æng 
cho c├íc ─æ─âng k├╜ sß╗▒ kiß╗çn.[0m
              [36m</p>[39m
            [36m</div>[39m
            [36m<button[39m
              [33mclass[39m=[32m"bg-[#1b1230] text-white text-xs font-bold 
py-2 px-3 rounded-lg flex items-center gap-2 hover:bg-white/10 
transition-colors disabled:opacity-50"[39m
            [36m>[39m
              [36m<svg[39m
                [33mfill[39m=[32m"currentColor"[39m
                [33mheight[39m=[32m"1em"[39m
                [33mstroke[39m=[32m"currentColor"[39m
                [33mstroke-width[39m=[32m"0"[39m
                [33mviewBox[39m=[32m"0 0 24 24"[39m
                [33mwidth[39m=[32m"1em"[39m
                [33mxmlns[39m=[32m"http://www.w3.org/2000/svg"[39m
              [36m>[39m
                [36m<path[39m
                  [33md[39m=[32m"M0 0h24v24H0z"[39m
                  [33mfill[39m=[32m"none"[39m
                [36m/>[39m
                [36m<path[39m
                  [33md[39m=[32m"M17.65 6.35A7.958 7.958 0 0 0 12 4c-4.42 
0-7.99 3.58-7.99 8s3.57 8 7.99 8c3.73 0 6.84-2.55 7.73-6h-2.08A5.99 5.99 0 0 1 
12 18c-3.31 0-6-2.69-6-6s2.69-6 6-6c1.66 0 3.14.69 4.22 1.78L13 11h7V4l-2.35 
2.35z"[39m
                [36m/>[39m
              [36m</svg>[39m
            [36m</button>[39m
          [36m</div>[39m
          [36m<div[39m
            [33mclass[39m=[32m"flex flex-col gap-4"[39m
          [36m>[39m
            [36m<div[39m
              [33mclass[39m=[32m"grid grid-cols-12 px-5 text-xs font-bold 
text-slate-400 uppercase tracking-wider"[39m
            [36m>[39m
              [36m<div[39m
                [33mclass[39m=[32m"col-span-5"[39m
              [36m>[39m
                [0mChi tiß║┐t sß╗▒ kiß╗çn[0m
              [36m</div>[39m
              [36m<div[39m
                [33mclass[39m=[32m"col-span-2"[39m
              [36m>[39m
                [0mNg├áy ─æ─âng k├╜[0m
              [36m</div>[39m
              [36m<div[39m
                [33mclass[39m=[32m"col-span-2"[39m
              [36m>[39m
                [0mDanh mß╗Ñc[0m
              [36m</div>[39m
              [36m<div[39m
                [33mclass[39m=[32m"col-span-1"[39m
              [36m>[39m
                [0mTrß║íng th├íi[0m
              [36m</div>[39m
              [36m<div[39m
                [33mclass[39m=[32m"col-span-2 text-right"[39m
              [36m>[39m
                [0mThao t├íc[0m
              [36m</div>[39m
            [36m</div>[39m
            [36m<div[39m
              [33mclass[39m=[32m"grid grid-cols-12 items-center gap-4 p-5 
bg-gradient-to-br from-slate-900/70 to-slate-800/40 backdrop-blur-xl border 
border-white/10 shadow-lg shadow-black/20 hover:shadow-primary/20 
hover:border-primary/20 transition-all duration-300 rounded-2xl"[39m
            [36m>[39m
              [36m<div[39m
                [33mclass[39m=[32m"col-span-5 flex items-center gap-5"[39m
              [36m>[39m
                [36m<div[39m
                  [33mclass[39m=[32m"size-16 rounded-2xl overflow-hidden 
border border-white/10"[39m
                [36m>[39m
                  [36m<img[39m
                    [33malt[39m=[32m"Test Event"[39m
                    [33mclass[39m=[32m"w-full h-full object-cover"[39m
                    [33msrc[39m=[32m"https://example.com/banner.jpg"[39m
                  [36m/>[39m
                [36m</div>[39m
                [36m<div[39m
                  [33mclass[39m=[32m"flex flex-col min-w-0"[39m
                [36m>[39m
                  [36m<span[39m
                    [33mclass[39m=[32m"text-lg font-bold text-white 
truncate mb-1"[39m
                  [36m>[39m
                    [0mTest Event[0m
                  [36m</span>[39m
                  [36m<span[39m
                    [33mclass[39m=[32m"text-xs font-semibold 
text-slate-400"[39m
                  [36m>[39m
                    [0mTest Location[0m
                  [36m</span>[39m
                [36m</div>[39m
              [36m</div>[39m
              [36m<div[39m
                [33mclass[39m=[32m"col-span-2"[39m
              [36m>[39m
                [36m<span[39m
                  [33mclass[39m=[32m"text-sm font-semibold 
text-slate-300"[39m
                [36m>[39m
                  [0m13 thg 4, 2026[0m
                [36m</span>[39m
              [36m</div>[39m
              [36m<div[39m
                [33mclass[39m=[32m"col-span-2"[39m
              [36m>[39m
                [36m<span[39m
                  [33mclass[39m=[32m"px-4 py-1.5 rounded-full text-[10px] 
font-black uppercase border bg-cyan-500/20 text-cyan-300 
border-cyan-500/30"[39m
                [36m>[39m
                  [0mMUSIC[0m
                [36m</span>[39m
              [36m</div>[39m
              [36m<div[39m
                [33mclass[39m=[32m"col-span-1"[39m
              [36m>[39m
                [36m<span[39m
                  [33mclass[39m=[32m"inline-flex items-center px-3 py-1.5 
rounded-lg text-xs font-bold uppercase border whitespace-nowrap 
bg-amber-500/10 text-amber-400 border-amber-500/30"[39m
                [36m>[39m
                  [0mChß╗¥ duyß╗çt[0m
                [36m</span>[39m
              [36m</div>[39m
              [36m<div[39m
                [33mclass[39m=[32m"col-span-2 flex justify-end"[39m
              [36m>[39m
                [36m<button[39m
                  [33mclass[39m=[32m"px-6 py-2.5 rounded-xl 
bg-gradient-to-r from-primary to-purple-600 text-white text-sm font-bold 
shadow-lg shadow-primary/30 hover:shadow-primary/50 hover:scale-[1.02] 
transition-all border border-primary/30"[39m
                [36m>[39m
                  [0mXem chi tiß║┐t[0m
                [36m</button>[39m
              [36m</div>[39m
            [36m</div>[39m
            [36m<div[39m
              [33mclass[39m=[32m"px-8 py-4 border-t border-[#302447] flex 
flex-col md:flex-row items-start md:items-center justify-between gap-3 
bg-white/5"[39m
            [36m>[39m
              [36m<p[39m
                [33mclass[39m=[32m"text-xs text-[#a592c8]"[39m
              [36m>[39m
                [0mHiß╗ân thß╗ï [0m
                [36m<span[39m
                  [33mclass[39m=[32m"text-white font-bold"[39m
                [36m>[39m
                  [0m1[0m
                [36m</span>[39m
                [0m [0m
                [0mtr├¬n [0m
                [36m<span[39m
                  [33mclass[39m=[32m"text-white font-bold"[39m
                [36m>[39m
                  [0m1[0m
                [36m</span>[39m
                [0m [0m
                [0msß╗▒ kiß╗çn[0m
              [36m</p>[39m
              [36m<div[39m
                [33mclass[39m=[32m"flex items-center gap-2"[39m
              [36m>[39m
                [36m<button[39m
                  [33mclass[39m=[32m"px-3 py-1 rounded-md text-sm 
text-[#6b5b86] bg-[#0f0b16]"[39m
                  [33mdisabled[39m=[32m""[39m
                [36m>[39m
                  [0mPrev[0m
                [36m</button>[39m
                [36m<div[39m
                  [33mclass[39m=[32m"hidden sm:flex items-center gap-1"[39m
                [36m>[39m
                  [36m<button[39m
                    [33mclass[39m=[32m"px-3 py-1 rounded-md text-sm 
bg-primary text-white"[39m
                  [36m>[39m
                    [0m1[0m
                  [36m</button>[39m
                [36m</div>[39m
                [36m<button[39m
                  [33mclass[39m=[32m"px-3 py-1 rounded-md text-sm 
text-[#6b5b86] bg-[#0f0b16]"[39m
                  [33mdisabled[39m=[32m""[39m
                [36m>[39m
                  [0mNext[0m
                [36m</button>[39m
              [36m</div>[39m
            [36m</div>[39m
          [36m</div>[39m
        [36m</div>[39m
      [36m</div>[39m
    [36m</body>[39m

    [0m [90m 238 |[39m
     [90m 239 |[39m       [90m// Should format to Vietnamese date (13 Th4, 
2026)[39m
    [31m[1m>[22m[39m[90m 240 |[39m       
expect(screen[33m.[39mgetByText([32m'13 Th4, 
2026'[39m))[33m.[39mtoBeInTheDocument()
     [90m     |[39m                     [31m[1m^[22m[39m
     [90m 241 |[39m     })
     [90m 242 |[39m
     [90m 243 |[39m     it([32m'should show empty state when no 
events'[39m[33m,[39m [36masync[39m () [33m=>[39m {[0m

      at Object.getElementError 
(node_modules/@testing-library/dom/dist/config.js:37:19)
      at node_modules/@testing-library/dom/dist/query-helpers.js:76:38
      at node_modules/@testing-library/dom/dist/query-helpers.js:52:17
      at node_modules/@testing-library/dom/dist/query-helpers.js:95:19
      at Object.<anonymous> 
(src/test/unit/components/Staff/events/StaffEventApprovalQueue.test.tsx:240:21)

  ΓùÅ StaffEventApprovalQueue ΓÇ║ Data Display ΓÇ║ should show loading state 
when loading with no data

    TestingLibraryElementError: Unable to find an element with the text: ─Éang 
tß║úi.... This could be because the text is broken up by multiple elements. In 
this case, you can provide a function for your text matcher to make your 
matcher more flexible.

    Ignored nodes: comments, script, style
    [36m<body>[39m
      [36m<div>[39m
        [36m<div[39m
          [33mclass[39m=[32m"flex flex-col gap-6 w-full"[39m
        [36m>[39m
          [36m<div[39m
            [33mclass[39m=[32m"flex items-center justify-between"[39m
          [36m>[39m
            [36m<div[39m
              [33mclass[39m=[32m"flex flex-col gap-1"[39m
            [36m>[39m
              [36m<h1[39m
                [33mclass[39m=[32m"text-3xl font-black text-white"[39m
              [36m>[39m
                [0mDanh s├ích chß╗¥ duyß╗çt sß╗▒ kiß╗çn[0m
              [36m</h1>[39m
              [36m<p[39m
                [33mclass[39m=[32m"text-sm text-slate-400"[39m
              [36m>[39m
                [0mBß║úng ─æiß╗üu khiß╗ân kiß╗âm duyß╗çt to├án hß╗ç thß╗æng 
cho c├íc ─æ─âng k├╜ sß╗▒ kiß╗çn.[0m
              [36m</p>[39m
            [36m</div>[39m
            [36m<button[39m
              [33mclass[39m=[32m"bg-[#1b1230] text-white text-xs font-bold 
py-2 px-3 rounded-lg flex items-center gap-2 hover:bg-white/10 
transition-colors disabled:opacity-50"[39m
            [36m>[39m
              [36m<svg[39m
                [33mfill[39m=[32m"currentColor"[39m
                [33mheight[39m=[32m"1em"[39m
                [33mstroke[39m=[32m"currentColor"[39m
                [33mstroke-width[39m=[32m"0"[39m
                [33mviewBox[39m=[32m"0 0 24 24"[39m
                [33mwidth[39m=[32m"1em"[39m
                [33mxmlns[39m=[32m"http://www.w3.org/2000/svg"[39m
              [36m>[39m
                [36m<path[39m
                  [33md[39m=[32m"M0 0h24v24H0z"[39m
                  [33mfill[39m=[32m"none"[39m
                [36m/>[39m
                [36m<path[39m
                  [33md[39m=[32m"M17.65 6.35A7.958 7.958 0 0 0 12 4c-4.42 
0-7.99 3.58-7.99 8s3.57 8 7.99 8c3.73 0 6.84-2.55 7.73-6h-2.08A5.99 5.99 0 0 1 
12 18c-3.31 0-6-2.69-6-6s2.69-6 6-6c1.66 0 3.14.69 4.22 1.78L13 11h7V4l-2.35 
2.35z"[39m
                [36m/>[39m
              [36m</svg>[39m
            [36m</button>[39m
          [36m</div>[39m
          [36m<div[39m
            [33mclass[39m=[32m"flex flex-col gap-4"[39m
          [36m>[39m
            [36m<div[39m
              [33mclass[39m=[32m"grid grid-cols-12 px-5 text-xs font-bold 
text-slate-400 uppercase tracking-wider"[39m
            [36m>[39m
              [36m<div[39m
                [33mclass[39m=[32m"col-span-5"[39m
              [36m>[39m
                [0mChi tiß║┐t sß╗▒ kiß╗çn[0m
              [36m</div>[39m
              [36m<div[39m
                [33mclass[39m=[32m"col-span-2"[39m
              [36m>[39m
                [0mNg├áy ─æ─âng k├╜[0m
              [36m</div>[39m
              [36m<div[39m
                [33mclass[39m=[32m"col-span-2"[39m
              [36m>[39m
                [0mDanh mß╗Ñc[0m
              [36m</div>[39m
              [36m<div[39m
                [33mclass[39m=[32m"col-span-1"[39m
              [36m>[39m
                [0mTrß║íng th├íi[0m
              [36m</div>[39m
              [36m<div[39m
                [33mclass[39m=[32m"col-span-2 text-right"[39m
              [36m>[39m
                [0mThao t├íc[0m
              [36m</div>[39m
            [36m</div>[39m
            [36m<div[39m
              [33mclass[39m=[32m"text-center text-sm text-slate-400 
py-8"[39m
            [36m>[39m
              [0mKh├┤ng c├│ sß╗▒ kiß╗çn n├áo ─æang chß╗¥ ph├¬ duyß╗çt[0m
            [36m</div>[39m
          [36m</div>[39m
        [36m</div>[39m
      [36m</div>[39m
    [36m</body>[39m

    [0m [90m 262 |[39m       })
     [90m 263 |[39m
    [31m[1m>[22m[39m[90m 264 |[39m       
expect(screen[33m.[39mgetByText([32m'─Éang 
tß║úi...'[39m))[33m.[39mtoBeInTheDocument()
     [90m     |[39m                     [31m[1m^[22m[39m
     [90m 265 |[39m     })
     [90m 266 |[39m   })
     [90m 267 |[39m[0m

      at Object.getElementError 
(node_modules/@testing-library/dom/dist/config.js:37:19)
      at node_modules/@testing-library/dom/dist/query-helpers.js:76:38
      at node_modules/@testing-library/dom/dist/query-helpers.js:52:17
      at node_modules/@testing-library/dom/dist/query-helpers.js:95:19
      at Object.<anonymous> 
(src/test/unit/components/Staff/events/StaffEventApprovalQueue.test.tsx:264:21)

  ΓùÅ StaffEventApprovalQueue ΓÇ║ User Interactions ΓÇ║ should open detail 
modal when "Xem chi tiß║┐t" is clicked

    TestingLibraryElementError: Found multiple elements with the text: Test 
Event

    Here are the matching elements:

    Ignored nodes: comments, script, style
    [36m<span[39m
      [33mclass[39m=[32m"text-lg font-bold text-white truncate mb-1"[39m
    [36m>[39m
      [0mTest Event[0m
    [36m</span>[39m

    Ignored nodes: comments, script, style
    [36m<h1[39m
      [33mclass[39m=[32m"text-2xl font-black tracking-tight text-white"[39m
    [36m>[39m
      [0mTest Event[0m
    [36m</h1>[39m

    (If this is intentional, then use the `*AllBy*` variant of the query (like 
`queryAllByText`, `getAllByText`, or `findAllByText`)).

    Ignored nodes: comments, script, style
    [36m<body>[39m
      [36m<div>[39m
        [36m<div[39m
          [33mclass[39m=[32m"flex flex-col gap-6 w-full"[39m
        [36m>[39m
          [36m<div[39m
            [33mclass[39m=[32m"flex items-center justify-between"[39m
          [36m>[39m
            [36m<div[39m
              [33mclass[39m=[32m"flex flex-col gap-1"[39m
            [36m>[39m
              [36m<h1[39m
                [33mclass[39m=[32m"text-3xl font-black text-white"[39m
              [36m>[39m
                [0mDanh s├ích chß╗¥ duyß╗çt sß╗▒ kiß╗çn[0m
              [36m</h1>[39m
              [36m<p[39m
                [33mclass[39m=[32m"text-sm text-slate-400"[39m
              [36m>[39m
                [0mBß║úng ─æiß╗üu khiß╗ân kiß╗âm duyß╗çt to├án hß╗ç thß╗æng 
cho c├íc ─æ─âng k├╜ sß╗▒ kiß╗çn.[0m
              [36m</p>[39m
            [36m</div>[39m
            [36m<button[39m
              [33mclass[39m=[32m"bg-[#1b1230] text-white text-xs font-bold 
py-2 px-3 rounded-lg flex items-center gap-2 hover:bg-white/10 
transition-colors disabled:opacity-50"[39m
            [36m>[39m
              [36m<svg[39m
                [33mfill[39m=[32m"currentColor"[39m
                [33mheight[39m=[32m"1em"[39m
                [33mstroke[39m=[32m"currentColor"[39m
                [33mstroke-width[39m=[32m"0"[39m
                [33mviewBox[39m=[32m"0 0 24 24"[39m
                [33mwidth[39m=[32m"1em"[39m
                [33mxmlns[39m=[32m"http://www.w3.org/2000/svg"[39m
              [36m>[39m
                [36m<path[39m
                  [33md[39m=[32m"M0 0h24v24H0z"[39m
                  [33mfill[39m=[32m"none"[39m
                [36m/>[39m
                [36m<path[39m
                  [33md[39m=[32m"M17.65 6.35A7.958 7.958 0 0 0 12 4c-4.42 
0-7.99 3.58-7.99 8s3.57 8 7.99 8c3.73 0 6.84-2.55 7.73-6h-2.08A5.99 5.99 0 0 1 
12 18c-3.31 0-6-2.69-6-6s2.69-6 6-6c1.66 0 3.14.69 4.22 1.78L13 11h7V4l-2.35 
2.35z"[39m
                [36m/>[39m
              [36m</svg>[39m
            [36m</button>[39m
          [36m</div>[39m
          [36m<div[39m
            [33mclass[39m=[32m"flex flex-col gap-4"[39m
          [36m>[39m
            [36m<div[39m
              [33mclass[39m=[32m"grid grid-cols-12 px-5 text-xs font-bold 
text-slate-400 uppercase tracking-wider"[39m
            [36m>[39m
              [36m<div[39m
                [33mclass[39m=[32m"col-span-5"[39m
              [36m>[39m
                [0mChi tiß║┐t sß╗▒ kiß╗çn[0m
              [36m</div>[39m
              [36m<div[39m
                [33mclass[39m=[32m"col-span-2"[39m
              [36m>[39m
                [0mNg├áy ─æ─âng k├╜[0m
              [36m</div>[39m
              [36m<div[39m
                [33mclass[39m=[32m"col-span-2"[39m
              [36m>[39m
                [0mDanh mß╗Ñc[0m
              [36m</div>[39m
              [36m<div[39m
                [33mclass[39m=[32m"col-span-1"[39m
              [36m>[39m
                [0mTrß║íng th├íi[0m
              [36m</div>[39m
              [36m<div[39m
                [33mclass[39m=[32m"col-span-2 text-right"[39m
              [36m>[39m
                [0mThao t├íc[0m
              [36m</div>[39m
            [36m</div>[39m
            [36m<div[39m
              [33mclass[39m=[32m"grid grid-cols-12 items-center gap-4 p-5 
bg-gradient-to-br from-slate-900/70 to-slate-800/40 backdrop-blur-xl border 
border-white/10 shadow-lg shadow-black/20 hover:shadow-primary/20 
hover:border-primary/20 transition-all duration-300 rounded-2xl"[39m
            [36m>[39m
              [36m<div[39m
                [33mclass[39m=[32m"col-span-5 flex items-center gap-5"[39m
              [36m>[39m
                [36m<div[39m
                  [33mclass[39m=[32m"size-16 rounded-2xl overflow-hidden 
border border-white/10"[39m
                [36m>[39m
                  [36m<img[39m
                    [33malt[39m=[32m"Test Event"[39m
                    [33mclass[39m=[32m"w-full h-full object-cover"[39m
                    [33msrc[39m=[32m"https://example.com/banner.jpg"[39m
                  [36m/>[39m
                [36m</div>[39m
                [36m<div[39m
                  [33mclass[39m=[32m"flex flex-col min-w-0"[39m
                [36m>[39m
                  [36m<span[39m
                    [33mclass[39m=[32m"text-lg font-bold text-white 
truncate mb-1"[39m
                  [36m>[39m
                    [0mTest Event[0m
                  [36m</span>[39m
                  [36m<span[39m
                    [33mclass[39m=[32m"text-xs font-semibold 
text-slate-400"[39m
                  [36m>[39m
                    [0mTest Location[0m
                  [36m</span>[39m
                [36m</div>[39m
              [36m</div>[39m
              [36m<div[39m
                [33mclass[39m=[32m"col-span-2"[39m
              [36m>[39m
                [36m<span[39m
                  [33mclass[39m=[32m"text-sm font-semibold 
text-slate-300"[39m
                [36m>[39m
                  [0m13 thg 4, 2026[0m
                [36m</span>[39m
              [36m</div>[39m
              [36m<div[39m
                [33mclass[39m=[32m"col-span-2"[39m
              [36m>[39m
                [36m<span[39m
                  [33mclass[39m=[32m"px-4 py-1.5 rounded-full text-[10px] 
font-black uppercase border bg-cyan-500/20 text-cyan-300 
border-cyan-500/30"[39m
                [36m>[39m
                  [0mMUSIC[0m
                [36m</span>[39m
              [36m</div>[39m
              [36m<div[39m
                [33mclass[39m=[32m"col-span-1"[39m
              [36m>[39m
                [36m<span[39m
                  [33mclass[39m=[32m"inline-flex items-center px-3 py-1.5 
rounded-lg text-xs font-bold uppercase border whitespace-nowrap 
bg-amber-500/10 text-amber-400 border-amber-500/30"[39m
                [36m>[39m
                  [0mChß╗¥ duyß╗çt[0m
                [36m</span>[39m
              [36m</div>[39m
              [36m<div[39m
                [33mclass[39m=[32m"col-span-2 flex justify-end"[39m
              [36m>[39m
                [36m<button[39m
                  [33mclass[39m=[32m"px-6 py-2.5 rounded-xl 
bg-gradient-to-r from-primary to-purple-600 text-white text-sm font-bold 
shadow-lg shadow-primary/30 hover:shadow-primary/50 hover:scale-[1.02] 
transition-all border border-primary/30"[39m
                [36m>[39m
                  [0mXem chi tiß║┐t[0m
                [36m</button>[39m
              [36m</div>[39m
            [36m</div>[39m
            [36m<div[39m
              [33mclass[39m=[32m"px-8 py-4 border-t border-[#302447] flex 
flex-col md:flex-row items-start md:items-center justify-between gap-3 
bg-white/5"[39m
            [36m>[39m
              [36m<p[39m
                [33mclass[39m=[32m"text-xs text-[#a592c8]"[39m
              [36m>[39m
                [0mHiß╗ân thß╗ï [0m
                [36m<span[39m
                  [33mclass[39m=[32m"text-white font-bold"[39m
                [36m>[39m
                  [0m1[0m
                [36m</span>[39m
                [0m [0m
                [0mtr├¬n [0m
                [36m<span[39m
                  [33mclass[39m=[32m"text-white font-bold"[39m
                [36m>[39m
                  [0m1[0m
                [36m</span>[39m
                [0m [0m
                [0msß╗▒ kiß╗çn[0m
              [36m</p>[39m
              [36m<div[39m
        ...

    [0m [90m 278 |[39m       [36mawait[39m 
userEvent[33m.[39mclick(viewBtn)
     [90m 279 |[39m
    [31m[1m>[22m[39m[90m 280 |[39m       
expect(screen[33m.[39mgetByText([32m'Test 
Event'[39m))[33m.[39mtoBeInTheDocument()
     [90m     |[39m                     [31m[1m^[22m[39m
     [90m 281 |[39m     })
     [90m 282 |[39m
     [90m 283 |[39m     it([32m'should refresh list when refresh button is 
clicked'[39m[33m,[39m [36masync[39m () [33m=>[39m {[0m

      at Object.getElementError 
(node_modules/@testing-library/dom/dist/config.js:37:19)
      at getElementError 
(node_modules/@testing-library/dom/dist/query-helpers.js:20:35)
      at getMultipleElementsFoundError 
(node_modules/@testing-library/dom/dist/query-helpers.js:23:10)
      at node_modules/@testing-library/dom/dist/query-helpers.js:55:13
      at node_modules/@testing-library/dom/dist/query-helpers.js:95:19
      at Object.<anonymous> 
(src/test/unit/components/Staff/events/StaffEventApprovalQueue.test.tsx:280:21)

  ΓùÅ StaffEventApprovalQueue ΓÇ║ Pagination ΓÇ║ should not display pagination 
when 10 or fewer events

    expect(element).not.toBeInTheDocument()

    expected document not to contain element, found <p class="text-xs 
text-[#a592c8]">Hiß╗ân thß╗ï <span class="text-white font-bold">1</span> tr├¬n 
<span class="text-white font-bold">1</span> sß╗▒ kiß╗çn</p> instead

    [0m [90m 323 |[39m       expect(
     [90m 324 |[39m         screen[33m.[39mqueryByText([35m/Hiß╗ân 
thß╗ï.*tr├¬n.*sß╗▒ kiß╗çn/i[39m)
    [31m[1m>[22m[39m[90m 325 |[39m       
)[33m.[39mnot[33m.[39mtoBeInTheDocument()
     [90m     |[39m             [31m[1m^[22m[39m
     [90m 326 |[39m     })
     [90m 327 |[39m
     [90m 328 |[39m     it([32m'should disable Prev button on page 
1'[39m[33m,[39m [36masync[39m () [33m=>[39m {[0m

      at Object.<anonymous> 
(src/test/unit/components/Staff/events/StaffEventApprovalQueue.test.tsx:325:13)

  ΓùÅ StaffEventApprovalQueue ΓÇ║ Detail Modal ΓÇ║ should display event 
details in modal

    TestingLibraryElementError: Found multiple elements with the text: Test 
Event

    Here are the matching elements:

    Ignored nodes: comments, script, style
    [36m<span[39m
      [33mclass[39m=[32m"text-lg font-bold text-white truncate mb-1"[39m
    [36m>[39m
      [0mTest Event[0m
    [36m</span>[39m

    Ignored nodes: comments, script, style
    [36m<h1[39m
      [33mclass[39m=[32m"text-2xl font-black tracking-tight text-white"[39m
    [36m>[39m
      [0mTest Event[0m
    [36m</h1>[39m

    (If this is intentional, then use the `*AllBy*` variant of the query (like 
`queryAllByText`, `getAllByText`, or `findAllByText`)).

    Ignored nodes: comments, script, style
    [36m<body>[39m
      [36m<div>[39m
        [36m<div[39m
          [33mclass[39m=[32m"flex flex-col gap-6 w-full"[39m
        [36m>[39m
          [36m<div[39m
            [33mclass[39m=[32m"flex items-center justify-between"[39m
          [36m>[39m
            [36m<div[39m
              [33mclass[39m=[32m"flex flex-col gap-1"[39m
            [36m>[39m
              [36m<h1[39m
                [33mclass[39m=[32m"text-3xl font-black text-white"[39m
              [36m>[39m
                [0mDanh s├ích chß╗¥ duyß╗çt sß╗▒ kiß╗çn[0m
              [36m</h1>[39m
              [36m<p[39m
                [33mclass[39m=[32m"text-sm text-slate-400"[39m
              [36m>[39m
                [0mBß║úng ─æiß╗üu khiß╗ân kiß╗âm duyß╗çt to├án hß╗ç thß╗æng 
cho c├íc ─æ─âng k├╜ sß╗▒ kiß╗çn.[0m
              [36m</p>[39m
            [36m</div>[39m
            [36m<button[39m
              [33mclass[39m=[32m"bg-[#1b1230] text-white text-xs font-bold 
py-2 px-3 rounded-lg flex items-center gap-2 hover:bg-white/10 
transition-colors disabled:opacity-50"[39m
            [36m>[39m
              [36m<svg[39m
                [33mfill[39m=[32m"currentColor"[39m
                [33mheight[39m=[32m"1em"[39m
                [33mstroke[39m=[32m"currentColor"[39m
                [33mstroke-width[39m=[32m"0"[39m
                [33mviewBox[39m=[32m"0 0 24 24"[39m
                [33mwidth[39m=[32m"1em"[39m
                [33mxmlns[39m=[32m"http://www.w3.org/2000/svg"[39m
              [36m>[39m
                [36m<path[39m
                  [33md[39m=[32m"M0 0h24v24H0z"[39m
                  [33mfill[39m=[32m"none"[39m
                [36m/>[39m
                [36m<path[39m
                  [33md[39m=[32m"M17.65 6.35A7.958 7.958 0 0 0 12 4c-4.42 
0-7.99 3.58-7.99 8s3.57 8 7.99 8c3.73 0 6.84-2.55 7.73-6h-2.08A5.99 5.99 0 0 1 
12 18c-3.31 0-6-2.69-6-6s2.69-6 6-6c1.66 0 3.14.69 4.22 1.78L13 11h7V4l-2.35 
2.35z"[39m
                [36m/>[39m
              [36m</svg>[39m
            [36m</button>[39m
          [36m</div>[39m
          [36m<div[39m
            [33mclass[39m=[32m"flex flex-col gap-4"[39m
          [36m>[39m
            [36m<div[39m
              [33mclass[39m=[32m"grid grid-cols-12 px-5 text-xs font-bold 
text-slate-400 uppercase tracking-wider"[39m
            [36m>[39m
              [36m<div[39m
                [33mclass[39m=[32m"col-span-5"[39m
              [36m>[39m
                [0mChi tiß║┐t sß╗▒ kiß╗çn[0m
              [36m</div>[39m
              [36m<div[39m
                [33mclass[39m=[32m"col-span-2"[39m
              [36m>[39m
                [0mNg├áy ─æ─âng k├╜[0m
              [36m</div>[39m
              [36m<div[39m
                [33mclass[39m=[32m"col-span-2"[39m
              [36m>[39m
                [0mDanh mß╗Ñc[0m
              [36m</div>[39m
              [36m<div[39m
                [33mclass[39m=[32m"col-span-1"[39m
              [36m>[39m
                [0mTrß║íng th├íi[0m
              [36m</div>[39m
              [36m<div[39m
                [33mclass[39m=[32m"col-span-2 text-right"[39m
              [36m>[39m
                [0mThao t├íc[0m
              [36m</div>[39m
            [36m</div>[39m
            [36m<div[39m
              [33mclass[39m=[32m"grid grid-cols-12 items-center gap-4 p-5 
bg-gradient-to-br from-slate-900/70 to-slate-800/40 backdrop-blur-xl border 
border-white/10 shadow-lg shadow-black/20 hover:shadow-primary/20 
hover:border-primary/20 transition-all duration-300 rounded-2xl"[39m
            [36m>[39m
              [36m<div[39m
                [33mclass[39m=[32m"col-span-5 flex items-center gap-5"[39m
              [36m>[39m
                [36m<div[39m
                  [33mclass[39m=[32m"size-16 rounded-2xl overflow-hidden 
border border-white/10"[39m
                [36m>[39m
                  [36m<img[39m
                    [33malt[39m=[32m"Test Event"[39m
                    [33mclass[39m=[32m"w-full h-full object-cover"[39m
                    [33msrc[39m=[32m"https://example.com/banner.jpg"[39m
                  [36m/>[39m
                [36m</div>[39m
                [36m<div[39m
                  [33mclass[39m=[32m"flex flex-col min-w-0"[39m
                [36m>[39m
                  [36m<span[39m
                    [33mclass[39m=[32m"text-lg font-bold text-white 
truncate mb-1"[39m
                  [36m>[39m
                    [0mTest Event[0m
                  [36m</span>[39m
                  [36m<span[39m
                    [33mclass[39m=[32m"text-xs font-semibold 
text-slate-400"[39m
                  [36m>[39m
                    [0mTest Location[0m
                  [36m</span>[39m
                [36m</div>[39m
              [36m</div>[39m
              [36m<div[39m
                [33mclass[39m=[32m"col-span-2"[39m
              [36m>[39m
                [36m<span[39m
                  [33mclass[39m=[32m"text-sm font-semibold 
text-slate-300"[39m
                [36m>[39m
                  [0m13 thg 4, 2026[0m
                [36m</span>[39m
              [36m</div>[39m
              [36m<div[39m
                [33mclass[39m=[32m"col-span-2"[39m
              [36m>[39m
                [36m<span[39m
                  [33mclass[39m=[32m"px-4 py-1.5 rounded-full text-[10px] 
font-black uppercase border bg-cyan-500/20 text-cyan-300 
border-cyan-500/30"[39m
                [36m>[39m
                  [0mMUSIC[0m
                [36m</span>[39m
              [36m</div>[39m
              [36m<div[39m
                [33mclass[39m=[32m"col-span-1"[39m
              [36m>[39m
                [36m<span[39m
                  [33mclass[39m=[32m"inline-flex items-center px-3 py-1.5 
rounded-lg text-xs font-bold uppercase border whitespace-nowrap 
bg-amber-500/10 text-amber-400 border-amber-500/30"[39m
                [36m>[39m
                  [0mChß╗¥ duyß╗çt[0m
                [36m</span>[39m
              [36m</div>[39m
              [36m<div[39m
                [33mclass[39m=[32m"col-span-2 flex justify-end"[39m
              [36m>[39m
                [36m<button[39m
                  [33mclass[39m=[32m"px-6 py-2.5 rounded-xl 
bg-gradient-to-r from-primary to-purple-600 text-white text-sm font-bold 
shadow-lg shadow-primary/30 hover:shadow-primary/50 hover:scale-[1.02] 
transition-all border border-primary/30"[39m
                [36m>[39m
                  [0mXem chi tiß║┐t[0m
                [36m</button>[39m
              [36m</div>[39m
            [36m</div>[39m
            [36m<div[39m
              [33mclass[39m=[32m"px-8 py-4 border-t border-[#302447] flex 
flex-col md:flex-row items-start md:items-center justify-between gap-3 
bg-white/5"[39m
            [36m>[39m
              [36m<p[39m
                [33mclass[39m=[32m"text-xs text-[#a592c8]"[39m
              [36m>[39m
                [0mHiß╗ân thß╗ï [0m
                [36m<span[39m
                  [33mclass[39m=[32m"text-white font-bold"[39m
                [36m>[39m
                  [0m1[0m
                [36m</span>[39m
                [0m [0m
                [0mtr├¬n [0m
                [36m<span[39m
                  [33mclass[39m=[32m"text-white font-bold"[39m
                [36m>[39m
                  [0m1[0m
                [36m</span>[39m
                [0m [0m
                [0msß╗▒ kiß╗çn[0m
              [36m</p>[39m
              [36m<div[39m
                [33mclass[39m=[32m"flex items-center gap-2"[39m
              [36m>[39m
                [36m<button[39m
                  [33mclass[39m=[32m"px-3 py-1 rounded-md text-sm 
text-[#6b5b86] bg-[#0f0b16]"[39m
                  [33mdisabled[39m=[32m""[39m
                [36m>[39m
                  [0mPrev[0m
                [36m</button>[39m
                [36m<div[39m
                  [33mclass[39m=[32m"hidden sm:flex items-center gap-1"[39m
                [36m>[39m
                  [36m<button[39m
                    [33mclass[39m=[32m"px-3 py-1 rounded-md text-sm 
bg-primary text-white"[39m
                  [36m>[39m
                    [0m1[0m
                  [36m</button>[39m
                [36m</div>[39m
                [36m<button[39m
                  [33mclass[39m=[32m"px-3 py-1 rounded-md text-sm 
text-[#6b5b86] bg-[#0f0b16]"[39m
                  [33mdisabled[39m=[32m""[39m
                [36m>[39m
                  [0mNext[0m
                [36m</button>[39m
              [36m</div>[39m
            [36m</div>[39m
          [36m</div>[39m
        [36m</div>[39m
        [36m<div[39m
          [33mclass[39m=[32m"fixed inset-0 bg-black/60 backdrop-blur-sm 
flex items-center justify-center z-50 p-4"[39m
        [36m>[39m
          [36m<div[39m
            [33mclass[39m=[32m"relative w-full max-w-[1000px] max-h-[90vh] 
overflow-hidden flex flex-col rounded-2xl bg-[#18122B] border 
border-purple-500/30 shadow-[0_0_20px_rgba(124,59,237,0.2)]"[39m
          [36m>[39m
            [36m<div[39m
              [33mclass[39m=[32m"flex items-center justify-between px-8 
py-5 border-b border-purple-500/30"[39m
            [36m>[39m
              [36m<div>[39m
                [36m<h1[39m
                  [33mclass[39m=[32m"text-2xl font-black tracking-tight 
text-white"[39m
                [36m>[39m
                  [0mTest Event[0m
                [36m</h1>[39m
                [36m<p[39m
                  [33mclass[39m=[32m"text-slate-400 text-sm flex 
items-center gap-1"[39m
                [36m>[39m
                  [0m≡ƒôì [0m
                  [0mTest Location[0m
                [36m</p>[39m
              [36m</div>[39m
              [36m<button[39m
                [33mclass[39m=[32m"w-10 h-10 flex items-center 
justify-center rounded-xl bg-white/5 hover:bg-white/10 border 
border-white/10"[39m
              [36m>[39m
                [0mΓ£ò[0m
              [36m</button>[39m
            [36m</div>[39m
            [36m<div[39m
              [33mclass[39m=[32m"flex-1 overflow-y-auto p-8 space-y-8 
custom-scrollbar"[39m
            [36m>[39m
              [36m<div[39m
                [33mclass[39m=[32m"relative w-full h-[300px] rounded-2xl 
overflow-hidden border border-purple-500/20"[39m
              [36m>[39m
                [36m<img[39m
                  [33mclass[39m=[32m"w-full h-full object-cover"[39m
                  [33msrc[39m=[32m"https://example.com/banner.jpg"[39m
                [36m/>[39m
              [36m</div>[39m
              [36m<div[39m
                [33mclass[39m=[32m"grid grid-cols-2 md:grid-cols-4 
gap-4"[39m
              [36m>[39m
                [36m<div[39m
                  [33mclass[39m=[32m"bg-white/5 p-4 rounded-xl"[39m
                [36m>[39m
                  [36m<p[39m
                    [33mclass[39m=[32m"text-xs text-slate-400"[39m
                  [36m>[39m
                    [0mBß║»t ─æß║ºu[0m
                  [36m</p>[39m
                  [36m<p[39m
                    [33mclass[39m=[32m"font-bold"[39m
                  [36m>[39m
                    [0m20 thg 4, 2026[0m
                  [36m</p>[39m
                [36m</div>[39m
                [36m<div[39m
                  [33mclass[39m=[32m"bg-white/5 p-4 rounded-xl"[39m
                [36m>[39m
                  [36m<p[39m
                    [33mclass[39m=[32m"text-xs text-slate-400"[39m
                  [36m>[39m
                    [0mKß║┐t th├║c[0m
                  [36m</p>[39m
                  [36m<p[39m
                    [33mclass[39m=[32m"font-bold"[39m
                  [36m>[39m
                    [0m21 thg 4, 2026[0m
                  [36m</p>[39m
                [36m</div>[39m
                [36m<div[39m
                  [33mclass[39m=[32m"bg-white/5 p-4 rounded-xl"[39m
                [36m>[39m
                  [36m<p[39m
                    [33mclass[39m=[32m"text-xs text-slate-400"[39m
                  [36m>[39m
                    [0mMß╗ƒ b├ín v├⌐[0m
                  [36m</p>[39m
                  [36m<p[39m
                    [33mclass[39m=[32m"font-bold"[39m
                  [36m>[39m
                    [0m15 thg 4, 2026[0m
                  [36m</p>[39m
                [36m</div>[39m
                [36m<div[39m
                  [33mclass[39m=[32m"bg-white/5 p-4 rounded-xl"[39m
                [36m>[39m
                  [36m<p[39m
                    [33mclass[39m=[32m"text-xs text-slate-400"[39m
                  [36m>[39m
                    [0m─É├│ng b├ín v├⌐[0m
                  [36m</p>[39m
                  [36m<p[39m
                    [33mclass[39m=[32m"font-bold"[39m
                  [36m>[39m
                    [0m20 thg 4, 2026[0m
                  [36m</p>[39m
                [36m</div>[39m
              [36m</div>[39m
              [36m<div>[39m
                [36m<h3[39m
                  [33mclass[39m=[32m"text-lg font-bold mb-3 text-white"[39m
                [36m>[39m
                  [0mM├┤ tß║ú sß╗▒ kiß╗çn[0m
                [36m</h3>[39m
                [36m<div[39m
                  [33mclass[39m=[32m"text-slate-300 text-sm leading-relaxed 
bg-white/5 p-5 rounded-xl border border-white/5"[39m
                [36m>[39m
                  [0mTest event description[0m
                [36m</div>[39m
              [36m</div>[39m
              [36m<div>[39m
                [36m<h3[39m
                  [33mclass[39m=[32m"text-lg font-bold mb-4 text-white"[39m
                [36m>[39m
                  [0mNghß╗ç s─⌐[0m
                [36m</h3>[39m
                [36m<div[39m
                  [33mclass[39m=[32m"flex gap-6 overflow-x-auto pb-2"[39m
                [36m>[39m
                  [36m<div[39m
                    [33mclass[39m=[32m"text-center"[39m
                  [36m>[39m
                    [36m<img[39m
                      [33mclass[39m=[32m"w-20 h-20 rounded-full 
object-cover border-2 border-purple-500"[39m
                      [33msrc[39m=[32m"https://example.com/artist.jpg"[39m
                    [36m/>[39m
                    [36m<p[39m
                      [33mclass[39m=[32m"text-xs mt-2 font-bold 
text-white"[39m
                    [36m>[39m
                      [0mArtist 1[0m
                    [36m</p>[39m
                  [36m</div>[39m
                [36m</div>[39m
              [36m</div>[39m
              [36m<div>[39m
                [36m<h3[39m
                  [33mclass[39m=[32m"text-lg font-bold mb-4 text-white"[39m
                [36m>[39m
                  [0mS╞í ─æß╗ô chß╗ù ngß╗ôi[0m
                [36m</h3>[39m
                [36m<div[39m
                  [33mclass[39m=[32m"h-[500px] w-full bg-white/5 rounded-xl 
border border-white/10 overflow-hidden"[39m
                [36m>[39m
                  [36m<div[39m
                    [33mdata-testid[39m=[32m"seat-map"[39m
                  [36m>[39m
                    [0mSeat Map[0m
                  [36m</div>[39m
                [36m</div>[39m
              [36m</div>[39m
              [36m<div>[39m
                [36m<h3[39m
                  [33mclass[39m=[32m"text-lg font-bold mb-4 text-white"[39m
                [36m>[39m
                  [0mLoß║íi v├⌐[0m
                [36m</h3>[39m
                [36m<div[39m
                  [33mclass[39m=[32m"space-y-3"[39m
                [36m>[39m
                  [36m<div[39m
                    [33mclass[39m=[32m"flex justify-between p-3 rounded-lg 
bg-white/5 border-l-2 border-purple-500"[39m
                  [36m>[39m
                    [36m<span>[39m
                      [0mVIP[0m
                    [36m</span>[39m
                    [36m<span[39m
                      [33mclass[39m=[32m"text-purple-400 font-bold"[39m
                    [36m>[39m
                      [0m500.000[0m
                      [0mΓé½[0m
                    [36m</span>[39m
                  [36m</div>[39m
                [36m</div>[39m
              [36m</div>[39m
              [36m<div>[39m
                [36m<h3[39m
                  [33mclass[39m=[32m"text-lg font-bold mb-3 text-white"[39m
                [36m>[39m
                  [0mCh├¡nh s├ích[0m
                [36m</h3>[39m
                [36m<div[39m
                  [33mclass[39m=[32m"text-sm text-slate-300 bg-white/5 p-5 
rounded-xl"[39m
                [36m>[39m
                  [36m<p>[39m
                    [0mTest policy[0m
                  [36m</p>[39m
                [36m</div>[39m
              [36m</div>[39m
            [36m</div>[39m
            [36m<div[39m
              [33mclass[39m=[32m"p-6 border-t border-purple-500/30 flex 
justify-end gap-4 bg-[#18122B]"[39m
            [36m>[39m
              [36m<button[39m
                [33mclass[39m=[32m"px-6 py-3 border border-red-500 
text-red-400 rounded-xl hover:bg-red-500/10 transition-colors"[39m
              [36m>[39m
                [0mTß╗½ chß╗æi[0m
              [36m</button>[39m
              [36m<button[39m
                [33mclass[39m=[32m"px-8 py-3 bg-purple-600 text-white 
rounded-xl hover:bg-purple-700 transition-colors disabled:opacity-50 
disabled:cursor-not-allowed"[39m
              [36m>[39m
                [0mPh├¬ duyß╗çt[0m
              [36m</button>[39m
            [36m</div>[39m
          [36m</div>[39m
        [36m</div>[39m
      [36m</div>[39m
    [36m</body>[39m

    [0m [90m 376 |[39m       [36mawait[39m 
userEvent[33m.[39mclick(screen[33m.[39mgetByText([32m'Xem chi 
tiß║┐t'[39m))
     [90m 377 |[39m
    [31m[1m>[22m[39m[90m 378 |[39m       
expect(screen[33m.[39mgetByText([32m'Test 
Event'[39m))[33m.[39mtoBeInTheDocument()
     [90m     |[39m                     [31m[1m^[22m[39m
     [90m 379 |[39m       expect(screen[33m.[39mgetByText([32m'Test 
Location'[39m))[33m.[39mtoBeInTheDocument()
     [90m 380 |[39m       expect(screen[33m.[39mgetByText([32m'Test event 
description'[39m))[33m.[39mtoBeInTheDocument()
     [90m 381 |[39m     })[0m

      at Object.getElementError 
(node_modules/@testing-library/dom/dist/config.js:37:19)
      at getElementError 
(node_modules/@testing-library/dom/dist/query-helpers.js:20:35)
      at getMultipleElementsFoundError 
(node_modules/@testing-library/dom/dist/query-helpers.js:23:10)
      at node_modules/@testing-library/dom/dist/query-helpers.js:55:13
      at node_modules/@testing-library/dom/dist/query-helpers.js:95:19
      at Object.<anonymous> 
(src/test/unit/components/Staff/events/StaffEventApprovalQueue.test.tsx:378:21)

  ΓùÅ StaffEventApprovalQueue ΓÇ║ Approve Action ΓÇ║ should dispatch 
fetchPublishEvent on confirm approve

    Cannot find module '../../../../store/eventSlice' from 
'src/test/unit/components/Staff/events/StaffEventApprovalQueue.test.tsx'

    [0m [90m 449 |[39m       mockDispatch[33m.[39mmockResolvedValue({})
     [90m 450 |[39m
    [31m[1m>[22m[39m[90m 451 |[39m       [36mconst[39m { 
fetchPublishEvent } [33m=[39m 
require([32m'../../../../store/eventSlice'[39m)
     [90m     |[39m                                     [31m[1m^[22m[39m
     [90m 452 |[39m
     [90m 453 |[39m       [36mawait[39m act([36masync[39m () 
[33m=>[39m {
     [90m 454 |[39m         
render([33m<[39m[33mStaffEventApprovalQueue[39m [33m/[39m[33m>[39m)[0m

      at Resolver._throwModNotFoundError 
(node_modules/jest-resolve/build/index.js:863:11)
      at Object.<anonymous> 
(src/test/unit/components/Staff/events/StaffEventApprovalQueue.test.tsx:451:37)

  ΓùÅ StaffEventApprovalQueue ΓÇ║ Approve Action ΓÇ║ should show success toast 
on successful approval

    TestingLibraryElementError: Found multiple elements with the text: Ph├¬ 
duyß╗çt

    Here are the matching elements:

    Ignored nodes: comments, script, style
    [36m<button[39m
      [33mclass[39m=[32m"px-8 py-3 bg-purple-600 text-white rounded-xl 
hover:bg-purple-700 transition-colors disabled:opacity-50 
disabled:cursor-not-allowed"[39m
    [36m>[39m
      [0mPh├¬ duyß╗çt[0m
    [36m</button>[39m

    Ignored nodes: comments, script, style
    [36m<button[39m
      [33mclass[39m=[32m"px-6 py-2.5 rounded-xl bg-emerald-600 text-white 
text-sm font-bold hover:bg-emerald-700 transition-all disabled:opacity-50"[39m
    [36m>[39m
      [0mPh├¬ duyß╗çt[0m
    [36m</button>[39m

    (If this is intentional, then use the `*AllBy*` variant of the query (like 
`queryAllByText`, `getAllByText`, or `findAllByText`)).

    Ignored nodes: comments, script, style
    [36m<body>[39m
      [36m<div>[39m
        [36m<div[39m
          [33mclass[39m=[32m"flex flex-col gap-6 w-full"[39m
        [36m>[39m
          [36m<div[39m
            [33mclass[39m=[32m"flex items-center justify-between"[39m
          [36m>[39m
            [36m<div[39m
              [33mclass[39m=[32m"flex flex-col gap-1"[39m
            [36m>[39m
              [36m<h1[39m
                [33mclass[39m=[32m"text-3xl font-black text-white"[39m
              [36m>[39m
                [0mDanh s├ích chß╗¥ duyß╗çt sß╗▒ kiß╗çn[0m
              [36m</h1>[39m
              [36m<p[39m
                [33mclass[39m=[32m"text-sm text-slate-400"[39m
              [36m>[39m
                [0mBß║úng ─æiß╗üu khiß╗ân kiß╗âm duyß╗çt to├án hß╗ç thß╗æng 
cho c├íc ─æ─âng k├╜ sß╗▒ kiß╗çn.[0m
              [36m</p>[39m
            [36m</div>[39m
            [36m<button[39m
              [33mclass[39m=[32m"bg-[#1b1230] text-white text-xs font-bold 
py-2 px-3 rounded-lg flex items-center gap-2 hover:bg-white/10 
transition-colors disabled:opacity-50"[39m
            [36m>[39m
              [36m<svg[39m
                [33mfill[39m=[32m"currentColor"[39m
                [33mheight[39m=[32m"1em"[39m
                [33mstroke[39m=[32m"currentColor"[39m
                [33mstroke-width[39m=[32m"0"[39m
                [33mviewBox[39m=[32m"0 0 24 24"[39m
                [33mwidth[39m=[32m"1em"[39m
                [33mxmlns[39m=[32m"http://www.w3.org/2000/svg"[39m
              [36m>[39m
                [36m<path[39m
                  [33md[39m=[32m"M0 0h24v24H0z"[39m
                  [33mfill[39m=[32m"none"[39m
                [36m/>[39m
                [36m<path[39m
                  [33md[39m=[32m"M17.65 6.35A7.958 7.958 0 0 0 12 4c-4.42 
0-7.99 3.58-7.99 8s3.57 8 7.99 8c3.73 0 6.84-2.55 7.73-6h-2.08A5.99 5.99 0 0 1 
12 18c-3.31 0-6-2.69-6-6s2.69-6 6-6c1.66 0 3.14.69 4.22 1.78L13 11h7V4l-2.35 
2.35z"[39m
                [36m/>[39m
              [36m</svg>[39m
            [36m</button>[39m
          [36m</div>[39m
          [36m<div[39m
            [33mclass[39m=[32m"flex flex-col gap-4"[39m
          [36m>[39m
            [36m<div[39m
              [33mclass[39m=[32m"grid grid-cols-12 px-5 text-xs font-bold 
text-slate-400 uppercase tracking-wider"[39m
            [36m>[39m
              [36m<div[39m
                [33mclass[39m=[32m"col-span-5"[39m
              [36m>[39m
                [0mChi tiß║┐t sß╗▒ kiß╗çn[0m
              [36m</div>[39m
              [36m<div[39m
                [33mclass[39m=[32m"col-span-2"[39m
              [36m>[39m
                [0mNg├áy ─æ─âng k├╜[0m
              [36m</div>[39m
              [36m<div[39m
                [33mclass[39m=[32m"col-span-2"[39m
              [36m>[39m
                [0mDanh mß╗Ñc[0m
              [36m</div>[39m
              [36m<div[39m
                [33mclass[39m=[32m"col-span-1"[39m
              [36m>[39m
                [0mTrß║íng th├íi[0m
              [36m</div>[39m
              [36m<div[39m
                [33mclass[39m=[32m"col-span-2 text-right"[39m
              [36m>[39m
                [0mThao t├íc[0m
              [36m</div>[39m
            [36m</div>[39m
            [36m<div[39m
              [33mclass[39m=[32m"grid grid-cols-12 items-center gap-4 p-5 
bg-gradient-to-br from-slate-900/70 to-slate-800/40 backdrop-blur-xl border 
border-white/10 shadow-lg shadow-black/20 hover:shadow-primary/20 
hover:border-primary/20 transition-all duration-300 rounded-2xl"[39m
            [36m>[39m
              [36m<div[39m
                [33mclass[39m=[32m"col-span-5 flex items-center gap-5"[39m
              [36m>[39m
                [36m<div[39m
                  [33mclass[39m=[32m"size-16 rounded-2xl overflow-hidden 
border border-white/10"[39m
                [36m>[39m
                  [36m<img[39m
                    [33malt[39m=[32m"Test Event"[39m
                    [33mclass[39m=[32m"w-full h-full object-cover"[39m
                    [33msrc[39m=[32m"https://example.com/banner.jpg"[39m
                  [36m/>[39m
                [36m</div>[39m
                [36m<div[39m
                  [33mclass[39m=[32m"flex flex-col min-w-0"[39m
                [36m>[39m
                  [36m<span[39m
                    [33mclass[39m=[32m"text-lg font-bold text-white 
truncate mb-1"[39m
                  [36m>[39m
                    [0mTest Event[0m
                  [36m</span>[39m
                  [36m<span[39m
                    [33mclass[39m=[32m"text-xs font-semibold 
text-slate-400"[39m
                  [36m>[39m
                    [0mTest Location[0m
                  [36m</span>[39m
                [36m</div>[39m
              [36m</div>[39m
              [36m<div[39m
                [33mclass[39m=[32m"col-span-2"[39m
              [36m>[39m
                [36m<span[39m
                  [33mclass[39m=[32m"text-sm font-semibold 
text-slate-300"[39m
                [36m>[39m
                  [0m13 thg 4, 2026[0m
                [36m</span>[39m
              [36m</div>[39m
              [36m<div[39m
                [33mclass[39m=[32m"col-span-2"[39m
              [36m>[39m
                [36m<span[39m
                  [33mclass[39m=[32m"px-4 py-1.5 rounded-full text-[10px] 
font-black uppercase border bg-cyan-500/20 text-cyan-300 
border-cyan-500/30"[39m
                [36m>[39m
                  [0mMUSIC[0m
                [36m</span>[39m
              [36m</div>[39m
              [36m<div[39m
                [33mclass[39m=[32m"col-span-1"[39m
              [36m>[39m
                [36m<span[39m
                  [33mclass[39m=[32m"inline-flex items-center px-3 py-1.5 
rounded-lg text-xs font-bold uppercase border whitespace-nowrap 
bg-amber-500/10 text-amber-400 border-amber-500/30"[39m
                [36m>[39m
                  [0mChß╗¥ duyß╗çt[0m
                [36m</span>[39m
              [36m</div>[39m
              [36m<div[39m
                [33mclass[39m=[32m"col-span-2 flex justify-end"[39m
              [36m>[39m
                [36m<button[39m
                  [33mclass[39m=[32m"px-6 py-2.5 rounded-xl 
bg-gradient-to-r from-primary to-purple-600 text-white text-sm font-bold 
shadow-lg shadow-primary/30 hover:shadow-primary/50 hover:scale-[1.02] 
transition-all border border-primary/30"[39m
                [36m>[39m
                  [0mXem chi tiß║┐t[0m
                [36m</button>[39m
              [36m</div>[39m
            [36m</div>[39m
            [36m<div[39m
              [33mclass[39m=[32m"px-8 py-4 border-t border-[#302447] flex 
flex-col md:flex-row items-start md:items-center justify-between gap-3 
bg-white/5"[39m
            [36m>[39m
              [36m<p[39m
                [33mclass[39m=[32m"text-xs text-[#a592c8]"[39m
              [36m>[39m
                [0mHiß╗ân thß╗ï [0m
                [36m<span[39m
                  [33mclass[39m=[32m"text-white font-bold"[39m
                [36m>[39m
                  [0m1[0m
                [36m</span>[39m
                [0m [0m
                [0mtr├¬n [0m
                [36m<span[39m
                  [33mclass[39m=[32m"text-white font-bold"[39m
                [36m>[39m
                  [0m1[0m
                [36m</span>[39m
                [0m [0m
                [0msß╗▒ kiß╗çn[0m
              [36m</p>[39m
              [36m<div[39m
        ...

    [0m [90m 478 |[39m       [36mawait[39m 
userEvent[33m.[39mclick(screen[33m.[39mgetByText([32m'Xem chi 
tiß║┐t'[39m))
     [90m 479 |[39m       [36mawait[39m 
userEvent[33m.[39mclick(screen[33m.[39mgetByText([32m'Ph├¬ duyß╗çt'[39m))
    [31m[1m>[22m[39m[90m 480 |[39m       [36mawait[39m 
userEvent[33m.[39mclick(screen[33m.[39mgetByText([32m'Ph├¬ duyß╗çt'[39m))
     [90m     |[39m                                    [31m[1m^[22m[39m
     [90m 481 |[39m
     [90m 482 |[39m       [36mawait[39m waitFor(() [33m=>[39m {
     [90m 483 |[39m         
expect(mockToastSuccess)[33m.[39mtoHaveBeenCalledWith([32m'─É├ú ph├¬ 
duyß╗çt sß╗▒ kiß╗çn'[39m)[0m

      at Object.getElementError 
(node_modules/@testing-library/dom/dist/config.js:37:19)
      at getElementError 
(node_modules/@testing-library/dom/dist/query-helpers.js:20:35)
      at getMultipleElementsFoundError 
(node_modules/@testing-library/dom/dist/query-helpers.js:23:10)
      at node_modules/@testing-library/dom/dist/query-helpers.js:55:13
      at node_modules/@testing-library/dom/dist/query-helpers.js:95:19
      at Object.<anonymous> 
(src/test/unit/components/Staff/events/StaffEventApprovalQueue.test.tsx:480:36)

  ΓùÅ StaffEventApprovalQueue ΓÇ║ Reject Action ΓÇ║ should show error when 
reject reason is empty

    expect(jest.fn()).toHaveBeenCalledWith(...expected)

    Expected: "Vui l├▓ng nhß║¡p l├╜ do tß╗½ chß╗æi"
    Received
           1: "Kh├┤ng thß╗â tß║úi danh s├ích sß╗▒ kiß╗çn"
           2: "dispatch(...).unwrap is not a function"

    Number of calls: 2

    [0m [90m 519 |[39m       [36mawait[39m 
userEvent[33m.[39mclick(screen[33m.[39mgetByText([32m'X├íc nhß║¡n tß╗½ 
chß╗æi'[39m))
     [90m 520 |[39m
    [31m[1m>[22m[39m[90m 521 |[39m       
expect(mockToastError)[33m.[39mtoHaveBeenCalledWith(
     [90m     |[39m                              [31m[1m^[22m[39m
     [90m 522 |[39m         [32m'Vui l├▓ng nhß║¡p l├╜ do tß╗½ chß╗æi'[39m
     [90m 523 |[39m       )
     [90m 524 |[39m     })[0m

      at Object.<anonymous> 
(src/test/unit/components/Staff/events/StaffEventApprovalQueue.test.tsx:521:30)

  ΓùÅ StaffEventApprovalQueue ΓÇ║ Reject Action ΓÇ║ should dispatch 
fetchRejectPublishEvent on confirm reject

    Cannot find module '../../../../store/eventSlice' from 
'src/test/unit/components/Staff/events/StaffEventApprovalQueue.test.tsx'

    [0m [90m 530 |[39m       mockEventState[33m.[39mcurrentEvent 
[33m=[39m createMockEvent({ status[33m:[39m [32m'PendingReview'[39m })
     [90m 531 |[39m
    [31m[1m>[22m[39m[90m 532 |[39m       [36mconst[39m { 
fetchRejectPublishEvent } [33m=[39m 
require([32m'../../../../store/eventSlice'[39m)
     [90m     |[39m                                           
[31m[1m^[22m[39m
     [90m 533 |[39m
     [90m 534 |[39m       [36mawait[39m act([36masync[39m () 
[33m=>[39m {
     [90m 535 |[39m         
render([33m<[39m[33mStaffEventApprovalQueue[39m [33m/[39m[33m>[39m)[0m

      at Resolver._throwModNotFoundError 
(node_modules/jest-resolve/build/index.js:863:11)
      at Object.<anonymous> 
(src/test/unit/components/Staff/events/StaffEventApprovalQueue.test.tsx:532:43)

  ΓùÅ StaffEventApprovalQueue ΓÇ║ Edge Cases ΓÇ║ should handle API errors on 
approve

    TestingLibraryElementError: Found multiple elements with the text: Ph├¬ 
duyß╗çt

    Here are the matching elements:

    Ignored nodes: comments, script, style
    [36m<button[39m
      [33mclass[39m=[32m"px-8 py-3 bg-purple-600 text-white rounded-xl 
hover:bg-purple-700 transition-colors disabled:opacity-50 
disabled:cursor-not-allowed"[39m
    [36m>[39m
      [0mPh├¬ duyß╗çt[0m
    [36m</button>[39m

    Ignored nodes: comments, script, style
    [36m<button[39m
      [33mclass[39m=[32m"px-6 py-2.5 rounded-xl bg-emerald-600 text-white 
text-sm font-bold hover:bg-emerald-700 transition-all disabled:opacity-50"[39m
    [36m>[39m
      [0mPh├¬ duyß╗çt[0m
    [36m</button>[39m

    (If this is intentional, then use the `*AllBy*` variant of the query (like 
`queryAllByText`, `getAllByText`, or `findAllByText`)).

    Ignored nodes: comments, script, style
    [36m<body>[39m
      [36m<div>[39m
        [36m<div[39m
          [33mclass[39m=[32m"flex flex-col gap-6 w-full"[39m
        [36m>[39m
          [36m<div[39m
            [33mclass[39m=[32m"flex items-center justify-between"[39m
          [36m>[39m
            [36m<div[39m
              [33mclass[39m=[32m"flex flex-col gap-1"[39m
            [36m>[39m
              [36m<h1[39m
                [33mclass[39m=[32m"text-3xl font-black text-white"[39m
              [36m>[39m
                [0mDanh s├ích chß╗¥ duyß╗çt sß╗▒ kiß╗çn[0m
              [36m</h1>[39m
              [36m<p[39m
                [33mclass[39m=[32m"text-sm text-slate-400"[39m
              [36m>[39m
                [0mBß║úng ─æiß╗üu khiß╗ân kiß╗âm duyß╗çt to├án hß╗ç thß╗æng 
cho c├íc ─æ─âng k├╜ sß╗▒ kiß╗çn.[0m
              [36m</p>[39m
            [36m</div>[39m
            [36m<button[39m
              [33mclass[39m=[32m"bg-[#1b1230] text-white text-xs font-bold 
py-2 px-3 rounded-lg flex items-center gap-2 hover:bg-white/10 
transition-colors disabled:opacity-50"[39m
            [36m>[39m
              [36m<svg[39m
                [33mfill[39m=[32m"currentColor"[39m
                [33mheight[39m=[32m"1em"[39m
                [33mstroke[39m=[32m"currentColor"[39m
                [33mstroke-width[39m=[32m"0"[39m
                [33mviewBox[39m=[32m"0 0 24 24"[39m
                [33mwidth[39m=[32m"1em"[39m
                [33mxmlns[39m=[32m"http://www.w3.org/2000/svg"[39m
              [36m>[39m
                [36m<path[39m
                  [33md[39m=[32m"M0 0h24v24H0z"[39m
                  [33mfill[39m=[32m"none"[39m
                [36m/>[39m
                [36m<path[39m
                  [33md[39m=[32m"M17.65 6.35A7.958 7.958 0 0 0 12 4c-4.42 
0-7.99 3.58-7.99 8s3.57 8 7.99 8c3.73 0 6.84-2.55 7.73-6h-2.08A5.99 5.99 0 0 1 
12 18c-3.31 0-6-2.69-6-6s2.69-6 6-6c1.66 0 3.14.69 4.22 1.78L13 11h7V4l-2.35 
2.35z"[39m
                [36m/>[39m
              [36m</svg>[39m
            [36m</button>[39m
          [36m</div>[39m
          [36m<div[39m
            [33mclass[39m=[32m"flex flex-col gap-4"[39m
          [36m>[39m
            [36m<div[39m
              [33mclass[39m=[32m"grid grid-cols-12 px-5 text-xs font-bold 
text-slate-400 uppercase tracking-wider"[39m
            [36m>[39m
              [36m<div[39m
                [33mclass[39m=[32m"col-span-5"[39m
              [36m>[39m
                [0mChi tiß║┐t sß╗▒ kiß╗çn[0m
              [36m</div>[39m
              [36m<div[39m
                [33mclass[39m=[32m"col-span-2"[39m
              [36m>[39m
                [0mNg├áy ─æ─âng k├╜[0m
              [36m</div>[39m
              [36m<div[39m
                [33mclass[39m=[32m"col-span-2"[39m
              [36m>[39m
                [0mDanh mß╗Ñc[0m
              [36m</div>[39m
              [36m<div[39m
                [33mclass[39m=[32m"col-span-1"[39m
              [36m>[39m
                [0mTrß║íng th├íi[0m
              [36m</div>[39m
              [36m<div[39m
                [33mclass[39m=[32m"col-span-2 text-right"[39m
              [36m>[39m
                [0mThao t├íc[0m
              [36m</div>[39m
            [36m</div>[39m
            [36m<div[39m
              [33mclass[39m=[32m"grid grid-cols-12 items-center gap-4 p-5 
bg-gradient-to-br from-slate-900/70 to-slate-800/40 backdrop-blur-xl border 
border-white/10 shadow-lg shadow-black/20 hover:shadow-primary/20 
hover:border-primary/20 transition-all duration-300 rounded-2xl"[39m
            [36m>[39m
              [36m<div[39m
                [33mclass[39m=[32m"col-span-5 flex items-center gap-5"[39m
              [36m>[39m
                [36m<div[39m
                  [33mclass[39m=[32m"size-16 rounded-2xl overflow-hidden 
border border-white/10"[39m
                [36m>[39m
                  [36m<img[39m
                    [33malt[39m=[32m"Test Event"[39m
                    [33mclass[39m=[32m"w-full h-full object-cover"[39m
                    [33msrc[39m=[32m"https://example.com/banner.jpg"[39m
                  [36m/>[39m
                [36m</div>[39m
                [36m<div[39m
                  [33mclass[39m=[32m"flex flex-col min-w-0"[39m
                [36m>[39m
                  [36m<span[39m
                    [33mclass[39m=[32m"text-lg font-bold text-white 
truncate mb-1"[39m
                  [36m>[39m
                    [0mTest Event[0m
                  [36m</span>[39m
                  [36m<span[39m
                    [33mclass[39m=[32m"text-xs font-semibold 
text-slate-400"[39m
                  [36m>[39m
                    [0mTest Location[0m
                  [36m</span>[39m
                [36m</div>[39m
              [36m</div>[39m
              [36m<div[39m
                [33mclass[39m=[32m"col-span-2"[39m
              [36m>[39m
                [36m<span[39m
                  [33mclass[39m=[32m"text-sm font-semibold 
text-slate-300"[39m
                [36m>[39m
                  [0m13 thg 4, 2026[0m
                [36m</span>[39m
              [36m</div>[39m
              [36m<div[39m
                [33mclass[39m=[32m"col-span-2"[39m
              [36m>[39m
                [36m<span[39m
                  [33mclass[39m=[32m"px-4 py-1.5 rounded-full text-[10px] 
font-black uppercase border bg-cyan-500/20 text-cyan-300 
border-cyan-500/30"[39m
                [36m>[39m
                  [0mMUSIC[0m
                [36m</span>[39m
              [36m</div>[39m
              [36m<div[39m
                [33mclass[39m=[32m"col-span-1"[39m
              [36m>[39m
                [36m<span[39m
                  [33mclass[39m=[32m"inline-flex items-center px-3 py-1.5 
rounded-lg text-xs font-bold uppercase border whitespace-nowrap 
bg-amber-500/10 text-amber-400 border-amber-500/30"[39m
                [36m>[39m
                  [0mChß╗¥ duyß╗çt[0m
                [36m</span>[39m
              [36m</div>[39m
              [36m<div[39m
                [33mclass[39m=[32m"col-span-2 flex justify-end"[39m
              [36m>[39m
                [36m<button[39m
                  [33mclass[39m=[32m"px-6 py-2.5 rounded-xl 
bg-gradient-to-r from-primary to-purple-600 text-white text-sm font-bold 
shadow-lg shadow-primary/30 hover:shadow-primary/50 hover:scale-[1.02] 
transition-all border border-primary/30"[39m
                [36m>[39m
                  [0mXem chi tiß║┐t[0m
                [36m</button>[39m
              [36m</div>[39m
            [36m</div>[39m
            [36m<div[39m
              [33mclass[39m=[32m"px-8 py-4 border-t border-[#302447] flex 
flex-col md:flex-row items-start md:items-center justify-between gap-3 
bg-white/5"[39m
            [36m>[39m
              [36m<p[39m
                [33mclass[39m=[32m"text-xs text-[#a592c8]"[39m
              [36m>[39m
                [0mHiß╗ân thß╗ï [0m
                [36m<span[39m
                  [33mclass[39m=[32m"text-white font-bold"[39m
                [36m>[39m
                  [0m1[0m
                [36m</span>[39m
                [0m [0m
                [0mtr├¬n [0m
                [36m<span[39m
                  [33mclass[39m=[32m"text-white font-bold"[39m
                [36m>[39m
                  [0m1[0m
                [36m</span>[39m
                [0m [0m
                [0msß╗▒ kiß╗çn[0m
              [36m</p>[39m
              [36m<div[39m
        ...

    [0m [90m 645 |[39m       [36mawait[39m 
userEvent[33m.[39mclick(screen[33m.[39mgetByText([32m'Xem chi 
tiß║┐t'[39m))
     [90m 646 |[39m       [36mawait[39m 
userEvent[33m.[39mclick(screen[33m.[39mgetByText([32m'Ph├¬ duyß╗çt'[39m))
    [31m[1m>[22m[39m[90m 647 |[39m       [36mawait[39m 
userEvent[33m.[39mclick(screen[33m.[39mgetByText([32m'Ph├¬ duyß╗çt'[39m))
     [90m     |[39m                                    [31m[1m^[22m[39m
     [90m 648 |[39m
     [90m 649 |[39m       [36mawait[39m waitFor(() [33m=>[39m {
     [90m 650 |[39m         
expect(mockToastError)[33m.[39mtoHaveBeenCalled()[0m

      at Object.getElementError 
(node_modules/@testing-library/dom/dist/config.js:37:19)
      at getElementError 
(node_modules/@testing-library/dom/dist/query-helpers.js:20:35)
      at getMultipleElementsFoundError 
(node_modules/@testing-library/dom/dist/query-helpers.js:23:10)
      at node_modules/@testing-library/dom/dist/query-helpers.js:55:13
      at node_modules/@testing-library/dom/dist/query-helpers.js:95:19
      at Object.<anonymous> 
(src/test/unit/components/Staff/events/StaffEventApprovalQueue.test.tsx:647:36)

  ΓùÅ StaffEventApprovalQueue ΓÇ║ Edge Cases ΓÇ║ should handle API errors on 
approve

    thrown: Object {
      "response": Object {
        "data": Object {
          "message": "Error",
        },
      },
    }

    [0m [90m 630 |[39m     })
     [90m 631 |[39m
    [31m[1m>[22m[39m[90m 632 |[39m     it([32m'should handle API errors 
on approve'[39m[33m,[39m [36masync[39m () [33m=>[39m {
     [90m     |[39m     [31m[1m^[22m[39m
     [90m 633 |[39m       mockEventState[33m.[39mevents [33m=[39m [
     [90m 634 |[39m         createMockEvent({ status[33m:[39m 
[32m'PendingReview'[39m })[33m,[39m
     [90m 635 |[39m       ][0m

      at 
src/test/unit/components/Staff/events/StaffEventApprovalQueue.test.tsx:632:5
      at 
src/test/unit/components/Staff/events/StaffEventApprovalQueue.test.tsx:575:3
      at Object.<anonymous> 
(src/test/unit/components/Staff/events/StaffEventApprovalQueue.test.tsx:103:1)

  ΓùÅ StaffEventApprovalQueue ΓÇ║ Edge Cases ΓÇ║ should handle API errors on 
approve

    thrown: Object {
      "response": Object {
        "data": Object {
          "message": "Error",
        },
      },
    }

    [0m [90m 1 |[39m [90m/// <reference types="jest" />[39m
     [90m 2 |[39m
    [31m[1m>[22m[39m[90m 3 |[39m [36mimport[39m { act[33m,[39m 
render[33m,[39m screen[33m,[39m waitFor } [36mfrom[39m 
[32m'@testing-library/react'[39m
     [90m   |[39m [31m[1m^[22m[39m
     [90m 4 |[39m [36mimport[39m userEvent [36mfrom[39m 
[32m'@testing-library/user-event'[39m
     [90m 5 |[39m [36mimport[39m [33mStaffEventApprovalQueue[39m 
[36mfrom[39m 
[32m'../../../../../components/Staff/events/StaffEventApprovalQueue'[39m
     [90m 6 |[39m[0m

      at Object.<anonymous> 
(node_modules/@testing-library/react/dist/index.js:27:5)
      at Object.<anonymous> 
(src/test/unit/components/Staff/events/StaffEventApprovalQueue.test.tsx:3:1)

  ΓùÅ StaffEventApprovalQueue ΓÇ║ Edge Cases ΓÇ║ should handle API errors on 
approve

    thrown: Object {
      "response": Object {
        "data": Object {
          "message": "Error",
        },
      },
    }

    [0m [90m 2 |[39m
     [90m 3 |[39m [36mimport[39m { act[33m,[39m render[33m,[39m 
screen[33m,[39m waitFor } [36mfrom[39m [32m'@testing-library/react'[39m
    [31m[1m>[22m[39m[90m 4 |[39m [36mimport[39m userEvent 
[36mfrom[39m [32m'@testing-library/user-event'[39m
     [90m   |[39m [31m[1m^[22m[39m
     [90m 5 |[39m [36mimport[39m [33mStaffEventApprovalQueue[39m 
[36mfrom[39m 
[32m'../../../../../components/Staff/events/StaffEventApprovalQueue'[39m
     [90m 6 |[39m
     [90m 7 |[39m [90m// ===================================================
=========================[39m[0m

      at Object.<anonymous> (node_modules/@testing-library/user-event/dist/cjs/
utils/dataTransfer/Clipboard.js:158:7)
      at Object.<anonymous> 
(node_modules/@testing-library/user-event/dist/cjs/event/behavior/click.js:4:1)
      at Object.<anonymous> 
(node_modules/@testing-library/user-event/dist/cjs/event/dispatchEvent.js:3:1)
      at Object.<anonymous> 
(node_modules/@testing-library/user-event/dist/cjs/document/patchFocus.js:3:21)
      at Object.<anonymous> 
(node_modules/@testing-library/user-event/dist/cjs/setup/setup.js:3:18)
      at Object.<anonymous> 
(node_modules/@testing-library/user-event/dist/cjs/setup/index.js:3:13)
      at Object.<anonymous> 
(node_modules/@testing-library/user-event/dist/cjs/index.js:5:13)
      at Object.<anonymous> 
(src/test/unit/components/Staff/events/StaffEventApprovalQueue.test.tsx:4:1)

FAIL 
src/test/unit/components/Staff/organizers/StaffOrganizerProfileList.test.tsx 
(10.024 s)
  ΓùÅ StaffOrganizerProfileList ΓÇ║ Redux API Calls ΓÇ║ should dispatch 
fetchPendingOrganizers on mount

    Cannot find module '../../../../store/organizerProfileSlice' from 
'src/test/unit/components/Staff/organizers/StaffOrganizerProfileList.test.tsx'

    [0m [90m 125 |[39m   describe([32m'Redux API Calls'[39m[33m,[39m () 
[33m=>[39m {
     [90m 126 |[39m     it([32m'should dispatch fetchPendingOrganizers on 
mount'[39m[33m,[39m [36masync[39m () [33m=>[39m {
    [31m[1m>[22m[39m[90m 127 |[39m       [36mconst[39m { 
fetchPendingOrganizers } [33m=[39m 
require([32m'../../../../store/organizerProfileSlice'[39m)
     [90m     |[39m                                          
[31m[1m^[22m[39m
     [90m 128 |[39m
     [90m 129 |[39m       [36mawait[39m act([36masync[39m () 
[33m=>[39m {
     [90m 130 |[39m         
render([33m<[39m[33mStaffOrganizerProfileList[39m 
[33m/[39m[33m>[39m)[0m

      at Resolver._throwModNotFoundError 
(node_modules/jest-resolve/build/index.js:863:11)
      at Object.<anonymous> (src/test/unit/components/Staff/organizers/StaffOrg
anizerProfileList.test.tsx:127:42)

  ΓùÅ StaffOrganizerProfileList ΓÇ║ Data Display ΓÇ║ should show loading state 
when loading with no data

    TestingLibraryElementError: Unable to find an element with the text: ─Éang 
tß║úi.... This could be because the text is broken up by multiple elements. In 
this case, you can provide a function for your text matcher to make your 
matcher more flexible.

    Ignored nodes: comments, script, style
    [36m<body>[39m
      [36m<div>[39m
        [36m<div[39m
          [33mclass[39m=[32m"bg-[rgba(24,18,43,0.8)] backdrop-blur-[12px] 
border border-[rgba(124,59,237,0.2)] rounded-xl overflow-hidden"[39m
        [36m>[39m
          [36m<div[39m
            [33mclass[39m=[32m"px-8 py-6 border-b border-[#302447] flex 
justify-between items-center"[39m
          [36m>[39m
            [36m<div>[39m
              [36m<h2[39m
                [33mclass[39m=[32m"text-lg font-bold text-white"[39m
              [36m>[39m
                [0mDuyß╗çt hß╗ô s╞í Nh├á tß╗ò chß╗⌐c[0m
              [36m</h2>[39m
              [36m<p[39m
                [33mclass[39m=[32m"text-[#a592c8] text-sm"[39m
              [36m>[39m
                [0mQuß║ún l├╜ v├á x├íc minh hß╗ô s╞í nh├á tß╗ò chß╗⌐c[0m
              [36m</p>[39m
            [36m</div>[39m
            [36m<div[39m
              [33mclass[39m=[32m"flex gap-3"[39m
            [36m>[39m
              [36m<button[39m
                [33mclass[39m=[32m"bg-[#1b1230] text-white text-xs 
font-bold py-2 px-3 rounded-lg flex items-center gap-2 hover:bg-white/10 
transition-colors disabled:opacity-50"[39m
              [36m>[39m
                [36m<svg[39m
                  [33mfill[39m=[32m"currentColor"[39m
                  [33mheight[39m=[32m"1em"[39m
                  [33mstroke[39m=[32m"currentColor"[39m
                  [33mstroke-width[39m=[32m"0"[39m
                  [33mviewBox[39m=[32m"0 0 24 24"[39m
                  [33mwidth[39m=[32m"1em"[39m
                  [33mxmlns[39m=[32m"http://www.w3.org/2000/svg"[39m
                [36m>[39m
                  [36m<path[39m
                    [33md[39m=[32m"M0 0h24v24H0z"[39m
                    [33mfill[39m=[32m"none"[39m
                  [36m/>[39m
                  [36m<path[39m
                    [33md[39m=[32m"M17.65 6.35A7.958 7.958 0 0 0 12 4c-4.42 
0-7.99 3.58-7.99 8s3.57 8 7.99 8c3.73 0 6.84-2.55 7.73-6h-2.08A5.99 5.99 0 0 1 
12 18c-3.31 0-6-2.69-6-6s2.69-6 6-6c1.66 0 3.14.69 4.22 1.78L13 11h7V4l-2.35 
2.35z"[39m
                  [36m/>[39m
                [36m</svg>[39m
              [36m</button>[39m
            [36m</div>[39m
          [36m</div>[39m
          [36m<div[39m
            [33mclass[39m=[32m"p-6 space-y-4"[39m
          [36m>[39m
            [36m<div[39m
              [33mclass[39m=[32m"text-center text-sm text-[#a592c8] 
py-8"[39m
            [36m>[39m
              [0mKh├┤ng c├│ hß╗ô s╞í n├áo ─æang chß╗¥ ph├¬ duyß╗çt[0m
            [36m</div>[39m
          [36m</div>[39m
        [36m</div>[39m
      [36m</div>[39m
    [36m</body>[39m

    [0m [90m 224 |[39m       })
     [90m 225 |[39m
    [31m[1m>[22m[39m[90m 226 |[39m       
expect(screen[33m.[39mgetByText([32m'─Éang 
tß║úi...'[39m))[33m.[39mtoBeInTheDocument()
     [90m     |[39m                     [31m[1m^[22m[39m
     [90m 227 |[39m     })
     [90m 228 |[39m   })
     [90m 229 |[39m[0m

      at Object.getElementError 
(node_modules/@testing-library/dom/dist/config.js:37:19)
      at node_modules/@testing-library/dom/dist/query-helpers.js:76:38
      at node_modules/@testing-library/dom/dist/query-helpers.js:52:17
      at node_modules/@testing-library/dom/dist/query-helpers.js:95:19
      at Object.<anonymous> (src/test/unit/components/Staff/organizers/StaffOrg
anizerProfileList.test.tsx:226:21)

  ΓùÅ StaffOrganizerProfileList ΓÇ║ Pagination ΓÇ║ should navigate to next 
page when Next is clicked

    TestingLibraryElementError: Unable to find an element with the text: 10. 
This could be because the text is broken up by multiple elements. In this 
case, you can provide a function for your text matcher to make your matcher 
more flexible.

    Ignored nodes: comments, script, style
    [36m<body>[39m
      [36m<div>[39m
        [36m<div[39m
          [33mclass[39m=[32m"bg-[rgba(24,18,43,0.8)] backdrop-blur-[12px] 
border border-[rgba(124,59,237,0.2)] rounded-xl overflow-hidden"[39m
        [36m>[39m
          [36m<div[39m
            [33mclass[39m=[32m"px-8 py-6 border-b border-[#302447] flex 
justify-between items-center"[39m
          [36m>[39m
            [36m<div>[39m
              [36m<h2[39m
                [33mclass[39m=[32m"text-lg font-bold text-white"[39m
              [36m>[39m
                [0mDuyß╗çt hß╗ô s╞í Nh├á tß╗ò chß╗⌐c[0m
              [36m</h2>[39m
              [36m<p[39m
                [33mclass[39m=[32m"text-[#a592c8] text-sm"[39m
              [36m>[39m
                [0mQuß║ún l├╜ v├á x├íc minh hß╗ô s╞í nh├á tß╗ò chß╗⌐c[0m
              [36m</p>[39m
            [36m</div>[39m
            [36m<div[39m
              [33mclass[39m=[32m"flex gap-3"[39m
            [36m>[39m
              [36m<button[39m
                [33mclass[39m=[32m"bg-[#1b1230] text-white text-xs 
font-bold py-2 px-3 rounded-lg flex items-center gap-2 hover:bg-white/10 
transition-colors disabled:opacity-50"[39m
              [36m>[39m
                [36m<svg[39m
                  [33mfill[39m=[32m"currentColor"[39m
                  [33mheight[39m=[32m"1em"[39m
                  [33mstroke[39m=[32m"currentColor"[39m
                  [33mstroke-width[39m=[32m"0"[39m
                  [33mviewBox[39m=[32m"0 0 24 24"[39m
                  [33mwidth[39m=[32m"1em"[39m
                  [33mxmlns[39m=[32m"http://www.w3.org/2000/svg"[39m
                [36m>[39m
                  [36m<path[39m
                    [33md[39m=[32m"M0 0h24v24H0z"[39m
                    [33mfill[39m=[32m"none"[39m
                  [36m/>[39m
                  [36m<path[39m
                    [33md[39m=[32m"M17.65 6.35A7.958 7.958 0 0 0 12 4c-4.42 
0-7.99 3.58-7.99 8s3.57 8 7.99 8c3.73 0 6.84-2.55 7.73-6h-2.08A5.99 5.99 0 0 1 
12 18c-3.31 0-6-2.69-6-6s2.69-6 6-6c1.66 0 3.14.69 4.22 1.78L13 11h7V4l-2.35 
2.35z"[39m
                  [36m/>[39m
                [36m</svg>[39m
              [36m</button>[39m
            [36m</div>[39m
          [36m</div>[39m
          [36m<div[39m
            [33mclass[39m=[32m"p-6 space-y-4"[39m
          [36m>[39m
            [36m<div[39m
              [33mclass[39m=[32m"bg-[rgba(24,18,43,0.8)] 
backdrop-blur-[12px] border border-[rgba(124,59,237,0.2)] p-5 rounded-2xl flex 
flex-col md:flex-row items-center justify-between gap-6 
hover:border-primary/30 transition-all group"[39m
            [36m>[39m
              [36m<div[39m
                [33mclass[39m=[32m"flex items-center gap-5 w-full 
md:w-auto"[39m
              [36m>[39m
                [36m<div[39m
                  [33mclass[39m=[32m"relative"[39m
                [36m>[39m
                  [36m<img[39m
                    [33malt[39m=[32m"Organizer avatar"[39m
                    [33mclass[39m=[32m"size-16 rounded-2xl object-cover 
border-2 border-primary/20"[39m
                    [33msrc[39m=[32m"https://example.com/logo1.jpg"[39m
                  [36m/>[39m
                  [36m<div[39m
                    [33mclass[39m=[32m"absolute -bottom-1 -right-1 size-5 
bg-amber-500 rounded-full flex items-center justify-center border-2 
border-[#18122B]"[39m
                  [36m>[39m
                    [36m<svg[39m
                      [33mclass[39m=[32m"text-[10px] text-white 
font-bold"[39m
                      [33mfill[39m=[32m"currentColor"[39m
                      [33mheight[39m=[32m"1em"[39m
                      [33mstroke[39m=[32m"currentColor"[39m
                      [33mstroke-width[39m=[32m"0"[39m
                      [33mviewBox[39m=[32m"0 0 24 24"[39m
                      [33mwidth[39m=[32m"1em"[39m
                      [33mxmlns[39m=[32m"http://www.w3.org/2000/svg"[39m
                    [36m>[39m
                      [36m<path[39m
                        [33md[39m=[32m"M0 0h24v24H0V0z"[39m
                        [33mfill[39m=[32m"none"[39m
                      [36m/>[39m
                      [36m<path[39m
                        [33md[39m=[32m"M6 2v6h.01L6 8.01 10 12l-4 4 
.01.01H6V22h12v-5.99h-.01L18 16l-4-4 4-3.99-.01-.01H18V2H6zm10 
14.5V20H8v-3.5l4-4 4 4zm-4-5-4-4V4h8v3.5l-4 4z"[39m
                      [36m/>[39m
                    [36m</svg>[39m
                  [36m</div>[39m
                [36m</div>[39m
                [36m<div[39m
                  [33mclass[39m=[32m"flex flex-col"[39m
                [36m>[39m
                  [36m<h4[39m
                    [33mclass[39m=[32m"text-lg font-bold 
group-hover:text-primary transition-colors"[39m
                  [36m>[39m
                    [0mTest Organizer 1[0m
                  [36m</h4>[39m
                  [36m<div[39m
                    [33mclass[39m=[32m"flex items-center gap-3 mt-1"[39m
                  [36m>[39m
                    [36m<span[39m
                      [33mclass[39m=[32m"text-xs text-slate-500 flex 
items-center gap-1"[39m
                    [36m>[39m
                      [36m<svg[39m
                        [33mclass[39m=[32m"text-sm"[39m
                        [33mfill[39m=[32m"currentColor"[39m
                        [33mheight[39m=[32m"1em"[39m
                        [33mstroke[39m=[32m"currentColor"[39m
                        [33mstroke-width[39m=[32m"0"[39m
                        [33mviewBox[39m=[32m"0 0 24 24"[39m
                        [33mwidth[39m=[32m"1em"[39m
                        [33mxmlns[39m=[32m"http://www.w3.org/2000/svg"[39m
                      [36m>[39m
                        [36m<path[39m
                          [33md[39m=[32m"M0 0h24v24H0z"[39m
                          [33mfill[39m=[32m"none"[39m
                        [36m/>[39m
                        [36m<path[39m
                          [33md[39m=[32m"M20 3h-1V1h-2v2H7V1H5v2H4c-1.1 0-2 
.9-2 2v16c0 1.1.9 2 2 2h16c1.1 0 2-.9 2-2V5c0-1.1-.9-2-2-2zm0 
18H4V8h16v13z"[39m
                        [36m/>[39m
                      [36m</svg>[39m
                      [0m [0m
                      [0m13/4/2026[0m
                    [36m</span>[39m
                    [36m<span[39m
                      [33mclass[39m=[32m"px-2 py-0.5 bg-amber-500/10 
text-amber-500 rounded text-[10px] font-bold uppercase tracking-wide border 
border-amber-500/20"[39m
                    [36m>[39m
                      [0mChß╗¥ x├íc minh[0m
                    [36m</span>[39m
                  [36m</div>[39m
                [36m</div>[39m
              [36m</div>[39m
              [36m<div[39m
                [33mclass[39m=[32m"flex items-center gap-3 w-full 
md:w-auto"[39m
              [36m>[39m
                [36m<button[39m
                  [33mclass[39m=[32m"px-6 py-2.5 rounded-xl 
bg-gradient-to-r from-primary to-purple-600 text-white text-sm font-bold 
shadow-lg shadow-primary/30 hover:shadow-primary/50 hover:scale-[1.02] 
transition-all border border-primary/30"[39m
                [36m>[39m
                  [0mXem hß╗ô s╞í[0m
                [36m</button>[39m
              [36m</div>[39m
            [36m</div>[39m
            [36m<div[39m
              [33mclass[39m=[32m"bg-[rgba(24,18,43,0.8)] backdrop-...

    [0m [90m 362 |[39m
     [90m 363 |[39m       [90m// Should still be on page 1 since 
client-side pagination[39m
    [31m[1m>[22m[39m[90m 364 |[39m       expect(screen[33m.[39mgetByTex
t([32m'10'[39m))[33m.[39mtoBeInTheDocument()
     [90m     |[39m                     [31m[1m^[22m[39m
     [90m 365 |[39m     })
     [90m 366 |[39m
     [90m 367 |[39m     it([32m'should disable Prev button on page 
1'[39m[33m,[39m [36masync[39m () [33m=>[39m {[0m

      at Object.getElementError 
(node_modules/@testing-library/dom/dist/config.js:37:19)
      at node_modules/@testing-library/dom/dist/query-helpers.js:76:38
      at node_modules/@testing-library/dom/dist/query-helpers.js:52:17
      at node_modules/@testing-library/dom/dist/query-helpers.js:95:19
      at Object.<anonymous> (src/test/unit/components/Staff/organizers/StaffOrg
anizerProfileList.test.tsx:364:21)

  ΓùÅ StaffOrganizerProfileList ΓÇ║ Error Handling ΓÇ║ should show error toast 
when fetch fails on mount

    Network error

    [0m [90m 439 |[39m   describe([32m'Error Handling'[39m[33m,[39m () 
[33m=>[39m {
     [90m 440 |[39m     it([32m'should show error toast when fetch fails on 
mount'[39m[33m,[39m [36masync[39m () [33m=>[39m {
    [31m[1m>[22m[39m[90m 441 |[39m       
mockDispatch[33m.[39mmockRejectedValue([36mnew[39m 
[33mError[39m([32m'Network error'[39m))
     [90m     |[39m                                      [31m[1m^[22m[39m
     [90m 442 |[39m
     [90m 443 |[39m       [36mawait[39m act([36masync[39m () 
[33m=>[39m {
     [90m 444 |[39m         
render([33m<[39m[33mStaffOrganizerProfileList[39m 
[33m/[39m[33m>[39m)[0m

      at Object.<anonymous> (src/test/unit/components/Staff/organizers/StaffOrg
anizerProfileList.test.tsx:441:38)

  ΓùÅ StaffOrganizerProfileList ΓÇ║ Error Handling ΓÇ║ should show error toast 
when fetch fails on mount

    Network error

    [0m [90m 439 |[39m   describe([32m'Error Handling'[39m[33m,[39m () 
[33m=>[39m {
     [90m 440 |[39m     it([32m'should show error toast when fetch fails on 
mount'[39m[33m,[39m [36masync[39m () [33m=>[39m {
    [31m[1m>[22m[39m[90m 441 |[39m       
mockDispatch[33m.[39mmockRejectedValue([36mnew[39m 
[33mError[39m([32m'Network error'[39m))
     [90m     |[39m                                      [31m[1m^[22m[39m
     [90m 442 |[39m
     [90m 443 |[39m       [36mawait[39m act([36masync[39m () 
[33m=>[39m {
     [90m 444 |[39m         
render([33m<[39m[33mStaffOrganizerProfileList[39m 
[33m/[39m[33m>[39m)[0m

      at Object.<anonymous> (src/test/unit/components/Staff/organizers/StaffOrg
anizerProfileList.test.tsx:441:38)

  ΓùÅ StaffOrganizerProfileList ΓÇ║ Error Handling ΓÇ║ should show error toast 
when fetch fails on mount

    Network error

    [0m [90m 439 |[39m   describe([32m'Error Handling'[39m[33m,[39m () 
[33m=>[39m {
     [90m 440 |[39m     it([32m'should show error toast when fetch fails on 
mount'[39m[33m,[39m [36masync[39m () [33m=>[39m {
    [31m[1m>[22m[39m[90m 441 |[39m       
mockDispatch[33m.[39mmockRejectedValue([36mnew[39m 
[33mError[39m([32m'Network error'[39m))
     [90m     |[39m                                      [31m[1m^[22m[39m
     [90m 442 |[39m
     [90m 443 |[39m       [36mawait[39m act([36masync[39m () 
[33m=>[39m {
     [90m 444 |[39m         
render([33m<[39m[33mStaffOrganizerProfileList[39m 
[33m/[39m[33m>[39m)[0m

      at Object.<anonymous> (src/test/unit/components/Staff/organizers/StaffOrg
anizerProfileList.test.tsx:441:38)

  ΓùÅ StaffOrganizerProfileList ΓÇ║ Error Handling ΓÇ║ should show error toast 
when refresh fails

    expect(jest.fn()).toHaveBeenCalledWith(...expected)

    Expected: "Kh├┤ng thß╗â l├ám mß╗¢i danh s├ích"
    Received
           1: "Kh├┤ng thß╗â tß║úi danh s├ích hß╗ô s╞í"
           2: "Kh├┤ng thß╗â tß║úi danh s├ích hß╗ô s╞í"

    Number of calls: 2

    Ignored nodes: comments, script, style
    [36m<html>[39m
      [36m<head />[39m
      [36m<body>[39m
        [36m<div>[39m
          [36m<div[39m
            [33mclass[39m=[32m"bg-[rgba(24,18,43,0.8)] backdrop-blur-[12px] 
border border-[rgba(124,59,237,0.2)] rounded-xl overflow-hidden"[39m
          [36m>[39m
            [36m<div[39m
              [33mclass[39m=[32m"px-8 py-6 border-b border-[#302447] flex 
justify-between items-center"[39m
            [36m>[39m
              [36m<div>[39m
                [36m<h2[39m
                  [33mclass[39m=[32m"text-lg font-bold text-white"[39m
                [36m>[39m
                  [0mDuyß╗çt hß╗ô s╞í Nh├á tß╗ò chß╗⌐c[0m
                [36m</h2>[39m
                [36m<p[39m
                  [33mclass[39m=[32m"text-[#a592c8] text-sm"[39m
                [36m>[39m
                  [0mQuß║ún l├╜ v├á x├íc minh hß╗ô s╞í nh├á tß╗ò chß╗⌐c[0m
                [36m</p>[39m
              [36m</div>[39m
              [36m<div[39m
                [33mclass[39m=[32m"flex gap-3"[39m
              [36m>[39m
                [36m<button[39m
                  [33mclass[39m=[32m"bg-[#1b1230] text-white text-xs 
font-bold py-2 px-3 rounded-lg flex items-center gap-2 hover:bg-white/10 
transition-colors disabled:opacity-50"[39m
                [36m>[39m
                  [36m<svg[39m
                    [33mfill[39m=[32m"currentColor"[39m
                    [33mheight[39m=[32m"1em"[39m
                    [33mstroke[39m=[32m"currentColor"[39m
                    [33mstroke-width[39m=[32m"0"[39m
                    [33mviewBox[39m=[32m"0 0 24 24"[39m
                    [33mwidth[39m=[32m"1em"[39m
                    [33mxmlns[39m=[32m"http://www.w3.org/2000/svg"[39m
                  [36m>[39m
                    [36m<path[39m
                      [33md[39m=[32m"M0 0h24v24H0z"[39m
                      [33mfill[39m=[32m"none"[39m
                    [36m/>[39m
                    [36m<path[39m
                      [33md[39m=[32m"M17.65 6.35A7.958 7.958 0 0 0 12 
4c-4.42 0-7.99 3.58-7.99 8s3.57 8 7.99 8c3.73 0 6.84-2.55 7.73-6h-2.08A5.99 
5.99 0 0 1 12 18c-3.31 0-6-2.69-6-6s2.69-6 6-6c1.66 0 3.14.69 4.22 1.78L13 
11h7V4l-2.35 2.35z"[39m
                    [36m/>[39m
                  [36m</svg>[39m
                [36m</button>[39m
              [36m</div>[39m
            [36m</div>[39m
            [36m<div[39m
              [33mclass[39m=[32m"p-6 space-y-4"[39m
            [36m>[39m
              [36m<div[39m
                [33mclass[39m=[32m"text-center text-sm text-[#a592c8] 
py-8"[39m
              [36m>[39m
                [0mKh├┤ng c├│ hß╗ô s╞í n├áo ─æang chß╗¥ ph├¬ duyß╗çt[0m
              [36m</div>[39m
            [36m</div>[39m
          [36m</div>[39m
        [36m</div>[39m
      [36m</body>[39m
    [36m</html>[39m

    [0m [90m 464 |[39m
     [90m 465 |[39m       [36mawait[39m waitFor(() [33m=>[39m {
    [31m[1m>[22m[39m[90m 466 |[39m         
expect(mockToastError)[33m.[39mtoHaveBeenCalledWith(
     [90m     |[39m                                [31m[1m^[22m[39m
     [90m 467 |[39m           [32m'Kh├┤ng thß╗â l├ám mß╗¢i danh s├ích'[39m
     [90m 468 |[39m         )
     [90m 469 |[39m       })[0m

      at src/test/unit/components/Staff/organizers/StaffOrganizerProfileList.te
st.tsx:466:32
      at runWithExpensiveErrorDiagnosticsDisabled 
(node_modules/@testing-library/dom/dist/config.js:47:12)
      at checkCallback 
(node_modules/@testing-library/dom/dist/wait-for.js:124:77)
      at checkRealTimersCallback 
(node_modules/@testing-library/dom/dist/wait-for.js:118:16)
      at Timeout.task [as _onTimeout] 
(node_modules/jsdom/lib/jsdom/browser/Window.js:579:19)

  ΓùÅ StaffOrganizerProfileList ΓÇ║ Error Handling ΓÇ║ should show error toast 
when refresh fails

    Network error

    [0m [90m 453 |[39m
     [90m 454 |[39m     it([32m'should show error toast when refresh 
fails'[39m[33m,[39m [36masync[39m () [33m=>[39m {
    [31m[1m>[22m[39m[90m 455 |[39m       
mockDispatch[33m.[39mmockRejectedValueOnce([36mnew[39m 
[33mError[39m([32m'Network error'[39m))
     [90m     |[39m                                          
[31m[1m^[22m[39m
     [90m 456 |[39m
     [90m 457 |[39m       [36mawait[39m act([36masync[39m () 
[33m=>[39m {
     [90m 458 |[39m         
render([33m<[39m[33mStaffOrganizerProfileList[39m 
[33m/[39m[33m>[39m)[0m

      at Object.<anonymous> (src/test/unit/components/Staff/organizers/StaffOrg
anizerProfileList.test.tsx:455:42)

  ΓùÅ StaffOrganizerProfileList ΓÇ║ Error Handling ΓÇ║ should show error toast 
when refresh fails

    Network error

    [0m [90m 453 |[39m
     [90m 454 |[39m     it([32m'should show error toast when refresh 
fails'[39m[33m,[39m [36masync[39m () [33m=>[39m {
    [31m[1m>[22m[39m[90m 455 |[39m       
mockDispatch[33m.[39mmockRejectedValueOnce([36mnew[39m 
[33mError[39m([32m'Network error'[39m))
     [90m     |[39m                                          
[31m[1m^[22m[39m
     [90m 456 |[39m
     [90m 457 |[39m       [36mawait[39m act([36masync[39m () 
[33m=>[39m {
     [90m 458 |[39m         
render([33m<[39m[33mStaffOrganizerProfileList[39m 
[33m/[39m[33m>[39m)[0m

      at Object.<anonymous> (src/test/unit/components/Staff/organizers/StaffOrg
anizerProfileList.test.tsx:455:42)

  ΓùÅ StaffOrganizerProfileList ΓÇ║ Error Handling ΓÇ║ should show error toast 
when refresh fails

    Network error

    [0m [90m 453 |[39m
     [90m 454 |[39m     it([32m'should show error toast when refresh 
fails'[39m[33m,[39m [36masync[39m () [33m=>[39m {
    [31m[1m>[22m[39m[90m 455 |[39m       
mockDispatch[33m.[39mmockRejectedValueOnce([36mnew[39m 
[33mError[39m([32m'Network error'[39m))
     [90m     |[39m                                          
[31m[1m^[22m[39m
     [90m 456 |[39m
     [90m 457 |[39m       [36mawait[39m act([36masync[39m () 
[33m=>[39m {
     [90m 458 |[39m         
render([33m<[39m[33mStaffOrganizerProfileList[39m 
[33m/[39m[33m>[39m)[0m

      at Object.<anonymous> (src/test/unit/components/Staff/organizers/StaffOrg
anizerProfileList.test.tsx:455:42)

  ΓùÅ StaffOrganizerProfileList ΓÇ║ Edge Cases ΓÇ║ should handle undefined 
pendingOrganizers

    TypeError: Cannot read properties of undefined (reading 'length')

    [0m [90m 26 |[39m
     [90m 27 |[39m     [90m// T├¡nh to├ín pagination dß╗▒a tr├¬n sß╗æ hß╗ô 
s╞í thß╗▒c tß║┐ ─æang hiß╗ân thß╗ï (client-side)[39m
    [31m[1m>[22m[39m[90m 28 |[39m     [36mconst[39m currentCount 
[33m=[39m pendingOrganizers[33m.[39mlength[33m;[39m
     [90m    |[39m                                            
[31m[1m^[22m[39m
     [90m 29 |[39m     [36mconst[39m displayTotalPages [33m=[39m 
[33mMath[39m[33m.[39mmax([35m1[39m[33m,[39m 
[33mMath[39m[33m.[39mceil(currentCount [33m/[39m pageSize))[33m;[39m
     [90m 30 |[39m     [36mconst[39m endCount [33m=[39m 
[33mMath[39m[33m.[39mmin(page [33m*[39m pageSize[33m,[39m 
currentCount)[33m;[39m
     [90m 31 |[39m[0m

      at StaffOrganizerProfileList 
(src/components/Staff/organizers/StaffOrganizerProfileList.tsx:28:44)
      at Object.react_stack_bottom_frame 
(node_modules/react-dom/cjs/react-dom-client.development.js:25904:20)
      at renderWithHooks 
(node_modules/react-dom/cjs/react-dom-client.development.js:7662:22)
      at updateFunctionComponent 
(node_modules/react-dom/cjs/react-dom-client.development.js:10166:19)
      at beginWork 
(node_modules/react-dom/cjs/react-dom-client.development.js:11778:18)
      at runWithFiberInDEV 
(node_modules/react-dom/cjs/react-dom-client.development.js:874:13)
      at performUnitOfWork 
(node_modules/react-dom/cjs/react-dom-client.development.js:17641:22)
      at workLoopSync 
(node_modules/react-dom/cjs/react-dom-client.development.js:17469:41)
      at renderRootSync 
(node_modules/react-dom/cjs/react-dom-client.development.js:17450:11)
      at performWorkOnRoot 
(node_modules/react-dom/cjs/react-dom-client.development.js:16583:35)
      at performWorkOnRootViaSchedulerTask 
(node_modules/react-dom/cjs/react-dom-client.development.js:18957:7)
      at flushActQueue (node_modules/react/cjs/react.development.js:590:34)
      at node_modules/react/cjs/react.development.js:847:21

  ΓùÅ StaffOrganizerProfileList ΓÇ║ Edge Cases ΓÇ║ should handle large number 
of organizers

    TestingLibraryElementError: Found multiple elements with the text: 10

    Here are the matching elements:

    Ignored nodes: comments, script, style
    [36m<span[39m
      [33mclass[39m=[32m"text-white font-bold"[39m
    [36m>[39m
      [0m10[0m
    [36m</span>[39m

    Ignored nodes: comments, script, style
    [36m<button[39m
      [33mclass[39m=[32m"px-3 py-1 rounded-md text-sm bg-[#1b1230] 
text-[#a592c8] hover:bg-white/5"[39m
    [36m>[39m
      [0m10[0m
    [36m</button>[39m

    (If this is intentional, then use the `*AllBy*` variant of the query (like 
`queryAllByText`, `getAllByText`, or `findAllByText`)).

    Ignored nodes: comments, script, style
    [36m<body>[39m
      [36m<div>[39m
        [36m<div[39m
          [33mclass[39m=[32m"bg-[rgba(24,18,43,0.8)] backdrop-blur-[12px] 
border border-[rgba(124,59,237,0.2)] rounded-xl overflow-hidden"[39m
        [36m>[39m
          [36m<div[39m
            [33mclass[39m=[32m"px-8 py-6 border-b border-[#302447] flex 
justify-between items-center"[39m
          [36m>[39m
            [36m<div>[39m
              [36m<h2[39m
                [33mclass[39m=[32m"text-lg font-bold text-white"[39m
              [36m>[39m
                [0mDuyß╗çt hß╗ô s╞í Nh├á tß╗ò chß╗⌐c[0m
              [36m</h2>[39m
              [36m<p[39m
                [33mclass[39m=[32m"text-[#a592c8] text-sm"[39m
              [36m>[39m
                [0mQuß║ún l├╜ v├á x├íc minh hß╗ô s╞í nh├á tß╗ò chß╗⌐c[0m
              [36m</p>[39m
            [36m</div>[39m
            [36m<div[39m
              [33mclass[39m=[32m"flex gap-3"[39m
            [36m>[39m
              [36m<button[39m
                [33mclass[39m=[32m"bg-[#1b1230] text-white text-xs 
font-bold py-2 px-3 rounded-lg flex items-center gap-2 hover:bg-white/10 
transition-colors disabled:opacity-50"[39m
              [36m>[39m
                [36m<svg[39m
                  [33mfill[39m=[32m"currentColor"[39m
                  [33mheight[39m=[32m"1em"[39m
                  [33mstroke[39m=[32m"currentColor"[39m
                  [33mstroke-width[39m=[32m"0"[39m
                  [33mviewBox[39m=[32m"0 0 24 24"[39m
                  [33mwidth[39m=[32m"1em"[39m
                  [33mxmlns[39m=[32m"http://www.w3.org/2000/svg"[39m
                [36m>[39m
                  [36m<path[39m
                    [33md[39m=[32m"M0 0h24v24H0z"[39m
                    [33mfill[39m=[32m"none"[39m
                  [36m/>[39m
                  [36m<path[39m
                    [33md[39m=[32m"M17.65 6.35A7.958 7.958 0 0 0 12 4c-4.42 
0-7.99 3.58-7.99 8s3.57 8 7.99 8c3.73 0 6.84-2.55 7.73-6h-2.08A5.99 5.99 0 0 1 
12 18c-3.31 0-6-2.69-6-6s2.69-6 6-6c1.66 0 3.14.69 4.22 1.78L13 11h7V4l-2.35 
2.35z"[39m
                  [36m/>[39m
                [36m</svg>[39m
              [36m</button>[39m
            [36m</div>[39m
          [36m</div>[39m
          [36m<div[39m
            [33mclass[39m=[32m"p-6 space-y-4"[39m
          [36m>[39m
            [36m<div[39m
              [33mclass[39m=[32m"bg-[rgba(24,18,43,0.8)] 
backdrop-blur-[12px] border border-[rgba(124,59,237,0.2)] p-5 rounded-2xl flex 
flex-col md:flex-row items-center justify-between gap-6 
hover:border-primary/30 transition-all group"[39m
            [36m>[39m
              [36m<div[39m
                [33mclass[39m=[32m"flex items-center gap-5 w-full 
md:w-auto"[39m
              [36m>[39m
                [36m<div[39m
                  [33mclass[39m=[32m"relative"[39m
                [36m>[39m
                  [36m<img[39m
                    [33malt[39m=[32m"Organizer avatar"[39m
                    [33mclass[39m=[32m"size-16 rounded-2xl object-cover 
border-2 border-primary/20"[39m
                    [33msrc[39m=[32m"https://example.com/logo1.jpg"[39m
                  [36m/>[39m
                  [36m<div[39m
                    [33mclass[39m=[32m"absolute -bottom-1 -right-1 size-5 
bg-amber-500 rounded-full flex items-center justify-center border-2 
border-[#18122B]"[39m
                  [36m>[39m
                    [36m<svg[39m
                      [33mclass[39m=[32m"text-[10px] text-white 
font-bold"[39m
                      [33mfill[39m=[32m"currentColor"[39m
                      [33mheight[39m=[32m"1em"[39m
                      [33mstroke[39m=[32m"currentColor"[39m
                      [33mstroke-width[39m=[32m"0"[39m
                      [33mviewBox[39m=[32m"0 0 24 24"[39m
                      [33mwidth[39m=[32m"1em"[39m
                      [33mxmlns[39m=[32m"http://www.w3.org/2000/svg"[39m
                    [36m>[39m
                      [36m<path[39m
                        [33md[39m=[32m"M0 0h24v24H0V0z"[39m
                        [33mfill[39m=[32m"none"[39m
                      [36m/>[39m
                      [36m<path[39m
                        [33md[39m=[32m"M6 2v6h.01L6 8.01 10 12l-4 4 
.01.01H6V22h12v-5.99h-.01L18 16l-4-4 4-3.99-.01-.01H18V2H6zm10 
14.5V20H8v-3.5l4-4 4 4zm-4-5-4-4V4h8v3.5l-4 4z"[39m
                      [36m/>[39m
                    [36m</svg>[39m
                  [36m</div>[39m
                [36m</div>[39m
                [36m<div[39m
                  [33mclass[39m=[32m"flex flex-col"[39m
                [36m>[39m
                  [36m<h4[39m
                    [33mclass[39m=[32m"text-lg font-bold 
group-hover:text-primary transition-colors"[39m
                  [36m>[39m
                    [0mTest Organizer 1[0m
                  [36m</h4>[39m
                  [36m<div[39m
                    [33mclass[39m=[32m"flex items-center gap-3 mt-1"[39m
                  [36m>[39m
                    [36m<span[39m
                      [33mclass[39m=[32m"text-xs text-slate-500 flex 
items-center gap-1"[39m
                    [36m>[39m
                      [36m<svg[39m
                        [33mclass[39m=[32m"text-sm"[39m
                        [33mfill[39m=[32m"currentColor"[39m
                        [33mheight[39m=[32m"1em"[39m
                        [33mstroke[39m=[32m"currentColor"[39m
                        [33mstroke-width[39m=[32m"0"[39m
                        [33mviewBox[39m=[32m"0 0 24 24"[39m
                        [33mwidth[39m=[32m"1em"[39m
                        [33mxmlns[39m=[32m"http://www.w3.org/2000/svg"[39m
                      [36m>[39m
                        [36m<path[39m
                          [33md[39m=[32m"M0 0h24v24H0z"[39m
                          [33mfill[39m=[32m"none"[39m
                        [36m/>[39m
                        [36m<path[39m
                          [33md[39m=[32m"M20 3h-1V1h-2v2H7V1H5v2H4c-1.1 0-2 
.9-2 2v16c0 1.1.9 2 2 2h16c1.1 0 2-.9 2-2V5c0-1.1-.9-2-2-2zm0 
18H4V8h16v13z"[39m
                        [36m/>[39m
                      [36m</svg>[39m
                      [0m [0m
                      [0m13/4/2026[0m
                    [36m</span>[39m
                    [36m<span[39m
                      [33mclass[39m=[32m"px-2 py-0.5 bg-amber-500/10 
text-amber-500 rounded text-[10px] font-bold uppercase tracking-wide border 
border-amber-500/20"[39m
                    [36m>[39m
                      [0mChß╗¥ x├íc minh[0m
                    [36m</span>[39m
                  [36m</div>[39m
                [36m</div>[39m
              [36m</div>[39m
              [36m<div[39m
                [33mclass[39m=[32m"flex items-center gap-3 w-full 
md:w-auto"[39m
              [36m>[39m
                [36m<button[39m
                  [33mclass[39m=[32m"px-6 py-2.5 rounded-xl 
bg-gradient-to-r from-primary to-purple-600 text-white text-sm font-bold 
shadow-lg shadow-primary/30 hover:shadow-primary/50 hover:scale-[1.02] 
transition-all border border-primary/30"[39m
                [36m>[39m
                  [0mXem hß╗ô s╞í[0m
                [36m</button>[39m
              [36m</div>[39m
            [36m</div>[39m
            [36m<div[39m
              [33mclass[39m=[32m"bg-[rgba(24,18,43,0.8)] backdrop-...

    [0m [90m 526 |[39m       })
     [90m 527 |[39m
    [31m[1m>[22m[39m[90m 528 |[39m       expect(screen[33m.[39mgetByTex
t([32m'10'[39m))[33m.[39mtoBeInTheDocument()
     [90m     |[39m                     [31m[1m^[22m[39m
     [90m 529 |[39m       expect(screen[33m.[39mgetByText([32m'100'[39m))
[33m.[39mtoBeInTheDocument()
     [90m 530 |[39m     })
     [90m 531 |[39m[0m

      at Object.getElementError 
(node_modules/@testing-library/dom/dist/config.js:37:19)
      at getElementError 
(node_modules/@testing-library/dom/dist/query-helpers.js:20:35)
      at getMultipleElementsFoundError 
(node_modules/@testing-library/dom/dist/query-helpers.js:23:10)
      at node_modules/@testing-library/dom/dist/query-helpers.js:55:13
      at node_modules/@testing-library/dom/dist/query-helpers.js:95:19
      at Object.<anonymous> (src/test/unit/components/Staff/organizers/StaffOrg
anizerProfileList.test.tsx:528:21)

FAIL src/test/unit/components/Staff/posts/StaffPostApprovalQueue.test.tsx 
(10.409 s)
  ΓùÅ StaffPostApprovalQueue ΓÇ║ Redux API Calls ΓÇ║ should dispatch 
fetchAdminPosts on mount with Pending status

    Cannot find module '../../../../store/postSlice' from 
'src/test/unit/components/Staff/posts/StaffPostApprovalQueue.test.tsx'

    [0m [90m 214 |[39m   describe([32m'Redux API Calls'[39m[33m,[39m () 
[33m=>[39m {
     [90m 215 |[39m     it([32m'should dispatch fetchAdminPosts on mount 
with Pending status'[39m[33m,[39m [36masync[39m () [33m=>[39m {
    [31m[1m>[22m[39m[90m 216 |[39m       [36mconst[39m { 
fetchAdminPosts } [33m=[39m require([32m'../../../../store/postSlice'[39m)
     [90m     |[39m                                   [31m[1m^[22m[39m
     [90m 217 |[39m
     [90m 218 |[39m       [36mawait[39m act([36masync[39m () 
[33m=>[39m {
     [90m 219 |[39m         
render([33m<[39m[33mStaffPostApprovalQueue[39m 
onReload[33m=[39m{jest[33m.[39mfn()} [33m/[39m[33m>[39m)[0m

      at Resolver._throwModNotFoundError 
(node_modules/jest-resolve/build/index.js:863:11)
      at Object.<anonymous> 
(src/test/unit/components/Staff/posts/StaffPostApprovalQueue.test.tsx:216:35)

  ΓùÅ StaffPostApprovalQueue ΓÇ║ Tab Switching ΓÇ║ should dispatch 
fetchAdminPosts with correct status when tab changes

    Cannot find module '../../../../store/postSlice' from 
'src/test/unit/components/Staff/posts/StaffPostApprovalQueue.test.tsx'

    [0m [90m 244 |[39m   describe([32m'Tab Switching'[39m[33m,[39m () 
[33m=>[39m {
     [90m 245 |[39m     it([32m'should dispatch fetchAdminPosts with 
correct status when tab changes'[39m[33m,[39m [36masync[39m () 
[33m=>[39m {
    [31m[1m>[22m[39m[90m 246 |[39m       [36mconst[39m { 
fetchAdminPosts } [33m=[39m require([32m'../../../../store/postSlice'[39m)
     [90m     |[39m                                   [31m[1m^[22m[39m
     [90m 247 |[39m
     [90m 248 |[39m       [36mawait[39m act([36masync[39m () 
[33m=>[39m {
     [90m 249 |[39m         
render([33m<[39m[33mStaffPostApprovalQueue[39m 
onReload[33m=[39m{jest[33m.[39mfn()} [33m/[39m[33m>[39m)[0m

      at Resolver._throwModNotFoundError 
(node_modules/jest-resolve/build/index.js:863:11)
      at Object.<anonymous> 
(src/test/unit/components/Staff/posts/StaffPostApprovalQueue.test.tsx:246:35)

  ΓùÅ StaffPostApprovalQueue ΓÇ║ Tab Switching ΓÇ║ should reset page to 1 when 
tab changes

    Cannot find module '../../../../store/postSlice' from 
'src/test/unit/components/Staff/posts/StaffPostApprovalQueue.test.tsx'

    [0m [90m 264 |[39m
     [90m 265 |[39m     it([32m'should reset page to 1 when tab 
changes'[39m[33m,[39m [36masync[39m () [33m=>[39m {
    [31m[1m>[22m[39m[90m 266 |[39m       [36mconst[39m { 
fetchAdminPosts } [33m=[39m require([32m'../../../../store/postSlice'[39m)
     [90m     |[39m                                   [31m[1m^[22m[39m
     [90m 267 |[39m
     [90m 268 |[39m       [36mawait[39m act([36masync[39m () 
[33m=>[39m {
     [90m 269 |[39m         
render([33m<[39m[33mStaffPostApprovalQueue[39m 
onReload[33m=[39m{jest[33m.[39mfn()} [33m/[39m[33m>[39m)[0m

      at Resolver._throwModNotFoundError 
(node_modules/jest-resolve/build/index.js:863:11)
      at Object.<anonymous> 
(src/test/unit/components/Staff/posts/StaffPostApprovalQueue.test.tsx:266:35)

  ΓùÅ StaffPostApprovalQueue ΓÇ║ Pagination ΓÇ║ should dispatch 
fetchAdminPosts when page changes

    Cannot find module '../../../../store/postSlice' from 
'src/test/unit/components/Staff/posts/StaffPostApprovalQueue.test.tsx'

    [0m [90m 388 |[39m       mockPostState[33m.[39madminPagination 
[33m=[39m createMockPagination()
     [90m 389 |[39m
    [31m[1m>[22m[39m[90m 390 |[39m       [36mconst[39m { 
fetchAdminPosts } [33m=[39m require([32m'../../../../store/postSlice'[39m)
     [90m     |[39m                                   [31m[1m^[22m[39m
     [90m 391 |[39m
     [90m 392 |[39m       [36mawait[39m act([36masync[39m () 
[33m=>[39m {
     [90m 393 |[39m         
render([33m<[39m[33mStaffPostApprovalQueue[39m 
onReload[33m=[39m{jest[33m.[39mfn()} [33m/[39m[33m>[39m)[0m

      at Resolver._throwModNotFoundError 
(node_modules/jest-resolve/build/index.js:863:11)
      at Object.<anonymous> 
(src/test/unit/components/Staff/posts/StaffPostApprovalQueue.test.tsx:390:35)

  ΓùÅ StaffPostApprovalQueue ΓÇ║ Approve Action ΓÇ║ should show approve 
confirmation modal when approve is clicked

    TestingLibraryElementError: Found multiple elements with the text: X├íc 
nhß║¡n duyß╗çt

    Here are the matching elements:

    Ignored nodes: comments, script, style
    [36m<h3[39m
      [33mclass[39m=[32m"text-lg font-bold text-white mb-2"[39m
    [36m>[39m
      [0mX├íc nhß║¡n duyß╗çt[0m
    [36m</h3>[39m

    Ignored nodes: comments, script, style
    [36m<button[39m
      [33mclass[39m=[32m"px-5 py-2.5 rounded-xl bg-fuchsia-600 text-white 
text-xs font-bold hover:bg-fuchsia-500 transition-colors"[39m
    [36m>[39m
      [0mX├íc nhß║¡n duyß╗çt[0m
    [36m</button>[39m

    (If this is intentional, then use the `*AllBy*` variant of the query (like 
`queryAllByText`, `getAllByText`, or `findAllByText`)).

    Ignored nodes: comments, script, style
    [36m<body>[39m
      [36m<div>[39m
        [36m<div[39m
          [33mclass[39m=[32m"space-y-8"[39m
        [36m>[39m
          [36m<div[39m
            [33mclass[39m=[32m"flex items-center justify-between"[39m
          [36m>[39m
            [36m<div>[39m
              [36m<h2[39m
                [33mclass[39m=[32m"text-2xl font-black text-white"[39m
              [36m>[39m
                [0mDuyß╗çt b├ái ─æ─âng Marketing[0m
              [36m</h2>[39m
              [36m<p[39m
                [33mclass[39m=[32m"text-slate-400"[39m
              [36m>[39m
                [0mKiß╗âm duyß╗çt nß╗Öi dung v├á theo d├╡i ph├ón phß╗æi ─æa 
nß╗ün tß║úng[0m
              [36m</p>[39m
            [36m</div>[39m
            [36m<div[39m
              [33mclass[39m=[32m"flex items-center gap-4"[39m
            [36m>[39m
              [36m<div[39m
                [33mclass[39m=[32m"flex gap-2 bg-slate-900/50 p-1 
rounded-lg border border-primary/10"[39m
              [36m>[39m
                [36m<button[39m
                  [33mclass[39m=[32m"px-4 py-2 rounded-md text-xs font-bold 
transition-colors bg-fuchsia-500 text-white"[39m
                [36m>[39m
                  [0mChß╗¥ duyß╗çt[0m
                [36m</button>[39m
                [36m<button[39m
                  [33mclass[39m=[32m"px-4 py-2 rounded-md text-xs font-bold 
transition-colors text-slate-400 hover:text-white"[39m
                [36m>[39m
                  [0m─É├ú duyß╗çt[0m
                [36m</button>[39m
                [36m<button[39m
                  [33mclass[39m=[32m"px-4 py-2 rounded-md text-xs font-bold 
transition-colors text-slate-400 hover:text-white"[39m
                [36m>[39m
                  [0m─É├ú ─æ─âng[0m
                [36m</button>[39m
                [36m<button[39m
                  [33mclass[39m=[32m"px-4 py-2 rounded-md text-xs font-bold 
transition-colors text-slate-400 hover:text-white"[39m
                [36m>[39m
                  [0mBß╗ï tß╗½ chß╗æi[0m
                [36m</button>[39m
              [36m</div>[39m
              [36m<button[39m
                [33mclass[39m=[32m"flex items-center gap-2 px-3 py-2 
rounded-lg bg-slate-800/80 border border-slate-700 text-slate-400 text-xs 
font-medium hover:text-white hover:bg-slate-700 transition-colors 
disabled:opacity-50 disabled:cursor-not-allowed"[39m
              [36m>[39m
                [36m<svg[39m
                  [33mclass[39m=[32m"text-xs "[39m
                  [33mfill[39m=[32m"currentColor"[39m
                  [33mheight[39m=[32m"1em"[39m
                  [33mstroke[39m=[32m"currentColor"[39m
                  [33mstroke-width[39m=[32m"0"[39m
                  [33mviewBox[39m=[32m"0 0 512 512"[39m
                  [33mwidth[39m=[32m"1em"[39m
                  [33mxmlns[39m=[32m"http://www.w3.org/2000/svg"[39m
                [36m>[39m
                  [36m<path[39m
                    [33md[39m=[32m"M105.1 202.6c7.7-21.8 20.2-42.3 
37.8-59.8c62.5-62.5 163.8-62.5 226.3 0L386.3 160 352 160c-17.7 0-32 14.3-32 
32s14.3 32 32 32l111.5 0c0 0 0 0 0 0l.4 0c17.7 0 32-14.3 
32-32l0-112c0-17.7-14.3-32-32-32s-32 14.3-32 32l0 35.2L414.4 
97.6c-87.5-87.5-229.3-87.5-316.8 0C73.2 122 55.6 150.7 44.8 181.4c-5.9 16.7 
2.9 34.9 19.5 40.8s34.9-2.9 40.8-19.5zM39 289.3c-5 1.5-9.8 4.2-13.7 8.2c-4 
4-6.7 8.8-8.1 14c-.3 1.2-.6 2.5-.8 3.8c-.3 1.7-.4 3.4-.4 5.1L16 432c0 17.7 
14.3 32 32 32s32-14.3 32-32l0-35.1 17.6 17.5c0 0 0 0 0 0c87.5 87.4 229.3 87.4 
316.7 0c24.4-24.4 42.1-53.1 52.9-83.8c5.9-16.7-2.9-34.9-19.5-40.8s-34.9 
2.9-40.8 19.5c-7.7 21.8-20.2 42.3-37.8 59.8c-62.5 62.5-163.8 62.5-226.3 
0l-.1-.1L125.6 352l34.4 0c17.7 0 32-14.3 32-32s-14.3-32-32-32L48.4 288c-1.6 
0-3.2 .1-4.8 .3s-3.1 .5-4.6 1z"[39m
                  [36m/>[39m
                [36m</svg>[39m
                [0mReload[0m
              [36m</button>[39m
            [36m</div>[39m
          [36m</div>[39m
          [36m<div[39m
            [33mclass[39m=[32m"grid grid-cols-1 lg:grid-cols-2 
2xl:grid-cols-3 gap-8"[39m
          [36m>[39m
            [36m<div[39m
              [33mdata-id[39m=[32m"post-1"[39m
              [33mdata-status[39m=[32m"pending"[39m
              [33mdata-testid[39m=[32m"post-card"[39m
            [36m>[39m
              [36m<span[39m
                [33mdata-testid[39m=[32m"post-title"[39m
              [36m>[39m
                [0mTest Post[0m
              [36m</span>[39m
              [36m<span[39m
                [33mdata-testid[39m=[32m"post-status"[39m
              [36m>[39m
                [0mpending[0m
              [36m</span>[39m
              [36m<button[39m
                [33mdata-testid[39m=[32m"approve-btn"[39m
              [36m>[39m
                [0mApprove[0m
              [36m</button>[39m
              [36m<button[39m
                [33mdata-testid[39m=[32m"reject-btn"[39m
              [36m>[39m
                [0mReject[0m
              [36m</button>[39m
              [36m<button[39m
                [33mdata-testid[39m=[32m"view-btn"[39m
              [36m>[39m
                [0mView[0m
              [36m</button>[39m
            [36m</div>[39m
          [36m</div>[39m
          [36m<div[39m
            [33mclass[39m=[32m"fixed inset-0 z-50 flex items-center 
justify-center bg-black/60 backdrop-blur-sm"[39m
          [36m>[39m
            [36m<div[39m
              [33mclass[39m=[32m"w-full max-w-sm rounded-2xl border 
border-primary/10 bg-[#1a1530] p-6 shadow-2xl"[39m
            [36m>[39m
              [36m<h3[39m
                [33mclass[39m=[32m"text-lg font-bold text-white mb-2"[39m
              [36m>[39m
                [0mX├íc nhß║¡n duyß╗çt[0m
              [36m</h3>[39m
              [36m<p[39m
                [33mclass[39m=[32m"text-sm text-slate-400 mb-6"[39m
              [36m>[39m
                [0mBß║ín c├│ chß║»c chß║»n muß╗æn duyß╗çt b├ái ─æ─âng 
n├áy?[0m
              [36m</p>[39m
              [36m<div[39m
                [33mclass[39m=[32m"flex gap-3 justify-end"[39m
              [36m>[39m
                [36m<button[39m
                  [33mclass[39m=[32m"px-5 py-2.5 rounded-xl border 
border-slate-700 text-slate-300 text-xs font-bold hover:bg-slate-800 
transition-colors"[39m
                [36m>[39m
                  [0mHß╗ºy[0m
                [36m</button>[39m
                [36m<button[39m
                  [33mclass[39m=[32m"px-5 py-2.5 rounded-xl bg-fuchsia-600 
text-white text-xs font-bold hover:bg-fuchsia-500 transition-colors"[39m
                [36m>[39m
                  [0mX├íc nhß║¡n duyß╗çt[0m
                [36m</button>[39m
              [36m</div>[39m
            [36m</div>[39m
          [36m</div>[39m
        [36m</div>[39m
      [36m</div>[39m
    [36m</body>[39m

    [0m [90m 418 |[39m       [36mawait[39m userEvent[33m.[39mclick(scree
n[33m.[39mgetByTestId([32m'approve-btn'[39m))
     [90m 419 |[39m
    [31m[1m>[22m[39m[90m 420 |[39m       
expect(screen[33m.[39mgetByText([32m'X├íc nhß║¡n 
duyß╗çt'[39m))[33m.[39mtoBeInTheDocument()
     [90m     |[39m                     [31m[1m^[22m[39m
     [90m 421 |[39m     })
     [90m 422 |[39m
     [90m 423 |[39m     it([32m'should dispatch approveAdminPost on 
confirm'[39m[33m,[39m [36masync[39m () [33m=>[39m {[0m

      at Object.getElementError 
(node_modules/@testing-library/dom/dist/config.js:37:19)
      at getElementError 
(node_modules/@testing-library/dom/dist/query-helpers.js:20:35)
      at getMultipleElementsFoundError 
(node_modules/@testing-library/dom/dist/query-helpers.js:23:10)
      at node_modules/@testing-library/dom/dist/query-helpers.js:55:13
      at node_modules/@testing-library/dom/dist/query-helpers.js:95:19
      at Object.<anonymous> 
(src/test/unit/components/Staff/posts/StaffPostApprovalQueue.test.tsx:420:21)

  ΓùÅ StaffPostApprovalQueue ΓÇ║ Approve Action ΓÇ║ should dispatch 
approveAdminPost on confirm

    Cannot find module '../../../../store/postSlice' from 
'src/test/unit/components/Staff/posts/StaffPostApprovalQueue.test.tsx'

    [0m [90m 427 |[39m       })
     [90m 428 |[39m
    [31m[1m>[22m[39m[90m 429 |[39m       [36mconst[39m { 
approveAdminPost } [33m=[39m require([32m'../../../../store/postSlice'[39m)
     [90m     |[39m                                    [31m[1m^[22m[39m
     [90m 430 |[39m
     [90m 431 |[39m       [36mawait[39m act([36masync[39m () 
[33m=>[39m {
     [90m 432 |[39m         
render([33m<[39m[33mStaffPostApprovalQueue[39m 
onReload[33m=[39m{jest[33m.[39mfn()} [33m/[39m[33m>[39m)[0m

      at Resolver._throwModNotFoundError 
(node_modules/jest-resolve/build/index.js:863:11)
      at Object.<anonymous> 
(src/test/unit/components/Staff/posts/StaffPostApprovalQueue.test.tsx:429:36)

  ΓùÅ StaffPostApprovalQueue ΓÇ║ Approve Action ΓÇ║ should show success toast 
on successful approval

    TestingLibraryElementError: Found multiple elements with the text: X├íc 
nhß║¡n duyß╗çt

    Here are the matching elements:

    Ignored nodes: comments, script, style
    [36m<h3[39m
      [33mclass[39m=[32m"text-lg font-bold text-white mb-2"[39m
    [36m>[39m
      [0mX├íc nhß║¡n duyß╗çt[0m
    [36m</h3>[39m

    Ignored nodes: comments, script, style
    [36m<button[39m
      [33mclass[39m=[32m"px-5 py-2.5 rounded-xl bg-fuchsia-600 text-white 
text-xs font-bold hover:bg-fuchsia-500 transition-colors"[39m
    [36m>[39m
      [0mX├íc nhß║¡n duyß╗çt[0m
    [36m</button>[39m

    (If this is intentional, then use the `*AllBy*` variant of the query (like 
`queryAllByText`, `getAllByText`, or `findAllByText`)).

    Ignored nodes: comments, script, style
    [36m<body>[39m
      [36m<div>[39m
        [36m<div[39m
          [33mclass[39m=[32m"space-y-8"[39m
        [36m>[39m
          [36m<div[39m
            [33mclass[39m=[32m"flex items-center justify-between"[39m
          [36m>[39m
            [36m<div>[39m
              [36m<h2[39m
                [33mclass[39m=[32m"text-2xl font-black text-white"[39m
              [36m>[39m
                [0mDuyß╗çt b├ái ─æ─âng Marketing[0m
              [36m</h2>[39m
              [36m<p[39m
                [33mclass[39m=[32m"text-slate-400"[39m
              [36m>[39m
                [0mKiß╗âm duyß╗çt nß╗Öi dung v├á theo d├╡i ph├ón phß╗æi ─æa 
nß╗ün tß║úng[0m
              [36m</p>[39m
            [36m</div>[39m
            [36m<div[39m
              [33mclass[39m=[32m"flex items-center gap-4"[39m
            [36m>[39m
              [36m<div[39m
                [33mclass[39m=[32m"flex gap-2 bg-slate-900/50 p-1 
rounded-lg border border-primary/10"[39m
              [36m>[39m
                [36m<button[39m
                  [33mclass[39m=[32m"px-4 py-2 rounded-md text-xs font-bold 
transition-colors bg-fuchsia-500 text-white"[39m
                [36m>[39m
                  [0mChß╗¥ duyß╗çt[0m
                [36m</button>[39m
                [36m<button[39m
                  [33mclass[39m=[32m"px-4 py-2 rounded-md text-xs font-bold 
transition-colors text-slate-400 hover:text-white"[39m
                [36m>[39m
                  [0m─É├ú duyß╗çt[0m
                [36m</button>[39m
                [36m<button[39m
                  [33mclass[39m=[32m"px-4 py-2 rounded-md text-xs font-bold 
transition-colors text-slate-400 hover:text-white"[39m
                [36m>[39m
                  [0m─É├ú ─æ─âng[0m
                [36m</button>[39m
                [36m<button[39m
                  [33mclass[39m=[32m"px-4 py-2 rounded-md text-xs font-bold 
transition-colors text-slate-400 hover:text-white"[39m
                [36m>[39m
                  [0mBß╗ï tß╗½ chß╗æi[0m
                [36m</button>[39m
              [36m</div>[39m
              [36m<button[39m
                [33mclass[39m=[32m"flex items-center gap-2 px-3 py-2 
rounded-lg bg-slate-800/80 border border-slate-700 text-slate-400 text-xs 
font-medium hover:text-white hover:bg-slate-700 transition-colors 
disabled:opacity-50 disabled:cursor-not-allowed"[39m
              [36m>[39m
                [36m<svg[39m
                  [33mclass[39m=[32m"text-xs "[39m
                  [33mfill[39m=[32m"currentColor"[39m
                  [33mheight[39m=[32m"1em"[39m
                  [33mstroke[39m=[32m"currentColor"[39m
                  [33mstroke-width[39m=[32m"0"[39m
                  [33mviewBox[39m=[32m"0 0 512 512"[39m
                  [33mwidth[39m=[32m"1em"[39m
                  [33mxmlns[39m=[32m"http://www.w3.org/2000/svg"[39m
                [36m>[39m
                  [36m<path[39m
                    [33md[39m=[32m"M105.1 202.6c7.7-21.8 20.2-42.3 
37.8-59.8c62.5-62.5 163.8-62.5 226.3 0L386.3 160 352 160c-17.7 0-32 14.3-32 
32s14.3 32 32 32l111.5 0c0 0 0 0 0 0l.4 0c17.7 0 32-14.3 
32-32l0-112c0-17.7-14.3-32-32-32s-32 14.3-32 32l0 35.2L414.4 
97.6c-87.5-87.5-229.3-87.5-316.8 0C73.2 122 55.6 150.7 44.8 181.4c-5.9 16.7 
2.9 34.9 19.5 40.8s34.9-2.9 40.8-19.5zM39 289.3c-5 1.5-9.8 4.2-13.7 8.2c-4 
4-6.7 8.8-8.1 14c-.3 1.2-.6 2.5-.8 3.8c-.3 1.7-.4 3.4-.4 5.1L16 432c0 17.7 
14.3 32 32 32s32-14.3 32-32l0-35.1 17.6 17.5c0 0 0 0 0 0c87.5 87.4 229.3 87.4 
316.7 0c24.4-24.4 42.1-53.1 52.9-83.8c5.9-16.7-2.9-34.9-19.5-40.8s-34.9 
2.9-40.8 19.5c-7.7 21.8-20.2 42.3-37.8 59.8c-62.5 62.5-163.8 62.5-226.3 
0l-.1-.1L125.6 352l34.4 0c17.7 0 32-14.3 32-32s-14.3-32-32-32L48.4 288c-1.6 
0-3.2 .1-4.8 .3s-3.1 .5-4.6 1z"[39m
                  [36m/>[39m
                [36m</svg>[39m
                [0mReload[0m
              [36m</button>[39m
            [36m</div>[39m
          [36m</div>[39m
          [36m<div[39m
            [33mclass[39m=[32m"grid grid-cols-1 lg:grid-cols-2 
2xl:grid-cols-3 gap-8"[39m
          [36m>[39m
            [36m<div[39m
              [33mdata-id[39m=[32m"post-1"[39m
              [33mdata-status[39m=[32m"pending"[39m
              [33mdata-testid[39m=[32m"post-card"[39m
            [36m>[39m
              [36m<span[39m
                [33mdata-testid[39m=[32m"post-title"[39m
              [36m>[39m
                [0mTest Post[0m
              [36m</span>[39m
              [36m<span[39m
                [33mdata-testid[39m=[32m"post-status"[39m
              [36m>[39m
                [0mpending[0m
              [36m</span>[39m
              [36m<button[39m
                [33mdata-testid[39m=[32m"approve-btn"[39m
              [36m>[39m
                [0mApprove[0m
              [36m</button>[39m
              [36m<button[39m
                [33mdata-testid[39m=[32m"reject-btn"[39m
              [36m>[39m
                [0mReject[0m
              [36m</button>[39m
              [36m<button[39m
                [33mdata-testid[39m=[32m"view-btn"[39m
              [36m>[39m
                [0mView[0m
              [36m</button>[39m
            [36m</div>[39m
          [36m</div>[39m
          [36m<div[39m
            [33mclass[39m=[32m"fixed inset-0 z-50 flex items-center 
justify-center bg-black/60 backdrop-blur-sm"[39m
          [36m>[39m
            [36m<div[39m
              [33mclass[39m=[32m"w-full max-w-sm rounded-2xl border 
border-primary/10 bg-[#1a1530] p-6 shadow-2xl"[39m
            [36m>[39m
              [36m<h3[39m
                [33mclass[39m=[32m"text-lg font-bold text-white mb-2"[39m
              [36m>[39m
                [0mX├íc nhß║¡n duyß╗çt[0m
              [36m</h3>[39m
              [36m<p[39m
                [33mclass[39m=[32m"text-sm text-slate-400 mb-6"[39m
              [36m>[39m
                [0mBß║ín c├│ chß║»c chß║»n muß╗æn duyß╗çt b├ái ─æ─âng 
n├áy?[0m
              [36m</p>[39m
              [36m<div[39m
                [33mclass[39m=[32m"flex gap-3 justify-end"[39m
              [36m>[39m
                [36m<button[39m
                  [33mclass[39m=[32m"px-5 py-2.5 rounded-xl border 
border-slate-700 text-slate-300 text-xs font-bold hover:bg-slate-800 
transition-colors"[39m
                [36m>[39m
                  [0mHß╗ºy[0m
                [36m</button>[39m
                [36m<button[39m
                  [33mclass[39m=[32m"px-5 py-2.5 rounded-xl bg-fuchsia-600 
text-white text-xs font-bold hover:bg-fuchsia-500 transition-colors"[39m
                [36m>[39m
                  [0mX├íc nhß║¡n duyß╗çt[0m
                [36m</button>[39m
              [36m</div>[39m
            [36m</div>[39m
          [36m</div>[39m
        [36m</div>[39m
      [36m</div>[39m
    [36m</body>[39m

    [0m [90m 454 |[39m
     [90m 455 |[39m       [36mawait[39m userEvent[33m.[39mclick(screen[3
3m.[39mgetByTestId([32m'approve-btn'[39m))
    [31m[1m>[22m[39m[90m 456 |[39m       [36mawait[39m 
userEvent[33m.[39mclick(screen[33m.[39mgetByText([32m'X├íc nhß║¡n 
duyß╗çt'[39m))
     [90m     |[39m                                    [31m[1m^[22m[39m
     [90m 457 |[39m
     [90m 458 |[39m       [36mawait[39m waitFor(() [33m=>[39m {
     [90m 459 |[39m         
expect(mockToastSuccess)[33m.[39mtoHaveBeenCalledWith([0m

      at Object.getElementError 
(node_modules/@testing-library/dom/dist/config.js:37:19)
      at getElementError 
(node_modules/@testing-library/dom/dist/query-helpers.js:20:35)
      at getMultipleElementsFoundError 
(node_modules/@testing-library/dom/dist/query-helpers.js:23:10)
      at node_modules/@testing-library/dom/dist/query-helpers.js:55:13
      at node_modules/@testing-library/dom/dist/query-helpers.js:95:19
      at Object.<anonymous> 
(src/test/unit/components/Staff/posts/StaffPostApprovalQueue.test.tsx:456:36)

  ΓùÅ StaffPostApprovalQueue ΓÇ║ Approve Action ΓÇ║ should call onReload after 
successful approval

    TestingLibraryElementError: Found multiple elements with the text: X├íc 
nhß║¡n duyß╗çt

    Here are the matching elements:

    Ignored nodes: comments, script, style
    [36m<h3[39m
      [33mclass[39m=[32m"text-lg font-bold text-white mb-2"[39m
    [36m>[39m
      [0mX├íc nhß║¡n duyß╗çt[0m
    [36m</h3>[39m

    Ignored nodes: comments, script, style
    [36m<button[39m
      [33mclass[39m=[32m"px-5 py-2.5 rounded-xl bg-fuchsia-600 text-white 
text-xs font-bold hover:bg-fuchsia-500 transition-colors"[39m
    [36m>[39m
      [0mX├íc nhß║¡n duyß╗çt[0m
    [36m</button>[39m

    (If this is intentional, then use the `*AllBy*` variant of the query (like 
`queryAllByText`, `getAllByText`, or `findAllByText`)).

    Ignored nodes: comments, script, style
    [36m<body>[39m
      [36m<div>[39m
        [36m<div[39m
          [33mclass[39m=[32m"space-y-8"[39m
        [36m>[39m
          [36m<div[39m
            [33mclass[39m=[32m"flex items-center justify-between"[39m
          [36m>[39m
            [36m<div>[39m
              [36m<h2[39m
                [33mclass[39m=[32m"text-2xl font-black text-white"[39m
              [36m>[39m
                [0mDuyß╗çt b├ái ─æ─âng Marketing[0m
              [36m</h2>[39m
              [36m<p[39m
                [33mclass[39m=[32m"text-slate-400"[39m
              [36m>[39m
                [0mKiß╗âm duyß╗çt nß╗Öi dung v├á theo d├╡i ph├ón phß╗æi ─æa 
nß╗ün tß║úng[0m
              [36m</p>[39m
            [36m</div>[39m
            [36m<div[39m
              [33mclass[39m=[32m"flex items-center gap-4"[39m
            [36m>[39m
              [36m<div[39m
                [33mclass[39m=[32m"flex gap-2 bg-slate-900/50 p-1 
rounded-lg border border-primary/10"[39m
              [36m>[39m
                [36m<button[39m
                  [33mclass[39m=[32m"px-4 py-2 rounded-md text-xs font-bold 
transition-colors bg-fuchsia-500 text-white"[39m
                [36m>[39m
                  [0mChß╗¥ duyß╗çt[0m
                [36m</button>[39m
                [36m<button[39m
                  [33mclass[39m=[32m"px-4 py-2 rounded-md text-xs font-bold 
transition-colors text-slate-400 hover:text-white"[39m
                [36m>[39m
                  [0m─É├ú duyß╗çt[0m
                [36m</button>[39m
                [36m<button[39m
                  [33mclass[39m=[32m"px-4 py-2 rounded-md text-xs font-bold 
transition-colors text-slate-400 hover:text-white"[39m
                [36m>[39m
                  [0m─É├ú ─æ─âng[0m
                [36m</button>[39m
                [36m<button[39m
                  [33mclass[39m=[32m"px-4 py-2 rounded-md text-xs font-bold 
transition-colors text-slate-400 hover:text-white"[39m
                [36m>[39m
                  [0mBß╗ï tß╗½ chß╗æi[0m
                [36m</button>[39m
              [36m</div>[39m
              [36m<button[39m
                [33mclass[39m=[32m"flex items-center gap-2 px-3 py-2 
rounded-lg bg-slate-800/80 border border-slate-700 text-slate-400 text-xs 
font-medium hover:text-white hover:bg-slate-700 transition-colors 
disabled:opacity-50 disabled:cursor-not-allowed"[39m
              [36m>[39m
                [36m<svg[39m
                  [33mclass[39m=[32m"text-xs "[39m
                  [33mfill[39m=[32m"currentColor"[39m
                  [33mheight[39m=[32m"1em"[39m
                  [33mstroke[39m=[32m"currentColor"[39m
                  [33mstroke-width[39m=[32m"0"[39m
                  [33mviewBox[39m=[32m"0 0 512 512"[39m
                  [33mwidth[39m=[32m"1em"[39m
                  [33mxmlns[39m=[32m"http://www.w3.org/2000/svg"[39m
                [36m>[39m
                  [36m<path[39m
                    [33md[39m=[32m"M105.1 202.6c7.7-21.8 20.2-42.3 
37.8-59.8c62.5-62.5 163.8-62.5 226.3 0L386.3 160 352 160c-17.7 0-32 14.3-32 
32s14.3 32 32 32l111.5 0c0 0 0 0 0 0l.4 0c17.7 0 32-14.3 
32-32l0-112c0-17.7-14.3-32-32-32s-32 14.3-32 32l0 35.2L414.4 
97.6c-87.5-87.5-229.3-87.5-316.8 0C73.2 122 55.6 150.7 44.8 181.4c-5.9 16.7 
2.9 34.9 19.5 40.8s34.9-2.9 40.8-19.5zM39 289.3c-5 1.5-9.8 4.2-13.7 8.2c-4 
4-6.7 8.8-8.1 14c-.3 1.2-.6 2.5-.8 3.8c-.3 1.7-.4 3.4-.4 5.1L16 432c0 17.7 
14.3 32 32 32s32-14.3 32-32l0-35.1 17.6 17.5c0 0 0 0 0 0c87.5 87.4 229.3 87.4 
316.7 0c24.4-24.4 42.1-53.1 52.9-83.8c5.9-16.7-2.9-34.9-19.5-40.8s-34.9 
2.9-40.8 19.5c-7.7 21.8-20.2 42.3-37.8 59.8c-62.5 62.5-163.8 62.5-226.3 
0l-.1-.1L125.6 352l34.4 0c17.7 0 32-14.3 32-32s-14.3-32-32-32L48.4 288c-1.6 
0-3.2 .1-4.8 .3s-3.1 .5-4.6 1z"[39m
                  [36m/>[39m
                [36m</svg>[39m
                [0mReload[0m
              [36m</button>[39m
            [36m</div>[39m
          [36m</div>[39m
          [36m<div[39m
            [33mclass[39m=[32m"grid grid-cols-1 lg:grid-cols-2 
2xl:grid-cols-3 gap-8"[39m
          [36m>[39m
            [36m<div[39m
              [33mdata-id[39m=[32m"post-1"[39m
              [33mdata-status[39m=[32m"pending"[39m
              [33mdata-testid[39m=[32m"post-card"[39m
            [36m>[39m
              [36m<span[39m
                [33mdata-testid[39m=[32m"post-title"[39m
              [36m>[39m
                [0mTest Post[0m
              [36m</span>[39m
              [36m<span[39m
                [33mdata-testid[39m=[32m"post-status"[39m
              [36m>[39m
                [0mpending[0m
              [36m</span>[39m
              [36m<button[39m
                [33mdata-testid[39m=[32m"approve-btn"[39m
              [36m>[39m
                [0mApprove[0m
              [36m</button>[39m
              [36m<button[39m
                [33mdata-testid[39m=[32m"reject-btn"[39m
              [36m>[39m
                [0mReject[0m
              [36m</button>[39m
              [36m<button[39m
                [33mdata-testid[39m=[32m"view-btn"[39m
              [36m>[39m
                [0mView[0m
              [36m</button>[39m
            [36m</div>[39m
          [36m</div>[39m
          [36m<div[39m
            [33mclass[39m=[32m"fixed inset-0 z-50 flex items-center 
justify-center bg-black/60 backdrop-blur-sm"[39m
          [36m>[39m
            [36m<div[39m
              [33mclass[39m=[32m"w-full max-w-sm rounded-2xl border 
border-primary/10 bg-[#1a1530] p-6 shadow-2xl"[39m
            [36m>[39m
              [36m<h3[39m
                [33mclass[39m=[32m"text-lg font-bold text-white mb-2"[39m
              [36m>[39m
                [0mX├íc nhß║¡n duyß╗çt[0m
              [36m</h3>[39m
              [36m<p[39m
                [33mclass[39m=[32m"text-sm text-slate-400 mb-6"[39m
              [36m>[39m
                [0mBß║ín c├│ chß║»c chß║»n muß╗æn duyß╗çt b├ái ─æ─âng 
n├áy?[0m
              [36m</p>[39m
              [36m<div[39m
                [33mclass[39m=[32m"flex gap-3 justify-end"[39m
              [36m>[39m
                [36m<button[39m
                  [33mclass[39m=[32m"px-5 py-2.5 rounded-xl border 
border-slate-700 text-slate-300 text-xs font-bold hover:bg-slate-800 
transition-colors"[39m
                [36m>[39m
                  [0mHß╗ºy[0m
                [36m</button>[39m
                [36m<button[39m
                  [33mclass[39m=[32m"px-5 py-2.5 rounded-xl bg-fuchsia-600 
text-white text-xs font-bold hover:bg-fuchsia-500 transition-colors"[39m
                [36m>[39m
                  [0mX├íc nhß║¡n duyß╗çt[0m
                [36m</button>[39m
              [36m</div>[39m
            [36m</div>[39m
          [36m</div>[39m
        [36m</div>[39m
      [36m</div>[39m
    [36m</body>[39m

    [0m [90m 475 |[39m
     [90m 476 |[39m       [36mawait[39m userEvent[33m.[39mclick(screen[3
3m.[39mgetByTestId([32m'approve-btn'[39m))
    [31m[1m>[22m[39m[90m 477 |[39m       [36mawait[39m 
userEvent[33m.[39mclick(screen[33m.[39mgetByText([32m'X├íc nhß║¡n 
duyß╗çt'[39m))
     [90m     |[39m                                    [31m[1m^[22m[39m
     [90m 478 |[39m
     [90m 479 |[39m       [36mawait[39m waitFor(() [33m=>[39m {
     [90m 480 |[39m         expect(onReload)[33m.[39mtoHaveBeenCalled()[0m

      at Object.getElementError 
(node_modules/@testing-library/dom/dist/config.js:37:19)
      at getElementError 
(node_modules/@testing-library/dom/dist/query-helpers.js:20:35)
      at getMultipleElementsFoundError 
(node_modules/@testing-library/dom/dist/query-helpers.js:23:10)
      at node_modules/@testing-library/dom/dist/query-helpers.js:55:13
      at node_modules/@testing-library/dom/dist/query-helpers.js:95:19
      at Object.<anonymous> 
(src/test/unit/components/Staff/posts/StaffPostApprovalQueue.test.tsx:477:36)

  ΓùÅ StaffPostApprovalQueue ΓÇ║ Reject Action ΓÇ║ should show reject 
confirmation modal when reject is clicked

    TestingLibraryElementError: Found multiple elements with the text: X├íc 
nhß║¡n tß╗½ chß╗æi

    Here are the matching elements:

    Ignored nodes: comments, script, style
    [36m<h3[39m
      [33mclass[39m=[32m"text-lg font-bold text-white mb-2"[39m
    [36m>[39m
      [0mX├íc nhß║¡n tß╗½ chß╗æi[0m
    [36m</h3>[39m

    Ignored nodes: comments, script, style
    [36m<button[39m
      [33mclass[39m=[32m"px-5 py-2.5 rounded-xl bg-red-600 text-white 
text-xs font-bold hover:bg-red-500 transition-colors"[39m
    [36m>[39m
      [0mX├íc nhß║¡n tß╗½ chß╗æi[0m
    [36m</button>[39m

    (If this is intentional, then use the `*AllBy*` variant of the query (like 
`queryAllByText`, `getAllByText`, or `findAllByText`)).

    Ignored nodes: comments, script, style
    [36m<body>[39m
      [36m<div>[39m
        [36m<div[39m
          [33mclass[39m=[32m"space-y-8"[39m
        [36m>[39m
          [36m<div[39m
            [33mclass[39m=[32m"flex items-center justify-between"[39m
          [36m>[39m
            [36m<div>[39m
              [36m<h2[39m
                [33mclass[39m=[32m"text-2xl font-black text-white"[39m
              [36m>[39m
                [0mDuyß╗çt b├ái ─æ─âng Marketing[0m
              [36m</h2>[39m
              [36m<p[39m
                [33mclass[39m=[32m"text-slate-400"[39m
              [36m>[39m
                [0mKiß╗âm duyß╗çt nß╗Öi dung v├á theo d├╡i ph├ón phß╗æi ─æa 
nß╗ün tß║úng[0m
              [36m</p>[39m
            [36m</div>[39m
            [36m<div[39m
              [33mclass[39m=[32m"flex items-center gap-4"[39m
            [36m>[39m
              [36m<div[39m
                [33mclass[39m=[32m"flex gap-2 bg-slate-900/50 p-1 
rounded-lg border border-primary/10"[39m
              [36m>[39m
                [36m<button[39m
                  [33mclass[39m=[32m"px-4 py-2 rounded-md text-xs font-bold 
transition-colors bg-fuchsia-500 text-white"[39m
                [36m>[39m
                  [0mChß╗¥ duyß╗çt[0m
                [36m</button>[39m
                [36m<button[39m
                  [33mclass[39m=[32m"px-4 py-2 rounded-md text-xs font-bold 
transition-colors text-slate-400 hover:text-white"[39m
                [36m>[39m
                  [0m─É├ú duyß╗çt[0m
                [36m</button>[39m
                [36m<button[39m
                  [33mclass[39m=[32m"px-4 py-2 rounded-md text-xs font-bold 
transition-colors text-slate-400 hover:text-white"[39m
                [36m>[39m
                  [0m─É├ú ─æ─âng[0m
                [36m</button>[39m
                [36m<button[39m
                  [33mclass[39m=[32m"px-4 py-2 rounded-md text-xs font-bold 
transition-colors text-slate-400 hover:text-white"[39m
                [36m>[39m
                  [0mBß╗ï tß╗½ chß╗æi[0m
                [36m</button>[39m
              [36m</div>[39m
              [36m<button[39m
                [33mclass[39m=[32m"flex items-center gap-2 px-3 py-2 
rounded-lg bg-slate-800/80 border border-slate-700 text-slate-400 text-xs 
font-medium hover:text-white hover:bg-slate-700 transition-colors 
disabled:opacity-50 disabled:cursor-not-allowed"[39m
              [36m>[39m
                [36m<svg[39m
                  [33mclass[39m=[32m"text-xs "[39m
                  [33mfill[39m=[32m"currentColor"[39m
                  [33mheight[39m=[32m"1em"[39m
                  [33mstroke[39m=[32m"currentColor"[39m
                  [33mstroke-width[39m=[32m"0"[39m
                  [33mviewBox[39m=[32m"0 0 512 512"[39m
                  [33mwidth[39m=[32m"1em"[39m
                  [33mxmlns[39m=[32m"http://www.w3.org/2000/svg"[39m
                [36m>[39m
                  [36m<path[39m
                    [33md[39m=[32m"M105.1 202.6c7.7-21.8 20.2-42.3 
37.8-59.8c62.5-62.5 163.8-62.5 226.3 0L386.3 160 352 160c-17.7 0-32 14.3-32 
32s14.3 32 32 32l111.5 0c0 0 0 0 0 0l.4 0c17.7 0 32-14.3 
32-32l0-112c0-17.7-14.3-32-32-32s-32 14.3-32 32l0 35.2L414.4 
97.6c-87.5-87.5-229.3-87.5-316.8 0C73.2 122 55.6 150.7 44.8 181.4c-5.9 16.7 
2.9 34.9 19.5 40.8s34.9-2.9 40.8-19.5zM39 289.3c-5 1.5-9.8 4.2-13.7 8.2c-4 
4-6.7 8.8-8.1 14c-.3 1.2-.6 2.5-.8 3.8c-.3 1.7-.4 3.4-.4 5.1L16 432c0 17.7 
14.3 32 32 32s32-14.3 32-32l0-35.1 17.6 17.5c0 0 0 0 0 0c87.5 87.4 229.3 87.4 
316.7 0c24.4-24.4 42.1-53.1 52.9-83.8c5.9-16.7-2.9-34.9-19.5-40.8s-34.9 
2.9-40.8 19.5c-7.7 21.8-20.2 42.3-37.8 59.8c-62.5 62.5-163.8 62.5-226.3 
0l-.1-.1L125.6 352l34.4 0c17.7 0 32-14.3 32-32s-14.3-32-32-32L48.4 288c-1.6 
0-3.2 .1-4.8 .3s-3.1 .5-4.6 1z"[39m
                  [36m/>[39m
                [36m</svg>[39m
                [0mReload[0m
              [36m</button>[39m
            [36m</div>[39m
          [36m</div>[39m
          [36m<div[39m
            [33mclass[39m=[32m"grid grid-cols-1 lg:grid-cols-2 
2xl:grid-cols-3 gap-8"[39m
          [36m>[39m
            [36m<div[39m
              [33mdata-id[39m=[32m"post-1"[39m
              [33mdata-status[39m=[32m"pending"[39m
              [33mdata-testid[39m=[32m"post-card"[39m
            [36m>[39m
              [36m<span[39m
                [33mdata-testid[39m=[32m"post-title"[39m
              [36m>[39m
                [0mTest Post[0m
              [36m</span>[39m
              [36m<span[39m
                [33mdata-testid[39m=[32m"post-status"[39m
              [36m>[39m
                [0mpending[0m
              [36m</span>[39m
              [36m<button[39m
                [33mdata-testid[39m=[32m"approve-btn"[39m
              [36m>[39m
                [0mApprove[0m
              [36m</button>[39m
              [36m<button[39m
                [33mdata-testid[39m=[32m"reject-btn"[39m
              [36m>[39m
                [0mReject[0m
              [36m</button>[39m
              [36m<button[39m
                [33mdata-testid[39m=[32m"view-btn"[39m
              [36m>[39m
                [0mView[0m
              [36m</button>[39m
            [36m</div>[39m
          [36m</div>[39m
          [36m<div[39m
            [33mclass[39m=[32m"fixed inset-0 z-50 flex items-center 
justify-center bg-black/60 backdrop-blur-sm"[39m
          [36m>[39m
            [36m<div[39m
              [33mclass[39m=[32m"w-full max-w-sm rounded-2xl border 
border-primary/10 bg-[#1a1530] p-6 shadow-2xl"[39m
            [36m>[39m
              [36m<h3[39m
                [33mclass[39m=[32m"text-lg font-bold text-white mb-2"[39m
              [36m>[39m
                [0mX├íc nhß║¡n tß╗½ chß╗æi[0m
              [36m</h3>[39m
              [36m<p[39m
                [33mclass[39m=[32m"text-sm text-slate-400 mb-4"[39m
              [36m>[39m
                [0mBß║ín c├│ chß║»c chß║»n muß╗æn tß╗½ chß╗æi b├ái ─æ─âng 
n├áy?[0m
              [36m</p>[39m
              [36m<div[39m
                [33mclass[39m=[32m"mb-6"[39m
              [36m>[39m
                [36m<label[39m
                  [33mclass[39m=[32m"block text-xs font-semibold 
text-slate-400 mb-2 uppercase tracking-wider"[39m
                [36m>[39m
                  [0mL├╜ do tß╗½ chß╗æi[0m
                [36m</label>[39m
                [36m<textarea[39m
                  [33mclass[39m=[32m"w-full rounded-lg bg-slate-900 border 
border-slate-700 text-white text-sm p-3 resize-none focus:ring-1 
focus:ring-fuchsia-500 focus:border-fuchsia-500 transition-colors"[39m
                  [33mplaceholder[39m=[32m"Nhß║¡p l├╜ do tß╗½ 
chß╗æi..."[39m
                  [33mrows[39m=[32m"3"[39m
                [36m/>[39m
              [36m</div>[39m
              [36m<div[39m
                [33mclass[39m=[32m"flex gap-3 justify-end"[39m
              [36m>[39m
                [36m<button[39m
                  [33mclass[39m=[32m"px-5 py-2.5 rounded-xl border 
border-slate-700 text-slate-300 text-xs font-bold hover:bg-slate-800 
transition-colors"[39m
                [36m>[39m
                  [0mHß╗ºy[0m
                [36m</button>[39m
                [36m<button[39m
                  [33mclass[39m=[32m"px-5 py-2.5 rounded-xl bg-red-600 
text-white text-xs font-bold hover:bg-red-500 transition-colors"[39m
                [36m>[39m
                  [0mX├íc nhß║¡n tß╗½ chß╗æi[0m
                [36m</button>[39m
              [36m</div>[39m
            [36m</div>[39m
          [36m</div>[39m
        [36m</div>[39m
      [36m</div>[39m
    [36m</body>[39m

    [0m [90m 493 |[39m       [36mawait[39m 
userEvent[33m.[39mclick(screen[33m.[39mgetByTestId([32m'reject-btn'[39m))
     [90m 494 |[39m
    [31m[1m>[22m[39m[90m 495 |[39m       
expect(screen[33m.[39mgetByText([32m'X├íc nhß║¡n tß╗½ 
chß╗æi'[39m))[33m.[39mtoBeInTheDocument()
     [90m     |[39m                     [31m[1m^[22m[39m
     [90m 496 |[39m     })
     [90m 497 |[39m
     [90m 498 |[39m     it([32m'should dispatch rejectAdminPost with reason 
on confirm'[39m[33m,[39m [36masync[39m () [33m=>[39m {[0m

      at Object.getElementError 
(node_modules/@testing-library/dom/dist/config.js:37:19)
      at getElementError 
(node_modules/@testing-library/dom/dist/query-helpers.js:20:35)
      at getMultipleElementsFoundError 
(node_modules/@testing-library/dom/dist/query-helpers.js:23:10)
      at node_modules/@testing-library/dom/dist/query-helpers.js:55:13
      at node_modules/@testing-library/dom/dist/query-helpers.js:95:19
      at Object.<anonymous> 
(src/test/unit/components/Staff/posts/StaffPostApprovalQueue.test.tsx:495:21)

  ΓùÅ StaffPostApprovalQueue ΓÇ║ Reject Action ΓÇ║ should dispatch 
rejectAdminPost with reason on confirm

    Cannot find module '../../../../store/postSlice' from 
'src/test/unit/components/Staff/posts/StaffPostApprovalQueue.test.tsx'

    [0m [90m 502 |[39m       })
     [90m 503 |[39m
    [31m[1m>[22m[39m[90m 504 |[39m       [36mconst[39m { 
rejectAdminPost } [33m=[39m require([32m'../../../../store/postSlice'[39m)
     [90m     |[39m                                   [31m[1m^[22m[39m
     [90m 505 |[39m
     [90m 506 |[39m       [36mawait[39m act([36masync[39m () 
[33m=>[39m {
     [90m 507 |[39m         
render([33m<[39m[33mStaffPostApprovalQueue[39m 
onReload[33m=[39m{jest[33m.[39mfn()} [33m/[39m[33m>[39m)[0m

      at Resolver._throwModNotFoundError 
(node_modules/jest-resolve/build/index.js:863:11)
      at Object.<anonymous> 
(src/test/unit/components/Staff/posts/StaffPostApprovalQueue.test.tsx:504:35)

  ΓùÅ StaffPostApprovalQueue ΓÇ║ Reject Action ΓÇ║ should show success toast 
on successful rejection

    TestingLibraryElementError: Found multiple elements with the text: X├íc 
nhß║¡n tß╗½ chß╗æi

    Here are the matching elements:

    Ignored nodes: comments, script, style
    [36m<h3[39m
      [33mclass[39m=[32m"text-lg font-bold text-white mb-2"[39m
    [36m>[39m
      [0mX├íc nhß║¡n tß╗½ chß╗æi[0m
    [36m</h3>[39m

    Ignored nodes: comments, script, style
    [36m<button[39m
      [33mclass[39m=[32m"px-5 py-2.5 rounded-xl bg-red-600 text-white 
text-xs font-bold hover:bg-red-500 transition-colors"[39m
    [36m>[39m
      [0mX├íc nhß║¡n tß╗½ chß╗æi[0m
    [36m</button>[39m

    (If this is intentional, then use the `*AllBy*` variant of the query (like 
`queryAllByText`, `getAllByText`, or `findAllByText`)).

    Ignored nodes: comments, script, style
    [36m<body>[39m
      [36m<div>[39m
        [36m<div[39m
          [33mclass[39m=[32m"space-y-8"[39m
        [36m>[39m
          [36m<div[39m
            [33mclass[39m=[32m"flex items-center justify-between"[39m
          [36m>[39m
            [36m<div>[39m
              [36m<h2[39m
                [33mclass[39m=[32m"text-2xl font-black text-white"[39m
              [36m>[39m
                [0mDuyß╗çt b├ái ─æ─âng Marketing[0m
              [36m</h2>[39m
              [36m<p[39m
                [33mclass[39m=[32m"text-slate-400"[39m
              [36m>[39m
                [0mKiß╗âm duyß╗çt nß╗Öi dung v├á theo d├╡i ph├ón phß╗æi ─æa 
nß╗ün tß║úng[0m
              [36m</p>[39m
            [36m</div>[39m
            [36m<div[39m
              [33mclass[39m=[32m"flex items-center gap-4"[39m
            [36m>[39m
              [36m<div[39m
                [33mclass[39m=[32m"flex gap-2 bg-slate-900/50 p-1 
rounded-lg border border-primary/10"[39m
              [36m>[39m
                [36m<button[39m
                  [33mclass[39m=[32m"px-4 py-2 rounded-md text-xs font-bold 
transition-colors bg-fuchsia-500 text-white"[39m
                [36m>[39m
                  [0mChß╗¥ duyß╗çt[0m
                [36m</button>[39m
                [36m<button[39m
                  [33mclass[39m=[32m"px-4 py-2 rounded-md text-xs font-bold 
transition-colors text-slate-400 hover:text-white"[39m
                [36m>[39m
                  [0m─É├ú duyß╗çt[0m
                [36m</button>[39m
                [36m<button[39m
                  [33mclass[39m=[32m"px-4 py-2 rounded-md text-xs font-bold 
transition-colors text-slate-400 hover:text-white"[39m
                [36m>[39m
                  [0m─É├ú ─æ─âng[0m
                [36m</button>[39m
                [36m<button[39m
                  [33mclass[39m=[32m"px-4 py-2 rounded-md text-xs font-bold 
transition-colors text-slate-400 hover:text-white"[39m
                [36m>[39m
                  [0mBß╗ï tß╗½ chß╗æi[0m
                [36m</button>[39m
              [36m</div>[39m
              [36m<button[39m
                [33mclass[39m=[32m"flex items-center gap-2 px-3 py-2 
rounded-lg bg-slate-800/80 border border-slate-700 text-slate-400 text-xs 
font-medium hover:text-white hover:bg-slate-700 transition-colors 
disabled:opacity-50 disabled:cursor-not-allowed"[39m
              [36m>[39m
                [36m<svg[39m
                  [33mclass[39m=[32m"text-xs "[39m
                  [33mfill[39m=[32m"currentColor"[39m
                  [33mheight[39m=[32m"1em"[39m
                  [33mstroke[39m=[32m"currentColor"[39m
                  [33mstroke-width[39m=[32m"0"[39m
                  [33mviewBox[39m=[32m"0 0 512 512"[39m
                  [33mwidth[39m=[32m"1em"[39m
                  [33mxmlns[39m=[32m"http://www.w3.org/2000/svg"[39m
                [36m>[39m
                  [36m<path[39m
                    [33md[39m=[32m"M105.1 202.6c7.7-21.8 20.2-42.3 
37.8-59.8c62.5-62.5 163.8-62.5 226.3 0L386.3 160 352 160c-17.7 0-32 14.3-32 
32s14.3 32 32 32l111.5 0c0 0 0 0 0 0l.4 0c17.7 0 32-14.3 
32-32l0-112c0-17.7-14.3-32-32-32s-32 14.3-32 32l0 35.2L414.4 
97.6c-87.5-87.5-229.3-87.5-316.8 0C73.2 122 55.6 150.7 44.8 181.4c-5.9 16.7 
2.9 34.9 19.5 40.8s34.9-2.9 40.8-19.5zM39 289.3c-5 1.5-9.8 4.2-13.7 8.2c-4 
4-6.7 8.8-8.1 14c-.3 1.2-.6 2.5-.8 3.8c-.3 1.7-.4 3.4-.4 5.1L16 432c0 17.7 
14.3 32 32 32s32-14.3 32-32l0-35.1 17.6 17.5c0 0 0 0 0 0c87.5 87.4 229.3 87.4 
316.7 0c24.4-24.4 42.1-53.1 52.9-83.8c5.9-16.7-2.9-34.9-19.5-40.8s-34.9 
2.9-40.8 19.5c-7.7 21.8-20.2 42.3-37.8 59.8c-62.5 62.5-163.8 62.5-226.3 
0l-.1-.1L125.6 352l34.4 0c17.7 0 32-14.3 32-32s-14.3-32-32-32L48.4 288c-1.6 
0-3.2 .1-4.8 .3s-3.1 .5-4.6 1z"[39m
                  [36m/>[39m
                [36m</svg>[39m
                [0mReload[0m
              [36m</button>[39m
            [36m</div>[39m
          [36m</div>[39m
          [36m<div[39m
            [33mclass[39m=[32m"grid grid-cols-1 lg:grid-cols-2 
2xl:grid-cols-3 gap-8"[39m
          [36m>[39m
            [36m<div[39m
              [33mdata-id[39m=[32m"post-1"[39m
              [33mdata-status[39m=[32m"pending"[39m
              [33mdata-testid[39m=[32m"post-card"[39m
            [36m>[39m
              [36m<span[39m
                [33mdata-testid[39m=[32m"post-title"[39m
              [36m>[39m
                [0mTest Post[0m
              [36m</span>[39m
              [36m<span[39m
                [33mdata-testid[39m=[32m"post-status"[39m
              [36m>[39m
                [0mpending[0m
              [36m</span>[39m
              [36m<button[39m
                [33mdata-testid[39m=[32m"approve-btn"[39m
              [36m>[39m
                [0mApprove[0m
              [36m</button>[39m
              [36m<button[39m
                [33mdata-testid[39m=[32m"reject-btn"[39m
              [36m>[39m
                [0mReject[0m
              [36m</button>[39m
              [36m<button[39m
                [33mdata-testid[39m=[32m"view-btn"[39m
              [36m>[39m
                [0mView[0m
              [36m</button>[39m
            [36m</div>[39m
          [36m</div>[39m
          [36m<div[39m
            [33mclass[39m=[32m"fixed inset-0 z-50 flex items-center 
justify-center bg-black/60 backdrop-blur-sm"[39m
          [36m>[39m
            [36m<div[39m
              [33mclass[39m=[32m"w-full max-w-sm rounded-2xl border 
border-primary/10 bg-[#1a1530] p-6 shadow-2xl"[39m
            [36m>[39m
              [36m<h3[39m
                [33mclass[39m=[32m"text-lg font-bold text-white mb-2"[39m
              [36m>[39m
                [0mX├íc nhß║¡n tß╗½ chß╗æi[0m
              [36m</h3>[39m
              [36m<p[39m
                [33mclass[39m=[32m"text-sm text-slate-400 mb-4"[39m
              [36m>[39m
                [0mBß║ín c├│ chß║»c chß║»n muß╗æn tß╗½ chß╗æi b├ái ─æ─âng 
n├áy?[0m
              [36m</p>[39m
              [36m<div[39m
                [33mclass[39m=[32m"mb-6"[39m
              [36m>[39m
                [36m<label[39m
                  [33mclass[39m=[32m"block text-xs font-semibold 
text-slate-400 mb-2 uppercase tracking-wider"[39m
                [36m>[39m
                  [0mL├╜ do tß╗½ chß╗æi[0m
                [36m</label>[39m
                [36m<textarea[39m
                  [33mclass[39m=[32m"w-full rounded-lg bg-slate-900 border 
border-slate-700 text-white text-sm p-3 resize-none focus:ring-1 
focus:ring-fuchsia-500 focus:border-fuchsia-500 transition-colors"[39m
                  [33mplaceholder[39m=[32m"Nhß║¡p l├╜ do tß╗½ 
chß╗æi..."[39m
                  [33mrows[39m=[32m"3"[39m
                [36m>[39m
                  [0mValid reason[0m
                [36m</textarea>[39m
              [36m</div>[39m
              [36m<div[39m
                [33mclass[39m=[32m"flex gap-3 justify-end"[39m
              [36m>[39m
                [36m<button[39m
                  [33mclass[39m=[32m"px-5 py-2.5 rounded-xl border 
border-slate-700 text-slate-300 text-xs font-bold hover:bg-slate-800 
transition-colors"[39m
                [36m>[39m
                  [0mHß╗ºy[0m
                [36m</button>[39m
                [36m<button[39m
                  [33mclass[39m=[32m"px-5 py-2.5 rounded-xl bg-red-600 
text-white text-xs font-bold hover:bg-red-500 transition-colors"[39m
                [36m>[39m
                  [0mX├íc nhß║¡n tß╗½ chß╗æi[0m
                [36m</button>[39m
              [36m</div>[39m
            [36m</div>[39m
          [36m</div>[39m
        [36m</div>[39m
      [36m</div>[39m
    [36m</body>[39m

    [0m [90m 537 |[39m       [36mconst[39m textarea [33m=[39m 
screen[33m.[39mgetByPlaceholderText([32m'Nhß║¡p l├╜ do tß╗½ chß╗æi...'[39m)
     [90m 538 |[39m       [36mawait[39m 
userEvent[33m.[39mtype(textarea[33m,[39m [32m'Valid reason'[39m)
    [31m[1m>[22m[39m[90m 539 |[39m       [36mawait[39m 
userEvent[33m.[39mclick(screen[33m.[39mgetByText([32m'X├íc nhß║¡n tß╗½ 
chß╗æi'[39m))
     [90m     |[39m                                    [31m[1m^[22m[39m
     [90m 540 |[39m
     [90m 541 |[39m       [36mawait[39m waitFor(() [33m=>[39m {
     [90m 542 |[39m         
expect(mockToastSuccess)[33m.[39mtoHaveBeenCalledWith([32m'─É├ú tß╗½ chß╗æi 
b├ái ─æ─âng'[39m)[0m

      at Object.getElementError 
(node_modules/@testing-library/dom/dist/config.js:37:19)
      at getElementError 
(node_modules/@testing-library/dom/dist/query-helpers.js:20:35)
      at getMultipleElementsFoundError 
(node_modules/@testing-library/dom/dist/query-helpers.js:23:10)
      at node_modules/@testing-library/dom/dist/query-helpers.js:55:13
      at node_modules/@testing-library/dom/dist/query-helpers.js:95:19
      at Object.<anonymous> 
(src/test/unit/components/Staff/posts/StaffPostApprovalQueue.test.tsx:539:36)

  ΓùÅ StaffPostApprovalQueue ΓÇ║ ReReview Action ΓÇ║ should dispatch 
approveAdminPost when re-review is clicked

    Cannot find module '../../../../store/postSlice' from 
'src/test/unit/components/Staff/posts/StaffPostApprovalQueue.test.tsx'

    [0m [90m 554 |[39m       })
     [90m 555 |[39m
    [31m[1m>[22m[39m[90m 556 |[39m       [36mconst[39m { 
approveAdminPost } [33m=[39m require([32m'../../../../store/postSlice'[39m)
     [90m     |[39m                                    [31m[1m^[22m[39m
     [90m 557 |[39m
     [90m 558 |[39m       [36mawait[39m act([36masync[39m () 
[33m=>[39m {
     [90m 559 |[39m         
render([33m<[39m[33mStaffPostApprovalQueue[39m 
onReload[33m=[39m{jest[33m.[39mfn()} [33m/[39m[33m>[39m)[0m

      at Resolver._throwModNotFoundError 
(node_modules/jest-resolve/build/index.js:863:11)
      at Object.<anonymous> 
(src/test/unit/components/Staff/posts/StaffPostApprovalQueue.test.tsx:556:36)

  ΓùÅ StaffPostApprovalQueue ΓÇ║ ReReview Action ΓÇ║ should show success toast 
on successful re-review

    expect(jest.fn()).toHaveBeenCalledWith(...expected)

    Expected: "─É├ú duyß╗çt lß║íi b├ái ─æ─âng th├ánh c├┤ng"

    Number of calls: 0

    Ignored nodes: comments, script, style
    [36m<html>[39m
      [36m<head />[39m
      [36m<body>[39m
        [36m<div>[39m
          [36m<div[39m
            [33mclass[39m=[32m"space-y-8"[39m
          [36m>[39m
            [36m<div[39m
              [33mclass[39m=[32m"flex items-center justify-between"[39m
            [36m>[39m
              [36m<div>[39m
                [36m<h2[39m
                  [33mclass[39m=[32m"text-2xl font-black text-white"[39m
                [36m>[39m
                  [0mDuyß╗çt b├ái ─æ─âng Marketing[0m
                [36m</h2>[39m
                [36m<p[39m
                  [33mclass[39m=[32m"text-slate-400"[39m
                [36m>[39m
                  [0mKiß╗âm duyß╗çt nß╗Öi dung v├á theo d├╡i ph├ón phß╗æi ─æa 
nß╗ün tß║úng[0m
                [36m</p>[39m
              [36m</div>[39m
              [36m<div[39m
                [33mclass[39m=[32m"flex items-center gap-4"[39m
              [36m>[39m
                [36m<div[39m
                  [33mclass[39m=[32m"flex gap-2 bg-slate-900/50 p-1 
rounded-lg border border-primary/10"[39m
                [36m>[39m
                  [36m<button[39m
                    [33mclass[39m=[32m"px-4 py-2 rounded-md text-xs 
font-bold transition-colors bg-fuchsia-500 text-white"[39m
                  [36m>[39m
                    [0mChß╗¥ duyß╗çt[0m
                  [36m</button>[39m
                  [36m<button[39m
                    [33mclass[39m=[32m"px-4 py-2 rounded-md text-xs 
font-bold transition-colors text-slate-400 hover:text-white"[39m
                  [36m>[39m
                    [0m─É├ú duyß╗çt[0m
                  [36m</button>[39m
                  [36m<button[39m
                    [33mclass[39m=[32m"px-4 py-2 rounded-md text-xs 
font-bold transition-colors text-slate-400 hover:text-white"[39m
                  [36m>[39m
                    [0m─É├ú ─æ─âng[0m
                  [36m</button>[39m
                  [36m<button[39m
                    [33mclass[39m=[32m"px-4 py-2 rounded-md text-xs 
font-bold transition-colors text-slate-400 hover:text-white"[39m
                  [36m>[39m
                    [0mBß╗ï tß╗½ chß╗æi[0m
                  [36m</button>[39m
                [36m</div>[39m
                [36m<button[39m
                  [33mclass[39m=[32m"flex items-center gap-2 px-3 py-2 
rounded-lg bg-slate-800/80 border border-slate-700 text-slate-400 text-xs 
font-medium hover:text-white hover:bg-slate-700 transition-colors 
disabled:opacity-50 disabled:cursor-not-allowed"[39m
                [36m>[39m
                  [36m<svg[39m
                    [33mclass[39m=[32m"text-xs "[39m
                    [33mfill[39m=[32m"currentColor"[39m
                    [33mheight[39m=[32m"1em"[39m
                    [33mstroke[39m=[32m"currentColor"[39m
                    [33mstroke-width[39m=[32m"0"[39m
                    [33mviewBox[39m=[32m"0 0 512 512"[39m
                    [33mwidth[39m=[32m"1em"[39m
                    [33mxmlns[39m=[32m"http://www.w3.org/2000/svg"[39m
                  [36m>[39m
                    [36m<path[39m
                      [33md[39m=[32m"M105.1 202.6c7.7-21.8 20.2-42.3 
37.8-59.8c62.5-62.5 163.8-62.5 226.3 0L386.3 160 352 160c-17.7 0-32 14.3-32 
32s14.3 32 32 32l111.5 0c0 0 0 0 0 0l.4 0c17.7 0 32-14.3 
32-32l0-112c0-17.7-14.3-32-32-32s-32 14.3-32 32l0 35.2L414.4 
97.6c-87.5-87.5-229.3-87.5-316.8 0C73.2 122 55.6 150.7 44.8 181.4c-5.9 16.7 
2.9 34.9 19.5 40.8s34.9-2.9 40.8-19.5zM39 289.3c-5 1.5-9.8 4.2-13.7 8.2c-4 
4-6.7 8.8-8.1 14c-.3 1.2-.6 2.5-.8 3.8c-.3 1.7-.4 3.4-.4 5.1L16 432c0 17.7 
14.3 32 32 32s32-14.3 32-32l0-35.1 17.6 17.5c0 0 0 0 0 0c87.5 87.4 229.3 87.4 
316.7 0c24.4-24.4 42.1-53.1 52.9-83.8c5.9-16.7-2.9-34.9-19.5-40.8s-34.9 
2.9-40.8 19.5c-7.7 21.8-20.2 42.3-37.8 59.8c-62.5 62.5-163.8 62.5-226.3 
0l-.1-.1L125.6 352l34.4 0c17.7 0 32-14.3 32-32s-14.3-32-32-32L48.4 288c-1.6 
0-3.2 .1-4.8 .3s-3.1 .5-4.6 1z"[39m
                    [36m/>[39m
                  [36m</svg>[39m
                  [0mReload[0m
                [36m</button>[39m
              [36m</div>[39m
            [36m</div>[39m
            [36m<div[39m
              [33mclass[39m=[32m"grid grid-cols-1 lg:grid-cols-2 
2xl:grid-cols-3 gap-8"[39m
            [36m>[39m
              [36m<div[39m
                [33mdata-id[39m=[32m"post-1"[39m
                [33mdata-status[39m=[32m"rejected"[39m
                [33mdata-testid[39m=[32m"post-card"[39m
              [36m>[39m
                [36m<span[39m
                  [33mdata-testid[39m=[32m"post-title"[39m
                [36m>[39m
                  [0mTest Post[0m
                [36m</span>[39m
                [36m<span[39m
                  [33mdata-testid[39m=[32m"post-status"[39m
                [36m>[39m
                  [0mrejected[0m
                [36m</span>[39m
                [36m<button[39m
                  [33mdata-testid[39m=[32m"rereview-btn"[39m
                [36m>[39m
                  [0mReReview[0m
                [36m</button>[39m
              [36m</div>[39m
            [36m</div>[39m
          [36m</div>[39m
        [36m</div>[39m
      [36m</body>[39m
    [36m</html>[39m

    [0m [90m 584 |[39m
     [90m 585 |[39m       [36mawait[39m waitFor(() [33m=>[39m {
    [31m[1m>[22m[39m[90m 586 |[39m         
expect(mockToastSuccess)[33m.[39mtoHaveBeenCalledWith(
     [90m     |[39m                                  [31m[1m^[22m[39m
     [90m 587 |[39m           [32m'─É├ú duyß╗çt lß║íi b├ái ─æ─âng th├ánh 
c├┤ng'[39m
     [90m 588 |[39m         )
     [90m 589 |[39m       })[0m

      at 
src/test/unit/components/Staff/posts/StaffPostApprovalQueue.test.tsx:586:34
      at runWithExpensiveErrorDiagnosticsDisabled 
(node_modules/@testing-library/dom/dist/config.js:47:12)
      at checkCallback 
(node_modules/@testing-library/dom/dist/wait-for.js:124:77)
      at checkRealTimersCallback 
(node_modules/@testing-library/dom/dist/wait-for.js:118:16)
      at Timeout.task [as _onTimeout] 
(node_modules/jsdom/lib/jsdom/browser/Window.js:579:19)

  ΓùÅ StaffPostApprovalQueue ΓÇ║ ReReview Action ΓÇ║ should show success toast 
on successful re-review

    TypeError: Cannot read properties of undefined (reading 'match')

    [0m [90m 428 |[39m         dispatch(approveAdminPost({ 
postId[33m:[39m id[33m,[39m adminId[33m:[39m staffId }))
     [90m 429 |[39m             [33m.[39mthen((result) [33m=>[39m {
    [31m[1m>[22m[39m[90m 430 |[39m                 [36mif[39m 
(approveAdminPost[33m.[39mfulfilled[33m.[39mmatch(result)) {
     [90m     |[39m                                                
[31m[1m^[22m[39m
     [90m 431 |[39m                     toast[33m.[39msuccess([32m"─É├ú 
duyß╗çt lß║íi b├ái ─æ─âng th├ánh c├┤ng"[39m)[33m;[39m
     [90m 432 |[39m                     dispatch(
     [90m 433 |[39m                         fetchAdminPosts({[0m

      at src/components/Staff/posts/StaffPostApprovalQueue.tsx:430:48

  ΓùÅ StaffPostApprovalQueue ΓÇ║ ReReview Action ΓÇ║ should show success toast 
on successful re-review

    TypeError: Cannot read properties of undefined (reading 'match')

    [0m [90m 428 |[39m         dispatch(approveAdminPost({ 
postId[33m:[39m id[33m,[39m adminId[33m:[39m staffId }))
     [90m 429 |[39m             [33m.[39mthen((result) [33m=>[39m {
    [31m[1m>[22m[39m[90m 430 |[39m                 [36mif[39m 
(approveAdminPost[33m.[39mfulfilled[33m.[39mmatch(result)) {
     [90m     |[39m                                                
[31m[1m^[22m[39m
     [90m 431 |[39m                     toast[33m.[39msuccess([32m"─É├ú 
duyß╗çt lß║íi b├ái ─æ─âng th├ánh c├┤ng"[39m)[33m;[39m
     [90m 432 |[39m                     dispatch(
     [90m 433 |[39m                         fetchAdminPosts({[0m

      at src/components/Staff/posts/StaffPostApprovalQueue.tsx:430:48

  ΓùÅ StaffPostApprovalQueue ΓÇ║ ReReview Action ΓÇ║ should show success toast 
on successful re-review

    TypeError: Cannot read properties of undefined (reading 'match')

    [0m [90m 428 |[39m         dispatch(approveAdminPost({ 
postId[33m:[39m id[33m,[39m adminId[33m:[39m staffId }))
     [90m 429 |[39m             [33m.[39mthen((result) [33m=>[39m {
    [31m[1m>[22m[39m[90m 430 |[39m                 [36mif[39m 
(approveAdminPost[33m.[39mfulfilled[33m.[39mmatch(result)) {
     [90m     |[39m                                                
[31m[1m^[22m[39m
     [90m 431 |[39m                     toast[33m.[39msuccess([32m"─É├ú 
duyß╗çt lß║íi b├ái ─æ─âng th├ánh c├┤ng"[39m)[33m;[39m
     [90m 432 |[39m                     dispatch(
     [90m 433 |[39m                         fetchAdminPosts({[0m

      at src/components/Staff/posts/StaffPostApprovalQueue.tsx:430:48

  ΓùÅ StaffPostApprovalQueue ΓÇ║ Reload ΓÇ║ should reload posts when reload 
button is clicked

    Cannot find module '../../../../store/postSlice' from 
'src/test/unit/components/Staff/posts/StaffPostApprovalQueue.test.tsx'

    [0m [90m 607 |[39m   describe([32m'Reload'[39m[33m,[39m () 
[33m=>[39m {
     [90m 608 |[39m     it([32m'should reload posts when reload button is 
clicked'[39m[33m,[39m [36masync[39m () [33m=>[39m {
    [31m[1m>[22m[39m[90m 609 |[39m       [36mconst[39m { 
fetchAdminPosts } [33m=[39m require([32m'../../../../store/postSlice'[39m)
     [90m     |[39m                                   [31m[1m^[22m[39m
     [90m 610 |[39m
     [90m 611 |[39m       [36mawait[39m act([36masync[39m () 
[33m=>[39m {
     [90m 612 |[39m         
render([33m<[39m[33mStaffPostApprovalQueue[39m 
onReload[33m=[39m{jest[33m.[39mfn()} [33m/[39m[33m>[39m)[0m

      at Resolver._throwModNotFoundError 
(node_modules/jest-resolve/build/index.js:863:11)
      at Object.<anonymous> 
(src/test/unit/components/Staff/posts/StaffPostApprovalQueue.test.tsx:609:35)

  ΓùÅ StaffPostApprovalQueue ΓÇ║ Edge Cases ΓÇ║ should handle missing staffId

    TestingLibraryElementError: Found multiple elements with the text: X├íc 
nhß║¡n duyß╗çt

    Here are the matching elements:

    Ignored nodes: comments, script, style
    [36m<h3[39m
      [33mclass[39m=[32m"text-lg font-bold text-white mb-2"[39m
    [36m>[39m
      [0mX├íc nhß║¡n duyß╗çt[0m
    [36m</h3>[39m

    Ignored nodes: comments, script, style
    [36m<button[39m
      [33mclass[39m=[32m"px-5 py-2.5 rounded-xl bg-fuchsia-600 text-white 
text-xs font-bold hover:bg-fuchsia-500 transition-colors"[39m
    [36m>[39m
      [0mX├íc nhß║¡n duyß╗çt[0m
    [36m</button>[39m

    (If this is intentional, then use the `*AllBy*` variant of the query (like 
`queryAllByText`, `getAllByText`, or `findAllByText`)).

    Ignored nodes: comments, script, style
    [36m<body>[39m
      [36m<div>[39m
        [36m<div[39m
          [33mclass[39m=[32m"space-y-8"[39m
        [36m>[39m
          [36m<div[39m
            [33mclass[39m=[32m"flex items-center justify-between"[39m
          [36m>[39m
            [36m<div>[39m
              [36m<h2[39m
                [33mclass[39m=[32m"text-2xl font-black text-white"[39m
              [36m>[39m
                [0mDuyß╗çt b├ái ─æ─âng Marketing[0m
              [36m</h2>[39m
              [36m<p[39m
                [33mclass[39m=[32m"text-slate-400"[39m
              [36m>[39m
                [0mKiß╗âm duyß╗çt nß╗Öi dung v├á theo d├╡i ph├ón phß╗æi ─æa 
nß╗ün tß║úng[0m
              [36m</p>[39m
            [36m</div>[39m
            [36m<div[39m
              [33mclass[39m=[32m"flex items-center gap-4"[39m
            [36m>[39m
              [36m<div[39m
                [33mclass[39m=[32m"flex gap-2 bg-slate-900/50 p-1 
rounded-lg border border-primary/10"[39m
              [36m>[39m
                [36m<button[39m
                  [33mclass[39m=[32m"px-4 py-2 rounded-md text-xs font-bold 
transition-colors bg-fuchsia-500 text-white"[39m
                [36m>[39m
                  [0mChß╗¥ duyß╗çt[0m
                [36m</button>[39m
                [36m<button[39m
                  [33mclass[39m=[32m"px-4 py-2 rounded-md text-xs font-bold 
transition-colors text-slate-400 hover:text-white"[39m
                [36m>[39m
                  [0m─É├ú duyß╗çt[0m
                [36m</button>[39m
                [36m<button[39m
                  [33mclass[39m=[32m"px-4 py-2 rounded-md text-xs font-bold 
transition-colors text-slate-400 hover:text-white"[39m
                [36m>[39m
                  [0m─É├ú ─æ─âng[0m
                [36m</button>[39m
                [36m<button[39m
                  [33mclass[39m=[32m"px-4 py-2 rounded-md text-xs font-bold 
transition-colors text-slate-400 hover:text-white"[39m
                [36m>[39m
                  [0mBß╗ï tß╗½ chß╗æi[0m
                [36m</button>[39m
              [36m</div>[39m
              [36m<button[39m
                [33mclass[39m=[32m"flex items-center gap-2 px-3 py-2 
rounded-lg bg-slate-800/80 border border-slate-700 text-slate-400 text-xs 
font-medium hover:text-white hover:bg-slate-700 transition-colors 
disabled:opacity-50 disabled:cursor-not-allowed"[39m
              [36m>[39m
                [36m<svg[39m
                  [33mclass[39m=[32m"text-xs "[39m
                  [33mfill[39m=[32m"currentColor"[39m
                  [33mheight[39m=[32m"1em"[39m
                  [33mstroke[39m=[32m"currentColor"[39m
                  [33mstroke-width[39m=[32m"0"[39m
                  [33mviewBox[39m=[32m"0 0 512 512"[39m
                  [33mwidth[39m=[32m"1em"[39m
                  [33mxmlns[39m=[32m"http://www.w3.org/2000/svg"[39m
                [36m>[39m
                  [36m<path[39m
                    [33md[39m=[32m"M105.1 202.6c7.7-21.8 20.2-42.3 
37.8-59.8c62.5-62.5 163.8-62.5 226.3 0L386.3 160 352 160c-17.7 0-32 14.3-32 
32s14.3 32 32 32l111.5 0c0 0 0 0 0 0l.4 0c17.7 0 32-14.3 
32-32l0-112c0-17.7-14.3-32-32-32s-32 14.3-32 32l0 35.2L414.4 
97.6c-87.5-87.5-229.3-87.5-316.8 0C73.2 122 55.6 150.7 44.8 181.4c-5.9 16.7 
2.9 34.9 19.5 40.8s34.9-2.9 40.8-19.5zM39 289.3c-5 1.5-9.8 4.2-13.7 8.2c-4 
4-6.7 8.8-8.1 14c-.3 1.2-.6 2.5-.8 3.8c-.3 1.7-.4 3.4-.4 5.1L16 432c0 17.7 
14.3 32 32 32s32-14.3 32-32l0-35.1 17.6 17.5c0 0 0 0 0 0c87.5 87.4 229.3 87.4 
316.7 0c24.4-24.4 42.1-53.1 52.9-83.8c5.9-16.7-2.9-34.9-19.5-40.8s-34.9 
2.9-40.8 19.5c-7.7 21.8-20.2 42.3-37.8 59.8c-62.5 62.5-163.8 62.5-226.3 
0l-.1-.1L125.6 352l34.4 0c17.7 0 32-14.3 32-32s-14.3-32-32-32L48.4 288c-1.6 
0-3.2 .1-4.8 .3s-3.1 .5-4.6 1z"[39m
                  [36m/>[39m
                [36m</svg>[39m
                [0mReload[0m
              [36m</button>[39m
            [36m</div>[39m
          [36m</div>[39m
          [36m<div[39m
            [33mclass[39m=[32m"grid grid-cols-1 lg:grid-cols-2 
2xl:grid-cols-3 gap-8"[39m
          [36m>[39m
            [36m<div[39m
              [33mdata-id[39m=[32m"post-1"[39m
              [33mdata-status[39m=[32m"pending"[39m
              [33mdata-testid[39m=[32m"post-card"[39m
            [36m>[39m
              [36m<span[39m
                [33mdata-testid[39m=[32m"post-title"[39m
              [36m>[39m
                [0mTest Post[0m
              [36m</span>[39m
              [36m<span[39m
                [33mdata-testid[39m=[32m"post-status"[39m
              [36m>[39m
                [0mpending[0m
              [36m</span>[39m
              [36m<button[39m
                [33mdata-testid[39m=[32m"approve-btn"[39m
              [36m>[39m
                [0mApprove[0m
              [36m</button>[39m
              [36m<button[39m
                [33mdata-testid[39m=[32m"reject-btn"[39m
              [36m>[39m
                [0mReject[0m
              [36m</button>[39m
              [36m<button[39m
                [33mdata-testid[39m=[32m"view-btn"[39m
              [36m>[39m
                [0mView[0m
              [36m</button>[39m
            [36m</div>[39m
          [36m</div>[39m
          [36m<div[39m
            [33mclass[39m=[32m"fixed inset-0 z-50 flex items-center 
justify-center bg-black/60 backdrop-blur-sm"[39m
          [36m>[39m
            [36m<div[39m
              [33mclass[39m=[32m"w-full max-w-sm rounded-2xl border 
border-primary/10 bg-[#1a1530] p-6 shadow-2xl"[39m
            [36m>[39m
              [36m<h3[39m
                [33mclass[39m=[32m"text-lg font-bold text-white mb-2"[39m
              [36m>[39m
                [0mX├íc nhß║¡n duyß╗çt[0m
              [36m</h3>[39m
              [36m<p[39m
                [33mclass[39m=[32m"text-sm text-slate-400 mb-6"[39m
              [36m>[39m
                [0mBß║ín c├│ chß║»c chß║»n muß╗æn duyß╗çt b├ái ─æ─âng 
n├áy?[0m
              [36m</p>[39m
              [36m<div[39m
                [33mclass[39m=[32m"flex gap-3 justify-end"[39m
              [36m>[39m
                [36m<button[39m
                  [33mclass[39m=[32m"px-5 py-2.5 rounded-xl border 
border-slate-700 text-slate-300 text-xs font-bold hover:bg-slate-800 
transition-colors"[39m
                [36m>[39m
                  [0mHß╗ºy[0m
                [36m</button>[39m
                [36m<button[39m
                  [33mclass[39m=[32m"px-5 py-2.5 rounded-xl bg-fuchsia-600 
text-white text-xs font-bold hover:bg-fuchsia-500 transition-colors"[39m
                [36m>[39m
                  [0mX├íc nhß║¡n duyß╗çt[0m
                [36m</button>[39m
              [36m</div>[39m
            [36m</div>[39m
          [36m</div>[39m
        [36m</div>[39m
      [36m</div>[39m
    [36m</body>[39m

    [0m [90m 662 |[39m
     [90m 663 |[39m       [36mawait[39m userEvent[33m.[39mclick(screen[3
3m.[39mgetByTestId([32m'approve-btn'[39m))
    [31m[1m>[22m[39m[90m 664 |[39m       [36mawait[39m 
userEvent[33m.[39mclick(screen[33m.[39mgetByText([32m'X├íc nhß║¡n 
duyß╗çt'[39m))
     [90m     |[39m                                    [31m[1m^[22m[39m
     [90m 665 |[39m
     [90m 666 |[39m       [90m// Should not dispatch without staffId[39m
     [90m 667 |[39m       
expect(mockDispatch)[33m.[39mnot[33m.[39mtoHaveBeenCalledWith([0m

      at Object.getElementError 
(node_modules/@testing-library/dom/dist/config.js:37:19)
      at getElementError 
(node_modules/@testing-library/dom/dist/query-helpers.js:20:35)
      at getMultipleElementsFoundError 
(node_modules/@testing-library/dom/dist/query-helpers.js:23:10)
      at node_modules/@testing-library/dom/dist/query-helpers.js:55:13
      at node_modules/@testing-library/dom/dist/query-helpers.js:95:19
      at Object.<anonymous> 
(src/test/unit/components/Staff/posts/StaffPostApprovalQueue.test.tsx:664:36)

  ΓùÅ StaffPostApprovalQueue ΓÇ║ Edge Cases ΓÇ║ should handle API errors on 
approve

    TestingLibraryElementError: Found multiple elements with the text: X├íc 
nhß║¡n duyß╗çt

    Here are the matching elements:

    Ignored nodes: comments, script, style
    [36m<h3[39m
      [33mclass[39m=[32m"text-lg font-bold text-white mb-2"[39m
    [36m>[39m
      [0mX├íc nhß║¡n duyß╗çt[0m
    [36m</h3>[39m

    Ignored nodes: comments, script, style
    [36m<button[39m
      [33mclass[39m=[32m"px-5 py-2.5 rounded-xl bg-fuchsia-600 text-white 
text-xs font-bold hover:bg-fuchsia-500 transition-colors"[39m
    [36m>[39m
      [0mX├íc nhß║¡n duyß╗çt[0m
    [36m</button>[39m

    (If this is intentional, then use the `*AllBy*` variant of the query (like 
`queryAllByText`, `getAllByText`, or `findAllByText`)).

    Ignored nodes: comments, script, style
    [36m<body>[39m
      [36m<div>[39m
        [36m<div[39m
          [33mclass[39m=[32m"space-y-8"[39m
        [36m>[39m
          [36m<div[39m
            [33mclass[39m=[32m"flex items-center justify-between"[39m
          [36m>[39m
            [36m<div>[39m
              [36m<h2[39m
                [33mclass[39m=[32m"text-2xl font-black text-white"[39m
              [36m>[39m
                [0mDuyß╗çt b├ái ─æ─âng Marketing[0m
              [36m</h2>[39m
              [36m<p[39m
                [33mclass[39m=[32m"text-slate-400"[39m
              [36m>[39m
                [0mKiß╗âm duyß╗çt nß╗Öi dung v├á theo d├╡i ph├ón phß╗æi ─æa 
nß╗ün tß║úng[0m
              [36m</p>[39m
            [36m</div>[39m
            [36m<div[39m
              [33mclass[39m=[32m"flex items-center gap-4"[39m
            [36m>[39m
              [36m<div[39m
                [33mclass[39m=[32m"flex gap-2 bg-slate-900/50 p-1 
rounded-lg border border-primary/10"[39m
              [36m>[39m
                [36m<button[39m
                  [33mclass[39m=[32m"px-4 py-2 rounded-md text-xs font-bold 
transition-colors bg-fuchsia-500 text-white"[39m
                [36m>[39m
                  [0mChß╗¥ duyß╗çt[0m
                [36m</button>[39m
                [36m<button[39m
                  [33mclass[39m=[32m"px-4 py-2 rounded-md text-xs font-bold 
transition-colors text-slate-400 hover:text-white"[39m
                [36m>[39m
                  [0m─É├ú duyß╗çt[0m
                [36m</button>[39m
                [36m<button[39m
                  [33mclass[39m=[32m"px-4 py-2 rounded-md text-xs font-bold 
transition-colors text-slate-400 hover:text-white"[39m
                [36m>[39m
                  [0m─É├ú ─æ─âng[0m
                [36m</button>[39m
                [36m<button[39m
                  [33mclass[39m=[32m"px-4 py-2 rounded-md text-xs font-bold 
transition-colors text-slate-400 hover:text-white"[39m
                [36m>[39m
                  [0mBß╗ï tß╗½ chß╗æi[0m
                [36m</button>[39m
              [36m</div>[39m
              [36m<button[39m
                [33mclass[39m=[32m"flex items-center gap-2 px-3 py-2 
rounded-lg bg-slate-800/80 border border-slate-700 text-slate-400 text-xs 
font-medium hover:text-white hover:bg-slate-700 transition-colors 
disabled:opacity-50 disabled:cursor-not-allowed"[39m
              [36m>[39m
                [36m<svg[39m
                  [33mclass[39m=[32m"text-xs "[39m
                  [33mfill[39m=[32m"currentColor"[39m
                  [33mheight[39m=[32m"1em"[39m
                  [33mstroke[39m=[32m"currentColor"[39m
                  [33mstroke-width[39m=[32m"0"[39m
                  [33mviewBox[39m=[32m"0 0 512 512"[39m
                  [33mwidth[39m=[32m"1em"[39m
                  [33mxmlns[39m=[32m"http://www.w3.org/2000/svg"[39m
                [36m>[39m
                  [36m<path[39m
                    [33md[39m=[32m"M105.1 202.6c7.7-21.8 20.2-42.3 
37.8-59.8c62.5-62.5 163.8-62.5 226.3 0L386.3 160 352 160c-17.7 0-32 14.3-32 
32s14.3 32 32 32l111.5 0c0 0 0 0 0 0l.4 0c17.7 0 32-14.3 
32-32l0-112c0-17.7-14.3-32-32-32s-32 14.3-32 32l0 35.2L414.4 
97.6c-87.5-87.5-229.3-87.5-316.8 0C73.2 122 55.6 150.7 44.8 181.4c-5.9 16.7 
2.9 34.9 19.5 40.8s34.9-2.9 40.8-19.5zM39 289.3c-5 1.5-9.8 4.2-13.7 8.2c-4 
4-6.7 8.8-8.1 14c-.3 1.2-.6 2.5-.8 3.8c-.3 1.7-.4 3.4-.4 5.1L16 432c0 17.7 
14.3 32 32 32s32-14.3 32-32l0-35.1 17.6 17.5c0 0 0 0 0 0c87.5 87.4 229.3 87.4 
316.7 0c24.4-24.4 42.1-53.1 52.9-83.8c5.9-16.7-2.9-34.9-19.5-40.8s-34.9 
2.9-40.8 19.5c-7.7 21.8-20.2 42.3-37.8 59.8c-62.5 62.5-163.8 62.5-226.3 
0l-.1-.1L125.6 352l34.4 0c17.7 0 32-14.3 32-32s-14.3-32-32-32L48.4 288c-1.6 
0-3.2 .1-4.8 .3s-3.1 .5-4.6 1z"[39m
                  [36m/>[39m
                [36m</svg>[39m
                [0mReload[0m
              [36m</button>[39m
            [36m</div>[39m
          [36m</div>[39m
          [36m<div[39m
            [33mclass[39m=[32m"grid grid-cols-1 lg:grid-cols-2 
2xl:grid-cols-3 gap-8"[39m
          [36m>[39m
            [36m<div[39m
              [33mdata-id[39m=[32m"post-1"[39m
              [33mdata-status[39m=[32m"pending"[39m
              [33mdata-testid[39m=[32m"post-card"[39m
            [36m>[39m
              [36m<span[39m
                [33mdata-testid[39m=[32m"post-title"[39m
              [36m>[39m
                [0mTest Post[0m
              [36m</span>[39m
              [36m<span[39m
                [33mdata-testid[39m=[32m"post-status"[39m
              [36m>[39m
                [0mpending[0m
              [36m</span>[39m
              [36m<button[39m
                [33mdata-testid[39m=[32m"approve-btn"[39m
              [36m>[39m
                [0mApprove[0m
              [36m</button>[39m
              [36m<button[39m
                [33mdata-testid[39m=[32m"reject-btn"[39m
              [36m>[39m
                [0mReject[0m
              [36m</button>[39m
              [36m<button[39m
                [33mdata-testid[39m=[32m"view-btn"[39m
              [36m>[39m
                [0mView[0m
              [36m</button>[39m
            [36m</div>[39m
          [36m</div>[39m
          [36m<div[39m
            [33mclass[39m=[32m"fixed inset-0 z-50 flex items-center 
justify-center bg-black/60 backdrop-blur-sm"[39m
          [36m>[39m
            [36m<div[39m
              [33mclass[39m=[32m"w-full max-w-sm rounded-2xl border 
border-primary/10 bg-[#1a1530] p-6 shadow-2xl"[39m
            [36m>[39m
              [36m<h3[39m
                [33mclass[39m=[32m"text-lg font-bold text-white mb-2"[39m
              [36m>[39m
                [0mX├íc nhß║¡n duyß╗çt[0m
              [36m</h3>[39m
              [36m<p[39m
                [33mclass[39m=[32m"text-sm text-slate-400 mb-6"[39m
              [36m>[39m
                [0mBß║ín c├│ chß║»c chß║»n muß╗æn duyß╗çt b├ái ─æ─âng 
n├áy?[0m
              [36m</p>[39m
              [36m<div[39m
                [33mclass[39m=[32m"flex gap-3 justify-end"[39m
              [36m>[39m
                [36m<button[39m
                  [33mclass[39m=[32m"px-5 py-2.5 rounded-xl border 
border-slate-700 text-slate-300 text-xs font-bold hover:bg-slate-800 
transition-colors"[39m
                [36m>[39m
                  [0mHß╗ºy[0m
                [36m</button>[39m
                [36m<button[39m
                  [33mclass[39m=[32m"px-5 py-2.5 rounded-xl bg-fuchsia-600 
text-white text-xs font-bold hover:bg-fuchsia-500 transition-colors"[39m
                [36m>[39m
                  [0mX├íc nhß║¡n duyß╗çt[0m
                [36m</button>[39m
              [36m</div>[39m
            [36m</div>[39m
          [36m</div>[39m
        [36m</div>[39m
      [36m</div>[39m
    [36m</body>[39m

    [0m [90m 683 |[39m
     [90m 684 |[39m       [36mawait[39m userEvent[33m.[39mclick(screen[3
3m.[39mgetByTestId([32m'approve-btn'[39m))
    [31m[1m>[22m[39m[90m 685 |[39m       [36mawait[39m 
userEvent[33m.[39mclick(screen[33m.[39mgetByText([32m'X├íc nhß║¡n 
duyß╗çt'[39m))
     [90m     |[39m                                    [31m[1m^[22m[39m
     [90m 686 |[39m
     [90m 687 |[39m       [36mawait[39m waitFor(() [33m=>[39m {
     [90m 688 |[39m         
expect(mockToastError)[33m.[39mtoHaveBeenCalledWith([0m

      at Object.getElementError 
(node_modules/@testing-library/dom/dist/config.js:37:19)
      at getElementError 
(node_modules/@testing-library/dom/dist/query-helpers.js:20:35)
      at getMultipleElementsFoundError 
(node_modules/@testing-library/dom/dist/query-helpers.js:23:10)
      at node_modules/@testing-library/dom/dist/query-helpers.js:55:13
      at node_modules/@testing-library/dom/dist/query-helpers.js:95:19
      at Object.<anonymous> 
(src/test/unit/components/Staff/posts/StaffPostApprovalQueue.test.tsx:685:36)

  ΓùÅ StaffPostApprovalQueue ΓÇ║ Edge Cases ΓÇ║ should handle API errors on 
reject

    TestingLibraryElementError: Found multiple elements with the text: X├íc 
nhß║¡n tß╗½ chß╗æi

    Here are the matching elements:

    Ignored nodes: comments, script, style
    [36m<h3[39m
      [33mclass[39m=[32m"text-lg font-bold text-white mb-2"[39m
    [36m>[39m
      [0mX├íc nhß║¡n tß╗½ chß╗æi[0m
    [36m</h3>[39m

    Ignored nodes: comments, script, style
    [36m<button[39m
      [33mclass[39m=[32m"px-5 py-2.5 rounded-xl bg-red-600 text-white 
text-xs font-bold hover:bg-red-500 transition-colors"[39m
    [36m>[39m
      [0mX├íc nhß║¡n tß╗½ chß╗æi[0m
    [36m</button>[39m

    (If this is intentional, then use the `*AllBy*` variant of the query (like 
`queryAllByText`, `getAllByText`, or `findAllByText`)).

    Ignored nodes: comments, script, style
    [36m<body>[39m
      [36m<div>[39m
        [36m<div[39m
          [33mclass[39m=[32m"space-y-8"[39m
        [36m>[39m
          [36m<div[39m
            [33mclass[39m=[32m"flex items-center justify-between"[39m
          [36m>[39m
            [36m<div>[39m
              [36m<h2[39m
                [33mclass[39m=[32m"text-2xl font-black text-white"[39m
              [36m>[39m
                [0mDuyß╗çt b├ái ─æ─âng Marketing[0m
              [36m</h2>[39m
              [36m<p[39m
                [33mclass[39m=[32m"text-slate-400"[39m
              [36m>[39m
                [0mKiß╗âm duyß╗çt nß╗Öi dung v├á theo d├╡i ph├ón phß╗æi ─æa 
nß╗ün tß║úng[0m
              [36m</p>[39m
            [36m</div>[39m
            [36m<div[39m
              [33mclass[39m=[32m"flex items-center gap-4"[39m
            [36m>[39m
              [36m<div[39m
                [33mclass[39m=[32m"flex gap-2 bg-slate-900/50 p-1 
rounded-lg border border-primary/10"[39m
              [36m>[39m
                [36m<button[39m
                  [33mclass[39m=[32m"px-4 py-2 rounded-md text-xs font-bold 
transition-colors bg-fuchsia-500 text-white"[39m
                [36m>[39m
                  [0mChß╗¥ duyß╗çt[0m
                [36m</button>[39m
                [36m<button[39m
                  [33mclass[39m=[32m"px-4 py-2 rounded-md text-xs font-bold 
transition-colors text-slate-400 hover:text-white"[39m
                [36m>[39m
                  [0m─É├ú duyß╗çt[0m
                [36m</button>[39m
                [36m<button[39m
                  [33mclass[39m=[32m"px-4 py-2 rounded-md text-xs font-bold 
transition-colors text-slate-400 hover:text-white"[39m
                [36m>[39m
                  [0m─É├ú ─æ─âng[0m
                [36m</button>[39m
                [36m<button[39m
                  [33mclass[39m=[32m"px-4 py-2 rounded-md text-xs font-bold 
transition-colors text-slate-400 hover:text-white"[39m
                [36m>[39m
                  [0mBß╗ï tß╗½ chß╗æi[0m
                [36m</button>[39m
              [36m</div>[39m
              [36m<button[39m
                [33mclass[39m=[32m"flex items-center gap-2 px-3 py-2 
rounded-lg bg-slate-800/80 border border-slate-700 text-slate-400 text-xs 
font-medium hover:text-white hover:bg-slate-700 transition-colors 
disabled:opacity-50 disabled:cursor-not-allowed"[39m
              [36m>[39m
                [36m<svg[39m
                  [33mclass[39m=[32m"text-xs "[39m
                  [33mfill[39m=[32m"currentColor"[39m
                  [33mheight[39m=[32m"1em"[39m
                  [33mstroke[39m=[32m"currentColor"[39m
                  [33mstroke-width[39m=[32m"0"[39m
                  [33mviewBox[39m=[32m"0 0 512 512"[39m
                  [33mwidth[39m=[32m"1em"[39m
                  [33mxmlns[39m=[32m"http://www.w3.org/2000/svg"[39m
                [36m>[39m
                  [36m<path[39m
                    [33md[39m=[32m"M105.1 202.6c7.7-21.8 20.2-42.3 
37.8-59.8c62.5-62.5 163.8-62.5 226.3 0L386.3 160 352 160c-17.7 0-32 14.3-32 
32s14.3 32 32 32l111.5 0c0 0 0 0 0 0l.4 0c17.7 0 32-14.3 
32-32l0-112c0-17.7-14.3-32-32-32s-32 14.3-32 32l0 35.2L414.4 
97.6c-87.5-87.5-229.3-87.5-316.8 0C73.2 122 55.6 150.7 44.8 181.4c-5.9 16.7 
2.9 34.9 19.5 40.8s34.9-2.9 40.8-19.5zM39 289.3c-5 1.5-9.8 4.2-13.7 8.2c-4 
4-6.7 8.8-8.1 14c-.3 1.2-.6 2.5-.8 3.8c-.3 1.7-.4 3.4-.4 5.1L16 432c0 17.7 
14.3 32 32 32s32-14.3 32-32l0-35.1 17.6 17.5c0 0 0 0 0 0c87.5 87.4 229.3 87.4 
316.7 0c24.4-24.4 42.1-53.1 52.9-83.8c5.9-16.7-2.9-34.9-19.5-40.8s-34.9 
2.9-40.8 19.5c-7.7 21.8-20.2 42.3-37.8 59.8c-62.5 62.5-163.8 62.5-226.3 
0l-.1-.1L125.6 352l34.4 0c17.7 0 32-14.3 32-32s-14.3-32-32-32L48.4 288c-1.6 
0-3.2 .1-4.8 .3s-3.1 .5-4.6 1z"[39m
                  [36m/>[39m
                [36m</svg>[39m
                [0mReload[0m
              [36m</button>[39m
            [36m</div>[39m
          [36m</div>[39m
          [36m<div[39m
            [33mclass[39m=[32m"grid grid-cols-1 lg:grid-cols-2 
2xl:grid-cols-3 gap-8"[39m
          [36m>[39m
            [36m<div[39m
              [33mdata-id[39m=[32m"post-1"[39m
              [33mdata-status[39m=[32m"pending"[39m
              [33mdata-testid[39m=[32m"post-card"[39m
            [36m>[39m
              [36m<span[39m
                [33mdata-testid[39m=[32m"post-title"[39m
              [36m>[39m
                [0mTest Post[0m
              [36m</span>[39m
              [36m<span[39m
                [33mdata-testid[39m=[32m"post-status"[39m
              [36m>[39m
                [0mpending[0m
              [36m</span>[39m
              [36m<button[39m
                [33mdata-testid[39m=[32m"approve-btn"[39m
              [36m>[39m
                [0mApprove[0m
              [36m</button>[39m
              [36m<button[39m
                [33mdata-testid[39m=[32m"reject-btn"[39m
              [36m>[39m
                [0mReject[0m
              [36m</button>[39m
              [36m<button[39m
                [33mdata-testid[39m=[32m"view-btn"[39m
              [36m>[39m
                [0mView[0m
              [36m</button>[39m
            [36m</div>[39m
          [36m</div>[39m
          [36m<div[39m
            [33mclass[39m=[32m"fixed inset-0 z-50 flex items-center 
justify-center bg-black/60 backdrop-blur-sm"[39m
          [36m>[39m
            [36m<div[39m
              [33mclass[39m=[32m"w-full max-w-sm rounded-2xl border 
border-primary/10 bg-[#1a1530] p-6 shadow-2xl"[39m
            [36m>[39m
              [36m<h3[39m
                [33mclass[39m=[32m"text-lg font-bold text-white mb-2"[39m
              [36m>[39m
                [0mX├íc nhß║¡n tß╗½ chß╗æi[0m
              [36m</h3>[39m
              [36m<p[39m
                [33mclass[39m=[32m"text-sm text-slate-400 mb-4"[39m
              [36m>[39m
                [0mBß║ín c├│ chß║»c chß║»n muß╗æn tß╗½ chß╗æi b├ái ─æ─âng 
n├áy?[0m
              [36m</p>[39m
              [36m<div[39m
                [33mclass[39m=[32m"mb-6"[39m
              [36m>[39m
                [36m<label[39m
                  [33mclass[39m=[32m"block text-xs font-semibold 
text-slate-400 mb-2 uppercase tracking-wider"[39m
                [36m>[39m
                  [0mL├╜ do tß╗½ chß╗æi[0m
                [36m</label>[39m
                [36m<textarea[39m
                  [33mclass[39m=[32m"w-full rounded-lg bg-slate-900 border 
border-slate-700 text-white text-sm p-3 resize-none focus:ring-1 
focus:ring-fuchsia-500 focus:border-fuchsia-500 transition-colors"[39m
                  [33mplaceholder[39m=[32m"Nhß║¡p l├╜ do tß╗½ 
chß╗æi..."[39m
                  [33mrows[39m=[32m"3"[39m
                [36m>[39m
                  [0mValid reason[0m
                [36m</textarea>[39m
              [36m</div>[39m
              [36m<div[39m
                [33mclass[39m=[32m"flex gap-3 justify-end"[39m
              [36m>[39m
                [36m<button[39m
                  [33mclass[39m=[32m"px-5 py-2.5 rounded-xl border 
border-slate-700 text-slate-300 text-xs font-bold hover:bg-slate-800 
transition-colors"[39m
                [36m>[39m
                  [0mHß╗ºy[0m
                [36m</button>[39m
                [36m<button[39m
                  [33mclass[39m=[32m"px-5 py-2.5 rounded-xl bg-red-600 
text-white text-xs font-bold hover:bg-red-500 transition-colors"[39m
                [36m>[39m
                  [0mX├íc nhß║¡n tß╗½ chß╗æi[0m
                [36m</button>[39m
              [36m</div>[39m
            [36m</div>[39m
          [36m</div>[39m
        [36m</div>[39m
      [36m</div>[39m
    [36m</body>[39m

    [0m [90m 705 |[39m       [36mconst[39m textarea [33m=[39m 
screen[33m.[39mgetByPlaceholderText([32m'Nhß║¡p l├╜ do tß╗½ chß╗æi...'[39m)
     [90m 706 |[39m       [36mawait[39m 
userEvent[33m.[39mtype(textarea[33m,[39m [32m'Valid reason'[39m)
    [31m[1m>[22m[39m[90m 707 |[39m       [36mawait[39m 
userEvent[33m.[39mclick(screen[33m.[39mgetByText([32m'X├íc nhß║¡n tß╗½ 
chß╗æi'[39m))
     [90m     |[39m                                    [31m[1m^[22m[39m
     [90m 708 |[39m
     [90m 709 |[39m       [36mawait[39m waitFor(() [33m=>[39m {
     [90m 710 |[39m         
expect(mockToastError)[33m.[39mtoHaveBeenCalledWith([0m

      at Object.getElementError 
(node_modules/@testing-library/dom/dist/config.js:37:19)
      at getElementError 
(node_modules/@testing-library/dom/dist/query-helpers.js:20:35)
      at getMultipleElementsFoundError 
(node_modules/@testing-library/dom/dist/query-helpers.js:23:10)
      at node_modules/@testing-library/dom/dist/query-helpers.js:55:13
      at node_modules/@testing-library/dom/dist/query-helpers.js:95:19
      at Object.<anonymous> 
(src/test/unit/components/Staff/posts/StaffPostApprovalQueue.test.tsx:707:36)

FAIL 
src/test/unit/components/Staff/organizers/StaffOrganizerDetailModal.test.tsx 
(12.854 s)
  ΓùÅ StaffOrganizerDetailModal ΓÇ║ Approve Action ΓÇ║ should show success 
toast on successful approval

    expect(jest.fn()).toHaveBeenCalledWith(...expected)

    Expected: "Hß╗ô s╞í ─æ├ú ─æ╞░ß╗úc ph├¬ duyß╗çt th├ánh c├┤ng!"

    Number of calls: 0

    Ignored nodes: comments, script, style
    [36m<html>[39m
      [36m<head />[39m
      [36m<body>[39m
        [36m<div>[39m
          [36m<div[39m
            [33mclass[39m=[32m"fixed inset-0 z-[100] bg-black/80 
backdrop-blur-sm"[39m
          [36m/>[39m
          [36m<div[39m
            [33mclass[39m=[32m"fixed inset-0 z-[101] flex items-center 
justify-center p-4 pointer-events-none"[39m
          [36m>[39m
            [36m<div[39m
              [33mclass[39m=[32m"bg-[rgba(24,18,43,0.8)] 
backdrop-blur-[12px] border border-[rgba(124,59,237,0.1)] w-full max-w-2xl 
rounded-2xl overflow-hidden shadow-2xl flex flex-col max-h-[85vh] 
pointer-events-auto"[39m
            [36m>[39m
              [36m<div[39m
                [33mclass[39m=[32m"px-6 py-4 border-b border-primary/20 
flex items-center justify-between bg-primary/5 shrink-0 sticky top-0 z-10"[39m
              [36m>[39m
                [36m<h3[39m
                  [33mclass[39m=[32m"text-xl font-bold text-white"[39m
                [36m>[39m
                  [0mChi tiß║┐t hß╗ô s╞í Nh├á tß╗ò chß╗⌐c[0m
                [36m</h3>[39m
                [36m<button[39m
                  [33mclass[39m=[32m"size-8 flex items-center 
justify-center rounded-full hover:bg-white/10 text-slate-400 hover:text-white 
transition-colors"[39m
                [36m>[39m
                  [36m<svg[39m
                    [33mclass[39m=[32m"text-xl"[39m
                    [33mfill[39m=[32m"currentColor"[39m
                    [33mheight[39m=[32m"1em"[39m
                    [33mstroke[39m=[32m"currentColor"[39m
                    [33mstroke-width[39m=[32m"0"[39m
                    [33mviewBox[39m=[32m"0 0 24 24"[39m
                    [33mwidth[39m=[32m"1em"[39m
                    [33mxmlns[39m=[32m"http://www.w3.org/2000/svg"[39m
                  [36m>[39m
                    [36m<path[39m
                      [33md[39m=[32m"M0 0h24v24H0z"[39m
                      [33mfill[39m=[32m"none"[39m
                    [36m/>[39m
                    [36m<path[39m
                      [33md[39m=[32m"M19 6.41 17.59 5 12 10.59 6.41 5 5 
6.41 10.59 12 5 17.59 6.41 19 12 13.41 17.59 19 19 17.59 13.41 12z"[39m
                    [36m/>[39m
                  [36m</svg>[39m
                [36m</button>[39m
              [36m</div>[39m
              [36m<div[39m
                [33mclass[39m=[32m"p-6 overflow-y-auto flex-1"[39m
              [36m>[39m
                [36m<div[39m
                  [33mclass[39m=[32m"space-y-6 pt-8"[39m
                [36m>[39m
                  [36m<section>[39m
                    [36m<h4[39m
                      [33mclass[39m=[32m"text-xs font-bold uppercase 
tracking-[0.2em] text-primary mb-4 flex items-center gap-2"[39m
                    [36m>[39m
                      [36m<svg[39m
                        [33mclass[39m=[32m"text-sm"[39m
                        [33mfill[39m=[32m"currentColor"[39m
                        [33mheight[39m=[32m"1em"[39m
                        [33mstroke[39m=[32m"currentColor"[39m
                        [33mstroke-width[39m=[32m"0"[39m
                        [33mviewBox[39m=[32m"0 0 24 24"[39m
                        [33mwidth[39m=[32m"1em"[39m
                        [33mxmlns[39m=[32m"http://www.w3.org/2000/svg"[39m
                      [36m>[39m
                        [36m<path[39m
                          [33md[39m=[32m"M0 0h24v24H0z"[39m
                          [33mfill[39m=[32m"none"[39m
                        [36m/>[39m
                        [36m<path[39m
                          [33md[39m=[32m"M12 2C6.48 2 2 6.48 2 12s4.48 10 
10 10 10-4.48 10-10S17.52 2 12 2zm1 15h-2v-6h2v6zm0-8h-2V7h2v2z"[39m
                        [36m/>[39m
                      [36m</svg>[39m
                      [0m Th├┤ng tin c╞í bß║ún[0m
                    [36m</h4>[39m
                    [36m<div[39m
                      [33mclass[39m=[32m"grid grid-cols-1 md:grid-cols-2 
gap-y-4 gap-x-8"[39m
                    [36m>[39m
                      [36m<div>[39m
                        [36m<p[39m
                          [33mclass[39m=[32m"text-[11px] uppercase 
text-slate-500 font-bold mb-1"[39m
                        [36m>[39m
                          [0mT├¬n hiß╗ân thß╗ï[0m
                        [36m</p>[39m
                        [36m<p[39m
                          [33mclass[39m=[32m"text-white font-medium"[39m
                        [36m>[39m
                          [0mTest Organizer Company[0m
                        [36m</p>[39m
                      [36m</div>[39m
                      [36m<div>[39m
                        [36m<p[39m
                          [33mclass[39m=[32m"text-[11px] uppercase 
text-slate-500 font-bold mb-1"[39m
                        [36m>[39m
                          [0mLoß║íi h├¼nh[0m
                        [36m</p>[39m
                        [36m<p[39m
                          [33mclass[39m=[32m"text-white font-medium"[39m
                        [36m>[39m
                          [0mConcert[0m
                        [36m</p>[39m
                      [36m</div>[39m
                      [36m<div>[39m
                        [36m<p[39m
                          [33mclass[39m=[32m"text-[11px] uppercase 
text-slate-500 font-bold mb-1"[39m
                        [36m>[39m
                          [0mL─⌐nh vß╗▒c kinh doanh[0m
                        [36m</p>[39m
                        [36m<p[39m
                          [33mclass[39m=[32m"text-white font-medium"[39m
                        [36m>[39m
                          [0mEntertainment[0m
                        [36m</p>[39m
                      [36m</div>[39m
                      [36m<div>[39m
                        [36m<p[39m
                          [33mclass[39m=[32m"text-[11px] uppercase 
text-slate-500 font-bold mb-1"[39m
                        [36m>[39m
                          [0mM├┤ tß║ú[0m
                        [36m</p>[39m
                        [36m<p[39m
                          [33mclass[39m=[32m"text-white font-medium"[39m
                        [36m>[39m
                          [0mA test organizer company description[0m
                        [36m</p>[39m
                      [36m</div>[39m
                    [36m</div>[39m
                  [36m</section>[39m
                  [36m<section>[39m
                    [36m<h4[39m
                      [33mclass[39m=[32m"text-xs font-bold uppercase 
tracking-[0.2em] text-primary mb-4 flex items-center gap-2"[39m
                    [36m>[39m
                      [36m<svg[39m
                        [33mclass[39m=[32m"text-sm"[39m
                        [33mfill[39m=[32m"currentColor"[39m
                        [33mheight[39m=[32m"1em"[39m
                        [33mstroke[39m=[32m"currentColor"[39m
                        [33mstroke-width[39m=[32m"0"[39m
                        [33mviewBox[39m=[32m"0 0 24 24"[39m
                        [33mwidth[39m=[32m"1em"[39m
                        [33mxmlns[39m=[32m"http://www.w3.org/2000/svg"[39m
                      [36m>[39m
                        [36m<path[39m
                          [33md[39m=[32m"M0 0h24v24H0z"[39m
                          [33mfill[39m=[32m"none"[39m
                        [36m/>[39m
                        [36m<path[39m
                          [33md[39m=[32m"M12 1 3 5v6c0 5.55 3.84 10.74 9 12 
5.16-1.26 9-6.45 9-12V5l-9-4zm-2 16-4-4 1.41-1.41L10 14.17l6.59-6.59L18 9l-8 
8z"[39m
                        [36m/>[39m
                      [36m</svg>[39m
                      [0m Th├┤ng tin ─æß╗ïnh danh[0m
                    [36m</h4>[39m
                    [36m<div[39m
                      [33mclass[39m=[32m"grid grid-cols-1 md:grid-cols-2 
gap-y-4 gap-x-8"[39m
                    [36m>[39m
                      [36m<div>[39m
                        [36m<p[39m
                          [33mclass[39m=[32m"text-[11px] uppercase 
text-slate-500 font-bold mb-1"[39m
                        [36m>[39m
                          [0mT├¬n c├┤ng ty[0m
                        [36m</p>[39m
                        [36m<p[39m
                          [33mclass[39m=[32m"text-white font-medium"[39m
                        [36m>[39m
                          [0mTest Company Ltd.[0m
                        [36m</p>[39m
                      [36m</div>[39m
                      [36m<div>[39m
                        [36m<p[39m
                          [33mclass[39m=[32m"text-[11px] uppercase 
text-slate-500 font-bold mb-1"[39m
                        [36m>[39m
                          [0mM├ú sß╗æ thuß║┐[0m
                        [36m</p>[39m
                        [36m<p[39m
                          [33mclass[39m=[32m"text-primary font-bold"[39m
                        [36m>[39m
                          [0m0123456789[0m
                        [36m</p>[39m
                      [36m</div>[39m
                      [36m<div>[39m
                        [36m<p[39m
                          [33mclass[39m=[32m"text-[11px] uppercase 
text-slate-500 font-bold mb-1"[39m
                        [36m>[39m
                          [0mSß╗æ ─æß╗ïnh danh / CCCD[0m
                        [36m</p>[39m
                        [36m<p[39m
                          [33mclass[39m=[32m"text-white font-medium"[39m
                        [36m>[39m
                          [0m123456789012[0m
                        [36m</p>[39m
                      [36m</div>[39m
                      [36m<div>[39m
                        [36m<p[39m
                          [33mclass[39m=[32m"text-[11px] uppercase 
text-slate-500 font-bold mb-1"[39m
                        [36m>[39m
                          [0m─Éß╗ïa chß╗ë[0m
                        [36m</p>[39m
                        [36m<p[39m
                          [33mclass[39m=[32m"text-white font-medium"[39m
                        [36m>[39m
                          [0m123 Test Street, HCMC[0m
                        [36m</p>[39m
                      [36m</div>[39m
                      [36m<div[39m
                        [33mclass[39m=[32m"md:col-span-2"[39m
                      [36m>[39m
                        [36m<p[39m
                          [33mclass[39m=[32m"text-[11px] uppercase 
text-slate-500 font-bold mb-1"[39m
                        [36m>[39m
                          [0mMß║íng x├ú hß╗Öi[0m
                        [36m</p>[39m
                        [36m<a[39m
                          [33mclass[39m=[32m"text-primary hover:underline 
font-medium"[39m
                          [33mhref[39m=[32m"https://facebook.com/test"[39m
                          [33mrel[39m=[32m"noopener noreferrer"[39m
                          [33mtarget[39m=[32m"_blank"[39m
                        [36m>[39m
                          [0mhttps://facebook.com/test[0m
                        [36m</a>[39m
                      [36m</div>[39m
                    [36m</div>[39m
                  [36m</section>[39m
                  [36m<section>[39m
                    [36m<h4[39m
                      [33mclass[39m=[32m"text-xs font-bold uppercase 
tracking-[0.2em] text-primary mb-4 flex items-center gap-2"[39m
                    [36m>[39m
                      [36m<svg[39m
                        [33mclass[39m=[32m"text-sm"[39m
                        [33mfill[39m=[32m"currentColor"[39m
                        [33mheight[39m=[32m"1em"[39m
                        [33mstroke[39m=[32m"currentColor"[39m
                        [33mstroke-width[39m=[32m"0"[39m
                        [33mviewBox[39m=[32m"0 0 24 24"[39m
                        [33mwidth[39m=[32m"1em"[39m
                        [33mxmlns[39m=[32m"http://www.w3.org/2000/svg"[39m
                      [36m>[39m
                        [36m<path[39m
                          [33md[39m=[32m"M0 0h24v24H0z"[39m
                          [33mfill[39m=[32m"none"[39m
                        [36m/>[39m
                        [36m<path[39m
                          [33md[39m=[32m"M19 14V6c0-1.1-.9-2-2-2H3c-1.1 0-2 
.9-2 2v8c0 1.1.9 2 2 2h14c1.1 0 2-.9 2-2zm-9-1c-1.66 0-3-1.34-3-3s1.34-3 3-3 3 
1.34 3 3-1.34 3-3 3zm13-6v11c0 1.1-.9 2-2 2H4v-2h17V7h2z"[39m
                        [36m/>[39m
                      [36m</svg>[39m
                      [0m Th├┤ng tin thanh to├ín[0m
                    [36m</h4>[39m
                    [36m<div[39m
                      [33mclass[39m=[32m"grid grid-cols-1 md:grid-cols-2 
gap-y-4 gap-x-8 p-4 rounded-xl bg-primary/5 border border-primary/10"[39m
                    [36m>[39m
                      [36m<div>[39m
                        [36m<p[39m
                          [33mclass[39m=[32m"text-[11px] uppercase 
text-slate-500 font-bold mb-1"[39m
                        [36m>[39m
                          [0mNg├ón h├áng[0m
                        [36m</p>[39m
                        [36m<p[39m
                          [33mclass[39m=[32m"text-white font-medium"[39m
                        [36m>[39m
                          [0mVCB[0m
                        [36m</p>[39m
                      [36m</div>[39m
                      [36m<div>[39m
                        [36m<p[39m
                          [33mclass[39m=[32m"text-[11px] uppercase 
text-slate-500 font-bold mb-1"[39m
                        [36m>[39m
                          [0mChi nh├ính[0m
                        [36m</p>[39m
                        [36m<p[39m
                          [33mclass[39m=[32m"text-white font-medium"[39m
                        [36m>[39m
                          [0mHCMC Branch[0m
                        [36m</p>[39m
                      [36m</div>[39m
                      [36m<div>[39m
                        [36m<p[39m
                          [33mclass[39m=[32m"text-[11px] uppercase 
text-slate-500 font-bold mb-1"[39m
                        [36m>[39m
                          [0mT├¬n t├ái khoß║ún[0m
                        [36m</p>[39m
                        [36m<p[39m
                          [33mclass[39m=[32m"text-white font-bold"[39m
                        [36m>[39m
                          [0mTest Company Account[0m
                        [36m</p>[39m
                      [36m</div>[39m
                      [36m<div>[39m
                        [36m<p[39m
                          [33mclass[39m=[32m"text-[11px] uppercase 
text-slate-500 font-bold mb-1"[39m
                        [36m>[39m
                          [0mSß╗æ t├ái khoß║ún[0m
                        [36m</p>[39m
                        [36m<p[39m
                          [33mclass[39m=[32m"text-primary text-lg 
font-bold"[39m
                        [36m>[39m
                          [0m9876543210[0m
                        [36m</p>[39m
                      [36m</div>[39m
                    [36m</div>[39m
                  [36m</section>[39m
                [36m</div>[39m
              [36m</div>[39m
              [36m<div[39m
                [33mclass[39m=[32m"px-6 py-6 border-t border-primary/20 
flex items-center justify-end gap-4 bg-primary/5 shrink-0 sticky bottom-0 
z-10"[39m
              [36m>[39m
                [36m<button[39m
                  [33mclass[39m=[32m"px-6 py-2.5 rounded-xl border 
border-orange-500/50 text-orange-500 text-sm font-bold hover:bg-orange-500/10 
transition-all disabled:opacity-50 disabled:cursor-not-allowed"[39m
                [36m>[39m
                  [0mTß╗½ chß╗æi[0m
                [36m</button>[39m
                [36m<button[39m
                  [33mclass[39m=[32m"px-8 py-2.5 rounded-xl bg-primary 
text-white text-sm font-bold shadow-[0_0_20px_rgba(124,59,237,0.4)] 
hover:shadow-[0_0_30px_rgba(124,59,237,0.6)] hover:scale-[1.02] transition-all 
disabled:opacity-50 disabled:cursor-not-allowed"[39m
                [36m>[39m
                  [0mPh├¬ duyß╗çt hß╗ô s╞í[0m
                [36m</button>[39m
              [36m</div>[39m
            [36m</div>[39m
          [36m</div>[39m
        [36m</div>[39m
      [36m</body>[39m
    [36m</html>[39m

    [0m [90m 260 |[39m
     [90m 261 |[39m       [36mawait[39m waitFor(() [33m=>[39m {
    [31m[1m>[22m[39m[90m 262 |[39m         
expect(mockToastSuccess)[33m.[39mtoHaveBeenCalledWith(
     [90m     |[39m                                  [31m[1m^[22m[39m
     [90m 263 |[39m           [32m'Hß╗ô s╞í ─æ├ú ─æ╞░ß╗úc ph├¬ duyß╗çt 
th├ánh c├┤ng!'[39m
     [90m 264 |[39m         )
     [90m 265 |[39m       })[0m

      at src/test/unit/components/Staff/organizers/StaffOrganizerDetailModal.te
st.tsx:262:34
      at runWithExpensiveErrorDiagnosticsDisabled 
(node_modules/@testing-library/dom/dist/config.js:47:12)
      at checkCallback 
(node_modules/@testing-library/dom/dist/wait-for.js:124:77)
      at checkRealTimersCallback 
(node_modules/@testing-library/dom/dist/wait-for.js:118:16)
      at Timeout.task [as _onTimeout] 
(node_modules/jsdom/lib/jsdom/browser/Window.js:579:19)

  ΓùÅ StaffOrganizerDetailModal ΓÇ║ Approve Action ΓÇ║ should call onClose and 
onActionSuccess on successful approval

    expect(jest.fn()).toHaveBeenCalled()

    Expected number of calls: >= 1
    Received number of calls:    0

    Ignored nodes: comments, script, style
    [36m<html>[39m
      [36m<head />[39m
      [36m<body>[39m
        [36m<div>[39m
          [36m<div[39m
            [33mclass[39m=[32m"fixed inset-0 z-[100] bg-black/80 
backdrop-blur-sm"[39m
          [36m/>[39m
          [36m<div[39m
            [33mclass[39m=[32m"fixed inset-0 z-[101] flex items-center 
justify-center p-4 pointer-events-none"[39m
          [36m>[39m
            [36m<div[39m
              [33mclass[39m=[32m"bg-[rgba(24,18,43,0.8)] 
backdrop-blur-[12px] border border-[rgba(124,59,237,0.1)] w-full max-w-2xl 
rounded-2xl overflow-hidden shadow-2xl flex flex-col max-h-[85vh] 
pointer-events-auto"[39m
            [36m>[39m
              [36m<div[39m
                [33mclass[39m=[32m"px-6 py-4 border-b border-primary/20 
flex items-center justify-between bg-primary/5 shrink-0 sticky top-0 z-10"[39m
              [36m>[39m
                [36m<h3[39m
                  [33mclass[39m=[32m"text-xl font-bold text-white"[39m
                [36m>[39m
                  [0mChi tiß║┐t hß╗ô s╞í Nh├á tß╗ò chß╗⌐c[0m
                [36m</h3>[39m
                [36m<button[39m
                  [33mclass[39m=[32m"size-8 flex items-center 
justify-center rounded-full hover:bg-white/10 text-slate-400 hover:text-white 
transition-colors"[39m
                [36m>[39m
                  [36m<svg[39m
                    [33mclass[39m=[32m"text-xl"[39m
                    [33mfill[39m=[32m"currentColor"[39m
                    [33mheight[39m=[32m"1em"[39m
                    [33mstroke[39m=[32m"currentColor"[39m
                    [33mstroke-width[39m=[32m"0"[39m
                    [33mviewBox[39m=[32m"0 0 24 24"[39m
                    [33mwidth[39m=[32m"1em"[39m
                    [33mxmlns[39m=[32m"http://www.w3.org/2000/svg"[39m
                  [36m>[39m
                    [36m<path[39m
                      [33md[39m=[32m"M0 0h24v24H0z"[39m
                      [33mfill[39m=[32m"none"[39m
                    [36m/>[39m
                    [36m<path[39m
                      [33md[39m=[32m"M19 6.41 17.59 5 12 10.59 6.41 5 5 
6.41 10.59 12 5 17.59 6.41 19 12 13.41 17.59 19 19 17.59 13.41 12z"[39m
                    [36m/>[39m
                  [36m</svg>[39m
                [36m</button>[39m
              [36m</div>[39m
              [36m<div[39m
                [33mclass[39m=[32m"p-6 overflow-y-auto flex-1"[39m
              [36m>[39m
                [36m<div[39m
                  [33mclass[39m=[32m"space-y-6 pt-8"[39m
                [36m>[39m
                  [36m<section>[39m
                    [36m<h4[39m
                      [33mclass[39m=[32m"text-xs font-bold uppercase 
tracking-[0.2em] text-primary mb-4 flex items-center gap-2"[39m
                    [36m>[39m
                      [36m<svg[39m
                        [33mclass[39m=[32m"text-sm"[39m
                        [33mfill[39m=[32m"currentColor"[39m
                        [33mheight[39m=[32m"1em"[39m
                        [33mstroke[39m=[32m"currentColor"[39m
                        [33mstroke-width[39m=[32m"0"[39m
                        [33mviewBox[39m=[32m"0 0 24 24"[39m
                        [33mwidth[39m=[32m"1em"[39m
                        [33mxmlns[39m=[32m"http://www.w3.org/2000/svg"[39m
                      [36m>[39m
                        [36m<path[39m
                          [33md[39m=[32m"M0 0h24v24H0z"[39m
                          [33mfill[39m=[32m"none"[39m
                        [36m/>[39m
                        [36m<path[39m
                          [33md[39m=[32m"M12 2C6.48 2 2 6.48 2 12s4.48 10 
10 10 10-4.48 10-10S17.52 2 12 2zm1 15h-2v-6h2v6zm0-8h-2V7h2v2z"[39m
                        [36m/>[39m
                      [36m</svg>[39m
                      [0m Th├┤ng tin c╞í bß║ún[0m
                    [36m</h4>[39m
                    [36m<div[39m
                      [33mclass[39m=[32m"grid grid-cols-1 md:grid-cols-2 
gap-y-4 gap-x-8"[39m
                    [36m>[39m
                      [36m<div>[39m
                        [36m<p[39m
                          [33mclass[39m=[32m"text-[11px] uppercase 
text-slate-500 font-bold mb-1"[39m
                        [36m>[39m
                          [0mT├¬n hiß╗ân thß╗ï[0m
                        [36m</p>[39m
                        [36m<p[39m
                          [33mclass[39m=[32m"text-white font-medium"[39m
                        [36m>[39m
                          [0mTest Organizer Company[0m
                        [36m</p>[39m
                      [36m</div>[39m
                      [36m<div>[39m
                        [36m<p[39m
                          [33mclass[39m=[32m"text-[11px] uppercase 
text-slate-500 font-bold mb-1"[39m
                        [36m>[39m
                          [0mLoß║íi h├¼nh[0m
                        [36m</p>[39m
                        [36m<p[39m
                          [33mclass[39m=[32m"text-white font-medium"[39m
                        [36m>[39m
                          [0mConcert[0m
                        [36m</p>[39m
                      [36m</div>[39m
                      [36m<div>[39m
                        [36m<p[39m
                          [33mclass[39m=[32m"text-[11px] uppercase 
text-slate-500 font-bold mb-1"[39m
                        [36m>[39m
                          [0mL─⌐nh vß╗▒c kinh doanh[0m
                        [36m</p>[39m
                        [36m<p[39m
                          [33mclass[39m=[32m"text-white font-medium"[39m
                        [36m>[39m
                          [0mEntertainment[0m
                        [36m</p>[39m
                      [36m</div>[39m
                      [36m<div>[39m
                        [36m<p[39m
                          [33mclass[39m=[32m"text-[11px] uppercase 
text-slate-500 font-bold mb-1"[39m
                        [36m>[39m
                          [0mM├┤ tß║ú[0m
                        [36m</p>[39m
                        [36m<p[39m
                          [33mclass[39m=[32m"text-white font-medium"[39m
                        [36m>[39m
                          [0mA test organizer company description[0m
                        [36m</p>[39m
                      [36m</div>[39m
                    [36m</div>[39m
                  [36m</section>[39m
                  [36m<section>[39m
                    [36m<h4[39m
                      [33mclass[39m=[32m"text-xs font-bold uppercase 
tracking-[0.2em] text-primary mb-4 flex items-center gap-2"[39m
                    [36m>[39m
                      [36m<svg[39m
                        [33mclass[39m=[32m"text-sm"[39m
                        [33mfill[39m=[32m"currentColor"[39m
                        [33mheight[39m=[32m"1em"[39m
                        [33mstroke[39m=[32m"currentColor"[39m
                        [33mstroke-width[39m=[32m"0"[39m
                        [33mviewBox[39m=[32m"0 0 24 24"[39m
                        [33mwidth[39m=[32m"1em"[39m
                        [33mxmlns[39m=[32m"http://www.w3.org/2000/svg"[39m
                      [36m>[39m
                        [36m<path[39m
                          [33md[39m=[32m"M0 0h24v24H0z"[39m
                          [33mfill[39m=[32m"none"[39m
                        [36m/>[39m
                        [36m<path[39m
                          [33md[39m=[32m"M12 1 3 5v6c0 5.55 3.84 10.74 9 12 
5.16-1.26 9-6.45 9-12V5l-9-4zm-2 16-4-4 1.41-1.41L10 14.17l6.59-6.59L18 9l-8 
8z"[39m
                        [36m/>[39m
                      [36m</svg>[39m
                      [0m Th├┤ng tin ─æß╗ïnh danh[0m
                    [36m</h4>[39m
                    [36m<div[39m
                      [33mclass[39m=[32m"grid grid-cols-1 md:grid-cols-2 
gap-y-4 gap-x-8"[39m
                    [36m>[39m
                      [36m<div>[39m
                        [36m<p[39m
                          [33mclass[39m=[32m"text-[11px] uppercase 
text-slate-500 font-bold mb-1"[39m
                        [36m>[39m
                          [0mT├¬n c├┤ng ty[0m
                        [36m</p>[39m
                        [36m<p[39m
                          [33mclass[39m=[32m"text-white font-medium"[39m
                        [36m>[39m
                          [0mTest Company Ltd.[0m
                        [36m</p>[39m
                      [36m</div>[39m
                      [36m<div>[39m
                        [36m<p[39m
                          [33mclass[39m=[32m"text-[11px] uppercase 
text-slate-500 font-bold mb-1"[39m
                        [36m>[39m
                          [0mM├ú sß╗æ thuß║┐[0m
                        [36m</p>[39m
                        [36m<p[39m
                          [33mclass[39m=[32m"text-primary font-bold"[39m
                        [36m>[39m
                          [0m0123456789[0m
                        [36m</p>[39m
                      [36m</div>[39m
                      [36m<div>[39m
                        [36m<p[39m
                          [33mclass[39m=[32m"text-[11px] uppercase 
text-slate-500 font-bold mb-1"[39m
                        [36m>[39m
                          [0mSß╗æ ─æß╗ïnh danh / CCCD[0m
                        [36m</p>[39m
                        [36m<p[39m
                          [33mclass[39m=[32m"text-white font-medium"[39m
                        [36m>[39m
                          [0m123456789012[0m
                        [36m</p>[39m
                      [36m</div>[39m
                      [36m<div>[39m
                        [36m<p[39m
                          [33mclass[39m=[32m"text-[11px] uppercase 
text-slate-500 font-bold mb-1"[39m
                        [36m>[39m
                          [0m─Éß╗ïa chß╗ë[0m
                        [36m</p>[39m
                        [36m<p[39m
                          [33mclass[39m=[32m"text-white font-medium"[39m
                        [36m>[39m
                          [0m123 Test Street, HCMC[0m
                        [36m</p>[39m
                      [36m</div>[39m
                      [36m<div[39m
                        [33mclass[39m=[32m"md:col-span-2"[39m
                      [36m>[39m
                        [36m<p[39m
                          [33mclass[39m=[32m"text-[11px] uppercase 
text-slate-500 font-bold mb-1"[39m
                        [36m>[39m
                          [0mMß║íng x├ú hß╗Öi[0m
                        [36m</p>[39m
                        [36m<a[39m
                          [33mclass[39m=[32m"text-primary hover:underline 
font-medium"[39m
                          [33mhref[39m=[32m"https://facebook.com/test"[39m
                          [33mrel[39m=[32m"noopener noreferrer"[39m
                          [33mtarget[39m=[32m"_blank"[39m
                        [36m>[39m
                          [0mhttps://facebook.com/test[0m
                        [36m</a>[39m
                      [36m</div>[39m
                    [36m</div>[39m
                  [36m</section>[39m
                  [36m<section>[39m
                    [36m<h4[39m
                      [33mclass[39m=[32m"text-xs font-bold uppercase 
tracking-[0.2em] text-primary mb-4 flex items-center gap-2"[39m
                    [36m>[39m
                      [36m<svg[39m
                        [33mclass[39m=[32m"text-sm"[39m
                        [33mfill[39m=[32m"currentColor"[39m
                        [33mheight[39m=[32m"1em"[39m
                        [33mstroke[39m=[32m"currentColor"[39m
                        [33mstroke-width[39m=[32m"0"[39m
                        [33mviewBox[39m=[32m"0 0 24 24"[39m
                        [33mwidth[39m=[32m"1em"[39m
                        [33mxmlns[39m=[32m"http://www.w3.org/2000/svg"[39m
                      [36m>[39m
                        [36m<path[39m
                          [33md[39m=[32m"M0 0h24v24H0z"[39m
                          [33mfill[39m=[32m"none"[39m
                        [36m/>[39m
                        [36m<path[39m
                          [33md[39m=[32m"M19 14V6c0-1.1-.9-2-2-2H3c-1.1 0-2 
.9-2 2v8c0 1.1.9 2 2 2h14c1.1 0 2-.9 2-2zm-9-1c-1.66 0-3-1.34-3-3s1.34-3 3-3 3 
1.34 3 3-1.34 3-3 3zm13-6v11c0 1.1-.9 2-2 2H4v-2h17V7h2z"[39m
                        [36m/>[39m
                      [36m</svg>[39m
                      [0m Th├┤ng tin thanh to├ín[0m
                    [36m</h4>[39m
                    [36m<div[39m
                      [33mclass[39m=[32m"grid grid-cols-1 md:grid-cols-2 
gap-y-4 gap-x-8 p-4 rounded-xl bg-primary/5 border border-primary/10"[39m
                    [36m>[39m
                      [36m<div>[39m
                        [36m<p[39m
                          [33mclass[39m=[32m"text-[11px] uppercase 
text-slate-500 font-bold mb-1"[39m
                        [36m>[39m
                          [0mNg├ón h├áng[0m
                        [36m</p>[39m
                        [36m<p[39m
                          [33mclass[39m=[32m"text-white font-medium"[39m
                        [36m>[39m
                          [0mVCB[0m
                        [36m</p>[39m
                      [36m</div>[39m
                      [36m<div>[39m
                        [36m<p[39m
                          [33mclass[39m=[32m"text-[11px] uppercase 
text-slate-500 font-bold mb-1"[39m
                        [36m>[39m
                          [0mChi nh├ính[0m
                        [36m</p>[39m
                        [36m<p[39m
                          [33mclass[39m=[32m"text-white font-medium"[39m
                        [36m>[39m
                          [0mHCMC Branch[0m
                        [36m</p>[39m
                      [36m</div>[39m
                      [36m<div>[39m
                        [36m<p[39m
                          [33mclass[39m=[32m"text-[11px] uppercase 
text-slate-500 font-bold mb-1"[39m
                        [36m>[39m
                          [0mT├¬n t├ái khoß║ún[0m
                        [36m</p>[39m
                        [36m<p[39m
                          [33mclass[39m=[32m"text-white font-bold"[39m
                        [36m>[39m
                          [0mTest Company Account[0m
                        [36m</p>[39m
                      [36m</div>[39m
                      [36m<div>[39m
                        [36m<p[39m
                          [33mclass[39m=[32m"text-[11px] uppercase 
text-slate-500 font-bold mb-1"[39m
                        [36m>[39m
                          [0mSß╗æ t├ái khoß║ún[0m
                        [36m</p>[39m
                        [36m<p[39m
                          [33mclass[39m=[32m"text-primary text-lg 
font-bold"[39m
                        [36m>[39m
                          [0m9876543210[0m
                        [36m</p>[39m
                      [36m</div>[39m
                    [36m</div>[39m
                  [36m</section>[39m
                [36m</div>[39m
              [36m</div>[39m
              [36m<div[39m
                [33mclass[39m=[32m"px-6 py-6 border-t border-primary/20 
flex items-center justify-end gap-4 bg-primary/5 shrink-0 sticky bottom-0 
z-10"[39m
              [36m>[39m
                [36m<button[39m
                  [33mclass[39m=[32m"px-6 py-2.5 rounded-xl border 
border-orange-500/50 text-orange-500 text-sm font-bold hover:bg-orange-500/10 
transition-all disabled:opacity-50 disabled:cursor-not-allowed"[39m
                [36m>[39m
                  [0mTß╗½ chß╗æi[0m
                [36m</button>[39m
                [36m<button[39m
                  [33mclass[39m=[32m"px-8 py-2.5 rounded-xl bg-primary 
text-white text-sm font-bold shadow-[0_0_20px_rgba(124,59,237,0.4)] 
hover:shadow-[0_0_30px_rgba(124,59,237,0.6)] hover:scale-[1.02] transition-all 
disabled:opacity-50 disabled:cursor-not-allowed"[39m
                [36m>[39m
                  [0mPh├¬ duyß╗çt hß╗ô s╞í[0m
                [36m</button>[39m
              [36m</div>[39m
            [36m</div>[39m
          [36m</div>[39m
        [36m</div>[39m
      [36m</body>[39m
    [36m</html>[39m

    [0m [90m 286 |[39m
     [90m 287 |[39m       [36mawait[39m waitFor(() [33m=>[39m {
    [31m[1m>[22m[39m[90m 288 |[39m         
expect(onClose)[33m.[39mtoHaveBeenCalled()
     [90m     |[39m                         [31m[1m^[22m[39m
     [90m 289 |[39m         
expect(onActionSuccess)[33m.[39mtoHaveBeenCalled()
     [90m 290 |[39m       })
     [90m 291 |[39m     })[0m

      at src/test/unit/components/Staff/organizers/StaffOrganizerDetailModal.te
st.tsx:288:25
      at runWithExpensiveErrorDiagnosticsDisabled 
(node_modules/@testing-library/dom/dist/config.js:47:12)
      at checkCallback 
(node_modules/@testing-library/dom/dist/wait-for.js:124:77)
      at checkRealTimersCallback 
(node_modules/@testing-library/dom/dist/wait-for.js:118:16)
      at Timeout.task [as _onTimeout] 
(node_modules/jsdom/lib/jsdom/browser/Window.js:579:19)

  ΓùÅ StaffOrganizerDetailModal ΓÇ║ Approve Action ΓÇ║ should show error toast 
on failed approval

    expect(jest.fn()).toHaveBeenCalledWith(...expected)

    Expected: "Ph├¬ duyß╗çt hß╗ô s╞í thß║Ñt bß║íi"
    Received: "dispatch(...).unwrap is not a function"

    Number of calls: 1

    Ignored nodes: comments, script, style
    [36m<html>[39m
      [36m<head />[39m
      [36m<body>[39m
        [36m<div>[39m
          [36m<div[39m
            [33mclass[39m=[32m"fixed inset-0 z-[100] bg-black/80 
backdrop-blur-sm"[39m
          [36m/>[39m
          [36m<div[39m
            [33mclass[39m=[32m"fixed inset-0 z-[101] flex items-center 
justify-center p-4 pointer-events-none"[39m
          [36m>[39m
            [36m<div[39m
              [33mclass[39m=[32m"bg-[rgba(24,18,43,0.8)] 
backdrop-blur-[12px] border border-[rgba(124,59,237,0.1)] w-full max-w-2xl 
rounded-2xl overflow-hidden shadow-2xl flex flex-col max-h-[85vh] 
pointer-events-auto"[39m
            [36m>[39m
              [36m<div[39m
                [33mclass[39m=[32m"px-6 py-4 border-b border-primary/20 
flex items-center justify-between bg-primary/5 shrink-0 sticky top-0 z-10"[39m
              [36m>[39m
                [36m<h3[39m
                  [33mclass[39m=[32m"text-xl font-bold text-white"[39m
                [36m>[39m
                  [0mChi tiß║┐t hß╗ô s╞í Nh├á tß╗ò chß╗⌐c[0m
                [36m</h3>[39m
                [36m<button[39m
                  [33mclass[39m=[32m"size-8 flex items-center 
justify-center rounded-full hover:bg-white/10 text-slate-400 hover:text-white 
transition-colors"[39m
                [36m>[39m
                  [36m<svg[39m
                    [33mclass[39m=[32m"text-xl"[39m
                    [33mfill[39m=[32m"currentColor"[39m
                    [33mheight[39m=[32m"1em"[39m
                    [33mstroke[39m=[32m"currentColor"[39m
                    [33mstroke-width[39m=[32m"0"[39m
                    [33mviewBox[39m=[32m"0 0 24 24"[39m
                    [33mwidth[39m=[32m"1em"[39m
                    [33mxmlns[39m=[32m"http://www.w3.org/2000/svg"[39m
                  [36m>[39m
                    [36m<path[39m
                      [33md[39m=[32m"M0 0h24v24H0z"[39m
                      [33mfill[39m=[32m"none"[39m
                    [36m/>[39m
                    [36m<path[39m
                      [33md[39m=[32m"M19 6.41 17.59 5 12 10.59 6.41 5 5 
6.41 10.59 12 5 17.59 6.41 19 12 13.41 17.59 19 19 17.59 13.41 12z"[39m
                    [36m/>[39m
                  [36m</svg>[39m
                [36m</button>[39m
              [36m</div>[39m
              [36m<div[39m
                [33mclass[39m=[32m"p-6 overflow-y-auto flex-1"[39m
              [36m>[39m
                [36m<div[39m
                  [33mclass[39m=[32m"space-y-6 pt-8"[39m
                [36m>[39m
                  [36m<section>[39m
                    [36m<h4[39m
                      [33mclass[39m=[32m"text-xs font-bold uppercase 
tracking-[0.2em] text-primary mb-4 flex items-center gap-2"[39m
                    [36m>[39m
                      [36m<svg[39m
                        [33mclass[39m=[32m"text-sm"[39m
                        [33mfill[39m=[32m"currentColor"[39m
                        [33mheight[39m=[32m"1em"[39m
                        [33mstroke[39m=[32m"currentColor"[39m
                        [33mstroke-width[39m=[32m"0"[39m
                        [33mviewBox[39m=[32m"0 0 24 24"[39m
                        [33mwidth[39m=[32m"1em"[39m
                        [33mxmlns[39m=[32m"http://www.w3.org/2000/svg"[39m
                      [36m>[39m
                        [36m<path[39m
                          [33md[39m=[32m"M0 0h24v24H0z"[39m
                          [33mfill[39m=[32m"none"[39m
                        [36m/>[39m
                        [36m<path[39m
                          [33md[39m=[32m"M12 2C6.48 2 2 6.48 2 12s4.48 10 
10 10 10-4.48 10-10S17.52 2 12 2zm1 15h-2v-6h2v6zm0-8h-2V7h2v2z"[39m
                        [36m/>[39m
                      [36m</svg>[39m
                      [0m Th├┤ng tin c╞í bß║ún[0m
                    [36m</h4>[39m
                    [36m<div[39m
                      [33mclass[39m=[32m"grid grid-cols-1 md:grid-cols-2 
gap-y-4 gap-x-8"[39m
                    [36m>[39m
                      [36m<div>[39m
                        [36m<p[39m
                          [33mclass[39m=[32m"text-[11px] uppercase 
text-slate-500 font-bold mb-1"[39m
                        [36m>[39m
                          [0mT├¬n hiß╗ân thß╗ï[0m
                        [36m</p>[39m
                        [36m<p[39m
                          [33mclass[39m=[32m"text-white font-medium"[39m
                        [36m>[39m
                          [0mTest Organizer Company[0m
                        [36m</p>[39m
                      [36m</div>[39m
                      [36m<div>[39m
                        [36m<p[39m
                          [33mclass[39m=[32m"text-[11px] uppercase 
text-slate-500 font-bold mb-1"[39m
                        [36m>[39m
                          [0mLoß║íi h├¼nh[0m
                        [36m</p>[39m
                        [36m<p[39m
                          [33mclass[39m=[32m"text-white font-medium"[39m
                        [36m>[39m
                          [0mConcert[0m
                        [36m</p>[39m
                      [36m</div>[39m
                      [36m<div>[39m
                        [36m<p[39m
                          [33mclass[39m=[32m"text-[11px] uppercase 
text-slate-500 font-bold mb-1"[39m
                        [36m>[39m
                          [0mL─⌐nh vß╗▒c kinh doanh[0m
                        [36m</p>[39m
                        [36m<p[39m
                          [33mclass[39m=[32m"text-white font-medium"[39m
                        [36m>[39m
                          [0mEntertainment[0m
                        [36m</p>[39m
                      [36m</div>[39m
                      [36m<div>[39m
                        [36m<p[39m
                          [33mclass[39m=[32m"text-[11px] uppercase 
text-slate-500 font-bold mb-1"[39m
                        [36m>[39m
                          [0mM├┤ tß║ú[0m
                        [36m</p>[39m
                        [36m<p[39m
                          [33mclass[39m=[32m"text-white font-medium"[39m
                        [36m>[39m
                          [0mA test organizer company description[0m
                        [36m</p>[39m
                      [36m</div>[39m
                    [36m</div>[39m
                  [36m</section>[39m
                  [36m<section>[39m
                    [36m<h4[39m
                      [33mclass[39m=[32m"text-xs font-bold uppercase 
tracking-[0.2em] text-primary mb-4 flex items-center gap-2"[39m
                    [36m>[39m
                      [36m<svg[39m
                        [33mclass[39m=[32m"text-sm"[39m
                        [33mfill[39m=[32m"currentColor"[39m
                        [33mheight[39m=[32m"1em"[39m
                        [33mstroke[39m=[32m"currentColor"[39m
                        [33mstroke-width[39m=[32m"0"[39m
                        [33mviewBox[39m=[32m"0 0 24 24"[39m
                        [33mwidth[39m=[32m"1em"[39m
                        [33mxmlns[39m=[32m"http://www.w3.org/2000/svg"[39m
                      [36m>[39m
                        [36m<path[39m
                          [33md[39m=[32m"M0 0h24v24H0z"[39m
                          [33mfill[39m=[32m"none"[39m
                        [36m/>[39m
                        [36m<path[39m
                          [33md[39m=[32m"M12 1 3 5v6c0 5.55 3.84 10.74 9 12 
5.16-1.26 9-6.45 9-12V5l-9-4zm-2 16-4-4 1.41-1.41L10 14.17l6.59-6.59L18 9l-8 
8z"[39m
                        [36m/>[39m
                      [36m</svg>[39m
                      [0m Th├┤ng tin ─æß╗ïnh danh[0m
                    [36m</h4>[39m
                    [36m<div[39m
                      [33mclass[39m=[32m"grid grid-cols-1 md:grid-cols-2 
gap-y-4 gap-x-8"[39m
                    [36m>[39m
                      [36m<div>[39m
                        [36m<p[39m
                          [33mclass[39m=[32m"text-[11px] uppercase 
text-slate-500 font-bold mb-1"[39m
                        [36m>[39m
                          [0mT├¬n c├┤ng ty[0m
                        [36m</p>[39m
                        [36m<p[39m
                          [33mclass[39m=[32m"text-white font-medium"[39m
                        [36m>[39m
                          [0mTest Company Ltd.[0m
                        [36m</p>[39m
                      [36m</div>[39m
                      [36m<div>[39m
                        [36m<p[39m
                          [33mclass[39m=[32m"text-[11px] uppercase 
text-slate-500 font-bold mb-1"[39m
                        [36m>[39m
                          [0mM├ú sß╗æ thuß║┐[0m
                        [36m</p>[39m
                        [36m<p[39m
                          [33mclass[39m=[32m"text-primary font-bold"[39m
                        [36m>[39m
                          [0m0123456789[0m
                        [36m</p>[39m
                      [36m</div>[39m
                      [36m<div>[39m
                        [36m<p[39m
                          [33mclass[39m=[32m"text-[11px] uppercase 
text-slate-500 font-bold mb-1"[39m
                        [36m>[39m
                          [0mSß╗æ ─æß╗ïnh danh / CCCD[0m
                        [36m</p>[39m
                        [36m<p[39m
                          [33mclass[39m=[32m"text-white font-medium"[39m
                        [36m>[39m
                          [0m123456789012[0m
                        [36m</p>[39m
                      [36m</div>[39m
                      [36m<div>[39m
                        [36m<p[39m
                          [33mclass[39m=[32m"text-[11px] uppercase 
text-slate-500 font-bold mb-1"[39m
                        [36m>[39m
                          [0m─Éß╗ïa chß╗ë[0m
                        [36m</p>[39m
                        [36m<p[39m
                          [33mclass[39m=[32m"text-white font-medium"[39m
                        [36m>[39m
                          [0m123 Test Street, HCMC[0m
                        [36m</p>[39m
                      [36m</div>[39m
                      [36m<div[39m
                        [33mclass[39m=[32m"md:col-span-2"[39m
                      [36m>[39m
                        [36m<p[39m
                          [33mclass[39m=[32m"text-[11px] uppercase 
text-slate-500 font-bold mb-1"[39m
                        [36m>[39m
                          [0mMß║íng x├ú hß╗Öi[0m
                        [36m</p>[39m
                        [36m<a[39m
                          [33mclass[39m=[32m"text-primary hover:underline 
font-medium"[39m
                          [33mhref[39m=[32m"https://facebook.com/test"[39m
                          [33mrel[39m=[32m"noopener noreferrer"[39m
                          [33mtarget[39m=[32m"_blank"[39m
                        [36m>[39m
                          [0mhttps://facebook.com/test[0m
                        [36m</a>[39m
                      [36m</div>[39m
                    [36m</div>[39m
                  [36m</section>[39m
                  [36m<section>[39m
                    [36m<h4[39m
                      [33mclass[39m=[32m"text-xs font-bold uppercase 
tracking-[0.2em] text-primary mb-4 flex items-center gap-2"[39m
                    [36m>[39m
                      [36m<svg[39m
                        [33mclass[39m=[32m"text-sm"[39m
                        [33mfill[39m=[32m"currentColor"[39m
                        [33mheight[39m=[32m"1em"[39m
                        [33mstroke[39m=[32m"currentColor"[39m
                        [33mstroke-width[39m=[32m"0"[39m
                        [33mviewBox[39m=[32m"0 0 24 24"[39m
                        [33mwidth[39m=[32m"1em"[39m
                        [33mxmlns[39m=[32m"http://www.w3.org/2000/svg"[39m
                      [36m>[39m
                        [36m<path[39m
                          [33md[39m=[32m"M0 0h24v24H0z"[39m
                          [33mfill[39m=[32m"none"[39m
                        [36m/>[39m
                        [36m<path[39m
                          [33md[39m=[32m"M19 14V6c0-1.1-.9-2-2-2H3c-1.1 0-2 
.9-2 2v8c0 1.1.9 2 2 2h14c1.1 0 2-.9 2-2zm-9-1c-1.66 0-3-1.34-3-3s1.34-3 3-3 3 
1.34 3 3-1.34 3-3 3zm13-6v11c0 1.1-.9 2-2 2H4v-2h17V7h2z"[39m
                        [36m/>[39m
                      [36m</svg>[39m
                      [0m Th├┤ng tin thanh to├ín[0m
                    [36m</h4>[39m
                    [36m<div[39m
                      [33mclass[39m=[32m"grid grid-cols-1 md:grid-cols-2 
gap-y-4 gap-x-8 p-4 rounded-xl bg-primary/5 border border-primary/10"[39m
                    [36m>[39m
                      [36m<div>[39m
                        [36m<p[39m
                          [33mclass[39m=[32m"text-[11px] uppercase 
text-slate-500 font-bold mb-1"[39m
                        [36m>[39m
                          [0mNg├ón h├áng[0m
                        [36m</p>[39m
                        [36m<p[39m
                          [33mclass[39m=[32m"text-white font-medium"[39m
                        [36m>[39m
                          [0mVCB[0m
                        [36m</p>[39m
                      [36m</div>[39m
                      [36m<div>[39m
                        [36m<p[39m
                          [33mclass[39m=[32m"text-[11px] uppercase 
text-slate-500 font-bold mb-1"[39m
                        [36m>[39m
                          [0mChi nh├ính[0m
                        [36m</p>[39m
                        [36m<p[39m
                          [33mclass[39m=[32m"text-white font-medium"[39m
                        [36m>[39m
                          [0mHCMC Branch[0m
                        [36m</p>[39m
                      [36m</div>[39m
                      [36m<div>[39m
                        [36m<p[39m
                          [33mclass[39m=[32m"text-[11px] uppercase 
text-slate-500 font-bold mb-1"[39m
                        [36m>[39m
                          [0mT├¬n t├ái khoß║ún[0m
                        [36m</p>[39m
                        [36m<p[39m
                          [33mclass[39m=[32m"text-white font-bold"[39m
                        [36m>[39m
                          [0mTest Company Account[0m
                        [36m</p>[39m
                      [36m</div>[39m
                      [36m<div>[39m
                        [36m<p[39m
                          [33mclass[39m=[32m"text-[11px] uppercase 
text-slate-500 font-bold mb-1"[39m
                        [36m>[39m
                          [0mSß╗æ t├ái khoß║ún[0m
                        [36m</p>[39m
                        [36m<p[39m
                          [33mclass[39m=[32m"text-primary text-lg 
font-bold"[39m
                        [36m>[39m
                          [0m9876543210[0m
                        [36m</p>[39m
                      [36m</div>[39m
                    [36m</div>[39m
                  [36m</section>[39m
                [36m</div>[39m
              [36m</div>[39m
              [36m<div[39m
                [33mclass[39m=[32m"px-6 py-6 border-t border-primary/20 
flex items-center justify-end gap-4 bg-primary/5 shrink-0 sticky bottom-0 
z-10"[39m
              [36m>[39m
                [36m<button[39m
                  [33mclass[39m=[32m"px-6 py-2.5 rounded-xl border 
border-orange-500/50 text-orange-500 text-sm font-bold hover:bg-orange-500/10 
transition-all disabled:opacity-50 disabled:cursor-not-allowed"[39m
                [36m>[39m
                  [0mTß╗½ chß╗æi[0m
                [36m</button>[39m
                [36m<button[39m
                  [33mclass[39m=[32m"px-8 py-2.5 rounded-xl bg-primary 
text-white text-sm font-bold shadow-[0_0_20px_rgba(124,59,237,0.4)] 
hover:shadow-[0_0_30px_rgba(124,59,237,0.6)] hover:scale-[1.02] transition-all 
disabled:opacity-50 disabled:cursor-not-allowed"[39m
                [36m>[39m
                  [0mPh├¬ duyß╗çt hß╗ô s╞í[0m
                [36m</button>[39m
              [36m</div>[39m
            [36m</div>[39m
          [36m</div>[39m
        [36m</div>[39m
      [36m</body>[39m
    [36m</html>[39m

    [0m [90m 303 |[39m
     [90m 304 |[39m       [36mawait[39m waitFor(() [33m=>[39m {
    [31m[1m>[22m[39m[90m 305 |[39m         
expect(mockToastError)[33m.[39mtoHaveBeenCalledWith([32m'Ph├¬ duyß╗çt hß╗ô 
s╞í thß║Ñt bß║íi'[39m)
     [90m     |[39m                                [31m[1m^[22m[39m
     [90m 306 |[39m       })
     [90m 307 |[39m     })
     [90m 308 |[39m   })[0m

      at src/test/unit/components/Staff/organizers/StaffOrganizerDetailModal.te
st.tsx:305:32
      at runWithExpensiveErrorDiagnosticsDisabled 
(node_modules/@testing-library/dom/dist/config.js:47:12)
      at checkCallback 
(node_modules/@testing-library/dom/dist/wait-for.js:124:77)
      at checkRealTimersCallback 
(node_modules/@testing-library/dom/dist/wait-for.js:118:16)
      at Timeout.task [as _onTimeout] 
(node_modules/jsdom/lib/jsdom/browser/Window.js:579:19)

  ΓùÅ StaffOrganizerDetailModal ΓÇ║ Reject Action ΓÇ║ should show reject 
reason input when reject button is clicked

    TestingLibraryElementError: Unable to find an element with the placeholder 
text of: Nhß║¡p l├╜ do tß╗½ chß╗æi...

    Ignored nodes: comments, script, style
    [36m<body>[39m
      [36m<div>[39m
        [36m<div[39m
          [33mclass[39m=[32m"fixed inset-0 z-[100] bg-black/80 
backdrop-blur-sm"[39m
        [36m/>[39m
        [36m<div[39m
          [33mclass[39m=[32m"fixed inset-0 z-[101] flex items-center 
justify-center p-4 pointer-events-none"[39m
        [36m>[39m
          [36m<div[39m
            [33mclass[39m=[32m"bg-[rgba(24,18,43,0.8)] backdrop-blur-[12px] 
border border-[rgba(124,59,237,0.1)] w-full max-w-2xl rounded-2xl 
overflow-hidden shadow-2xl flex flex-col max-h-[85vh] pointer-events-auto"[39m
          [36m>[39m
            [36m<div[39m
              [33mclass[39m=[32m"px-6 py-4 border-b border-primary/20 flex 
items-center justify-between bg-primary/5 shrink-0 sticky top-0 z-10"[39m
            [36m>[39m
              [36m<h3[39m
                [33mclass[39m=[32m"text-xl font-bold text-white"[39m
              [36m>[39m
                [0mChi tiß║┐t hß╗ô s╞í Nh├á tß╗ò chß╗⌐c[0m
              [36m</h3>[39m
              [36m<button[39m
                [33mclass[39m=[32m"size-8 flex items-center justify-center 
rounded-full hover:bg-white/10 text-slate-400 hover:text-white 
transition-colors"[39m
              [36m>[39m
                [36m<svg[39m
                  [33mclass[39m=[32m"text-xl"[39m
                  [33mfill[39m=[32m"currentColor"[39m
                  [33mheight[39m=[32m"1em"[39m
                  [33mstroke[39m=[32m"currentColor"[39m
                  [33mstroke-width[39m=[32m"0"[39m
                  [33mviewBox[39m=[32m"0 0 24 24"[39m
                  [33mwidth[39m=[32m"1em"[39m
                  [33mxmlns[39m=[32m"http://www.w3.org/2000/svg"[39m
                [36m>[39m
                  [36m<path[39m
                    [33md[39m=[32m"M0 0h24v24H0z"[39m
                    [33mfill[39m=[32m"none"[39m
                  [36m/>[39m
                  [36m<path[39m
                    [33md[39m=[32m"M19 6.41 17.59 5 12 10.59 6.41 5 5 6.41 
10.59 12 5 17.59 6.41 19 12 13.41 17.59 19 19 17.59 13.41 12z"[39m
                  [36m/>[39m
                [36m</svg>[39m
              [36m</button>[39m
            [36m</div>[39m
            [36m<div[39m
              [33mclass[39m=[32m"p-6 overflow-y-auto flex-1"[39m
            [36m>[39m
              [36m<div[39m
                [33mclass[39m=[32m"space-y-6 pt-8"[39m
              [36m>[39m
                [36m<section>[39m
                  [36m<h4[39m
                    [33mclass[39m=[32m"text-xs font-bold uppercase 
tracking-[0.2em] text-primary mb-4 flex items-center gap-2"[39m
                  [36m>[39m
                    [36m<svg[39m
                      [33mclass[39m=[32m"text-sm"[39m
                      [33mfill[39m=[32m"currentColor"[39m
                      [33mheight[39m=[32m"1em"[39m
                      [33mstroke[39m=[32m"currentColor"[39m
                      [33mstroke-width[39m=[32m"0"[39m
                      [33mviewBox[39m=[32m"0 0 24 24"[39m
                      [33mwidth[39m=[32m"1em"[39m
                      [33mxmlns[39m=[32m"http://www.w3.org/2000/svg"[39m
                    [36m>[39m
                      [36m<path[39m
                        [33md[39m=[32m"M0 0h24v24H0z"[39m
                        [33mfill[39m=[32m"none"[39m
                      [36m/>[39m
                      [36m<path[39m
                        [33md[39m=[32m"M12 2C6.48 2 2 6.48 2 12s4.48 10 10 
10 10-4.48 10-10S17.52 2 12 2zm1 15h-2v-6h2v6zm0-8h-2V7h2v2z"[39m
                      [36m/>[39m
                    [36m</svg>[39m
                    [0m Th├┤ng tin c╞í bß║ún[0m
                  [36m</h4>[39m
                  [36m<div[39m
                    [33mclass[39m=[32m"grid grid-cols-1 md:grid-cols-2 
gap-y-4 gap-x-8"[39m
                  [36m>[39m
                    [36m<div>[39m
                      [36m<p[39m
                        [33mclass[39m=[32m"text-[11px] uppercase 
text-slate-500 font-bold mb-1"[39m
                      [36m>[39m
                        [0mT├¬n hiß╗ân thß╗ï[0m
                      [36m</p>[39m
                      [36m<p[39m
                        [33mclass[39m=[32m"text-white font-medium"[39m
                      [36m>[39m
                        [0mTest Organizer Company[0m
                      [36m</p>[39m
                    [36m</div>[39m
                    [36m<div>[39m
                      [36m<p[39m
                        [33mclass[39m=[32m"text-[11px] uppercase 
text-slate-500 font-bold mb-1"[39m
                      [36m>[39m
                        [0mLoß║íi h├¼nh[0m
                      [36m</p>[39m
                      [36m<p[39m
                        [33mclass[39m=[32m"text-white font-medium"[39m
                      [36m>[39m
                        [0mConcert[0m
                      [36m</p>[39m
                    [36m</div>[39m
                    [36m<div>[39m
                      [36m<p[39m
                        [33mclass[39m=[32m"text-[11px] uppercase 
text-slate-500 font-bold mb-1"[39m
                      [36m>[39m
                        [0mL─⌐nh vß╗▒c kinh doanh[0m
                      [36m</p>[39m
                      [36m<p[39m
                        [33mclass[39m=[32m"text-white font-medium"[39m
                      [36m>[39m
                        [0mEntertainment[0m
                      [36m</p>[39m
                    [36m</div>[39m
                    [36m<div>[39m
                      [36m<p[39m
                        [33mclass[39m=[32m"text-[11px] uppercase 
text-slate-500 font-bold mb-1"[39m
                      [36m>[39m
                        [0mM├┤ tß║ú[0m
                      [36m</p>[39m
                      [36m<p[39m
                        [33mclass[39m=[32m"text-white font-medium"[39m
                      [36m>[39m
                        [0mA test organizer company description[0m
                      [36m</p>[39m
                    [36m</div>[39m
                  [36m</div>[39m
                [36m</section>[39m
                [36m<section>[39m
                  [36m<h4[39m
                    [33mclass[39m=[32m"text-xs font-bold uppercase 
tracking-[0.2em] text-primary mb-4 flex items-center gap-2"[39m
                  [36m>[39m
                    [36m<svg[39m
                      [33mclass[39m=[32m"text-sm"[39m
                      [33mfill[39m=[32m"currentColor"[39m
                      [33mheight[39m=[32m"1em"[39m
                      [33mstroke[39m=[32m"currentColor"[39m
                      [33mstroke-width[39m=[32m"0"[39m
                      [33mviewBox[39m=[32m"0 0 24 24"[39m
                      [33mwidth[39m=[32m"1em"[39m
                      [33mxmlns[39m=[32m"http://www.w3.org/2000/svg"[39m
                    [36m>[39m
                      [36m<path[39m
                        [33md[39m=[32m"M0 0h24v24H0z"[39m
                        [33mfill[39m=[32m"none"[39m
                      [36m/>[39m
                      [36m<path[39m
                        [33md[39m=[32m"M12 1 3 5v6c0 5.55 3.84 10.74 9 12 
5.16-1.26 9-6.45 9-12V5l-9-4zm-2 16-4-4 1.41-1.41L10 14.17l6.59-6.59L18 9l-8 
8z"[39m
                      [36m/>[39m
                    [36m</svg>[39m
                    [0m Th├┤ng tin ─æß╗ïnh danh[0m
                  [36m</h4>[39m
                  [36m<div[39m
                    [33mclass[39m=[32m"grid grid-cols-1 md:grid-cols-2 
gap-y-4 gap-x-8"[39m
                  [36m>[39m
                    [36m<div>[39m
                      [36m<p[39m
                        [33mclass[39m=[32m"text-[11px] uppercase 
text-slate-500 font-bold mb-1"[39m
                      [36m>[39m
                        [0mT├¬n c├┤ng ty[0m
                      [36m</p>[39m
                      [36m<p[39m
                        [33mclass[39m=[32m"text-white font-medium"[39m
                      [36m>[39m
                        [0mTest Company Ltd.[0m
                      [36m</p>[39m
                    [36m</div>[39m
                    [36m<div>[39m
                      [36m<p[39m
                        [33mclass[39m=[32m"text-[11px] uppercase 
text-slate-500 font-bold mb-1"[39m
                      [36m>[39m
                        [0mM├ú sß╗æ thuß║┐[0m
                      [36m</p>[39m
                      [36m<p[39m
                        [33mclass[39m=[32m"text-primary font-bold"[39m
                      [36m>[39m
                        [0m0123456789[0m
                      [36m</p>[39m
                    [36m</div>[39m
                    [36m<div>[39m
                      [36m<p[39m
                        [33mclass[39m=[32m"text-[11px] uppercase 
text-slate-500 font-bold mb-1"[39m
                      [36m>[39m
                        [0mSß╗æ ─æß╗ïnh danh / CCCD[0m
                      [36m</p>[39m
                      [36m<p[39m
                        [33mclass[39m=[32m"text-white font-medium"[39m
                      [36m>[39m
                        [0m123456789012[0m
                      [36m</p>[39m
                    [36m</div>[39m
                    [36m<div>[39m
                      [36m<p[39m
                        [33mclass[39m=[32m"text-[11px] uppercase 
text-slate-500 font-bold mb-1"[39m
                      [36m>[39m
                        [0m─Éß╗ïa chß╗ë[0m
                      [36m</p>[39m
                      [36m<p[39m
                        [33mclass[39m=[32m"text-white font-medium"[39m
                      [36m>[39m
                        [0m123 Test Street, HCMC[0m
                      [36m</p>[39m
                    [36m</div>[39m
                    [36m<div[39m
                      [33mclass[39m=[32m"md:col-span-2"[39m
                    [36m>[39m
                      [36m<p[39m
                        [33mclass[39m=[32m"text-[11px] uppercase 
text-slate-500 font-bold mb-1"[39m
                      [36m>[39m
                        [0mMß║íng x├ú hß╗Öi[0m
                      [36m</p>[39m
                      [36m<a[39m
                        [33mclass[39m=[32m"text-primary hover:underline 
font-medium"[39m
                        [33mhref[39m=[32m"https://facebook.com/test"[39m
                        [33mrel[39m=[32m"noopener noreferrer"[39m
                        [33mtarget[39m=[32m"_blank"[39m
                      [36m>[39m
                        [0mhttps://facebook.com/test[0m
                      [36m</a>[39m
                    [36m</div>[39m
                  [36m</div>[39m
                [36m</section>[39m
                [36m<section>[39m
                  [36m<h4[39m
                    [33mclass[39m=[32m"text-xs font-bold uppercase 
tracking-[0.2em] text-primary mb-4 flex items-center gap-2"[39m
                  [36m>[39m
                    [36m<svg[39m
                      [33mclass[39m=[32m"text-sm"[39m
                      [33mfill[39m=[32m"currentColor"[39m
                      [33mheight[39m=[32m"1em"[39m
                      [33mstroke[39m=[32m"currentColor"[39m
                      [33mstroke-width[39m=[32m"0"[39m
                      [33mviewBox[39m=[32m"0 0 24 24"[39m
                      [33mwidth[39m=[32m"1em"[39m
                      [33mxmlns[39m=[32m"http://www.w3.org/2000/svg"[39m
                    [36m>[39m
                      [36m<path[39m
                        [33md[39m=[32m"M0 0h24v24H0z"[39m
                        [33mfill[39m=[32m"none"[39m
                      [36m/>[39m
                      [36m<path[39m
                        [33md[39m=[32m"M19 14V6c0-1.1-.9-2-2-2H3c-1.1 0-2 
.9-2 2v8c0 1.1.9 2 2 2h14c1.1 0 2-.9 2-2zm-9-1c-1.66 0-3-1.34-3-3s1.34-3 3-3 3 
1.34 3 3-1.34 3-3 3zm13-6v11c0 1.1-.9 2-2 2H4v-2h17V7h2z"[39m
                      [36m/>[39m
                    [36m</svg>[39m
                    [0m Th├┤ng tin thanh to├ín[0m
                  [36m</h4>[39m
                  [36m<div[39m
                    [33mclass[39m=[32m"grid grid-cols-1 md:grid-cols-2 
gap-y-4 gap-x-8 p-4 rounded-xl bg-primary/5 border border-primary/10"[39m
                  [36m>[39m
                    [36m<div>[39m
                      [36m<p[39m
                        [33mclass[39m=[32m"text-[11px] uppercase 
text-slate-500 font-bold mb-1"[39m
                      [36m>[39m
                        [0mNg├ón h├áng[0m
                      [36m</p>[39m
                      [36m<p[39m
                        [33mclass[39m=[32m"text-white font-medium"[39m
                      [36m>[39m
                        [0mVCB[0m
                      [36m</p>[39m
                    [36m</div>[39m
                    [36m<div>[39m
                      [36m<p[39m
                        [33mclass[39m=[32m"text-[11px] uppercase 
text-slate-500 font-bold mb-1"[39m
                      [36m>[39m
                        [0mChi nh├ính[0m
                      [36m</p>[39m
                      [36m<p[39m
                        [33mclass[39m=[32m"text-white font-medium"[39m
                      [36m>[39m
                        [0mHCMC Branch[0m
                      [36m</p>[39m
                    [36m</div>[39m
                    [36m<div>[39m
                      [36m<p[39m
                        [33mclass[39m=[32m"text-[11px] uppercase 
text-slate-500 font-bold mb-1"[39m
                      [36m>[39m
                        [0mT├¬n t├ái khoß║ún[0m
                      [36m</p>[39m
                      [36m<p[39m
                        [33mclass[39m=[32m"text-white font-bold"[39m
                      [36m>[39m
                        [0mTest Company Account[0m
                      [36m</p>[39m
                    [36m</div>[39m
                    [36m<div>[39m
                      [36m<p[39m
                        [33mclass[39m=[32m"text-[11px] uppercase 
text-slate-500 font-bold mb-1"[39m
                      [36m>[39m
                        [0mSß╗æ t├ái khoß║ún[0m
                      [36m</p>[39m
                      [36m<p[39m
                        [33mclass[39m=[32m"text-primary text-lg 
font-bold"[39m
                      [36m>[39m
                        [0m9876543210[0m
                      [36m</p>[39m
                    [36m</div>[39m
                  [36m</div>[39m
                [36m</section>[39m
              [36m</div>[39m
            [36m</div>[39m
            [36m<div[39m
              [33mclass[39m=[32m"px-6 py-4 border-t border-primary/20 
bg-primary/5 shrink-0"[39m
            [36m>[39m
              [36m<label[39m
                [33mclass[39m=[32m"text-xs font-bold uppercase 
tracking-wider text-slate-400 mb-2 block"[39m
              [36m>[39m
                [0mL├¡ do tß╗½ chß╗æi [0m
                [36m<span[39m
                  [33mclass[39m=[32m"text-red-500"[39m
                [36m>[39m
                  [0m*[0m
                [36m</span>[39m
              [36m</label>[39m
              [36m<textarea[39m
                [33mclass[39m=[32m"w-full bg-slate-800/50 border 
border-primary/20 rounded-xl px-4 py-3 text-sm text-white 
placeholder-slate-500 focus:outline-none focus:ring-2 focus:ring-primary/50 
resize-none"[39m
                [33mplaceholder[39m=[32m"Nhß║¡p l├¡ do tß╗½ chß╗æi..."[39m
                [33mrows[39m=[32m"4"[39m
              [36m/>[39m
            [36m</div>[39m
            [36m<div[39m
              [33mclass[39m=[32m"px-6 py-6 border-t border-primary/20 flex 
items-center justify-end gap-4 bg-primary/5 shrink-0 sticky bottom-0 z-10"[39m
            [36m>[39m
              [36m<button[39m
                [33mclass[39m=[32m"px-6 py-2.5 rounded-xl border 
border-orange-500/50 text-orange-500 text-sm font-bold hover:bg-orange-500/10 
transition-all disabled:opacity-50 disabled:cursor-not-allowed"[39m
              [36m>[39m
                [0mX├íc nhß║¡n tß╗½ chß╗æi[0m
              [36m</button>[39m
              [36m<button[39m
                [33mclass[39m=[32m"px-8 py-2.5 rounded-xl bg-primary 
text-white text-sm font-bold shadow-[0_0_20px_rgba(124,59,237,0.4)] 
hover:shadow-[0_0_30px_rgba(124,59,237,0.6)] hover:scale-[1.02] transition-all 
disabled:opacity-50 disabled:cursor-not-allowed"[39m
              [36m>[39m
                [0mPh├¬ duyß╗çt hß╗ô s╞í[0m
              [36m</button>[39m
            [36m</div>[39m
          [36m</div>[39m
        [36m</div>[39m
      [36m</div>[39m
    [36m</body>[39m

    [0m [90m 320 |[39m
     [90m 321 |[39m       expect(
    [31m[1m>[22m[39m[90m 322 |[39m         
screen[33m.[39mgetByPlaceholderText([32m'Nhß║¡p l├╜ do tß╗½ chß╗æi...'[39m)
     [90m     |[39m                [31m[1m^[22m[39m
     [90m 323 |[39m       )[33m.[39mtoBeInTheDocument()
     [90m 324 |[39m     })
     [90m 325 |[39m[0m

      at Object.getElementError 
(node_modules/@testing-library/dom/dist/config.js:37:19)
      at node_modules/@testing-library/dom/dist/query-helpers.js:76:38
      at node_modules/@testing-library/dom/dist/query-helpers.js:52:17
      at node_modules/@testing-library/dom/dist/query-helpers.js:95:19
      at Object.<anonymous> (src/test/unit/components/Staff/organizers/StaffOrg
anizerDetailModal.test.tsx:322:16)

  ΓùÅ StaffOrganizerDetailModal ΓÇ║ Reject Action ΓÇ║ should show confirmation 
modal when reject is confirmed

    TestingLibraryElementError: Unable to find an element with the placeholder 
text of: Nhß║¡p l├╜ do tß╗½ chß╗æi...

    Ignored nodes: comments, script, style
    [36m<body>[39m
      [36m<div>[39m
        [36m<div[39m
          [33mclass[39m=[32m"fixed inset-0 z-[100] bg-black/80 
backdrop-blur-sm"[39m
        [36m/>[39m
        [36m<div[39m
          [33mclass[39m=[32m"fixed inset-0 z-[101] flex items-center 
justify-center p-4 pointer-events-none"[39m
        [36m>[39m
          [36m<div[39m
            [33mclass[39m=[32m"bg-[rgba(24,18,43,0.8)] backdrop-blur-[12px] 
border border-[rgba(124,59,237,0.1)] w-full max-w-2xl rounded-2xl 
overflow-hidden shadow-2xl flex flex-col max-h-[85vh] pointer-events-auto"[39m
          [36m>[39m
            [36m<div[39m
              [33mclass[39m=[32m"px-6 py-4 border-b border-primary/20 flex 
items-center justify-between bg-primary/5 shrink-0 sticky top-0 z-10"[39m
            [36m>[39m
              [36m<h3[39m
                [33mclass[39m=[32m"text-xl font-bold text-white"[39m
              [36m>[39m
                [0mChi tiß║┐t hß╗ô s╞í Nh├á tß╗ò chß╗⌐c[0m
              [36m</h3>[39m
              [36m<button[39m
                [33mclass[39m=[32m"size-8 flex items-center justify-center 
rounded-full hover:bg-white/10 text-slate-400 hover:text-white 
transition-colors"[39m
              [36m>[39m
                [36m<svg[39m
                  [33mclass[39m=[32m"text-xl"[39m
                  [33mfill[39m=[32m"currentColor"[39m
                  [33mheight[39m=[32m"1em"[39m
                  [33mstroke[39m=[32m"currentColor"[39m
                  [33mstroke-width[39m=[32m"0"[39m
                  [33mviewBox[39m=[32m"0 0 24 24"[39m
                  [33mwidth[39m=[32m"1em"[39m
                  [33mxmlns[39m=[32m"http://www.w3.org/2000/svg"[39m
                [36m>[39m
                  [36m<path[39m
                    [33md[39m=[32m"M0 0h24v24H0z"[39m
                    [33mfill[39m=[32m"none"[39m
                  [36m/>[39m
                  [36m<path[39m
                    [33md[39m=[32m"M19 6.41 17.59 5 12 10.59 6.41 5 5 6.41 
10.59 12 5 17.59 6.41 19 12 13.41 17.59 19 19 17.59 13.41 12z"[39m
                  [36m/>[39m
                [36m</svg>[39m
              [36m</button>[39m
            [36m</div>[39m
            [36m<div[39m
              [33mclass[39m=[32m"p-6 overflow-y-auto flex-1"[39m
            [36m>[39m
              [36m<div[39m
                [33mclass[39m=[32m"space-y-6 pt-8"[39m
              [36m>[39m
                [36m<section>[39m
                  [36m<h4[39m
                    [33mclass[39m=[32m"text-xs font-bold uppercase 
tracking-[0.2em] text-primary mb-4 flex items-center gap-2"[39m
                  [36m>[39m
                    [36m<svg[39m
                      [33mclass[39m=[32m"text-sm"[39m
                      [33mfill[39m=[32m"currentColor"[39m
                      [33mheight[39m=[32m"1em"[39m
                      [33mstroke[39m=[32m"currentColor"[39m
                      [33mstroke-width[39m=[32m"0"[39m
                      [33mviewBox[39m=[32m"0 0 24 24"[39m
                      [33mwidth[39m=[32m"1em"[39m
                      [33mxmlns[39m=[32m"http://www.w3.org/2000/svg"[39m
                    [36m>[39m
                      [36m<path[39m
                        [33md[39m=[32m"M0 0h24v24H0z"[39m
                        [33mfill[39m=[32m"none"[39m
                      [36m/>[39m
                      [36m<path[39m
                        [33md[39m=[32m"M12 2C6.48 2 2 6.48 2 12s4.48 10 10 
10 10-4.48 10-10S17.52 2 12 2zm1 15h-2v-6h2v6zm0-8h-2V7h2v2z"[39m
                      [36m/>[39m
                    [36m</svg>[39m
                    [0m Th├┤ng tin c╞í bß║ún[0m
                  [36m</h4>[39m
                  [36m<div[39m
                    [33mclass[39m=[32m"grid grid-cols-1 md:grid-cols-2 
gap-y-4 gap-x-8"[39m
                  [36m>[39m
                    [36m<div>[39m
                      [36m<p[39m
                        [33mclass[39m=[32m"text-[11px] uppercase 
text-slate-500 font-bold mb-1"[39m
                      [36m>[39m
                        [0mT├¬n hiß╗ân thß╗ï[0m
                      [36m</p>[39m
                      [36m<p[39m
                        [33mclass[39m=[32m"text-white font-medium"[39m
                      [36m>[39m
                        [0mTest Organizer Company[0m
                      [36m</p>[39m
                    [36m</div>[39m
                    [36m<div>[39m
                      [36m<p[39m
                        [33mclass[39m=[32m"text-[11px] uppercase 
text-slate-500 font-bold mb-1"[39m
                      [36m>[39m
                        [0mLoß║íi h├¼nh[0m
                      [36m</p>[39m
                      [36m<p[39m
                        [33mclass[39m=[32m"text-white font-medium"[39m
                      [36m>[39m
                        [0mConcert[0m
                      [36m</p>[39m
                    [36m</div>[39m
                    [36m<div>[39m
                      [36m<p[39m
                        [33mclass[39m=[32m"text-[11px] uppercase 
text-slate-500 font-bold mb-1"[39m
                      [36m>[39m
                        [0mL─⌐nh vß╗▒c kinh doanh[0m
                      [36m</p>[39m
                      [36m<p[39m
                        [33mclass[39m=[32m"text-white font-medium"[39m
                      [36m>[39m
                        [0mEntertainment[0m
                      [36m</p>[39m
                    [36m</div>[39m
                    [36m<div>[39m
                      [36m<p[39m
                        [33mclass[39m=[32m"text-[11px] uppercase 
text-slate-500 font-bold mb-1"[39m
                      [36m>[39m
                        [0mM├┤ tß║ú[0m
                      [36m</p>[39m
                      [36m<p[39m
                        [33mclass[39m=[32m"text-white font-medium"[39m
                      [36m>[39m
                        [0mA test organizer company description[0m
                      [36m</p>[39m
                    [36m</div>[39m
                  [36m</div>[39m
                [36m</section>[39m
                [36m<section>[39m
                  [36m<h4[39m
                    [33mclass[39m=[32m"text-xs font-bold uppercase 
tracking-[0.2em] text-primary mb-4 flex items-center gap-2"[39m
                  [36m>[39m
                    [36m<svg[39m
                      [33mclass[39m=[32m"text-sm"[39m
                      [33mfill[39m=[32m"currentColor"[39m
                      [33mheight[39m=[32m"1em"[39m
                      [33mstroke[39m=[32m"currentColor"[39m
                      [33mstroke-width[39m=[32m"0"[39m
                      [33mviewBox[39m=[32m"0 0 24 24"[39m
                      [33mwidth[39m=[32m"1em"[39m
                      [33mxmlns[39m=[32m"http://www.w3.org/2000/svg"[39m
                    [36m>[39m
                      [36m<path[39m
                        [33md[39m=[32m"M0 0h24v24H0z"[39m
                        [33mfill[39m=[32m"none"[39m
                      [36m/>[39m
                      [36m<path[39m
                        [33md[39m=[32m"M12 1 3 5v6c0 5.55 3.84 10.74 9 12 
5.16-1.26 9-6.45 9-12V5l-9-4zm-2 16-4-4 1.41-1.41L10 14.17l6.59-6.59L18 9l-8 
8z"[39m
                      [36m/>[39m
                    [36m</svg>[39m
                    [0m Th├┤ng tin ─æß╗ïnh danh[0m
                  [36m</h4>[39m
                  [36m<div[39m
                    [33mclass[39m=[32m"grid grid-cols-1 md:grid-cols-2 
gap-y-4 gap-x-8"[39m
                  [36m>[39m
                    [36m<div>[39m
                      [36m<p[39m
                        [33mclass[39m=[32m"text-[11px] uppercase 
text-slate-500 font-bold mb-1"[39m
                      [36m>[39m
                        [0mT├¬n c├┤ng ty[0m
                      [36m</p>[39m
                      [36m<p[39m
                        [33mclass[39m=[32m"text-white font-medium"[39m
                      [36m>[39m
                        [0mTest Company Ltd.[0m
                      [36m</p>[39m
                    [36m</div>[39m
                    [36m<div>[39m
                      [36m<p[39m
                        [33mclass[39m=[32m"text-[11px] uppercase 
text-slate-500 font-bold mb-1"[39m
                      [36m>[39m
                        [0mM├ú sß╗æ thuß║┐[0m
                      [36m</p>[39m
                      [36m<p[39m
                        [33mclass[39m=[32m"text-primary font-bold"[39m
                      [36m>[39m
                        [0m0123456789[0m
                      [36m</p>[39m
                    [36m</div>[39m
                    [36m<div>[39m
                      [36m<p[39m
                        [33mclass[39m=[32m"text-[11px] uppercase 
text-slate-500 font-bold mb-1"[39m
                      [36m>[39m
                        [0mSß╗æ ─æß╗ïnh danh / CCCD[0m
                      [36m</p>[39m
                      [36m<p[39m
                        [33mclass[39m=[32m"text-white font-medium"[39m
                      [36m>[39m
                        [0m123456789012[0m
                      [36m</p>[39m
                    [36m</div>[39m
                    [36m<div>[39m
                      [36m<p[39m
                        [33mclass[39m=[32m"text-[11px] uppercase 
text-slate-500 font-bold mb-1"[39m
                      [36m>[39m
                        [0m─Éß╗ïa chß╗ë[0m
                      [36m</p>[39m
                      [36m<p[39m
                        [33mclass[39m=[32m"text-white font-medium"[39m
                      [36m>[39m
                        [0m123 Test Street, HCMC[0m
                      [36m</p>[39m
                    [36m</div>[39m
                    [36m<div[39m
                      [33mclass[39m=[32m"md:col-span-2"[39m
                    [36m>[39m
                      [36m<p[39m
                        [33mclass[39m=[32m"text-[11px] uppercase 
text-slate-500 font-bold mb-1"[39m
                      [36m>[39m
                        [0mMß║íng x├ú hß╗Öi[0m
                      [36m</p>[39m
                      [36m<a[39m
                        [33mclass[39m=[32m"text-primary hover:underline 
font-medium"[39m
                        [33mhref[39m=[32m"https://facebook.com/test"[39m
                        [33mrel[39m=[32m"noopener noreferrer"[39m
                        [33mtarget[39m=[32m"_blank"[39m
                      [36m>[39m
                        [0mhttps://facebook.com/test[0m
                      [36m</a>[39m
                    [36m</div>[39m
                  [36m</div>[39m
                [36m</section>[39m
                [36m<section>[39m
                  [36m<h4[39m
                    [33mclass[39m=[32m"text-xs font-bold uppercase 
tracking-[0.2em] text-primary mb-4 flex items-center gap-2"[39m
                  [36m>[39m
                    [36m<svg[39m
                      [33mclass[39m=[32m"text-sm"[39m
                      [33mfill[39m=[32m"currentColor"[39m
                      [33mheight[39m=[32m"1em"[39m
                      [33mstroke[39m=[32m"currentColor"[39m
                      [33mstroke-width[39m=[32m"0"[39m
                      [33mviewBox[39m=[32m"0 0 24 24"[39m
                      [33mwidth[39m=[32m"1em"[39m
                      [33mxmlns[39m=[32m"http://www.w3.org/2000/svg"[39m
                    [36m>[39m
                      [36m<path[39m
                        [33md[39m=[32m"M0 0h24v24H0z"[39m
                        [33mfill[39m=[32m"none"[39m
                      [36m/>[39m
                      [36m<path[39m
                        [33md[39m=[32m"M19 14V6c0-1.1-.9-2-2-2H3c-1.1 0-2 
.9-2 2v8c0 1.1.9 2 2 2h14c1.1 0 2-.9 2-2zm-9-1c-1.66 0-3-1.34-3-3s1.34-3 3-3 3 
1.34 3 3-1.34 3-3 3zm13-6v11c0 1.1-.9 2-2 2H4v-2h17V7h2z"[39m
                      [36m/>[39m
                    [36m</svg>[39m
                    [0m Th├┤ng tin thanh to├ín[0m
                  [36m</h4>[39m
                  [36m<div[39m
                    [33mclass[39m=[32m"grid grid-cols-1 md:grid-cols-2 
gap-y-4 gap-x-8 p-4 rounded-xl bg-primary/5 border border-primary/10"[39m
                  [36m>[39m
                    [36m<div>[39m
                      [36m<p[39m
                        [33mclass[39m=[32m"text-[11px] uppercase 
text-slate-500 font-bold mb-1"[39m
                      [36m>[39m
                        [0mNg├ón h├áng[0m
                      [36m</p>[39m
                      [36m<p[39m
                        [33mclass[39m=[32m"text-white font-medium"[39m
                      [36m>[39m
                        [0mVCB[0m
                      [36m</p>[39m
                    [36m</div>[39m
                    [36m<div>[39m
                      [36m<p[39m
                        [33mclass[39m=[32m"text-[11px] uppercase 
text-slate-500 font-bold mb-1"[39m
                      [36m>[39m
                        [0mChi nh├ính[0m
                      [36m</p>[39m
                      [36m<p[39m
                        [33mclass[39m=[32m"text-white font-medium"[39m
                      [36m>[39m
                        [0mHCMC Branch[0m
                      [36m</p>[39m
                    [36m</div>[39m
                    [36m<div>[39m
                      [36m<p[39m
                        [33mclass[39m=[32m"text-[11px] uppercase 
text-slate-500 font-bold mb-1"[39m
                      [36m>[39m
                        [0mT├¬n t├ái khoß║ún[0m
                      [36m</p>[39m
                      [36m<p[39m
                        [33mclass[39m=[32m"text-white font-bold"[39m
                      [36m>[39m
                        [0mTest Company Account[0m
                      [36m</p>[39m
                    [36m</div>[39m
                    [36m<div>[39m
                      [36m<p[39m
                        [33mclass[39m=[32m"text-[11px] uppercase 
text-slate-500 font-bold mb-1"[39m
                      [36m>[39m
                        [0mSß╗æ t├ái khoß║ún[0m
                      [36m</p>[39m
                      [36m<p[39m
                        [33mclass[39m=[32m"text-primary text-lg 
font-bold"[39m
                      [36m>[39m
                        [0m9876543210[0m
                      [36m</p>[39m
                    [36m</div>[39m
                  [36m</div>[39m
                [36m</section>[39m
              [36m</div>[39m
            [36m</div>[39m
            [36m<div[39m
              [33mclass[39m=[32m"px-6 py-4 border-t border-primary/20 
bg-primary/5 shrink-0"[39m
            [36m>[39m
              [36m<label[39m
                [33mclass[39m=[32m"text-xs font-bold uppercase 
tracking-wider text-slate-400 mb-2 block"[39m
              [36m>[39m
                [0mL├¡ do tß╗½ chß╗æi [0m
                [36m<span[39m
                  [33mclass[39m=[32m"text-red-500"[39m
                [36m>[39m
                  [0m*[0m
                [36m</span>[39m
              [36m</label>[39m
              [36m<textarea[39m
                [33mclass[39m=[32m"w-full bg-slate-800/50 border 
border-primary/20 rounded-xl px-4 py-3 text-sm text-white 
placeholder-slate-500 focus:outline-none focus:ring-2 focus:ring-primary/50 
resize-none"[39m
                [33mplaceholder[39m=[32m"Nhß║¡p l├¡ do tß╗½ chß╗æi..."[39m
                [33mrows[39m=[32m"4"[39m
              [36m/>[39m
            [36m</div>[39m
            [36m<div[39m
              [33mclass[39m=[32m"px-6 py-6 border-t border-primary/20 flex 
items-center justify-end gap-4 bg-primary/5 shrink-0 sticky bottom-0 z-10"[39m
            [36m>[39m
              [36m<button[39m
                [33mclass[39m=[32m"px-6 py-2.5 rounded-xl border 
border-orange-500/50 text-orange-500 text-sm font-bold hover:bg-orange-500/10 
transition-all disabled:opacity-50 disabled:cursor-not-allowed"[39m
              [36m>[39m
                [0mX├íc nhß║¡n tß╗½ chß╗æi[0m
              [36m</button>[39m
              [36m<button[39m
                [33mclass[39m=[32m"px-8 py-2.5 rounded-xl bg-primary 
text-white text-sm font-bold shadow-[0_0_20px_rgba(124,59,237,0.4)] 
hover:shadow-[0_0_30px_rgba(124,59,237,0.6)] hover:scale-[1.02] transition-all 
disabled:opacity-50 disabled:cursor-not-allowed"[39m
              [36m>[39m
                [0mPh├¬ duyß╗çt hß╗ô s╞í[0m
              [36m</button>[39m
            [36m</div>[39m
          [36m</div>[39m
        [36m</div>[39m
      [36m</div>[39m
    [36m</body>[39m

    [0m [90m 332 |[39m
     [90m 333 |[39m       [36mawait[39m 
userEvent[33m.[39mclick(screen[33m.[39mgetByText([32m'Tß╗½ chß╗æi'[39m))
    [31m[1m>[22m[39m[90m 334 |[39m       [36mconst[39m textarea 
[33m=[39m screen[33m.[39mgetByPlaceholderText([32m'Nhß║¡p l├╜ do tß╗½ 
chß╗æi...'[39m)
     [90m     |[39m                               [31m[1m^[22m[39m
     [90m 335 |[39m       [36mawait[39m 
userEvent[33m.[39mtype(textarea[33m,[39m [32m'Reason for rejection'[39m)
     [90m 336 |[39m
     [90m 337 |[39m       [36mconst[39m confirmBtn [33m=[39m 
screen[33m.[39mgetByText([32m'X├íc nhß║¡n tß╗½ chß╗æi'[39m)[0m

      at Object.getElementError 
(node_modules/@testing-library/dom/dist/config.js:37:19)
      at node_modules/@testing-library/dom/dist/query-helpers.js:76:38
      at node_modules/@testing-library/dom/dist/query-helpers.js:52:17
      at node_modules/@testing-library/dom/dist/query-helpers.js:95:19
      at Object.<anonymous> (src/test/unit/components/Staff/organizers/StaffOrg
anizerDetailModal.test.tsx:334:31)

  ΓùÅ StaffOrganizerDetailModal ΓÇ║ Reject Action ΓÇ║ should dispatch 
fetchRejectOrganizer with reason on confirm reject

    TestingLibraryElementError: Unable to find an element with the placeholder 
text of: Nhß║¡p l├╜ do tß╗½ chß╗æi...

    Ignored nodes: comments, script, style
    [36m<body>[39m
      [36m<div>[39m
        [36m<div[39m
          [33mclass[39m=[32m"fixed inset-0 z-[100] bg-black/80 
backdrop-blur-sm"[39m
        [36m/>[39m
        [36m<div[39m
          [33mclass[39m=[32m"fixed inset-0 z-[101] flex items-center 
justify-center p-4 pointer-events-none"[39m
        [36m>[39m
          [36m<div[39m
            [33mclass[39m=[32m"bg-[rgba(24,18,43,0.8)] backdrop-blur-[12px] 
border border-[rgba(124,59,237,0.1)] w-full max-w-2xl rounded-2xl 
overflow-hidden shadow-2xl flex flex-col max-h-[85vh] pointer-events-auto"[39m
          [36m>[39m
            [36m<div[39m
              [33mclass[39m=[32m"px-6 py-4 border-b border-primary/20 flex 
items-center justify-between bg-primary/5 shrink-0 sticky top-0 z-10"[39m
            [36m>[39m
              [36m<h3[39m
                [33mclass[39m=[32m"text-xl font-bold text-white"[39m
              [36m>[39m
                [0mChi tiß║┐t hß╗ô s╞í Nh├á tß╗ò chß╗⌐c[0m
              [36m</h3>[39m
              [36m<button[39m
                [33mclass[39m=[32m"size-8 flex items-center justify-center 
rounded-full hover:bg-white/10 text-slate-400 hover:text-white 
transition-colors"[39m
              [36m>[39m
                [36m<svg[39m
                  [33mclass[39m=[32m"text-xl"[39m
                  [33mfill[39m=[32m"currentColor"[39m
                  [33mheight[39m=[32m"1em"[39m
                  [33mstroke[39m=[32m"currentColor"[39m
                  [33mstroke-width[39m=[32m"0"[39m
                  [33mviewBox[39m=[32m"0 0 24 24"[39m
                  [33mwidth[39m=[32m"1em"[39m
                  [33mxmlns[39m=[32m"http://www.w3.org/2000/svg"[39m
                [36m>[39m
                  [36m<path[39m
                    [33md[39m=[32m"M0 0h24v24H0z"[39m
                    [33mfill[39m=[32m"none"[39m
                  [36m/>[39m
                  [36m<path[39m
                    [33md[39m=[32m"M19 6.41 17.59 5 12 10.59 6.41 5 5 6.41 
10.59 12 5 17.59 6.41 19 12 13.41 17.59 19 19 17.59 13.41 12z"[39m
                  [36m/>[39m
                [36m</svg>[39m
              [36m</button>[39m
            [36m</div>[39m
            [36m<div[39m
              [33mclass[39m=[32m"p-6 overflow-y-auto flex-1"[39m
            [36m>[39m
              [36m<div[39m
                [33mclass[39m=[32m"space-y-6 pt-8"[39m
              [36m>[39m
                [36m<section>[39m
                  [36m<h4[39m
                    [33mclass[39m=[32m"text-xs font-bold uppercase 
tracking-[0.2em] text-primary mb-4 flex items-center gap-2"[39m
                  [36m>[39m
                    [36m<svg[39m
                      [33mclass[39m=[32m"text-sm"[39m
                      [33mfill[39m=[32m"currentColor"[39m
                      [33mheight[39m=[32m"1em"[39m
                      [33mstroke[39m=[32m"currentColor"[39m
                      [33mstroke-width[39m=[32m"0"[39m
                      [33mviewBox[39m=[32m"0 0 24 24"[39m
                      [33mwidth[39m=[32m"1em"[39m
                      [33mxmlns[39m=[32m"http://www.w3.org/2000/svg"[39m
                    [36m>[39m
                      [36m<path[39m
                        [33md[39m=[32m"M0 0h24v24H0z"[39m
                        [33mfill[39m=[32m"none"[39m
                      [36m/>[39m
                      [36m<path[39m
                        [33md[39m=[32m"M12 2C6.48 2 2 6.48 2 12s4.48 10 10 
10 10-4.48 10-10S17.52 2 12 2zm1 15h-2v-6h2v6zm0-8h-2V7h2v2z"[39m
                      [36m/>[39m
                    [36m</svg>[39m
                    [0m Th├┤ng tin c╞í bß║ún[0m
                  [36m</h4>[39m
                  [36m<div[39m
                    [33mclass[39m=[32m"grid grid-cols-1 md:grid-cols-2 
gap-y-4 gap-x-8"[39m
                  [36m>[39m
                    [36m<div>[39m
                      [36m<p[39m
                        [33mclass[39m=[32m"text-[11px] uppercase 
text-slate-500 font-bold mb-1"[39m
                      [36m>[39m
                        [0mT├¬n hiß╗ân thß╗ï[0m
                      [36m</p>[39m
                      [36m<p[39m
                        [33mclass[39m=[32m"text-white font-medium"[39m
                      [36m>[39m
                        [0mTest Organizer Company[0m
                      [36m</p>[39m
                    [36m</div>[39m
                    [36m<div>[39m
                      [36m<p[39m
                        [33mclass[39m=[32m"text-[11px] uppercase 
text-slate-500 font-bold mb-1"[39m
                      [36m>[39m
                        [0mLoß║íi h├¼nh[0m
                      [36m</p>[39m
                      [36m<p[39m
                        [33mclass[39m=[32m"text-white font-medium"[39m
                      [36m>[39m
                        [0mConcert[0m
                      [36m</p>[39m
                    [36m</div>[39m
                    [36m<div>[39m
                      [36m<p[39m
                        [33mclass[39m=[32m"text-[11px] uppercase 
text-slate-500 font-bold mb-1"[39m
                      [36m>[39m
                        [0mL─⌐nh vß╗▒c kinh doanh[0m
                      [36m</p>[39m
                      [36m<p[39m
                        [33mclass[39m=[32m"text-white font-medium"[39m
                      [36m>[39m
                        [0mEntertainment[0m
                      [36m</p>[39m
                    [36m</div>[39m
                    [36m<div>[39m
                      [36m<p[39m
                        [33mclass[39m=[32m"text-[11px] uppercase 
text-slate-500 font-bold mb-1"[39m
                      [36m>[39m
                        [0mM├┤ tß║ú[0m
                      [36m</p>[39m
                      [36m<p[39m
                        [33mclass[39m=[32m"text-white font-medium"[39m
                      [36m>[39m
                        [0mA test organizer company description[0m
                      [36m</p>[39m
                    [36m</div>[39m
                  [36m</div>[39m
                [36m</section>[39m
                [36m<section>[39m
                  [36m<h4[39m
                    [33mclass[39m=[32m"text-xs font-bold uppercase 
tracking-[0.2em] text-primary mb-4 flex items-center gap-2"[39m
                  [36m>[39m
                    [36m<svg[39m
                      [33mclass[39m=[32m"text-sm"[39m
                      [33mfill[39m=[32m"currentColor"[39m
                      [33mheight[39m=[32m"1em"[39m
                      [33mstroke[39m=[32m"currentColor"[39m
                      [33mstroke-width[39m=[32m"0"[39m
                      [33mviewBox[39m=[32m"0 0 24 24"[39m
                      [33mwidth[39m=[32m"1em"[39m
                      [33mxmlns[39m=[32m"http://www.w3.org/2000/svg"[39m
                    [36m>[39m
                      [36m<path[39m
                        [33md[39m=[32m"M0 0h24v24H0z"[39m
                        [33mfill[39m=[32m"none"[39m
                      [36m/>[39m
                      [36m<path[39m
                        [33md[39m=[32m"M12 1 3 5v6c0 5.55 3.84 10.74 9 12 
5.16-1.26 9-6.45 9-12V5l-9-4zm-2 16-4-4 1.41-1.41L10 14.17l6.59-6.59L18 9l-8 
8z"[39m
                      [36m/>[39m
                    [36m</svg>[39m
                    [0m Th├┤ng tin ─æß╗ïnh danh[0m
                  [36m</h4>[39m
                  [36m<div[39m
                    [33mclass[39m=[32m"grid grid-cols-1 md:grid-cols-2 
gap-y-4 gap-x-8"[39m
                  [36m>[39m
                    [36m<div>[39m
                      [36m<p[39m
                        [33mclass[39m=[32m"text-[11px] uppercase 
text-slate-500 font-bold mb-1"[39m
                      [36m>[39m
                        [0mT├¬n c├┤ng ty[0m
                      [36m</p>[39m
                      [36m<p[39m
                        [33mclass[39m=[32m"text-white font-medium"[39m
                      [36m>[39m
                        [0mTest Company Ltd.[0m
                      [36m</p>[39m
                    [36m</div>[39m
                    [36m<div>[39m
                      [36m<p[39m
                        [33mclass[39m=[32m"text-[11px] uppercase 
text-slate-500 font-bold mb-1"[39m
                      [36m>[39m
                        [0mM├ú sß╗æ thuß║┐[0m
                      [36m</p>[39m
                      [36m<p[39m
                        [33mclass[39m=[32m"text-primary font-bold"[39m
                      [36m>[39m
                        [0m0123456789[0m
                      [36m</p>[39m
                    [36m</div>[39m
                    [36m<div>[39m
                      [36m<p[39m
                        [33mclass[39m=[32m"text-[11px] uppercase 
text-slate-500 font-bold mb-1"[39m
                      [36m>[39m
                        [0mSß╗æ ─æß╗ïnh danh / CCCD[0m
                      [36m</p>[39m
                      [36m<p[39m
                        [33mclass[39m=[32m"text-white font-medium"[39m
                      [36m>[39m
                        [0m123456789012[0m
                      [36m</p>[39m
                    [36m</div>[39m
                    [36m<div>[39m
                      [36m<p[39m
                        [33mclass[39m=[32m"text-[11px] uppercase 
text-slate-500 font-bold mb-1"[39m
                      [36m>[39m
                        [0m─Éß╗ïa chß╗ë[0m
                      [36m</p>[39m
                      [36m<p[39m
                        [33mclass[39m=[32m"text-white font-medium"[39m
                      [36m>[39m
                        [0m123 Test Street, HCMC[0m
                      [36m</p>[39m
                    [36m</div>[39m
                    [36m<div[39m
                      [33mclass[39m=[32m"md:col-span-2"[39m
                    [36m>[39m
                      [36m<p[39m
                        [33mclass[39m=[32m"text-[11px] uppercase 
text-slate-500 font-bold mb-1"[39m
                      [36m>[39m
                        [0mMß║íng x├ú hß╗Öi[0m
                      [36m</p>[39m
                      [36m<a[39m
                        [33mclass[39m=[32m"text-primary hover:underline 
font-medium"[39m
                        [33mhref[39m=[32m"https://facebook.com/test"[39m
                        [33mrel[39m=[32m"noopener noreferrer"[39m
                        [33mtarget[39m=[32m"_blank"[39m
                      [36m>[39m
                        [0mhttps://facebook.com/test[0m
                      [36m</a>[39m
                    [36m</div>[39m
                  [36m</div>[39m
                [36m</section>[39m
                [36m<section>[39m
                  [36m<h4[39m
                    [33mclass[39m=[32m"text-xs font-bold uppercase 
tracking-[0.2em] text-primary mb-4 flex items-center gap-2"[39m
                  [36m>[39m
                    [36m<svg[39m
                      [33mclass[39m=[32m"text-sm"[39m
                      [33mfill[39m=[32m"currentColor"[39m
                      [33mheight[39m=[32m"1em"[39m
                      [33mstroke[39m=[32m"currentColor"[39m
                      [33mstroke-width[39m=[32m"0"[39m
                      [33mviewBox[39m=[32m"0 0 24 24"[39m
                      [33mwidth[39m=[32m"1em"[39m
                      [33mxmlns[39m=[32m"http://www.w3.org/2000/svg"[39m
                    [36m>[39m
                      [36m<path[39m
                        [33md[39m=[32m"M0 0h24v24H0z"[39m
                        [33mfill[39m=[32m"none"[39m
                      [36m/>[39m
                      [36m<path[39m
                        [33md[39m=[32m"M19 14V6c0-1.1-.9-2-2-2H3c-1.1 0-2 
.9-2 2v8c0 1.1.9 2 2 2h14c1.1 0 2-.9 2-2zm-9-1c-1.66 0-3-1.34-3-3s1.34-3 3-3 3 
1.34 3 3-1.34 3-3 3zm13-6v11c0 1.1-.9 2-2 2H4v-2h17V7h2z"[39m
                      [36m/>[39m
                    [36m</svg>[39m
                    [0m Th├┤ng tin thanh to├ín[0m
                  [36m</h4>[39m
                  [36m<div[39m
                    [33mclass[39m=[32m"grid grid-cols-1 md:grid-cols-2 
gap-y-4 gap-x-8 p-4 rounded-xl bg-primary/5 border border-primary/10"[39m
                  [36m>[39m
                    [36m<div>[39m
                      [36m<p[39m
                        [33mclass[39m=[32m"text-[11px] uppercase 
text-slate-500 font-bold mb-1"[39m
                      [36m>[39m
                        [0mNg├ón h├áng[0m
                      [36m</p>[39m
                      [36m<p[39m
                        [33mclass[39m=[32m"text-white font-medium"[39m
                      [36m>[39m
                        [0mVCB[0m
                      [36m</p>[39m
                    [36m</div>[39m
                    [36m<div>[39m
                      [36m<p[39m
                        [33mclass[39m=[32m"text-[11px] uppercase 
text-slate-500 font-bold mb-1"[39m
                      [36m>[39m
                        [0mChi nh├ính[0m
                      [36m</p>[39m
                      [36m<p[39m
                        [33mclass[39m=[32m"text-white font-medium"[39m
                      [36m>[39m
                        [0mHCMC Branch[0m
                      [36m</p>[39m
                    [36m</div>[39m
                    [36m<div>[39m
                      [36m<p[39m
                        [33mclass[39m=[32m"text-[11px] uppercase 
text-slate-500 font-bold mb-1"[39m
                      [36m>[39m
                        [0mT├¬n t├ái khoß║ún[0m
                      [36m</p>[39m
                      [36m<p[39m
                        [33mclass[39m=[32m"text-white font-bold"[39m
                      [36m>[39m
                        [0mTest Company Account[0m
                      [36m</p>[39m
                    [36m</div>[39m
                    [36m<div>[39m
                      [36m<p[39m
                        [33mclass[39m=[32m"text-[11px] uppercase 
text-slate-500 font-bold mb-1"[39m
                      [36m>[39m
                        [0mSß╗æ t├ái khoß║ún[0m
                      [36m</p>[39m
                      [36m<p[39m
                        [33mclass[39m=[32m"text-primary text-lg 
font-bold"[39m
                      [36m>[39m
                        [0m9876543210[0m
                      [36m</p>[39m
                    [36m</div>[39m
                  [36m</div>[39m
                [36m</section>[39m
              [36m</div>[39m
            [36m</div>[39m
            [36m<div[39m
              [33mclass[39m=[32m"px-6 py-4 border-t border-primary/20 
bg-primary/5 shrink-0"[39m
            [36m>[39m
              [36m<label[39m
                [33mclass[39m=[32m"text-xs font-bold uppercase 
tracking-wider text-slate-400 mb-2 block"[39m
              [36m>[39m
                [0mL├¡ do tß╗½ chß╗æi [0m
                [36m<span[39m
                  [33mclass[39m=[32m"text-red-500"[39m
                [36m>[39m
                  [0m*[0m
                [36m</span>[39m
              [36m</label>[39m
              [36m<textarea[39m
                [33mclass[39m=[32m"w-full bg-slate-800/50 border 
border-primary/20 rounded-xl px-4 py-3 text-sm text-white 
placeholder-slate-500 focus:outline-none focus:ring-2 focus:ring-primary/50 
resize-none"[39m
                [33mplaceholder[39m=[32m"Nhß║¡p l├¡ do tß╗½ chß╗æi..."[39m
                [33mrows[39m=[32m"4"[39m
              [36m/>[39m
            [36m</div>[39m
            [36m<div[39m
              [33mclass[39m=[32m"px-6 py-6 border-t border-primary/20 flex 
items-center justify-end gap-4 bg-primary/5 shrink-0 sticky bottom-0 z-10"[39m
            [36m>[39m
              [36m<button[39m
                [33mclass[39m=[32m"px-6 py-2.5 rounded-xl border 
border-orange-500/50 text-orange-500 text-sm font-bold hover:bg-orange-500/10 
transition-all disabled:opacity-50 disabled:cursor-not-allowed"[39m
              [36m>[39m
                [0mX├íc nhß║¡n tß╗½ chß╗æi[0m
              [36m</button>[39m
              [36m<button[39m
                [33mclass[39m=[32m"px-8 py-2.5 rounded-xl bg-primary 
text-white text-sm font-bold shadow-[0_0_20px_rgba(124,59,237,0.4)] 
hover:shadow-[0_0_30px_rgba(124,59,237,0.6)] hover:scale-[1.02] transition-all 
disabled:opacity-50 disabled:cursor-not-allowed"[39m
              [36m>[39m
                [0mPh├¬ duyß╗çt hß╗ô s╞í[0m
              [36m</button>[39m
            [36m</div>[39m
          [36m</div>[39m
        [36m</div>[39m
      [36m</div>[39m
    [36m</body>[39m

    [0m [90m 352 |[39m
     [90m 353 |[39m       [36mawait[39m 
userEvent[33m.[39mclick(screen[33m.[39mgetByText([32m'Tß╗½ chß╗æi'[39m))
    [31m[1m>[22m[39m[90m 354 |[39m       [36mconst[39m textarea 
[33m=[39m screen[33m.[39mgetByPlaceholderText([32m'Nhß║¡p l├╜ do tß╗½ 
chß╗æi...'[39m)
     [90m     |[39m                               [31m[1m^[22m[39m
     [90m 355 |[39m       [36mawait[39m 
userEvent[33m.[39mtype(textarea[33m,[39m [32m'Reason for rejection'[39m)
     [90m 356 |[39m
     [90m 357 |[39m       [36mawait[39m 
userEvent[33m.[39mclick(screen[33m.[39mgetByText([32m'X├íc nhß║¡n tß╗½ 
chß╗æi'[39m))[0m

      at Object.getElementError 
(node_modules/@testing-library/dom/dist/config.js:37:19)
      at node_modules/@testing-library/dom/dist/query-helpers.js:76:38
      at node_modules/@testing-library/dom/dist/query-helpers.js:52:17
      at node_modules/@testing-library/dom/dist/query-helpers.js:95:19
      at Object.<anonymous> (src/test/unit/components/Staff/organizers/StaffOrg
anizerDetailModal.test.tsx:354:31)

  ΓùÅ StaffOrganizerDetailModal ΓÇ║ Reject Action ΓÇ║ should show error toast 
when reject reason is empty

    expect(jest.fn()).toHaveBeenCalledWith(...expected)

    Expected: "Vui l├▓ng nhß║¡p l├╜ do tß╗½ chß╗æi"

    Number of calls: 0

    [0m [90m 380 |[39m       [36mawait[39m 
userEvent[33m.[39mclick(confirmBtn)
     [90m 381 |[39m
    [31m[1m>[22m[39m[90m 382 |[39m       
expect(mockToastError)[33m.[39mtoHaveBeenCalledWith(
     [90m     |[39m                              [31m[1m^[22m[39m
     [90m 383 |[39m         [32m'Vui l├▓ng nhß║¡p l├╜ do tß╗½ chß╗æi'[39m
     [90m 384 |[39m       )
     [90m 385 |[39m     })[0m

      at Object.<anonymous> (src/test/unit/components/Staff/organizers/StaffOrg
anizerDetailModal.test.tsx:382:30)

  ΓùÅ StaffOrganizerDetailModal ΓÇ║ Reject Action ΓÇ║ should show success 
toast on successful rejection

    TestingLibraryElementError: Unable to find an element with the placeholder 
text of: Nhß║¡p l├╜ do tß╗½ chß╗æi...

    Ignored nodes: comments, script, style
    [36m<body>[39m
      [36m<div>[39m
        [36m<div[39m
          [33mclass[39m=[32m"fixed inset-0 z-[100] bg-black/80 
backdrop-blur-sm"[39m
        [36m/>[39m
        [36m<div[39m
          [33mclass[39m=[32m"fixed inset-0 z-[101] flex items-center 
justify-center p-4 pointer-events-none"[39m
        [36m>[39m
          [36m<div[39m
            [33mclass[39m=[32m"bg-[rgba(24,18,43,0.8)] backdrop-blur-[12px] 
border border-[rgba(124,59,237,0.1)] w-full max-w-2xl rounded-2xl 
overflow-hidden shadow-2xl flex flex-col max-h-[85vh] pointer-events-auto"[39m
          [36m>[39m
            [36m<div[39m
              [33mclass[39m=[32m"px-6 py-4 border-b border-primary/20 flex 
items-center justify-between bg-primary/5 shrink-0 sticky top-0 z-10"[39m
            [36m>[39m
              [36m<h3[39m
                [33mclass[39m=[32m"text-xl font-bold text-white"[39m
              [36m>[39m
                [0mChi tiß║┐t hß╗ô s╞í Nh├á tß╗ò chß╗⌐c[0m
              [36m</h3>[39m
              [36m<button[39m
                [33mclass[39m=[32m"size-8 flex items-center justify-center 
rounded-full hover:bg-white/10 text-slate-400 hover:text-white 
transition-colors"[39m
              [36m>[39m
                [36m<svg[39m
                  [33mclass[39m=[32m"text-xl"[39m
                  [33mfill[39m=[32m"currentColor"[39m
                  [33mheight[39m=[32m"1em"[39m
                  [33mstroke[39m=[32m"currentColor"[39m
                  [33mstroke-width[39m=[32m"0"[39m
                  [33mviewBox[39m=[32m"0 0 24 24"[39m
                  [33mwidth[39m=[32m"1em"[39m
                  [33mxmlns[39m=[32m"http://www.w3.org/2000/svg"[39m
                [36m>[39m
                  [36m<path[39m
                    [33md[39m=[32m"M0 0h24v24H0z"[39m
                    [33mfill[39m=[32m"none"[39m
                  [36m/>[39m
                  [36m<path[39m
                    [33md[39m=[32m"M19 6.41 17.59 5 12 10.59 6.41 5 5 6.41 
10.59 12 5 17.59 6.41 19 12 13.41 17.59 19 19 17.59 13.41 12z"[39m
                  [36m/>[39m
                [36m</svg>[39m
              [36m</button>[39m
            [36m</div>[39m
            [36m<div[39m
              [33mclass[39m=[32m"p-6 overflow-y-auto flex-1"[39m
            [36m>[39m
              [36m<div[39m
                [33mclass[39m=[32m"space-y-6 pt-8"[39m
              [36m>[39m
                [36m<section>[39m
                  [36m<h4[39m
                    [33mclass[39m=[32m"text-xs font-bold uppercase 
tracking-[0.2em] text-primary mb-4 flex items-center gap-2"[39m
                  [36m>[39m
                    [36m<svg[39m
                      [33mclass[39m=[32m"text-sm"[39m
                      [33mfill[39m=[32m"currentColor"[39m
                      [33mheight[39m=[32m"1em"[39m
                      [33mstroke[39m=[32m"currentColor"[39m
                      [33mstroke-width[39m=[32m"0"[39m
                      [33mviewBox[39m=[32m"0 0 24 24"[39m
                      [33mwidth[39m=[32m"1em"[39m
                      [33mxmlns[39m=[32m"http://www.w3.org/2000/svg"[39m
                    [36m>[39m
                      [36m<path[39m
                        [33md[39m=[32m"M0 0h24v24H0z"[39m
                        [33mfill[39m=[32m"none"[39m
                      [36m/>[39m
                      [36m<path[39m
                        [33md[39m=[32m"M12 2C6.48 2 2 6.48 2 12s4.48 10 10 
10 10-4.48 10-10S17.52 2 12 2zm1 15h-2v-6h2v6zm0-8h-2V7h2v2z"[39m
                      [36m/>[39m
                    [36m</svg>[39m
                    [0m Th├┤ng tin c╞í bß║ún[0m
                  [36m</h4>[39m
                  [36m<div[39m
                    [33mclass[39m=[32m"grid grid-cols-1 md:grid-cols-2 
gap-y-4 gap-x-8"[39m
                  [36m>[39m
                    [36m<div>[39m
                      [36m<p[39m
                        [33mclass[39m=[32m"text-[11px] uppercase 
text-slate-500 font-bold mb-1"[39m
                      [36m>[39m
                        [0mT├¬n hiß╗ân thß╗ï[0m
                      [36m</p>[39m
                      [36m<p[39m
                        [33mclass[39m=[32m"text-white font-medium"[39m
                      [36m>[39m
                        [0mTest Organizer Company[0m
                      [36m</p>[39m
                    [36m</div>[39m
                    [36m<div>[39m
                      [36m<p[39m
                        [33mclass[39m=[32m"text-[11px] uppercase 
text-slate-500 font-bold mb-1"[39m
                      [36m>[39m
                        [0mLoß║íi h├¼nh[0m
                      [36m</p>[39m
                      [36m<p[39m
                        [33mclass[39m=[32m"text-white font-medium"[39m
                      [36m>[39m
                        [0mConcert[0m
                      [36m</p>[39m
                    [36m</div>[39m
                    [36m<div>[39m
                      [36m<p[39m
                        [33mclass[39m=[32m"text-[11px] uppercase 
text-slate-500 font-bold mb-1"[39m
                      [36m>[39m
                        [0mL─⌐nh vß╗▒c kinh doanh[0m
                      [36m</p>[39m
                      [36m<p[39m
                        [33mclass[39m=[32m"text-white font-medium"[39m
                      [36m>[39m
                        [0mEntertainment[0m
                      [36m</p>[39m
                    [36m</div>[39m
                    [36m<div>[39m
                      [36m<p[39m
                        [33mclass[39m=[32m"text-[11px] uppercase 
text-slate-500 font-bold mb-1"[39m
                      [36m>[39m
                        [0mM├┤ tß║ú[0m
                      [36m</p>[39m
                      [36m<p[39m
                        [33mclass[39m=[32m"text-white font-medium"[39m
                      [36m>[39m
                        [0mA test organizer company description[0m
                      [36m</p>[39m
                    [36m</div>[39m
                  [36m</div>[39m
                [36m</section>[39m
                [36m<section>[39m
                  [36m<h4[39m
                    [33mclass[39m=[32m"text-xs font-bold uppercase 
tracking-[0.2em] text-primary mb-4 flex items-center gap-2"[39m
                  [36m>[39m
                    [36m<svg[39m
                      [33mclass[39m=[32m"text-sm"[39m
                      [33mfill[39m=[32m"currentColor"[39m
                      [33mheight[39m=[32m"1em"[39m
                      [33mstroke[39m=[32m"currentColor"[39m
                      [33mstroke-width[39m=[32m"0"[39m
                      [33mviewBox[39m=[32m"0 0 24 24"[39m
                      [33mwidth[39m=[32m"1em"[39m
                      [33mxmlns[39m=[32m"http://www.w3.org/2000/svg"[39m
                    [36m>[39m
                      [36m<path[39m
                        [33md[39m=[32m"M0 0h24v24H0z"[39m
                        [33mfill[39m=[32m"none"[39m
                      [36m/>[39m
                      [36m<path[39m
                        [33md[39m=[32m"M12 1 3 5v6c0 5.55 3.84 10.74 9 12 
5.16-1.26 9-6.45 9-12V5l-9-4zm-2 16-4-4 1.41-1.41L10 14.17l6.59-6.59L18 9l-8 
8z"[39m
                      [36m/>[39m
                    [36m</svg>[39m
                    [0m Th├┤ng tin ─æß╗ïnh danh[0m
                  [36m</h4>[39m
                  [36m<div[39m
                    [33mclass[39m=[32m"grid grid-cols-1 md:grid-cols-2 
gap-y-4 gap-x-8"[39m
                  [36m>[39m
                    [36m<div>[39m
                      [36m<p[39m
                        [33mclass[39m=[32m"text-[11px] uppercase 
text-slate-500 font-bold mb-1"[39m
                      [36m>[39m
                        [0mT├¬n c├┤ng ty[0m
                      [36m</p>[39m
                      [36m<p[39m
                        [33mclass[39m=[32m"text-white font-medium"[39m
                      [36m>[39m
                        [0mTest Company Ltd.[0m
                      [36m</p>[39m
                    [36m</div>[39m
                    [36m<div>[39m
                      [36m<p[39m
                        [33mclass[39m=[32m"text-[11px] uppercase 
text-slate-500 font-bold mb-1"[39m
                      [36m>[39m
                        [0mM├ú sß╗æ thuß║┐[0m
                      [36m</p>[39m
                      [36m<p[39m
                        [33mclass[39m=[32m"text-primary font-bold"[39m
                      [36m>[39m
                        [0m0123456789[0m
                      [36m</p>[39m
                    [36m</div>[39m
                    [36m<div>[39m
                      [36m<p[39m
                        [33mclass[39m=[32m"text-[11px] uppercase 
text-slate-500 font-bold mb-1"[39m
                      [36m>[39m
                        [0mSß╗æ ─æß╗ïnh danh / CCCD[0m
                      [36m</p>[39m
                      [36m<p[39m
                        [33mclass[39m=[32m"text-white font-medium"[39m
                      [36m>[39m
                        [0m123456789012[0m
                      [36m</p>[39m
                    [36m</div>[39m
                    [36m<div>[39m
                      [36m<p[39m
                        [33mclass[39m=[32m"text-[11px] uppercase 
text-slate-500 font-bold mb-1"[39m
                      [36m>[39m
                        [0m─Éß╗ïa chß╗ë[0m
                      [36m</p>[39m
                      [36m<p[39m
                        [33mclass[39m=[32m"text-white font-medium"[39m
                      [36m>[39m
                        [0m123 Test Street, HCMC[0m
                      [36m</p>[39m
                    [36m</div>[39m
                    [36m<div[39m
                      [33mclass[39m=[32m"md:col-span-2"[39m
                    [36m>[39m
                      [36m<p[39m
                        [33mclass[39m=[32m"text-[11px] uppercase 
text-slate-500 font-bold mb-1"[39m
                      [36m>[39m
                        [0mMß║íng x├ú hß╗Öi[0m
                      [36m</p>[39m
                      [36m<a[39m
                        [33mclass[39m=[32m"text-primary hover:underline 
font-medium"[39m
                        [33mhref[39m=[32m"https://facebook.com/test"[39m
                        [33mrel[39m=[32m"noopener noreferrer"[39m
                        [33mtarget[39m=[32m"_blank"[39m
                      [36m>[39m
                        [0mhttps://facebook.com/test[0m
                      [36m</a>[39m
                    [36m</div>[39m
                  [36m</div>[39m
                [36m</section>[39m
                [36m<section>[39m
                  [36m<h4[39m
                    [33mclass[39m=[32m"text-xs font-bold uppercase 
tracking-[0.2em] text-primary mb-4 flex items-center gap-2"[39m
                  [36m>[39m
                    [36m<svg[39m
                      [33mclass[39m=[32m"text-sm"[39m
                      [33mfill[39m=[32m"currentColor"[39m
                      [33mheight[39m=[32m"1em"[39m
                      [33mstroke[39m=[32m"currentColor"[39m
                      [33mstroke-width[39m=[32m"0"[39m
                      [33mviewBox[39m=[32m"0 0 24 24"[39m
                      [33mwidth[39m=[32m"1em"[39m
                      [33mxmlns[39m=[32m"http://www.w3.org/2000/svg"[39m
                    [36m>[39m
                      [36m<path[39m
                        [33md[39m=[32m"M0 0h24v24H0z"[39m
                        [33mfill[39m=[32m"none"[39m
                      [36m/>[39m
                      [36m<path[39m
                        [33md[39m=[32m"M19 14V6c0-1.1-.9-2-2-2H3c-1.1 0-2 
.9-2 2v8c0 1.1.9 2 2 2h14c1.1 0 2-.9 2-2zm-9-1c-1.66 0-3-1.34-3-3s1.34-3 3-3 3 
1.34 3 3-1.34 3-3 3zm13-6v11c0 1.1-.9 2-2 2H4v-2h17V7h2z"[39m
                      [36m/>[39m
                    [36m</svg>[39m
                    [0m Th├┤ng tin thanh to├ín[0m
                  [36m</h4>[39m
                  [36m<div[39m
                    [33mclass[39m=[32m"grid grid-cols-1 md:grid-cols-2 
gap-y-4 gap-x-8 p-4 rounded-xl bg-primary/5 border border-primary/10"[39m
                  [36m>[39m
                    [36m<div>[39m
                      [36m<p[39m
                        [33mclass[39m=[32m"text-[11px] uppercase 
text-slate-500 font-bold mb-1"[39m
                      [36m>[39m
                        [0mNg├ón h├áng[0m
                      [36m</p>[39m
                      [36m<p[39m
                        [33mclass[39m=[32m"text-white font-medium"[39m
                      [36m>[39m
                        [0mVCB[0m
                      [36m</p>[39m
                    [36m</div>[39m
                    [36m<div>[39m
                      [36m<p[39m
                        [33mclass[39m=[32m"text-[11px] uppercase 
text-slate-500 font-bold mb-1"[39m
                      [36m>[39m
                        [0mChi nh├ính[0m
                      [36m</p>[39m
                      [36m<p[39m
                        [33mclass[39m=[32m"text-white font-medium"[39m
                      [36m>[39m
                        [0mHCMC Branch[0m
                      [36m</p>[39m
                    [36m</div>[39m
                    [36m<div>[39m
                      [36m<p[39m
                        [33mclass[39m=[32m"text-[11px] uppercase 
text-slate-500 font-bold mb-1"[39m
                      [36m>[39m
                        [0mT├¬n t├ái khoß║ún[0m
                      [36m</p>[39m
                      [36m<p[39m
                        [33mclass[39m=[32m"text-white font-bold"[39m
                      [36m>[39m
                        [0mTest Company Account[0m
                      [36m</p>[39m
                    [36m</div>[39m
                    [36m<div>[39m
                      [36m<p[39m
                        [33mclass[39m=[32m"text-[11px] uppercase 
text-slate-500 font-bold mb-1"[39m
                      [36m>[39m
                        [0mSß╗æ t├ái khoß║ún[0m
                      [36m</p>[39m
                      [36m<p[39m
                        [33mclass[39m=[32m"text-primary text-lg 
font-bold"[39m
                      [36m>[39m
                        [0m9876543210[0m
                      [36m</p>[39m
                    [36m</div>[39m
                  [36m</div>[39m
                [36m</section>[39m
              [36m</div>[39m
            [36m</div>[39m
            [36m<div[39m
              [33mclass[39m=[32m"px-6 py-4 border-t border-primary/20 
bg-primary/5 shrink-0"[39m
            [36m>[39m
              [36m<label[39m
                [33mclass[39m=[32m"text-xs font-bold uppercase 
tracking-wider text-slate-400 mb-2 block"[39m
              [36m>[39m
                [0mL├¡ do tß╗½ chß╗æi [0m
                [36m<span[39m
                  [33mclass[39m=[32m"text-red-500"[39m
                [36m>[39m
                  [0m*[0m
                [36m</span>[39m
              [36m</label>[39m
              [36m<textarea[39m
                [33mclass[39m=[32m"w-full bg-slate-800/50 border 
border-primary/20 rounded-xl px-4 py-3 text-sm text-white 
placeholder-slate-500 focus:outline-none focus:ring-2 focus:ring-primary/50 
resize-none"[39m
                [33mplaceholder[39m=[32m"Nhß║¡p l├¡ do tß╗½ chß╗æi..."[39m
                [33mrows[39m=[32m"4"[39m
              [36m/>[39m
            [36m</div>[39m
            [36m<div[39m
              [33mclass[39m=[32m"px-6 py-6 border-t border-primary/20 flex 
items-center justify-end gap-4 bg-primary/5 shrink-0 sticky bottom-0 z-10"[39m
            [36m>[39m
              [36m<button[39m
                [33mclass[39m=[32m"px-6 py-2.5 rounded-xl border 
border-orange-500/50 text-orange-500 text-sm font-bold hover:bg-orange-500/10 
transition-all disabled:opacity-50 disabled:cursor-not-allowed"[39m
              [36m>[39m
                [0mX├íc nhß║¡n tß╗½ chß╗æi[0m
              [36m</button>[39m
              [36m<button[39m
                [33mclass[39m=[32m"px-8 py-2.5 rounded-xl bg-primary 
text-white text-sm font-bold shadow-[0_0_20px_rgba(124,59,237,0.4)] 
hover:shadow-[0_0_30px_rgba(124,59,237,0.6)] hover:scale-[1.02] transition-all 
disabled:opacity-50 disabled:cursor-not-allowed"[39m
              [36m>[39m
                [0mPh├¬ duyß╗çt hß╗ô s╞í[0m
              [36m</button>[39m
            [36m</div>[39m
          [36m</div>[39m
        [36m</div>[39m
      [36m</div>[39m
    [36m</body>[39m

    [0m [90m 394 |[39m
     [90m 395 |[39m       [36mawait[39m 
userEvent[33m.[39mclick(screen[33m.[39mgetByText([32m'Tß╗½ chß╗æi'[39m))
    [31m[1m>[22m[39m[90m 396 |[39m       [36mconst[39m textarea 
[33m=[39m screen[33m.[39mgetByPlaceholderText([32m'Nhß║¡p l├╜ do tß╗½ 
chß╗æi...'[39m)
     [90m     |[39m                               [31m[1m^[22m[39m
     [90m 397 |[39m       [36mawait[39m 
userEvent[33m.[39mtype(textarea[33m,[39m [32m'Valid reason'[39m)
     [90m 398 |[39m
     [90m 399 |[39m       [36mawait[39m 
userEvent[33m.[39mclick(screen[33m.[39mgetByText([32m'X├íc nhß║¡n tß╗½ 
chß╗æi'[39m))[0m

      at Object.getElementError 
(node_modules/@testing-library/dom/dist/config.js:37:19)
      at node_modules/@testing-library/dom/dist/query-helpers.js:76:38
      at node_modules/@testing-library/dom/dist/query-helpers.js:52:17
      at node_modules/@testing-library/dom/dist/query-helpers.js:95:19
      at Object.<anonymous> (src/test/unit/components/Staff/organizers/StaffOrg
anizerDetailModal.test.tsx:396:31)

  ΓùÅ StaffOrganizerDetailModal ΓÇ║ Close Actions ΓÇ║ should call onClose when 
close button is clicked

    TestingLibraryElementError: Found multiple elements with the role "button"

    Here are the matching elements:

    Ignored nodes: comments, script, style
    [36m<button[39m
      [33mclass[39m=[32m"size-8 flex items-center justify-center 
rounded-full hover:bg-white/10 text-slate-400 hover:text-white 
transition-colors"[39m
    [36m>[39m
      [36m<svg[39m
        [33mclass[39m=[32m"text-xl"[39m
        [33mfill[39m=[32m"currentColor"[39m
        [33mheight[39m=[32m"1em"[39m
        [33mstroke[39m=[32m"currentColor"[39m
        [33mstroke-width[39m=[32m"0"[39m
        [33mviewBox[39m=[32m"0 0 24 24"[39m
        [33mwidth[39m=[32m"1em"[39m
        [33mxmlns[39m=[32m"http://www.w3.org/2000/svg"[39m
      [36m>[39m
        [36m<path[39m
          [33md[39m=[32m"M0 0h24v24H0z"[39m
          [33mfill[39m=[32m"none"[39m
        [36m/>[39m
        [36m<path[39m
          [33md[39m=[32m"M19 6.41 17.59 5 12 10.59 6.41 5 5 6.41 10.59 12 5 
17.59 6.41 19 12 13.41 17.59 19 19 17.59 13.41 12z"[39m
        [36m/>[39m
      [36m</svg>[39m
    [36m</button>[39m

    Ignored nodes: comments, script, style
    [36m<button[39m
      [33mclass[39m=[32m"px-6 py-2.5 rounded-xl border border-orange-500/50 
text-orange-500 text-sm font-bold hover:bg-orange-500/10 transition-all 
disabled:opacity-50 disabled:cursor-not-allowed"[39m
    [36m>[39m
      [0mTß╗½ chß╗æi[0m
    [36m</button>[39m

    Ignored nodes: comments, script, style
    [36m<button[39m
      [33mclass[39m=[32m"px-8 py-2.5 rounded-xl bg-primary text-white 
text-sm font-bold shadow-[0_0_20px_rgba(124,59,237,0.4)] 
hover:shadow-[0_0_30px_rgba(124,59,237,0.6)] hover:scale-[1.02] transition-all 
disabled:opacity-50 disabled:cursor-not-allowed"[39m
    [36m>[39m
      [0mPh├¬ duyß╗çt hß╗ô s╞í[0m
    [36m</button>[39m

    (If this is intentional, then use the `*AllBy*` variant of the query (like 
`queryAllByText`, `getAllByText`, or `findAllByText`)).

    Ignored nodes: comments, script, style
    [36m<body>[39m
      [36m<div>[39m
        [36m<div[39m
          [33mclass[39m=[32m"fixed inset-0 z-[100] bg-black/80 
backdrop-blur-sm"[39m
        [36m/>[39m
        [36m<div[39m
          [33mclass[39m=[32m"fixed inset-0 z-[101] flex items-center 
justify-center p-4 pointer-events-none"[39m
        [36m>[39m
          [36m<div[39m
            [33mclass[39m=[32m"bg-[rgba(24,18,43,0.8)] backdrop-blur-[12px] 
border border-[rgba(124,59,237,0.1)] w-full max-w-2xl rounded-2xl 
overflow-hidden shadow-2xl flex flex-col max-h-[85vh] pointer-events-auto"[39m
          [36m>[39m
            [36m<div[39m
              [33mclass[39m=[32m"px-6 py-4 border-b border-primary/20 flex 
items-center justify-between bg-primary/5 shrink-0 sticky top-0 z-10"[39m
            [36m>[39m
              [36m<h3[39m
                [33mclass[39m=[32m"text-xl font-bold text-white"[39m
              [36m>[39m
                [0mChi tiß║┐t hß╗ô s╞í Nh├á tß╗ò chß╗⌐c[0m
              [36m</h3>[39m
              [36m<button[39m
                [33mclass[39m=[32m"size-8 flex items-center justify-center 
rounded-full hover:bg-white/10 text-slate-400 hover:text-white 
transition-colors"[39m
              [36m>[39m
                [36m<svg[39m
                  [33mclass[39m=[32m"text-xl"[39m
                  [33mfill[39m=[32m"currentColor"[39m
                  [33mheight[39m=[32m"1em"[39m
                  [33mstroke[39m=[32m"currentColor"[39m
                  [33mstroke-width[39m=[32m"0"[39m
                  [33mviewBox[39m=[32m"0 0 24 24"[39m
                  [33mwidth[39m=[32m"1em"[39m
                  [33mxmlns[39m=[32m"http://www.w3.org/2000/svg"[39m
                [36m>[39m
                  [36m<path[39m
                    [33md[39m=[32m"M0 0h24v24H0z"[39m
                    [33mfill[39m=[32m"none"[39m
                  [36m/>[39m
                  [36m<path[39m
                    [33md[39m=[32m"M19 6.41 17.59 5 12 10.59 6.41 5 5 6.41 
10.59 12 5 17.59 6.41 19 12 13.41 17.59 19 19 17.59 13.41 12z"[39m
                  [36m/>[39m
                [36m</svg>[39m
              [36m</button>[39m
            [36m</div>[39m
            [36m<div[39m
              [33mclass[39m=[32m"p-6 overflow-y-auto flex-1"[39m
            [36m>[39m
              [36m<div[39m
                [33mclass[39m=[32m"space-y-6 pt-8"[39m
              [36m>[39m
                [36m<section>[39m
                  [36m<h4[39m
                    [33mclass[39m=[32m"text-xs font-bold uppercase 
tracking-[0.2em] text-primary mb-4 flex items-center gap-2"[39m
                  [36m>[39m
                    [36m<svg[39m
                      [33mclass[39m=[32m"text-sm"[39m
                      [33mfill[39m=[32m"currentColor"[39m
                      [33mheight[39m=[32m"1em"[39m
                      [33mstroke[39m=[32m"currentColor"[39m
                      [33mstroke-width[39m=[32m"0"[39m
                      [33mviewBox[39m=[32m"0 0 24 24"[39m
                      [33mwidth[39m=[32m"1em"[39m
                      [33mxmlns[39m=[32m"http://www.w3.org/2000/svg"[39m
                    [36m>[39m
                      [36m<path[39m
                        [33md[39m=[32m"M0 0h24v24H0z"[39m
                        [33mfill[39m=[32m"none"[39m
                      [36m/>[39m
                      [36m<path[39m
                        [33md[39m=[32m"M12 2C6.48 2 2 6.48 2 12s4.48 10 10 
10 10-4.48 10-10S17.52 2 12 2zm1 15h-2v-6h2v6zm0-8h-2V7h2v2z"[39m
                      [36m/>[39m
                    [36m</svg>[39m
                    [0m Th├┤ng tin c╞í bß║ún[0m
                  [36m</h4>[39m
                  [36m<div[39m
                    [33mclass[39m=[32m"grid grid-cols-1 md:grid-cols-2 
gap-y-4 gap-x-8"[39m
                  [36m>[39m
                    [36m<div>[39m
                      [36m<p[39m
                        [33mclass[39m=[32m"text-[11px] uppercase 
text-slate-500 font-bold mb-1"[39m
                      [36m>[39m
                        [0mT├¬n hiß╗ân thß╗ï[0m
                      [36m</p>[39m
                      [36m<p[39m
                        [33mclass[39m=[32m"text-white font-medium"[39m
                      [36m>[39m
                        [0m-[0m
                      [36m</p>[39m
                    [36m</div>[39m
                    [36m<div>[39m
                      [36m<p[39m
                        [33mclass[39m=[32m"text-[11px] uppercase 
text-slate-500 font-bold mb-1"[39m
                      [36m>[39m
                        [0mLoß║íi h├¼nh[0m
                      [36m</p>[39m
                      [36m<p[39m
                        [33mclass[39m=[32m"text-white font-medium"[39m
                      [36m>[39m
                        [0m-[0m
                      [36m</p>[39m
                    [36m</div>[39m
                    [36m<div>[39m
                      [36m<p[39m
                        [33mclass[39m=[32m"text-[11px] uppercase 
text-slate-500 font-bold mb-1"[39m
                      [36m>[39m
                        [0mL─⌐nh vß╗▒c kinh doanh[0m
                      [36m</p>[39m
                      [36m<p[39m
                        [33mclass[39m=[32m"text-white font-medium"[39m
                      [36m>[39m
                        [0m-[0m
                      [36m</p>[39m
                    [36m</div>[39m
                    [36m<div>[39m
                      [36m<p[39m
                        [33mclass[39m=[32m"text-[11px] uppercase 
text-slate-500 font-bold mb-1"[39m
                      [36m>[39m
                        [0mM├┤ tß║ú[0m
                      [36m</p>[39m
                      [36m<p[39m
                        [33mclass[39m=[32m"text-white font-medium"[39m
                      [36m>[39m
                        [0m-[0m
                      [36m</p>[39m
                    [36m</div>[39m
                  [36m</div>[39m
                [36m</section>[39m
                [36m<section>[39m
                  [36m<h4[39m
                    [33mclass[39m=[32m"text-xs font-bold uppercase 
tracking-[0.2em] text-primary mb-4 flex items-center gap-2"[39m
                  [36m>[39m
                    [36m<svg[39m
                      [33mclass[39m=[32m"text-sm"[39m
                      [33mfill[39m=[32m"currentColor"[39m
                      [33mheight[39m=[32m"1em"[39m
                      [33mstroke[39m=[32m"currentColor"[39m
                      [33mstroke-width[39m=[32m"0"[39m
                      [33mviewBox[39m=[32m"0 0 24 24"[39m
                      [33mwidth[39m=[32m"1em"[39m
                      [33mxmlns[39m=[32m"http://www.w3.org/2000/svg"[39m
                    [36m>[39m
                      [36m<path[39m
                        [33md[39m=[32m"M0 0h24v24H0z"[39m
                        [33mfill[39m=[32m"none"[39m
                      [36m/>[39m
                      [36m<path[39m
                        [33md[39m=[32m"M12 1 3 5v6c0 5.55 3.84 10.74 9 12 
5.16-1.26 9-6.45 9-12V5l-9-4zm-2 16-4-4 1.41-1.41L10 14.17l6.59-6.59L18 9l-8 
8z"[39m
                      [36m/>[39m
                    [36m</svg>[39m
                    [0m Th├┤ng tin ─æß╗ïnh danh[0m
                  [36m</h4>[39m
                  [36m<div[39m
                    [33mclass[39m=[32m"grid grid-cols-1 md:grid-cols-2 
gap-y-4 gap-x-8"[39m
                  [36m>[39m
                    [36m<div>[39m
                      [36m<p[39m
                        [33mclass[39m=[32m"text-[11px] uppercase 
text-slate-500 font-bold mb-1"[39m
                      [36m>[39m
                        [0mT├¬n c├┤ng ty[0m
                      [36m</p>[39m
                      [36m<p[39m
                        [33mclass[39m=[32m"text-white font-medium"[39m
                      [36m>[39m
                        [0m-[0m
                      [36m</p>[39m
                    [36m</div>[39m
                    [36m<div>[39m
                      [36m<p[39m
                        [33mclass[39m=[32m"text-[11px] uppercase 
text-slate-500 font-bold mb-1"[39m
                      [36m>[39m
                        [0mM├ú sß╗æ thuß║┐[0m
                      [36m</p>[39m
                      [36m<p[39m
                        [33mclass[39m=[32m"text-primary font-bold"[39m
                      [36m>[39m
                        [0m-[0m
                      [36m</p>[39m
                    [36m</div>[39m
                    [36m<div>[39m
                      [36m<p[39m
                        [33mclass[39m=[32m"text-[11px] uppercase 
text-slate-500 font-bold mb-1"[39m
                      [36m>[39m
                        [0mSß╗æ ─æß╗ïnh danh / CCCD[0m
                      [36m</p>[39m
                      [36m<p[39m
                        [33mclass[39m=[32m"text-white font-medium"[39m
                      [36m>[39m
                        [0m-[0m
                      [36m</p>[39m
                    [36m</div>[39m
                    [36m<div>[39m
                      [36m<p[39m
                        [33mclass[39m=[32m"text-[11px] uppercase 
text-slate-500 font-bold mb-1"[39m
                      [36m>[39m
                        [0m─Éß╗ïa chß╗ë[0m
                      [36m</p>[39m
                      [36m<p[39m
                        [33mclass[39m=[32m"text-white font-medium"[39m
                      [36m>[39m
                        [0m-[0m
                      [36m</p>[39m
                    [36m</div>[39m
                    [36m<div[39m
                      [33mclass[39m=[32m"md:col-span-2"[39m
                    [36m>[39m
                      [36m<p[39m
                        [33mclass[39m=[32m"text-[11px] uppercase 
text-slate-500 font-bold mb-1"[39m
                      [36m>[39m
                        [0mMß║íng x├ú hß╗Öi[0m
                      [36m</p>[39m
                      [36m<a[39m
                        [33mclass[39m=[32m"text-primary hover:underline 
font-medium"[39m
                        [33mhref[39m=[32m"#"[39m
                        [33mrel[39m=[32m"noopener noreferrer"[39m
                        [33mtarget[39m=[32m"_blank"[39m
                      [36m>[39m
                        [0m-[0m
                      [36m</a>[39m
                    [36m</div>[39m
                  [36m</div>[39m
                [36m</section>[39m
                [36m<section>[39m
                  [36m<h4[39m
                    [33mclass[39m=[32m"text-xs font-bold uppercase 
tracking-[0.2em] text-primary mb-4 flex items-center gap-2"[39m
                  [36m>[39m
                    [36m<svg[39m
                      [33mclass[39m=[32m"text-sm"[39m
                      [33mfill[39m=[32m"currentColor"[39m
                      [33mheight[39m=[32m"1em"[39m
                      [33mstroke[39m=[32m"currentColor"[39m
                      [33mstroke-width[39m=[32m"0"[39m
                      [33mviewBox[39m=[32m"0 0 24 24"[39m
                      [33mwidth[39m=[32m"1em"[39m
                      [33mxmlns[39m=[32m"http://www.w3.org/2000/svg"[39m
                    [36m>[39m
                      [36m<path[39m
                        [33md[39m=[32m"M0 0h24v24H0z"[39m
                        [33mfill[39m=[32m"none"[39m
                      [36m/>[39m
                      [36m<path[39m
                        [33md[39m=[32m"M19 14V6c0-1.1-.9-2-2-2H3c-1.1 0-2 
.9-2 2v8c0 1.1.9 2 2 2h14c1.1 0 2-.9 2-2zm-9-1c-1.66 0-3-1.34-3-3s1.34-3 3-3 3 
1.34 3 3-1.34 3-3 3zm13-6v11c0 1.1-.9 2-2 2H4v-2h17V7h2z"[39m
                      [36m/>[39m
                    [36m</svg>[39m
                    [0m Th├┤ng tin thanh to├ín[0m
                  [36m</h4>[39m
                  [36m<div[39m
                    [33mclass[39m=[32m"grid grid-cols-1 md:grid-cols-2 
gap-y-4 gap-x-8 p-4 rounded-xl bg-primary/5 border border-primary/10"[39m
                  [36m>[39m
                    [36m<div>[39m
                      [36m<p[39m
                        [33mclass[39m=[32m"text-[11px] uppercase 
text-slate-500 font-bold mb-1"[39m
                      [36m>[39m
                        [0mNg├ón h├áng[0m
                      [36m</p>[39m
                      [36m<p[39m
                        [33mclass[39m=[32m"text-white font-medium"[39m
                      [36m>[39m
                        [0m-[0m
                      [36m</p>[39m
                    [36m</div>[39m
                    [36m<div>[39m
                      [36m<p[39m
                        [33mclass[39m=[32m"text-[11px] uppercase 
text-slate-500 font-bold mb-1"[39m
                      [36m>[39m
                        [0mChi nh├ính[0m
                      [36m</p>[39m
                      [36m<p[39m
                        [33mclass[39m=[32m"text-white font-medium"[39m
                      [36m>[39m
                        [0m-[0m
                      [36m</p>[39m
                    [36m</div>[39m
                    [36m<div>[39m
                      [36m<p[39m
                        [33mclass[39m=[32m"text-[11px] uppercase 
text-slate-500 font-bold mb-1"[39m
                      [36m>[39m
                        [0mT├¬n t├ái khoß║ún[0m
                      [36m</p>[39m
                      [36m<p[39m
                        [33mclass[39m=[32m"text-white font-bold"[39m
                      [36m>[39m
                        [0m-[0m
                      [36m</p>[39m
                    [36m</div>[39m
                    [36m<div>[39m
                      [36m<p[39m
                        [33mclass[39m=[32m"text-[11px] uppercase 
text-slate-500 font-bold mb-1"[39m
                      [36m>[39m
                        [0mSß╗æ t├ái khoß║ún[0m
                      [36m</p>[39m
                      [36m<p[39m
                        [33mclass[39m=[32m"text-primary text-lg 
font-bold"[39m
                      [36m>[39m
                        [0m-[0m
                      [36m</p>[39m
                    [36m</div>[39m
                  [36m</div>[39m
                [36m</section>[39m
              [36m</div>[39m
            [36m</div>[39m
            [36m<div[39m
              [33mclass[39m=[32m"px-6 py-6 border-t border-primary/20 flex 
items-center justify-end gap-4 bg-primary/5 shrink-0 sticky bottom-0 z-10"[39m
            [36m>[39m
              [36m<button[39m
                [33mclass[39m=[32m"px-6 py-2.5 rounded-xl border 
border-orange-500/50 text-orange-500 text-sm font-bold hover:bg-orange-500/10 
transition-all disabled:opacity-50 disabled:cursor-not-allowed"[39m
              [36m>[39m
                [0mTß╗½ chß╗æi[0m
              [36m</button>[39m
              [36m<button[39m
                [33mclass[39m=[32m"px-8 py-2.5 rounded-xl bg-primary 
text-white text-sm font-bold shadow-[0_0_20px_rgba(124,59,237,0.4)] 
hover:shadow-[0_0_30px_rgba(124,59,237,0.6)] hover:scale-[1.02] transition-all 
disabled:opacity-50 disabled:cursor-not-allowed"[39m
              [36m>[39m
                [0mPh├¬ duyß╗çt hß╗ô s╞í[0m
              [36m</button>[39m
            [36m</div>[39m
          [36m</div>[39m
        [36m</div>[39m
      [36m</div>[39m
    [36m</body>[39m

    [0m [90m 437 |[39m       )
     [90m 438 |[39m
    [31m[1m>[22m[39m[90m 439 |[39m       [36mconst[39m closeBtn 
[33m=[39m screen[33m.[39mgetByRole([32m'button'[39m)
     [90m     |[39m                               [31m[1m^[22m[39m
     [90m 440 |[39m       [36mawait[39m userEvent[33m.[39mclick(closeBtn)
     [90m 441 |[39m
     [90m 442 |[39m       expect(onClose)[33m.[39mtoHaveBeenCalled()[0m

      at Object.getElementError 
(node_modules/@testing-library/dom/dist/config.js:37:19)
      at getElementError 
(node_modules/@testing-library/dom/dist/query-helpers.js:20:35)
      at getMultipleElementsFoundError 
(node_modules/@testing-library/dom/dist/query-helpers.js:23:10)
      at node_modules/@testing-library/dom/dist/query-helpers.js:55:13
      at node_modules/@testing-library/dom/dist/query-helpers.js:95:19
      at Object.<anonymous> (src/test/unit/components/Staff/organizers/StaffOrg
anizerDetailModal.test.tsx:439:31)

  ΓùÅ StaffOrganizerDetailModal ΓÇ║ Close Actions ΓÇ║ should reset states when 
modal is closed

    expect(received).toBeInTheDocument()

    received value must be an HTMLElement or an SVGElement.
    Received has value: null

    [0m [90m 459 |[39m       expect(
     [90m 460 |[39m         
screen[33m.[39mqueryByPlaceholderText([32m'Nhß║¡p l├╜ do tß╗½ 
chß╗æi...'[39m)
    [31m[1m>[22m[39m[90m 461 |[39m       )[33m.[39mtoBeInTheDocument()
     [90m     |[39m         [31m[1m^[22m[39m
     [90m 462 |[39m
     [90m 463 |[39m       [90m// Close modal[39m
     [90m 464 |[39m       [36mconst[39m closeBtn [33m=[39m 
screen[33m.[39mgetAllByRole([32m'button'[39m)[[35m0[39m][0m

      at __EXTERNAL_MATCHER_TRAP__ (node_modules/expect/build/index.js:2240:22)
      at Object.throwingMatcher [as toBeInTheDocument] 
(node_modules/expect/build/index.js:2241:6)
      at Object.<anonymous> (src/test/unit/components/Staff/organizers/StaffOrg
anizerDetailModal.test.tsx:461:9)

  ΓùÅ StaffOrganizerDetailModal ΓÇ║ Edge Cases ΓÇ║ should handle API errors on 
approve

    API Error

    [0m [90m 555 |[39m     it([32m'should handle API errors on 
approve'[39m[33m,[39m [36masync[39m () [33m=>[39m {
     [90m 556 |[39m       
mockOrganizerState[33m.[39mselectedOrganizerDetail [33m=[39m 
createMockOrganizerDetail()
    [31m[1m>[22m[39m[90m 557 |[39m       
mockDispatch[33m.[39mmockRejectedValue([36mnew[39m 
[33mError[39m([32m'API Error'[39m))
     [90m     |[39m                                      [31m[1m^[22m[39m
     [90m 558 |[39m
     [90m 559 |[39m       render(
     [90m 560 |[39m         [33m<[39m[33mStaffOrganizerDetailModal[39m 
{[33m...[39mdefaultModalProps} isOpen[33m=[39m{[36mtrue[39m} 
[33m/[39m[33m>[39m[0m

      at Object.<anonymous> (src/test/unit/components/Staff/organizers/StaffOrg
anizerDetailModal.test.tsx:557:38)

  ΓùÅ StaffOrganizerDetailModal ΓÇ║ Edge Cases ΓÇ║ should handle API errors on 
approve

    API Error

    [0m [90m 555 |[39m     it([32m'should handle API errors on 
approve'[39m[33m,[39m [36masync[39m () [33m=>[39m {
     [90m 556 |[39m       
mockOrganizerState[33m.[39mselectedOrganizerDetail [33m=[39m 
createMockOrganizerDetail()
    [31m[1m>[22m[39m[90m 557 |[39m       
mockDispatch[33m.[39mmockRejectedValue([36mnew[39m 
[33mError[39m([32m'API Error'[39m))
     [90m     |[39m                                      [31m[1m^[22m[39m
     [90m 558 |[39m
     [90m 559 |[39m       render(
     [90m 560 |[39m         [33m<[39m[33mStaffOrganizerDetailModal[39m 
{[33m...[39mdefaultModalProps} isOpen[33m=[39m{[36mtrue[39m} 
[33m/[39m[33m>[39m[0m

      at Object.<anonymous> (src/test/unit/components/Staff/organizers/StaffOrg
anizerDetailModal.test.tsx:557:38)

  ΓùÅ StaffOrganizerDetailModal ΓÇ║ Edge Cases ΓÇ║ should handle API errors on 
approve

    API Error

    [0m [90m 555 |[39m     it([32m'should handle API errors on 
approve'[39m[33m,[39m [36masync[39m () [33m=>[39m {
     [90m 556 |[39m       
mockOrganizerState[33m.[39mselectedOrganizerDetail [33m=[39m 
createMockOrganizerDetail()
    [31m[1m>[22m[39m[90m 557 |[39m       
mockDispatch[33m.[39mmockRejectedValue([36mnew[39m 
[33mError[39m([32m'API Error'[39m))
     [90m     |[39m                                      [31m[1m^[22m[39m
     [90m 558 |[39m
     [90m 559 |[39m       render(
     [90m 560 |[39m         [33m<[39m[33mStaffOrganizerDetailModal[39m 
{[33m...[39mdefaultModalProps} isOpen[33m=[39m{[36mtrue[39m} 
[33m/[39m[33m>[39m[0m

      at Object.<anonymous> (src/test/unit/components/Staff/organizers/StaffOrg
anizerDetailModal.test.tsx:557:38)

  ΓùÅ StaffOrganizerDetailModal ΓÇ║ Edge Cases ΓÇ║ should handle API errors on 
approve

    API Error

    [0m [90m 555 |[39m     it([32m'should handle API errors on 
approve'[39m[33m,[39m [36masync[39m () [33m=>[39m {
     [90m 556 |[39m       
mockOrganizerState[33m.[39mselectedOrganizerDetail [33m=[39m 
createMockOrganizerDetail()
    [31m[1m>[22m[39m[90m 557 |[39m       
mockDispatch[33m.[39mmockRejectedValue([36mnew[39m 
[33mError[39m([32m'API Error'[39m))
     [90m     |[39m                                      [31m[1m^[22m[39m
     [90m 558 |[39m
     [90m 559 |[39m       render(
     [90m 560 |[39m         [33m<[39m[33mStaffOrganizerDetailModal[39m 
{[33m...[39mdefaultModalProps} isOpen[33m=[39m{[36mtrue[39m} 
[33m/[39m[33m>[39m[0m

      at Object.<anonymous> (src/test/unit/components/Staff/organizers/StaffOrg
anizerDetailModal.test.tsx:557:38)

  ΓùÅ StaffOrganizerDetailModal ΓÇ║ Edge Cases ΓÇ║ should handle API errors on 
approve

    API Error

    [0m [90m 555 |[39m     it([32m'should handle API errors on 
approve'[39m[33m,[39m [36masync[39m () [33m=>[39m {
     [90m 556 |[39m       
mockOrganizerState[33m.[39mselectedOrganizerDetail [33m=[39m 
createMockOrganizerDetail()
    [31m[1m>[22m[39m[90m 557 |[39m       
mockDispatch[33m.[39mmockRejectedValue([36mnew[39m 
[33mError[39m([32m'API Error'[39m))
     [90m     |[39m                                      [31m[1m^[22m[39m
     [90m 558 |[39m
     [90m 559 |[39m       render(
     [90m 560 |[39m         [33m<[39m[33mStaffOrganizerDetailModal[39m 
{[33m...[39mdefaultModalProps} isOpen[33m=[39m{[36mtrue[39m} 
[33m/[39m[33m>[39m[0m

      at Object.<anonymous> (src/test/unit/components/Staff/organizers/StaffOrg
anizerDetailModal.test.tsx:557:38)

  ΓùÅ StaffOrganizerDetailModal ΓÇ║ Edge Cases ΓÇ║ should handle API errors on 
approve

    API Error

    [0m [90m 555 |[39m     it([32m'should handle API errors on 
approve'[39m[33m,[39m [36masync[39m () [33m=>[39m {
     [90m 556 |[39m       
mockOrganizerState[33m.[39mselectedOrganizerDetail [33m=[39m 
createMockOrganizerDetail()
    [31m[1m>[22m[39m[90m 557 |[39m       
mockDispatch[33m.[39mmockRejectedValue([36mnew[39m 
[33mError[39m([32m'API Error'[39m))
     [90m     |[39m                                      [31m[1m^[22m[39m
     [90m 558 |[39m
     [90m 559 |[39m       render(
     [90m 560 |[39m         [33m<[39m[33mStaffOrganizerDetailModal[39m 
{[33m...[39mdefaultModalProps} isOpen[33m=[39m{[36mtrue[39m} 
[33m/[39m[33m>[39m[0m

      at Object.<anonymous> (src/test/unit/components/Staff/organizers/StaffOrg
anizerDetailModal.test.tsx:557:38)

  ΓùÅ StaffOrganizerDetailModal ΓÇ║ Edge Cases ΓÇ║ should handle API errors on 
reject

    TestingLibraryElementError: Unable to find an element with the placeholder 
text of: Nhß║¡p l├╜ do tß╗½ chß╗æi...

    Ignored nodes: comments, script, style
    [36m<body>[39m
      [36m<div>[39m
        [36m<div[39m
          [33mclass[39m=[32m"fixed inset-0 z-[100] bg-black/80 
backdrop-blur-sm"[39m
        [36m/>[39m
        [36m<div[39m
          [33mclass[39m=[32m"fixed inset-0 z-[101] flex items-center 
justify-center p-4 pointer-events-none"[39m
        [36m>[39m
          [36m<div[39m
            [33mclass[39m=[32m"bg-[rgba(24,18,43,0.8)] backdrop-blur-[12px] 
border border-[rgba(124,59,237,0.1)] w-full max-w-2xl rounded-2xl 
overflow-hidden shadow-2xl flex flex-col max-h-[85vh] pointer-events-auto"[39m
          [36m>[39m
            [36m<div[39m
              [33mclass[39m=[32m"px-6 py-4 border-b border-primary/20 flex 
items-center justify-between bg-primary/5 shrink-0 sticky top-0 z-10"[39m
            [36m>[39m
              [36m<h3[39m
                [33mclass[39m=[32m"text-xl font-bold text-white"[39m
              [36m>[39m
                [0mChi tiß║┐t hß╗ô s╞í Nh├á tß╗ò chß╗⌐c[0m
              [36m</h3>[39m
              [36m<button[39m
                [33mclass[39m=[32m"size-8 flex items-center justify-center 
rounded-full hover:bg-white/10 text-slate-400 hover:text-white 
transition-colors"[39m
              [36m>[39m
                [36m<svg[39m
                  [33mclass[39m=[32m"text-xl"[39m
                  [33mfill[39m=[32m"currentColor"[39m
                  [33mheight[39m=[32m"1em"[39m
                  [33mstroke[39m=[32m"currentColor"[39m
                  [33mstroke-width[39m=[32m"0"[39m
                  [33mviewBox[39m=[32m"0 0 24 24"[39m
                  [33mwidth[39m=[32m"1em"[39m
                  [33mxmlns[39m=[32m"http://www.w3.org/2000/svg"[39m
                [36m>[39m
                  [36m<path[39m
                    [33md[39m=[32m"M0 0h24v24H0z"[39m
                    [33mfill[39m=[32m"none"[39m
                  [36m/>[39m
                  [36m<path[39m
                    [33md[39m=[32m"M19 6.41 17.59 5 12 10.59 6.41 5 5 6.41 
10.59 12 5 17.59 6.41 19 12 13.41 17.59 19 19 17.59 13.41 12z"[39m
                  [36m/>[39m
                [36m</svg>[39m
              [36m</button>[39m
            [36m</div>[39m
            [36m<div[39m
              [33mclass[39m=[32m"p-6 overflow-y-auto flex-1"[39m
            [36m>[39m
              [36m<div[39m
                [33mclass[39m=[32m"space-y-6 pt-8"[39m
              [36m>[39m
                [36m<section>[39m
                  [36m<h4[39m
                    [33mclass[39m=[32m"text-xs font-bold uppercase 
tracking-[0.2em] text-primary mb-4 flex items-center gap-2"[39m
                  [36m>[39m
                    [36m<svg[39m
                      [33mclass[39m=[32m"text-sm"[39m
                      [33mfill[39m=[32m"currentColor"[39m
                      [33mheight[39m=[32m"1em"[39m
                      [33mstroke[39m=[32m"currentColor"[39m
                      [33mstroke-width[39m=[32m"0"[39m
                      [33mviewBox[39m=[32m"0 0 24 24"[39m
                      [33mwidth[39m=[32m"1em"[39m
                      [33mxmlns[39m=[32m"http://www.w3.org/2000/svg"[39m
                    [36m>[39m
                      [36m<path[39m
                        [33md[39m=[32m"M0 0h24v24H0z"[39m
                        [33mfill[39m=[32m"none"[39m
                      [36m/>[39m
                      [36m<path[39m
                        [33md[39m=[32m"M12 2C6.48 2 2 6.48 2 12s4.48 10 10 
10 10-4.48 10-10S17.52 2 12 2zm1 15h-2v-6h2v6zm0-8h-2V7h2v2z"[39m
                      [36m/>[39m
                    [36m</svg>[39m
                    [0m Th├┤ng tin c╞í bß║ún[0m
                  [36m</h4>[39m
                  [36m<div[39m
                    [33mclass[39m=[32m"grid grid-cols-1 md:grid-cols-2 
gap-y-4 gap-x-8"[39m
                  [36m>[39m
                    [36m<div>[39m
                      [36m<p[39m
                        [33mclass[39m=[32m"text-[11px] uppercase 
text-slate-500 font-bold mb-1"[39m
                      [36m>[39m
                        [0mT├¬n hiß╗ân thß╗ï[0m
                      [36m</p>[39m
                      [36m<p[39m
                        [33mclass[39m=[32m"text-white font-medium"[39m
                      [36m>[39m
                        [0mTest Organizer Company[0m
                      [36m</p>[39m
                    [36m</div>[39m
                    [36m<div>[39m
                      [36m<p[39m
                        [33mclass[39m=[32m"text-[11px] uppercase 
text-slate-500 font-bold mb-1"[39m
                      [36m>[39m
                        [0mLoß║íi h├¼nh[0m
                      [36m</p>[39m
                      [36m<p[39m
                        [33mclass[39m=[32m"text-white font-medium"[39m
                      [36m>[39m
                        [0mConcert[0m
                      [36m</p>[39m
                    [36m</div>[39m
                    [36m<div>[39m
                      [36m<p[39m
                        [33mclass[39m=[32m"text-[11px] uppercase 
text-slate-500 font-bold mb-1"[39m
                      [36m>[39m
                        [0mL─⌐nh vß╗▒c kinh doanh[0m
                      [36m</p>[39m
                      [36m<p[39m
                        [33mclass[39m=[32m"text-white font-medium"[39m
                      [36m>[39m
                        [0mEntertainment[0m
                      [36m</p>[39m
                    [36m</div>[39m
                    [36m<div>[39m
                      [36m<p[39m
                        [33mclass[39m=[32m"text-[11px] uppercase 
text-slate-500 font-bold mb-1"[39m
                      [36m>[39m
                        [0mM├┤ tß║ú[0m
                      [36m</p>[39m
                      [36m<p[39m
                        [33mclass[39m=[32m"text-white font-medium"[39m
                      [36m>[39m
                        [0mA test organizer company description[0m
                      [36m</p>[39m
                    [36m</div>[39m
                  [36m</div>[39m
                [36m</section>[39m
                [36m<section>[39m
                  [36m<h4[39m
                    [33mclass[39m=[32m"text-xs font-bold uppercase 
tracking-[0.2em] text-primary mb-4 flex items-center gap-2"[39m
                  [36m>[39m
                    [36m<svg[39m
                      [33mclass[39m=[32m"text-sm"[39m
                      [33mfill[39m=[32m"currentColor"[39m
                      [33mheight[39m=[32m"1em"[39m
                      [33mstroke[39m=[32m"currentColor"[39m
                      [33mstroke-width[39m=[32m"0"[39m
                      [33mviewBox[39m=[32m"0 0 24 24"[39m
                      [33mwidth[39m=[32m"1em"[39m
                      [33mxmlns[39m=[32m"http://www.w3.org/2000/svg"[39m
                    [36m>[39m
                      [36m<path[39m
                        [33md[39m=[32m"M0 0h24v24H0z"[39m
                        [33mfill[39m=[32m"none"[39m
                      [36m/>[39m
                      [36m<path[39m
                        [33md[39m=[32m"M12 1 3 5v6c0 5.55 3.84 10.74 9 12 
5.16-1.26 9-6.45 9-12V5l-9-4zm-2 16-4-4 1.41-1.41L10 14.17l6.59-6.59L18 9l-8 
8z"[39m
                      [36m/>[39m
                    [36m</svg>[39m
                    [0m Th├┤ng tin ─æß╗ïnh danh[0m
                  [36m</h4>[39m
                  [36m<div[39m
                    [33mclass[39m=[32m"grid grid-cols-1 md:grid-cols-2 
gap-y-4 gap-x-8"[39m
                  [36m>[39m
                    [36m<div>[39m
                      [36m<p[39m
                        [33mclass[39m=[32m"text-[11px] uppercase 
text-slate-500 font-bold mb-1"[39m
                      [36m>[39m
                        [0mT├¬n c├┤ng ty[0m
                      [36m</p>[39m
                      [36m<p[39m
                        [33mclass[39m=[32m"text-white font-medium"[39m
                      [36m>[39m
                        [0mTest Company Ltd.[0m
                      [36m</p>[39m
                    [36m</div>[39m
                    [36m<div>[39m
                      [36m<p[39m
                        [33mclass[39m=[32m"text-[11px] uppercase 
text-slate-500 font-bold mb-1"[39m
                      [36m>[39m
                        [0mM├ú sß╗æ thuß║┐[0m
                      [36m</p>[39m
                      [36m<p[39m
                        [33mclass[39m=[32m"text-primary font-bold"[39m
                      [36m>[39m
                        [0m0123456789[0m
                      [36m</p>[39m
                    [36m</div>[39m
                    [36m<div>[39m
                      [36m<p[39m
                        [33mclass[39m=[32m"text-[11px] uppercase 
text-slate-500 font-bold mb-1"[39m
                      [36m>[39m
                        [0mSß╗æ ─æß╗ïnh danh / CCCD[0m
                      [36m</p>[39m
                      [36m<p[39m
                        [33mclass[39m=[32m"text-white font-medium"[39m
                      [36m>[39m
                        [0m123456789012[0m
                      [36m</p>[39m
                    [36m</div>[39m
                    [36m<div>[39m
                      [36m<p[39m
                        [33mclass[39m=[32m"text-[11px] uppercase 
text-slate-500 font-bold mb-1"[39m
                      [36m>[39m
                        [0m─Éß╗ïa chß╗ë[0m
                      [36m</p>[39m
                      [36m<p[39m
                        [33mclass[39m=[32m"text-white font-medium"[39m
                      [36m>[39m
                        [0m123 Test Street, HCMC[0m
                      [36m</p>[39m
                    [36m</div>[39m
                    [36m<div[39m
                      [33mclass[39m=[32m"md:col-span-2"[39m
                    [36m>[39m
                      [36m<p[39m
                        [33mclass[39m=[32m"text-[11px] uppercase 
text-slate-500 font-bold mb-1"[39m
                      [36m>[39m
                        [0mMß║íng x├ú hß╗Öi[0m
                      [36m</p>[39m
                      [36m<a[39m
                        [33mclass[39m=[32m"text-primary hover:underline 
font-medium"[39m
                        [33mhref[39m=[32m"https://facebook.com/test"[39m
                        [33mrel[39m=[32m"noopener noreferrer"[39m
                        [33mtarget[39m=[32m"_blank"[39m
                      [36m>[39m
                        [0mhttps://facebook.com/test[0m
                      [36m</a>[39m
                    [36m</div>[39m
                  [36m</div>[39m
                [36m</section>[39m
                [36m<section>[39m
                  [36m<h4[39m
                    [33mclass[39m=[32m"text-xs font-bold uppercase 
tracking-[0.2em] text-primary mb-4 flex items-center gap-2"[39m
                  [36m>[39m
                    [36m<svg[39m
                      [33mclass[39m=[32m"text-sm"[39m
                      [33mfill[39m=[32m"currentColor"[39m
                      [33mheight[39m=[32m"1em"[39m
                      [33mstroke[39m=[32m"currentColor"[39m
                      [33mstroke-width[39m=[32m"0"[39m
                      [33mviewBox[39m=[32m"0 0 24 24"[39m
                      [33mwidth[39m=[32m"1em"[39m
                      [33mxmlns[39m=[32m"http://www.w3.org/2000/svg"[39m
                    [36m>[39m
                      [36m<path[39m
                        [33md[39m=[32m"M0 0h24v24H0z"[39m
                        [33mfill[39m=[32m"none"[39m
                      [36m/>[39m
                      [36m<path[39m
                        [33md[39m=[32m"M19 14V6c0-1.1-.9-2-2-2H3c-1.1 0-2 
.9-2 2v8c0 1.1.9 2 2 2h14c1.1 0 2-.9 2-2zm-9-1c-1.66 0-3-1.34-3-3s1.34-3 3-3 3 
1.34 3 3-1.34 3-3 3zm13-6v11c0 1.1-.9 2-2 2H4v-2h17V7h2z"[39m
                      [36m/>[39m
                    [36m</svg>[39m
                    [0m Th├┤ng tin thanh to├ín[0m
                  [36m</h4>[39m
                  [36m<div[39m
                    [33mclass[39m=[32m"grid grid-cols-1 md:grid-cols-2 
gap-y-4 gap-x-8 p-4 rounded-xl bg-primary/5 border border-primary/10"[39m
                  [36m>[39m
                    [36m<div>[39m
                      [36m<p[39m
                        [33mclass[39m=[32m"text-[11px] uppercase 
text-slate-500 font-bold mb-1"[39m
                      [36m>[39m
                        [0mNg├ón h├áng[0m
                      [36m</p>[39m
                      [36m<p[39m
                        [33mclass[39m=[32m"text-white font-medium"[39m
                      [36m>[39m
                        [0mVCB[0m
                      [36m</p>[39m
                    [36m</div>[39m
                    [36m<div>[39m
                      [36m<p[39m
                        [33mclass[39m=[32m"text-[11px] uppercase 
text-slate-500 font-bold mb-1"[39m
                      [36m>[39m
                        [0mChi nh├ính[0m
                      [36m</p>[39m
                      [36m<p[39m
                        [33mclass[39m=[32m"text-white font-medium"[39m
                      [36m>[39m
                        [0mHCMC Branch[0m
                      [36m</p>[39m
                    [36m</div>[39m
                    [36m<div>[39m
                      [36m<p[39m
                        [33mclass[39m=[32m"text-[11px] uppercase 
text-slate-500 font-bold mb-1"[39m
                      [36m>[39m
                        [0mT├¬n t├ái khoß║ún[0m
                      [36m</p>[39m
                      [36m<p[39m
                        [33mclass[39m=[32m"text-white font-bold"[39m
                      [36m>[39m
                        [0mTest Company Account[0m
                      [36m</p>[39m
                    [36m</div>[39m
                    [36m<div>[39m
                      [36m<p[39m
                        [33mclass[39m=[32m"text-[11px] uppercase 
text-slate-500 font-bold mb-1"[39m
                      [36m>[39m
                        [0mSß╗æ t├ái khoß║ún[0m
                      [36m</p>[39m
                      [36m<p[39m
                        [33mclass[39m=[32m"text-primary text-lg 
font-bold"[39m
                      [36m>[39m
                        [0m9876543210[0m
                      [36m</p>[39m
                    [36m</div>[39m
                  [36m</div>[39m
                [36m</section>[39m
              [36m</div>[39m
            [36m</div>[39m
            [36m<div[39m
              [33mclass[39m=[32m"px-6 py-4 border-t border-primary/20 
bg-primary/5 shrink-0"[39m
            [36m>[39m
              [36m<label[39m
                [33mclass[39m=[32m"text-xs font-bold uppercase 
tracking-wider text-slate-400 mb-2 block"[39m
              [36m>[39m
                [0mL├¡ do tß╗½ chß╗æi [0m
                [36m<span[39m
                  [33mclass[39m=[32m"text-red-500"[39m
                [36m>[39m
                  [0m*[0m
                [36m</span>[39m
              [36m</label>[39m
              [36m<textarea[39m
                [33mclass[39m=[32m"w-full bg-slate-800/50 border 
border-primary/20 rounded-xl px-4 py-3 text-sm text-white 
placeholder-slate-500 focus:outline-none focus:ring-2 focus:ring-primary/50 
resize-none"[39m
                [33mplaceholder[39m=[32m"Nhß║¡p l├¡ do tß╗½ chß╗æi..."[39m
                [33mrows[39m=[32m"4"[39m
              [36m/>[39m
            [36m</div>[39m
            [36m<div[39m
              [33mclass[39m=[32m"px-6 py-6 border-t border-primary/20 flex 
items-center justify-end gap-4 bg-primary/5 shrink-0 sticky bottom-0 z-10"[39m
            [36m>[39m
              [36m<button[39m
                [33mclass[39m=[32m"px-6 py-2.5 rounded-xl border 
border-orange-500/50 text-orange-500 text-sm font-bold hover:bg-orange-500/10 
transition-all disabled:opacity-50 disabled:cursor-not-allowed"[39m
              [36m>[39m
                [0mX├íc nhß║¡n tß╗½ chß╗æi[0m
              [36m</button>[39m
              [36m<button[39m
                [33mclass[39m=[32m"px-8 py-2.5 rounded-xl bg-primary 
text-white text-sm font-bold shadow-[0_0_20px_rgba(124,59,237,0.4)] 
hover:shadow-[0_0_30px_rgba(124,59,237,0.6)] hover:scale-[1.02] transition-all 
disabled:opacity-50 disabled:cursor-not-allowed"[39m
              [36m>[39m
                [0mPh├¬ duyß╗çt hß╗ô s╞í[0m
              [36m</button>[39m
            [36m</div>[39m
          [36m</div>[39m
        [36m</div>[39m
      [36m</div>[39m
    [36m</body>[39m

    [0m [90m 578 |[39m
     [90m 579 |[39m       [36mawait[39m 
userEvent[33m.[39mclick(screen[33m.[39mgetByText([32m'Tß╗½ chß╗æi'[39m))
    [31m[1m>[22m[39m[90m 580 |[39m       [36mconst[39m textarea 
[33m=[39m screen[33m.[39mgetByPlaceholderText([32m'Nhß║¡p l├╜ do tß╗½ 
chß╗æi...'[39m)
     [90m     |[39m                               [31m[1m^[22m[39m
     [90m 581 |[39m       [36mawait[39m 
userEvent[33m.[39mtype(textarea[33m,[39m [32m'Valid reason'[39m)
     [90m 582 |[39m
     [90m 583 |[39m       [36mawait[39m 
userEvent[33m.[39mclick(screen[33m.[39mgetByText([32m'X├íc nhß║¡n tß╗½ 
chß╗æi'[39m))[0m

      at Object.getElementError 
(node_modules/@testing-library/dom/dist/config.js:37:19)
      at node_modules/@testing-library/dom/dist/query-helpers.js:76:38
      at node_modules/@testing-library/dom/dist/query-helpers.js:52:17
      at node_modules/@testing-library/dom/dist/query-helpers.js:95:19
      at Object.<anonymous> (src/test/unit/components/Staff/organizers/StaffOrg
anizerDetailModal.test.tsx:580:31)

  ΓùÅ StaffOrganizerDetailModal ΓÇ║ Edge Cases ΓÇ║ should handle API errors on 
reject

    API Error

    [0m [90m 571 |[39m     it([32m'should handle API errors on 
reject'[39m[33m,[39m [36masync[39m () [33m=>[39m {
     [90m 572 |[39m       
mockOrganizerState[33m.[39mselectedOrganizerDetail [33m=[39m 
createMockOrganizerDetail()
    [31m[1m>[22m[39m[90m 573 |[39m       
mockDispatch[33m.[39mmockRejectedValue([36mnew[39m 
[33mError[39m([32m'API Error'[39m))
     [90m     |[39m                                      [31m[1m^[22m[39m
     [90m 574 |[39m
     [90m 575 |[39m       render(
     [90m 576 |[39m         [33m<[39m[33mStaffOrganizerDetailModal[39m 
{[33m...[39mdefaultModalProps} isOpen[33m=[39m{[36mtrue[39m} 
[33m/[39m[33m>[39m[0m

      at Object.<anonymous> (src/test/unit/components/Staff/organizers/StaffOrg
anizerDetailModal.test.tsx:573:38)

  ΓùÅ StaffOrganizerDetailModal ΓÇ║ Edge Cases ΓÇ║ should handle API errors on 
reject

    API Error

    [0m [90m 571 |[39m     it([32m'should handle API errors on 
reject'[39m[33m,[39m [36masync[39m () [33m=>[39m {
     [90m 572 |[39m       
mockOrganizerState[33m.[39mselectedOrganizerDetail [33m=[39m 
createMockOrganizerDetail()
    [31m[1m>[22m[39m[90m 573 |[39m       
mockDispatch[33m.[39mmockRejectedValue([36mnew[39m 
[33mError[39m([32m'API Error'[39m))
     [90m     |[39m                                      [31m[1m^[22m[39m
     [90m 574 |[39m
     [90m 575 |[39m       render(
     [90m 576 |[39m         [33m<[39m[33mStaffOrganizerDetailModal[39m 
{[33m...[39mdefaultModalProps} isOpen[33m=[39m{[36mtrue[39m} 
[33m/[39m[33m>[39m[0m

      at Object.<anonymous> (src/test/unit/components/Staff/organizers/StaffOrg
anizerDetailModal.test.tsx:573:38)

  ΓùÅ StaffOrganizerDetailModal ΓÇ║ Edge Cases ΓÇ║ should handle API errors on 
reject

    API Error

    [0m [90m 571 |[39m     it([32m'should handle API errors on 
reject'[39m[33m,[39m [36masync[39m () [33m=>[39m {
     [90m 572 |[39m       
mockOrganizerState[33m.[39mselectedOrganizerDetail [33m=[39m 
createMockOrganizerDetail()
    [31m[1m>[22m[39m[90m 573 |[39m       
mockDispatch[33m.[39mmockRejectedValue([36mnew[39m 
[33mError[39m([32m'API Error'[39m))
     [90m     |[39m                                      [31m[1m^[22m[39m
     [90m 574 |[39m
     [90m 575 |[39m       render(
     [90m 576 |[39m         [33m<[39m[33mStaffOrganizerDetailModal[39m 
{[33m...[39mdefaultModalProps} isOpen[33m=[39m{[36mtrue[39m} 
[33m/[39m[33m>[39m[0m

      at Object.<anonymous> (src/test/unit/components/Staff/organizers/StaffOrg
anizerDetailModal.test.tsx:573:38)

FAIL src/test/unit/components/Staff/posts/StaffPostApprovalStats.test.tsx 
(13.898 s)
  ΓùÅ StaffPostApprovalStats ΓÇ║ Render ΓÇ║ should render loading skeleton 
initially

    expect(received).toBeGreaterThan(expected)

    Expected: > 0
    Received:   0

    [0m [90m 79 |[39m       [90m// Should show loading state (pulse 
animation)[39m
     [90m 80 |[39m       [36mconst[39m loadingElements [33m=[39m 
document[33m.[39mquerySelectorAll([32m'.animate-pulse'[39m)
    [31m[1m>[22m[39m[90m 81 |[39m       
expect(loadingElements[33m.[39mlength)[33m.[39mtoBeGreaterThan([35m0[39m)
     [90m    |[39m                                      [31m[1m^[22m[39m
     [90m 82 |[39m     })
     [90m 83 |[39m
     [90m 84 |[39m     it([32m'should render correct values after 
loading'[39m[33m,[39m [36masync[39m () [33m=>[39m {[0m

      at Object.<anonymous> 
(src/test/unit/components/Staff/posts/StaffPostApprovalStats.test.tsx:81:38)

  ΓùÅ StaffPostApprovalStats ΓÇ║ Stats Calculation ΓÇ║ should show 0% when 
totalCount is 0

    Unable to find an element with the text: 0%. This could be because the 
text is broken up by multiple elements. In this case, you can provide a 
function for your text matcher to make your matcher more flexible.

    Ignored nodes: comments, script, style
    [36m<body>[39m
      [36m<div>[39m
        [36m<div[39m
          [33mclass[39m=[32m"grid grid-cols-1 md:grid-cols-3 gap-6"[39m
        [36m>[39m
          [36m<div[39m
            [33mclass[39m=[32m"relative overflow-hidden rounded-2xl border 
border-primary/10 bg-[#18122B]/70 backdrop-blur-md p-6 group 
hover:border-primary/30 transition-all duration-300"[39m
          [36m>[39m
            [36m<div[39m
              [33mclass[39m=[32m"absolute top-0 right-0 p-4 opacity-10 
group-hover:opacity-20 transition-opacity"[39m
            [36m>[39m
              [36m<svg[39m
                [33mclass[39m=[32m"text-6xl"[39m
                [33mfill[39m=[32m"currentColor"[39m
                [33mheight[39m=[32m"1em"[39m
                [33mstroke[39m=[32m"currentColor"[39m
                [33mstroke-width[39m=[32m"0"[39m
                [33mviewBox[39m=[32m"0 0 512 512"[39m
                [33mwidth[39m=[32m"1em"[39m
                [33mxmlns[39m=[32m"http://www.w3.org/2000/svg"[39m
              [36m>[39m
                [36m<path[39m
                  [33md[39m=[32m"M332.8 320h38.4c6.4 0 12.8-6.4 
12.8-12.8V172.8c0-6.4-6.4-12.8-12.8-12.8h-38.4c-6.4 0-12.8 6.4-12.8 
12.8v134.4c0 6.4 6.4 12.8 12.8 12.8zm96 0h38.4c6.4 0 12.8-6.4 
12.8-12.8V76.8c0-6.4-6.4-12.8-12.8-12.8h-38.4c-6.4 0-12.8 6.4-12.8 
12.8v230.4c0 6.4 6.4 12.8 12.8 12.8zm-288 0h38.4c6.4 0 12.8-6.4 
12.8-12.8v-70.4c0-6.4-6.4-12.8-12.8-12.8h-38.4c-6.4 0-12.8 6.4-12.8 
12.8v70.4c0 6.4 6.4 12.8 12.8 12.8zm96 0h38.4c6.4 0 12.8-6.4 
12.8-12.8V108.8c0-6.4-6.4-12.8-12.8-12.8h-38.4c-6.4 0-12.8 6.4-12.8 
12.8v198.4c0 6.4 6.4 12.8 12.8 12.8zM496 
384H64V80c0-8.84-7.16-16-16-16H16C7.16 64 0 71.16 0 80v336c0 17.67 14.33 32 32 
32h464c8.84 0 16-7.16 16-16v-32c0-8.84-7.16-16-16-16z"[39m
                [36m/>[39m
              [36m</svg>[39m
            [36m</div>[39m
            [36m<p[39m
              [33mclass[39m=[32m"text-slate-400 text-xs font-bold uppercase 
tracking-widest mb-1"[39m
            [36m>[39m
              [0mTß╗òng b├ái ─æ─âng[0m
            [36m</p>[39m
            [36m<div[39m
              [33mclass[39m=[32m"flex items-end gap-2"[39m
            [36m>[39m
              [36m<h2[39m
                [33mclass[39m=[32m"text-4xl font-black text-white"[39m
              [36m>[39m
                [0m100[0m
              [36m</h2>[39m
              [36m<span[39m
                [33mclass[39m=[32m"text-sm font-medium mb-1 
text-slate-500"[39m
              [36m>[39m
                [0mHß╗ç thß╗æng[0m
              [36m</span>[39m
            [36m</div>[39m
          [36m</div>[39m
          [36m<div[39m
            [33mclass[39m=[32m"relative overflow-hidden rounded-2xl border 
border-primary/10 bg-[#18122B]/70 backdrop-blur-md p-6 group 
hover:border-primary/30 transition-all duration-300"[39m
          [36m>[39m
            [36m<div[39m
              [33mclass[39m=[32m"absolute top-0 right-0 p-4 opacity-10 
group-hover:opacity-20 transition-opacity"[39m
            [36m>[39m
              [36m<svg[39m
                [33mclass[39m=[32m"text-6xl"[39m
                [33mfill[39m=[32m"currentColor"[39m
                [33mheight[39m=[32m"1em"[39m
                [33mstroke[39m=[32m"currentColor"[39m
                [33mstroke-width[39m=[32m"0"[39m
                [33mviewBox[39m=[32m"0 0 512 512"[39m
                [33mwidth[39m=[32m"1em"[39m
                [33mxmlns[39m=[32m"http://www.w3.org/2000/svg"[39m
              [36m>[39m
                [36m<path[39m
                  [33md[39m=[32m"M256,8C119,8,8,119,8,256S119,504,256,504,50
4,393,504,256,393,8,256,8Zm92.49,313h0l-20,25a16,16,0,0,1-22.49,2.5h0l-67-49.72
a40,40,0,0,1-15-31.23V112a16,16,0,0,1,16-16h32a16,16,0,0,1,16,16V256l58,42.5A16
,16,0,0,1,348.49,321Z"[39m
                [36m/>[39m
              [36m</svg>[39m
            [36m</div>[39m
            [36m<p[39m
              [33mclass[39m=[32m"text-slate-400 text-xs font-bold uppercase 
tracking-widest mb-1"[39m
            [36m>[39m
              [0mChß╗¥ duyß╗çt[0m
            [36m</p>[39m
            [36m<div[39m
              [33mclass[39m=[32m"flex items-end gap-2"[39m
            [36m>[39m
              [36m<h2[39m
                [33mclass[39m=[32m"text-4xl font-black 
text-fuchsia-500"[39m
              [36m>[39m
                [0m20[0m
              [36m</h2>[39m
              [36m<span[39m
                [33mclass[39m=[32m"text-sm font-medium mb-1 
text-fuchsia-500/70"[39m
              [36m>[39m
                [0m20 mß╗¢i[0m
              [36m</span>[39m
            [36m</div>[39m
          [36m</div>[39m
          [36m<div[39m
            [33mclass[39m=[32m"relative overflow-hidden rounded-2xl border 
border-primary/10 bg-[#18122B]/70 backdrop-blur-md p-6 group 
hover:border-primary/30 transition-all duration-300"[39m
          [36m>[39m
            [36m<div[39m
              [33mclass[39m=[32m"absolute top-0 right-0 p-4 opacity-10 
group-hover:opacity-20 transition-opacity"[39m
            [36m>[39m
              [36m<svg[39m
                [33mclass[39m=[32m"text-6xl"[39m
                [33mfill[39m=[32m"currentColor"[39m
                [33mheight[39m=[32m"1em"[39m
                [33mstroke[39m=[32m"currentColor"[39m
                [33mstroke-width[39m=[32m"0"[39m
                [33mviewBox[39m=[32m"0 0 512 512"[39m
                [33mwidth[39m=[32m"1em"[39m
                [33mxmlns[39m=[32m"http://www.w3.org/2000/svg"[39m
              [36m>[39m
                [36m<path[39m
                  [33md[39m=[32m"M504 256c0 136.967-111.033 248-248 248S8 
392.967 8 256 119.033 8 256 8s248 111.033 248 248zM227.314 
387.314l184-184c6.248-6.248 6.248-16.379 
0-22.627l-22.627-22.627c-6.248-6.249-16.379-6.249-22.628 0L216 
308.118l-70.059-70.059c-6.248-6.248-16.379-6.248-22.628 0l-22.627 
22.627c-6.248 6.248-6.248 16.379 0 22.627l104 104c6.249 6.249 16.379 6.249 
22.628.001z"[39m
                [36m/>[39m
              [36m</svg>[39m
            [36m</div>[39m
            [36m<p[39m
              [33mclass[39m=[32m"text-slate-400 text-xs font-bold uppercase 
tracking-widest mb-1"[39m
            [36m>[39m
              [0m─É├ú xß╗¡ l├╜ th├ánh c├┤ng[0m
            [36m</p>[39m
            [36m<div[39m
              [33mclass[39m=[32m"flex items-end gap-2"[39m
            [36m>[39m
              [36m<h2[39m
                [33mclass[39m=[32m"text-4xl font-black 
text-emerald-500"[39m
              [36m>[39m
                [0m80[0m
              [36m</h2>[39m
              [36m<span[39m
                [33mclass[39m=[32m"text-sm font-medium mb-1 
text-emerald-500/70"[39m
              [36m>[39m
                [0m80%[0m
              [36m</span>[39m
            [36m</div>[39m
          [36m</div>[39m
        [36m</div>[39m
      [36m</div>[39m
    [36m</body>[39m

    [0m [90m 182 |[39m       })
     [90m 183 |[39m
    [31m[1m>[22m[39m[90m 184 |[39m       [36mawait[39m waitFor(() 
[33m=>[39m {
     [90m     |[39m                    [31m[1m^[22m[39m
     [90m 185 |[39m         expect(screen[33m.[39mgetByText([32m'0%'[39m)
)[33m.[39mtoBeInTheDocument()
     [90m 186 |[39m       })
     [90m 187 |[39m     })[0m

      at waitForWrapper 
(node_modules/@testing-library/dom/dist/wait-for.js:163:27)
      at Object.<anonymous> 
(src/test/unit/components/Staff/posts/StaffPostApprovalStats.test.tsx:184:20)

  ΓùÅ StaffPostApprovalStats ΓÇ║ Stats Calculation ΓÇ║ should format numbers 
with Vietnamese locale

    Unable to find an element with the text: 10.000. This could be because the 
text is broken up by multiple elements. In this case, you can provide a 
function for your text matcher to make your matcher more flexible.

    Ignored nodes: comments, script, style
    [36m<body>[39m
      [36m<div>[39m
        [36m<div[39m
          [33mclass[39m=[32m"grid grid-cols-1 md:grid-cols-3 gap-6"[39m
        [36m>[39m
          [36m<div[39m
            [33mclass[39m=[32m"relative overflow-hidden rounded-2xl border 
border-primary/10 bg-[#18122B]/70 backdrop-blur-md p-6 group 
hover:border-primary/30 transition-all duration-300"[39m
          [36m>[39m
            [36m<div[39m
              [33mclass[39m=[32m"absolute top-0 right-0 p-4 opacity-10 
group-hover:opacity-20 transition-opacity"[39m
            [36m>[39m
              [36m<svg[39m
                [33mclass[39m=[32m"text-6xl"[39m
                [33mfill[39m=[32m"currentColor"[39m
                [33mheight[39m=[32m"1em"[39m
                [33mstroke[39m=[32m"currentColor"[39m
                [33mstroke-width[39m=[32m"0"[39m
                [33mviewBox[39m=[32m"0 0 512 512"[39m
                [33mwidth[39m=[32m"1em"[39m
                [33mxmlns[39m=[32m"http://www.w3.org/2000/svg"[39m
              [36m>[39m
                [36m<path[39m
                  [33md[39m=[32m"M332.8 320h38.4c6.4 0 12.8-6.4 
12.8-12.8V172.8c0-6.4-6.4-12.8-12.8-12.8h-38.4c-6.4 0-12.8 6.4-12.8 
12.8v134.4c0 6.4 6.4 12.8 12.8 12.8zm96 0h38.4c6.4 0 12.8-6.4 
12.8-12.8V76.8c0-6.4-6.4-12.8-12.8-12.8h-38.4c-6.4 0-12.8 6.4-12.8 
12.8v230.4c0 6.4 6.4 12.8 12.8 12.8zm-288 0h38.4c6.4 0 12.8-6.4 
12.8-12.8v-70.4c0-6.4-6.4-12.8-12.8-12.8h-38.4c-6.4 0-12.8 6.4-12.8 
12.8v70.4c0 6.4 6.4 12.8 12.8 12.8zm96 0h38.4c6.4 0 12.8-6.4 
12.8-12.8V108.8c0-6.4-6.4-12.8-12.8-12.8h-38.4c-6.4 0-12.8 6.4-12.8 
12.8v198.4c0 6.4 6.4 12.8 12.8 12.8zM496 
384H64V80c0-8.84-7.16-16-16-16H16C7.16 64 0 71.16 0 80v336c0 17.67 14.33 32 32 
32h464c8.84 0 16-7.16 16-16v-32c0-8.84-7.16-16-16-16z"[39m
                [36m/>[39m
              [36m</svg>[39m
            [36m</div>[39m
            [36m<p[39m
              [33mclass[39m=[32m"text-slate-400 text-xs font-bold uppercase 
tracking-widest mb-1"[39m
            [36m>[39m
              [0mTß╗òng b├ái ─æ─âng[0m
            [36m</p>[39m
            [36m<div[39m
              [33mclass[39m=[32m"flex items-end gap-2"[39m
            [36m>[39m
              [36m<h2[39m
                [33mclass[39m=[32m"text-4xl font-black text-white"[39m
              [36m>[39m
                [0m100[0m
              [36m</h2>[39m
              [36m<span[39m
                [33mclass[39m=[32m"text-sm font-medium mb-1 
text-slate-500"[39m
              [36m>[39m
                [0mHß╗ç thß╗æng[0m
              [36m</span>[39m
            [36m</div>[39m
          [36m</div>[39m
          [36m<div[39m
            [33mclass[39m=[32m"relative overflow-hidden rounded-2xl border 
border-primary/10 bg-[#18122B]/70 backdrop-blur-md p-6 group 
hover:border-primary/30 transition-all duration-300"[39m
          [36m>[39m
            [36m<div[39m
              [33mclass[39m=[32m"absolute top-0 right-0 p-4 opacity-10 
group-hover:opacity-20 transition-opacity"[39m
            [36m>[39m
              [36m<svg[39m
                [33mclass[39m=[32m"text-6xl"[39m
                [33mfill[39m=[32m"currentColor"[39m
                [33mheight[39m=[32m"1em"[39m
                [33mstroke[39m=[32m"currentColor"[39m
                [33mstroke-width[39m=[32m"0"[39m
                [33mviewBox[39m=[32m"0 0 512 512"[39m
                [33mwidth[39m=[32m"1em"[39m
                [33mxmlns[39m=[32m"http://www.w3.org/2000/svg"[39m
              [36m>[39m
                [36m<path[39m
                  [33md[39m=[32m"M256,8C119,8,8,119,8,256S119,504,256,504,50
4,393,504,256,393,8,256,8Zm92.49,313h0l-20,25a16,16,0,0,1-22.49,2.5h0l-67-49.72
a40,40,0,0,1-15-31.23V112a16,16,0,0,1,16-16h32a16,16,0,0,1,16,16V256l58,42.5A16
,16,0,0,1,348.49,321Z"[39m
                [36m/>[39m
              [36m</svg>[39m
            [36m</div>[39m
            [36m<p[39m
              [33mclass[39m=[32m"text-slate-400 text-xs font-bold uppercase 
tracking-widest mb-1"[39m
            [36m>[39m
              [0mChß╗¥ duyß╗çt[0m
            [36m</p>[39m
            [36m<div[39m
              [33mclass[39m=[32m"flex items-end gap-2"[39m
            [36m>[39m
              [36m<h2[39m
                [33mclass[39m=[32m"text-4xl font-black 
text-fuchsia-500"[39m
              [36m>[39m
                [0m20[0m
              [36m</h2>[39m
              [36m<span[39m
                [33mclass[39m=[32m"text-sm font-medium mb-1 
text-fuchsia-500/70"[39m
              [36m>[39m
                [0m20 mß╗¢i[0m
              [36m</span>[39m
            [36m</div>[39m
          [36m</div>[39m
          [36m<div[39m
            [33mclass[39m=[32m"relative overflow-hidden rounded-2xl border 
border-primary/10 bg-[#18122B]/70 backdrop-blur-md p-6 group 
hover:border-primary/30 transition-all duration-300"[39m
          [36m>[39m
            [36m<div[39m
              [33mclass[39m=[32m"absolute top-0 right-0 p-4 opacity-10 
group-hover:opacity-20 transition-opacity"[39m
            [36m>[39m
              [36m<svg[39m
                [33mclass[39m=[32m"text-6xl"[39m
                [33mfill[39m=[32m"currentColor"[39m
                [33mheight[39m=[32m"1em"[39m
                [33mstroke[39m=[32m"currentColor"[39m
                [33mstroke-width[39m=[32m"0"[39m
                [33mviewBox[39m=[32m"0 0 512 512"[39m
                [33mwidth[39m=[32m"1em"[39m
                [33mxmlns[39m=[32m"http://www.w3.org/2000/svg"[39m
              [36m>[39m
                [36m<path[39m
                  [33md[39m=[32m"M504 256c0 136.967-111.033 248-248 248S8 
392.967 8 256 119.033 8 256 8s248 111.033 248 248zM227.314 
387.314l184-184c6.248-6.248 6.248-16.379 
0-22.627l-22.627-22.627c-6.248-6.249-16.379-6.249-22.628 0L216 
308.118l-70.059-70.059c-6.248-6.248-16.379-6.248-22.628 0l-22.627 
22.627c-6.248 6.248-6.248 16.379 0 22.627l104 104c6.249 6.249 16.379 6.249 
22.628.001z"[39m
                [36m/>[39m
              [36m</svg>[39m
            [36m</div>[39m
            [36m<p[39m
              [33mclass[39m=[32m"text-slate-400 text-xs font-bold uppercase 
tracking-widest mb-1"[39m
            [36m>[39m
              [0m─É├ú xß╗¡ l├╜ th├ánh c├┤ng[0m
            [36m</p>[39m
            [36m<div[39m
              [33mclass[39m=[32m"flex items-end gap-2"[39m
            [36m>[39m
              [36m<h2[39m
                [33mclass[39m=[32m"text-4xl font-black 
text-emerald-500"[39m
              [36m>[39m
                [0m80[0m
              [36m</h2>[39m
              [36m<span[39m
                [33mclass[39m=[32m"text-sm font-medium mb-1 
text-emerald-500/70"[39m
              [36m>[39m
                [0m80%[0m
              [36m</span>[39m
            [36m</div>[39m
          [36m</div>[39m
        [36m</div>[39m
      [36m</div>[39m
    [36m</body>[39m

    [0m [90m 198 |[39m       })
     [90m 199 |[39m
    [31m[1m>[22m[39m[90m 200 |[39m       [36mawait[39m waitFor(() 
[33m=>[39m {
     [90m     |[39m                    [31m[1m^[22m[39m
     [90m 201 |[39m         [90m// Vietnamese format: 10.000[39m
     [90m 202 |[39m         expect(screen[33m.[39mgetByText([32m'10.000'[
39m))[33m.[39mtoBeInTheDocument()
     [90m 203 |[39m       })[0m

      at waitForWrapper 
(node_modules/@testing-library/dom/dist/wait-for.js:163:27)
      at Object.<anonymous> 
(src/test/unit/components/Staff/posts/StaffPostApprovalStats.test.tsx:200:20)

  ΓùÅ StaffPostApprovalStats ΓÇ║ Data Display ΓÇ║ should show "0" for pending 
subValue when pending = 0

    Unable to find an element with the text: 0. This could be because the text 
is broken up by multiple elements. In this case, you can provide a function 
for your text matcher to make your matcher more flexible.

    Ignored nodes: comments, script, style
    [36m<body>[39m
      [36m<div>[39m
        [36m<div[39m
          [33mclass[39m=[32m"grid grid-cols-1 md:grid-cols-3 gap-6"[39m
        [36m>[39m
          [36m<div[39m
            [33mclass[39m=[32m"relative overflow-hidden rounded-2xl border 
border-primary/10 bg-[#18122B]/70 backdrop-blur-md p-6 group 
hover:border-primary/30 transition-all duration-300"[39m
          [36m>[39m
            [36m<div[39m
              [33mclass[39m=[32m"absolute top-0 right-0 p-4 opacity-10 
group-hover:opacity-20 transition-opacity"[39m
            [36m>[39m
              [36m<svg[39m
                [33mclass[39m=[32m"text-6xl"[39m
                [33mfill[39m=[32m"currentColor"[39m
                [33mheight[39m=[32m"1em"[39m
                [33mstroke[39m=[32m"currentColor"[39m
                [33mstroke-width[39m=[32m"0"[39m
                [33mviewBox[39m=[32m"0 0 512 512"[39m
                [33mwidth[39m=[32m"1em"[39m
                [33mxmlns[39m=[32m"http://www.w3.org/2000/svg"[39m
              [36m>[39m
                [36m<path[39m
                  [33md[39m=[32m"M332.8 320h38.4c6.4 0 12.8-6.4 
12.8-12.8V172.8c0-6.4-6.4-12.8-12.8-12.8h-38.4c-6.4 0-12.8 6.4-12.8 
12.8v134.4c0 6.4 6.4 12.8 12.8 12.8zm96 0h38.4c6.4 0 12.8-6.4 
12.8-12.8V76.8c0-6.4-6.4-12.8-12.8-12.8h-38.4c-6.4 0-12.8 6.4-12.8 
12.8v230.4c0 6.4 6.4 12.8 12.8 12.8zm-288 0h38.4c6.4 0 12.8-6.4 
12.8-12.8v-70.4c0-6.4-6.4-12.8-12.8-12.8h-38.4c-6.4 0-12.8 6.4-12.8 
12.8v70.4c0 6.4 6.4 12.8 12.8 12.8zm96 0h38.4c6.4 0 12.8-6.4 
12.8-12.8V108.8c0-6.4-6.4-12.8-12.8-12.8h-38.4c-6.4 0-12.8 6.4-12.8 
12.8v198.4c0 6.4 6.4 12.8 12.8 12.8zM496 
384H64V80c0-8.84-7.16-16-16-16H16C7.16 64 0 71.16 0 80v336c0 17.67 14.33 32 32 
32h464c8.84 0 16-7.16 16-16v-32c0-8.84-7.16-16-16-16z"[39m
                [36m/>[39m
              [36m</svg>[39m
            [36m</div>[39m
            [36m<p[39m
              [33mclass[39m=[32m"text-slate-400 text-xs font-bold uppercase 
tracking-widest mb-1"[39m
            [36m>[39m
              [0mTß╗òng b├ái ─æ─âng[0m
            [36m</p>[39m
            [36m<div[39m
              [33mclass[39m=[32m"flex items-end gap-2"[39m
            [36m>[39m
              [36m<h2[39m
                [33mclass[39m=[32m"text-4xl font-black text-white"[39m
              [36m>[39m
                [0m100[0m
              [36m</h2>[39m
              [36m<span[39m
                [33mclass[39m=[32m"text-sm font-medium mb-1 
text-slate-500"[39m
              [36m>[39m
                [0mHß╗ç thß╗æng[0m
              [36m</span>[39m
            [36m</div>[39m
          [36m</div>[39m
          [36m<div[39m
            [33mclass[39m=[32m"relative overflow-hidden rounded-2xl border 
border-primary/10 bg-[#18122B]/70 backdrop-blur-md p-6 group 
hover:border-primary/30 transition-all duration-300"[39m
          [36m>[39m
            [36m<div[39m
              [33mclass[39m=[32m"absolute top-0 right-0 p-4 opacity-10 
group-hover:opacity-20 transition-opacity"[39m
            [36m>[39m
              [36m<svg[39m
                [33mclass[39m=[32m"text-6xl"[39m
                [33mfill[39m=[32m"currentColor"[39m
                [33mheight[39m=[32m"1em"[39m
                [33mstroke[39m=[32m"currentColor"[39m
                [33mstroke-width[39m=[32m"0"[39m
                [33mviewBox[39m=[32m"0 0 512 512"[39m
                [33mwidth[39m=[32m"1em"[39m
                [33mxmlns[39m=[32m"http://www.w3.org/2000/svg"[39m
              [36m>[39m
                [36m<path[39m
                  [33md[39m=[32m"M256,8C119,8,8,119,8,256S119,504,256,504,50
4,393,504,256,393,8,256,8Zm92.49,313h0l-20,25a16,16,0,0,1-22.49,2.5h0l-67-49.72
a40,40,0,0,1-15-31.23V112a16,16,0,0,1,16-16h32a16,16,0,0,1,16,16V256l58,42.5A16
,16,0,0,1,348.49,321Z"[39m
                [36m/>[39m
              [36m</svg>[39m
            [36m</div>[39m
            [36m<p[39m
              [33mclass[39m=[32m"text-slate-400 text-xs font-bold uppercase 
tracking-widest mb-1"[39m
            [36m>[39m
              [0mChß╗¥ duyß╗çt[0m
            [36m</p>[39m
            [36m<div[39m
              [33mclass[39m=[32m"flex items-end gap-2"[39m
            [36m>[39m
              [36m<h2[39m
                [33mclass[39m=[32m"text-4xl font-black 
text-fuchsia-500"[39m
              [36m>[39m
                [0m20[0m
              [36m</h2>[39m
              [36m<span[39m
                [33mclass[39m=[32m"text-sm font-medium mb-1 
text-fuchsia-500/70"[39m
              [36m>[39m
                [0m20 mß╗¢i[0m
              [36m</span>[39m
            [36m</div>[39m
          [36m</div>[39m
          [36m<div[39m
            [33mclass[39m=[32m"relative overflow-hidden rounded-2xl border 
border-primary/10 bg-[#18122B]/70 backdrop-blur-md p-6 group 
hover:border-primary/30 transition-all duration-300"[39m
          [36m>[39m
            [36m<div[39m
              [33mclass[39m=[32m"absolute top-0 right-0 p-4 opacity-10 
group-hover:opacity-20 transition-opacity"[39m
            [36m>[39m
              [36m<svg[39m
                [33mclass[39m=[32m"text-6xl"[39m
                [33mfill[39m=[32m"currentColor"[39m
                [33mheight[39m=[32m"1em"[39m
                [33mstroke[39m=[32m"currentColor"[39m
                [33mstroke-width[39m=[32m"0"[39m
                [33mviewBox[39m=[32m"0 0 512 512"[39m
                [33mwidth[39m=[32m"1em"[39m
                [33mxmlns[39m=[32m"http://www.w3.org/2000/svg"[39m
              [36m>[39m
                [36m<path[39m
                  [33md[39m=[32m"M504 256c0 136.967-111.033 248-248 248S8 
392.967 8 256 119.033 8 256 8s248 111.033 248 248zM227.314 
387.314l184-184c6.248-6.248 6.248-16.379 
0-22.627l-22.627-22.627c-6.248-6.249-16.379-6.249-22.628 0L216 
308.118l-70.059-70.059c-6.248-6.248-16.379-6.248-22.628 0l-22.627 
22.627c-6.248 6.248-6.248 16.379 0 22.627l104 104c6.249 6.249 16.379 6.249 
22.628.001z"[39m
                [36m/>[39m
              [36m</svg>[39m
            [36m</div>[39m
            [36m<p[39m
              [33mclass[39m=[32m"text-slate-400 text-xs font-bold uppercase 
tracking-widest mb-1"[39m
            [36m>[39m
              [0m─É├ú xß╗¡ l├╜ th├ánh c├┤ng[0m
            [36m</p>[39m
            [36m<div[39m
              [33mclass[39m=[32m"flex items-end gap-2"[39m
            [36m>[39m
              [36m<h2[39m
                [33mclass[39m=[32m"text-4xl font-black 
text-emerald-500"[39m
              [36m>[39m
                [0m80[0m
              [36m</h2>[39m
              [36m<span[39m
                [33mclass[39m=[32m"text-sm font-medium mb-1 
text-emerald-500/70"[39m
              [36m>[39m
                [0m80%[0m
              [36m</span>[39m
            [36m</div>[39m
          [36m</div>[39m
        [36m</div>[39m
      [36m</div>[39m
    [36m</body>[39m

    [0m [90m 261 |[39m       })
     [90m 262 |[39m
    [31m[1m>[22m[39m[90m 263 |[39m       [36mawait[39m waitFor(() 
[33m=>[39m {
     [90m     |[39m                    [31m[1m^[22m[39m
     [90m 264 |[39m         
expect(screen[33m.[39mgetByText([32m'0'[39m))[33m.[39mtoBeInTheDocument()
     [90m 265 |[39m       })
     [90m 266 |[39m     })[0m

      at waitForWrapper 
(node_modules/@testing-library/dom/dist/wait-for.js:163:27)
      at Object.<anonymous> 
(src/test/unit/components/Staff/posts/StaffPostApprovalStats.test.tsx:263:20)

  ΓùÅ StaffPostApprovalStats ΓÇ║ Edge Cases ΓÇ║ should handle zero counts for 
all statuses

    Unable to find an element with the text: 0. This could be because the text 
is broken up by multiple elements. In this case, you can provide a function 
for your text matcher to make your matcher more flexible.

    Ignored nodes: comments, script, style
    [36m<body>[39m
      [36m<div>[39m
        [36m<div[39m
          [33mclass[39m=[32m"grid grid-cols-1 md:grid-cols-3 gap-6"[39m
        [36m>[39m
          [36m<div[39m
            [33mclass[39m=[32m"relative overflow-hidden rounded-2xl border 
border-primary/10 bg-[#18122B]/70 backdrop-blur-md p-6 group 
hover:border-primary/30 transition-all duration-300"[39m
          [36m>[39m
            [36m<div[39m
              [33mclass[39m=[32m"absolute top-0 right-0 p-4 opacity-10 
group-hover:opacity-20 transition-opacity"[39m
            [36m>[39m
              [36m<svg[39m
                [33mclass[39m=[32m"text-6xl"[39m
                [33mfill[39m=[32m"currentColor"[39m
                [33mheight[39m=[32m"1em"[39m
                [33mstroke[39m=[32m"currentColor"[39m
                [33mstroke-width[39m=[32m"0"[39m
                [33mviewBox[39m=[32m"0 0 512 512"[39m
                [33mwidth[39m=[32m"1em"[39m
                [33mxmlns[39m=[32m"http://www.w3.org/2000/svg"[39m
              [36m>[39m
                [36m<path[39m
                  [33md[39m=[32m"M332.8 320h38.4c6.4 0 12.8-6.4 
12.8-12.8V172.8c0-6.4-6.4-12.8-12.8-12.8h-38.4c-6.4 0-12.8 6.4-12.8 
12.8v134.4c0 6.4 6.4 12.8 12.8 12.8zm96 0h38.4c6.4 0 12.8-6.4 
12.8-12.8V76.8c0-6.4-6.4-12.8-12.8-12.8h-38.4c-6.4 0-12.8 6.4-12.8 
12.8v230.4c0 6.4 6.4 12.8 12.8 12.8zm-288 0h38.4c6.4 0 12.8-6.4 
12.8-12.8v-70.4c0-6.4-6.4-12.8-12.8-12.8h-38.4c-6.4 0-12.8 6.4-12.8 
12.8v70.4c0 6.4 6.4 12.8 12.8 12.8zm96 0h38.4c6.4 0 12.8-6.4 
12.8-12.8V108.8c0-6.4-6.4-12.8-12.8-12.8h-38.4c-6.4 0-12.8 6.4-12.8 
12.8v198.4c0 6.4 6.4 12.8 12.8 12.8zM496 
384H64V80c0-8.84-7.16-16-16-16H16C7.16 64 0 71.16 0 80v336c0 17.67 14.33 32 32 
32h464c8.84 0 16-7.16 16-16v-32c0-8.84-7.16-16-16-16z"[39m
                [36m/>[39m
              [36m</svg>[39m
            [36m</div>[39m
            [36m<p[39m
              [33mclass[39m=[32m"text-slate-400 text-xs font-bold uppercase 
tracking-widest mb-1"[39m
            [36m>[39m
              [0mTß╗òng b├ái ─æ─âng[0m
            [36m</p>[39m
            [36m<div[39m
              [33mclass[39m=[32m"flex items-end gap-2"[39m
            [36m>[39m
              [36m<h2[39m
                [33mclass[39m=[32m"text-4xl font-black text-white"[39m
              [36m>[39m
                [0m100[0m
              [36m</h2>[39m
              [36m<span[39m
                [33mclass[39m=[32m"text-sm font-medium mb-1 
text-slate-500"[39m
              [36m>[39m
                [0mHß╗ç thß╗æng[0m
              [36m</span>[39m
            [36m</div>[39m
          [36m</div>[39m
          [36m<div[39m
            [33mclass[39m=[32m"relative overflow-hidden rounded-2xl border 
border-primary/10 bg-[#18122B]/70 backdrop-blur-md p-6 group 
hover:border-primary/30 transition-all duration-300"[39m
          [36m>[39m
            [36m<div[39m
              [33mclass[39m=[32m"absolute top-0 right-0 p-4 opacity-10 
group-hover:opacity-20 transition-opacity"[39m
            [36m>[39m
              [36m<svg[39m
                [33mclass[39m=[32m"text-6xl"[39m
                [33mfill[39m=[32m"currentColor"[39m
                [33mheight[39m=[32m"1em"[39m
                [33mstroke[39m=[32m"currentColor"[39m
                [33mstroke-width[39m=[32m"0"[39m
                [33mviewBox[39m=[32m"0 0 512 512"[39m
                [33mwidth[39m=[32m"1em"[39m
                [33mxmlns[39m=[32m"http://www.w3.org/2000/svg"[39m
              [36m>[39m
                [36m<path[39m
                  [33md[39m=[32m"M256,8C119,8,8,119,8,256S119,504,256,504,50
4,393,504,256,393,8,256,8Zm92.49,313h0l-20,25a16,16,0,0,1-22.49,2.5h0l-67-49.72
a40,40,0,0,1-15-31.23V112a16,16,0,0,1,16-16h32a16,16,0,0,1,16,16V256l58,42.5A16
,16,0,0,1,348.49,321Z"[39m
                [36m/>[39m
              [36m</svg>[39m
            [36m</div>[39m
            [36m<p[39m
              [33mclass[39m=[32m"text-slate-400 text-xs font-bold uppercase 
tracking-widest mb-1"[39m
            [36m>[39m
              [0mChß╗¥ duyß╗çt[0m
            [36m</p>[39m
            [36m<div[39m
              [33mclass[39m=[32m"flex items-end gap-2"[39m
            [36m>[39m
              [36m<h2[39m
                [33mclass[39m=[32m"text-4xl font-black 
text-fuchsia-500"[39m
              [36m>[39m
                [0m20[0m
              [36m</h2>[39m
              [36m<span[39m
                [33mclass[39m=[32m"text-sm font-medium mb-1 
text-fuchsia-500/70"[39m
              [36m>[39m
                [0m20 mß╗¢i[0m
              [36m</span>[39m
            [36m</div>[39m
          [36m</div>[39m
          [36m<div[39m
            [33mclass[39m=[32m"relative overflow-hidden rounded-2xl border 
border-primary/10 bg-[#18122B]/70 backdrop-blur-md p-6 group 
hover:border-primary/30 transition-all duration-300"[39m
          [36m>[39m
            [36m<div[39m
              [33mclass[39m=[32m"absolute top-0 right-0 p-4 opacity-10 
group-hover:opacity-20 transition-opacity"[39m
            [36m>[39m
              [36m<svg[39m
                [33mclass[39m=[32m"text-6xl"[39m
                [33mfill[39m=[32m"currentColor"[39m
                [33mheight[39m=[32m"1em"[39m
                [33mstroke[39m=[32m"currentColor"[39m
                [33mstroke-width[39m=[32m"0"[39m
                [33mviewBox[39m=[32m"0 0 512 512"[39m
                [33mwidth[39m=[32m"1em"[39m
                [33mxmlns[39m=[32m"http://www.w3.org/2000/svg"[39m
              [36m>[39m
                [36m<path[39m
                  [33md[39m=[32m"M504 256c0 136.967-111.033 248-248 248S8 
392.967 8 256 119.033 8 256 8s248 111.033 248 248zM227.314 
387.314l184-184c6.248-6.248 6.248-16.379 
0-22.627l-22.627-22.627c-6.248-6.249-16.379-6.249-22.628 0L216 
308.118l-70.059-70.059c-6.248-6.248-16.379-6.248-22.628 0l-22.627 
22.627c-6.248 6.248-6.248 16.379 0 22.627l104 104c6.249 6.249 16.379 6.249 
22.628.001z"[39m
                [36m/>[39m
              [36m</svg>[39m
            [36m</div>[39m
            [36m<p[39m
              [33mclass[39m=[32m"text-slate-400 text-xs font-bold uppercase 
tracking-widest mb-1"[39m
            [36m>[39m
              [0m─É├ú xß╗¡ l├╜ th├ánh c├┤ng[0m
            [36m</p>[39m
            [36m<div[39m
              [33mclass[39m=[32m"flex items-end gap-2"[39m
            [36m>[39m
              [36m<h2[39m
                [33mclass[39m=[32m"text-4xl font-black 
text-emerald-500"[39m
              [36m>[39m
                [0m80[0m
              [36m</h2>[39m
              [36m<span[39m
                [33mclass[39m=[32m"text-sm font-medium mb-1 
text-emerald-500/70"[39m
              [36m>[39m
                [0m80%[0m
              [36m</span>[39m
            [36m</div>[39m
          [36m</div>[39m
        [36m</div>[39m
      [36m</div>[39m
    [36m</body>[39m

    [0m [90m 317 |[39m       })
     [90m 318 |[39m
    [31m[1m>[22m[39m[90m 319 |[39m       [36mawait[39m waitFor(() 
[33m=>[39m {
     [90m     |[39m                    [31m[1m^[22m[39m
     [90m 320 |[39m         
expect(screen[33m.[39mgetByText([32m'0'[39m))[33m.[39mtoBeInTheDocument()
     [90m 321 |[39m       })
     [90m 322 |[39m     })[0m

      at waitForWrapper 
(node_modules/@testing-library/dom/dist/wait-for.js:163:27)
      at Object.<anonymous> 
(src/test/unit/components/Staff/posts/StaffPostApprovalStats.test.tsx:319:20)

  ΓùÅ StaffPostApprovalStats ΓÇ║ Edge Cases ΓÇ║ should handle very large 
numbers

    Unable to find an element with the text: 999.999.999. This could be 
because the text is broken up by multiple elements. In this case, you can 
provide a function for your text matcher to make your matcher more flexible.

    Ignored nodes: comments, script, style
    [36m<body>[39m
      [36m<div>[39m
        [36m<div[39m
          [33mclass[39m=[32m"grid grid-cols-1 md:grid-cols-3 gap-6"[39m
        [36m>[39m
          [36m<div[39m
            [33mclass[39m=[32m"relative overflow-hidden rounded-2xl border 
border-primary/10 bg-[#18122B]/70 backdrop-blur-md p-6 group 
hover:border-primary/30 transition-all duration-300"[39m
          [36m>[39m
            [36m<div[39m
              [33mclass[39m=[32m"absolute top-0 right-0 p-4 opacity-10 
group-hover:opacity-20 transition-opacity"[39m
            [36m>[39m
              [36m<svg[39m
                [33mclass[39m=[32m"text-6xl"[39m
                [33mfill[39m=[32m"currentColor"[39m
                [33mheight[39m=[32m"1em"[39m
                [33mstroke[39m=[32m"currentColor"[39m
                [33mstroke-width[39m=[32m"0"[39m
                [33mviewBox[39m=[32m"0 0 512 512"[39m
                [33mwidth[39m=[32m"1em"[39m
                [33mxmlns[39m=[32m"http://www.w3.org/2000/svg"[39m
              [36m>[39m
                [36m<path[39m
                  [33md[39m=[32m"M332.8 320h38.4c6.4 0 12.8-6.4 
12.8-12.8V172.8c0-6.4-6.4-12.8-12.8-12.8h-38.4c-6.4 0-12.8 6.4-12.8 
12.8v134.4c0 6.4 6.4 12.8 12.8 12.8zm96 0h38.4c6.4 0 12.8-6.4 
12.8-12.8V76.8c0-6.4-6.4-12.8-12.8-12.8h-38.4c-6.4 0-12.8 6.4-12.8 
12.8v230.4c0 6.4 6.4 12.8 12.8 12.8zm-288 0h38.4c6.4 0 12.8-6.4 
12.8-12.8v-70.4c0-6.4-6.4-12.8-12.8-12.8h-38.4c-6.4 0-12.8 6.4-12.8 
12.8v70.4c0 6.4 6.4 12.8 12.8 12.8zm96 0h38.4c6.4 0 12.8-6.4 
12.8-12.8V108.8c0-6.4-6.4-12.8-12.8-12.8h-38.4c-6.4 0-12.8 6.4-12.8 
12.8v198.4c0 6.4 6.4 12.8 12.8 12.8zM496 
384H64V80c0-8.84-7.16-16-16-16H16C7.16 64 0 71.16 0 80v336c0 17.67 14.33 32 32 
32h464c8.84 0 16-7.16 16-16v-32c0-8.84-7.16-16-16-16z"[39m
                [36m/>[39m
              [36m</svg>[39m
            [36m</div>[39m
            [36m<p[39m
              [33mclass[39m=[32m"text-slate-400 text-xs font-bold uppercase 
tracking-widest mb-1"[39m
            [36m>[39m
              [0mTß╗òng b├ái ─æ─âng[0m
            [36m</p>[39m
            [36m<div[39m
              [33mclass[39m=[32m"flex items-end gap-2"[39m
            [36m>[39m
              [36m<h2[39m
                [33mclass[39m=[32m"text-4xl font-black text-white"[39m
              [36m>[39m
                [0m100[0m
              [36m</h2>[39m
              [36m<span[39m
                [33mclass[39m=[32m"text-sm font-medium mb-1 
text-slate-500"[39m
              [36m>[39m
                [0mHß╗ç thß╗æng[0m
              [36m</span>[39m
            [36m</div>[39m
          [36m</div>[39m
          [36m<div[39m
            [33mclass[39m=[32m"relative overflow-hidden rounded-2xl border 
border-primary/10 bg-[#18122B]/70 backdrop-blur-md p-6 group 
hover:border-primary/30 transition-all duration-300"[39m
          [36m>[39m
            [36m<div[39m
              [33mclass[39m=[32m"absolute top-0 right-0 p-4 opacity-10 
group-hover:opacity-20 transition-opacity"[39m
            [36m>[39m
              [36m<svg[39m
                [33mclass[39m=[32m"text-6xl"[39m
                [33mfill[39m=[32m"currentColor"[39m
                [33mheight[39m=[32m"1em"[39m
                [33mstroke[39m=[32m"currentColor"[39m
                [33mstroke-width[39m=[32m"0"[39m
                [33mviewBox[39m=[32m"0 0 512 512"[39m
                [33mwidth[39m=[32m"1em"[39m
                [33mxmlns[39m=[32m"http://www.w3.org/2000/svg"[39m
              [36m>[39m
                [36m<path[39m
                  [33md[39m=[32m"M256,8C119,8,8,119,8,256S119,504,256,504,50
4,393,504,256,393,8,256,8Zm92.49,313h0l-20,25a16,16,0,0,1-22.49,2.5h0l-67-49.72
a40,40,0,0,1-15-31.23V112a16,16,0,0,1,16-16h32a16,16,0,0,1,16,16V256l58,42.5A16
,16,0,0,1,348.49,321Z"[39m
                [36m/>[39m
              [36m</svg>[39m
            [36m</div>[39m
            [36m<p[39m
              [33mclass[39m=[32m"text-slate-400 text-xs font-bold uppercase 
tracking-widest mb-1"[39m
            [36m>[39m
              [0mChß╗¥ duyß╗çt[0m
            [36m</p>[39m
            [36m<div[39m
              [33mclass[39m=[32m"flex items-end gap-2"[39m
            [36m>[39m
              [36m<h2[39m
                [33mclass[39m=[32m"text-4xl font-black 
text-fuchsia-500"[39m
              [36m>[39m
                [0m20[0m
              [36m</h2>[39m
              [36m<span[39m
                [33mclass[39m=[32m"text-sm font-medium mb-1 
text-fuchsia-500/70"[39m
              [36m>[39m
                [0m20 mß╗¢i[0m
              [36m</span>[39m
            [36m</div>[39m
          [36m</div>[39m
          [36m<div[39m
            [33mclass[39m=[32m"relative overflow-hidden rounded-2xl border 
border-primary/10 bg-[#18122B]/70 backdrop-blur-md p-6 group 
hover:border-primary/30 transition-all duration-300"[39m
          [36m>[39m
            [36m<div[39m
              [33mclass[39m=[32m"absolute top-0 right-0 p-4 opacity-10 
group-hover:opacity-20 transition-opacity"[39m
            [36m>[39m
              [36m<svg[39m
                [33mclass[39m=[32m"text-6xl"[39m
                [33mfill[39m=[32m"currentColor"[39m
                [33mheight[39m=[32m"1em"[39m
                [33mstroke[39m=[32m"currentColor"[39m
                [33mstroke-width[39m=[32m"0"[39m
                [33mviewBox[39m=[32m"0 0 512 512"[39m
                [33mwidth[39m=[32m"1em"[39m
                [33mxmlns[39m=[32m"http://www.w3.org/2000/svg"[39m
              [36m>[39m
                [36m<path[39m
                  [33md[39m=[32m"M504 256c0 136.967-111.033 248-248 248S8 
392.967 8 256 119.033 8 256 8s248 111.033 248 248zM227.314 
387.314l184-184c6.248-6.248 6.248-16.379 
0-22.627l-22.627-22.627c-6.248-6.249-16.379-6.249-22.628 0L216 
308.118l-70.059-70.059c-6.248-6.248-16.379-6.248-22.628 0l-22.627 
22.627c-6.248 6.248-6.248 16.379 0 22.627l104 104c6.249 6.249 16.379 6.249 
22.628.001z"[39m
                [36m/>[39m
              [36m</svg>[39m
            [36m</div>[39m
            [36m<p[39m
              [33mclass[39m=[32m"text-slate-400 text-xs font-bold uppercase 
tracking-widest mb-1"[39m
            [36m>[39m
              [0m─É├ú xß╗¡ l├╜ th├ánh c├┤ng[0m
            [36m</p>[39m
            [36m<div[39m
              [33mclass[39m=[32m"flex items-end gap-2"[39m
            [36m>[39m
              [36m<h2[39m
                [33mclass[39m=[32m"text-4xl font-black 
text-emerald-500"[39m
              [36m>[39m
                [0m80[0m
              [36m</h2>[39m
              [36m<span[39m
                [33mclass[39m=[32m"text-sm font-medium mb-1 
text-emerald-500/70"[39m
              [36m>[39m
                [0m80%[0m
              [36m</span>[39m
            [36m</div>[39m
          [36m</div>[39m
        [36m</div>[39m
      [36m</div>[39m
    [36m</body>[39m

    [0m [90m 333 |[39m       })
     [90m 334 |[39m
    [31m[1m>[22m[39m[90m 335 |[39m       [36mawait[39m waitFor(() 
[33m=>[39m {
     [90m     |[39m                    [31m[1m^[22m[39m
     [90m 336 |[39m         expect(screen[33m.[39mgetByText([32m'999.999.9
99'[39m))[33m.[39mtoBeInTheDocument()
     [90m 337 |[39m       })
     [90m 338 |[39m     })[0m

      at waitForWrapper 
(node_modules/@testing-library/dom/dist/wait-for.js:163:27)
      at Object.<anonymous> 
(src/test/unit/components/Staff/posts/StaffPostApprovalStats.test.tsx:335:20)

  ΓùÅ StaffPostApprovalStats ΓÇ║ Edge Cases ΓÇ║ should handle missing 
totalCount in response

    Found multiple elements with the text: 0

    Here are the matching elements:

    Ignored nodes: comments, script, style
    [36m<h2[39m
      [33mclass[39m=[32m"text-4xl font-black text-white"[39m
    [36m>[39m
      [0m0[0m
    [36m</h2>[39m

    Ignored nodes: comments, script, style
    [36m<h2[39m
      [33mclass[39m=[32m"text-4xl font-black text-fuchsia-500"[39m
    [36m>[39m
      [0m0[0m
    [36m</h2>[39m

    Ignored nodes: comments, script, style
    [36m<span[39m
      [33mclass[39m=[32m"text-sm font-medium mb-1 text-fuchsia-500/70"[39m
    [36m>[39m
      [0m0[0m
    [36m</span>[39m

    Ignored nodes: comments, script, style
    [36m<h2[39m
      [33mclass[39m=[32m"text-4xl font-black text-emerald-500"[39m
    [36m>[39m
      [0m0[0m
    [36m</h2>[39m

    (If this is intentional, then use the `*AllBy*` variant of the query (like 
`queryAllByText`, `getAllByText`, or `findAllByText`)).

    Ignored nodes: comments, script, style
    [36m<body>[39m
      [36m<div>[39m
        [36m<div[39m
          [33mclass[39m=[32m"grid grid-cols-1 md:grid-cols-3 gap-6"[39m
        [36m>[39m
          [36m<div[39m
            [33mclass[39m=[32m"relative overflow-hidden rounded-2xl border 
border-primary/10 bg-[#18122B]/70 backdrop-blur-md p-6 group 
hover:border-primary/30 transition-all duration-300"[39m
          [36m>[39m
            [36m<div[39m
              [33mclass[39m=[32m"absolute top-0 right-0 p-4 opacity-10 
group-hover:opacity-20 transition-opacity"[39m
            [36m>[39m
              [36m<svg[39m
                [33mclass[39m=[32m"text-6xl"[39m
                [33mfill[39m=[32m"currentColor"[39m
                [33mheight[39m=[32m"1em"[39m
                [33mstroke[39m=[32m"currentColor"[39m
                [33mstroke-width[39m=[32m"0"[39m
                [33mviewBox[39m=[32m"0 0 512 512"[39m
                [33mwidth[39m=[32m"1em"[39m
                [33mxmlns[39m=[32m"http://www.w3.org/2000/svg"[39m
              [36m>[39m
                [36m<path[39m
                  [33md[39m=[32m"M332.8 320h38.4c6.4 0 12.8-6.4 
12.8-12.8V172.8c0-6.4-6.4-12.8-12.8-12.8h-38.4c-6.4 0-12.8 6.4-12.8 
12.8v134.4c0 6.4 6.4 12.8 12.8 12.8zm96 0h38.4c6.4 0 12.8-6.4 
12.8-12.8V76.8c0-6.4-6.4-12.8-12.8-12.8h-38.4c-6.4 0-12.8 6.4-12.8 
12.8v230.4c0 6.4 6.4 12.8 12.8 12.8zm-288 0h38.4c6.4 0 12.8-6.4 
12.8-12.8v-70.4c0-6.4-6.4-12.8-12.8-12.8h-38.4c-6.4 0-12.8 6.4-12.8 
12.8v70.4c0 6.4 6.4 12.8 12.8 12.8zm96 0h38.4c6.4 0 12.8-6.4 
12.8-12.8V108.8c0-6.4-6.4-12.8-12.8-12.8h-38.4c-6.4 0-12.8 6.4-12.8 
12.8v198.4c0 6.4 6.4 12.8 12.8 12.8zM496 
384H64V80c0-8.84-7.16-16-16-16H16C7.16 64 0 71.16 0 80v336c0 17.67 14.33 32 32 
32h464c8.84 0 16-7.16 16-16v-32c0-8.84-7.16-16-16-16z"[39m
                [36m/>[39m
              [36m</svg>[39m
            [36m</div>[39m
            [36m<p[39m
              [33mclass[39m=[32m"text-slate-400 text-xs font-bold uppercase 
tracking-widest mb-1"[39m
            [36m>[39m
              [0mTß╗òng b├ái ─æ─âng[0m
            [36m</p>[39m
            [36m<div[39m
              [33mclass[39m=[32m"flex items-end gap-2"[39m
            [36m>[39m
              [36m<h2[39m
                [33mclass[39m=[32m"text-4xl font-black text-white"[39m
              [36m>[39m
                [0m0[0m
              [36m</h2>[39m
              [36m<span[39m
                [33mclass[39m=[32m"text-sm font-medium mb-1 
text-slate-500"[39m
              [36m>[39m
                [0mHß╗ç thß╗æng[0m
              [36m</span>[39m
            [36m</div>[39m
          [36m</div>[39m
          [36m<div[39m
            [33mclass[39m=[32m"relative overflow-hidden rounded-2xl border 
border-primary/10 bg-[#18122B]/70 backdrop-blur-md p-6 group 
hover:border-primary/30 transition-all duration-300"[39m
          [36m>[39m
            [36m<div[39m
              [33mclass[39m=[32m"absolute top-0 right-0 p-4 opacity-10 
group-hover:opacity-20 transition-opacity"[39m
            [36m>[39m
              [36m<svg[39m
                [33mclass[39m=[32m"text-6xl"[39m
                [33mfill[39m=[32m"currentColor"[39m
                [33mheight[39m=[32m"1em"[39m
                [33mstroke[39m=[32m"currentColor"[39m
                [33mstroke-width[39m=[32m"0"[39m
                [33mviewBox[39m=[32m"0 0 512 512"[39m
                [33mwidth[39m=[32m"1em"[39m
                [33mxmlns[39m=[32m"http://www.w3.org/2000/svg"[39m
              [36m>[39m
                [36m<path[39m
                  [33md[39m=[32m"M256,8C119,8,8,119,8,256S119,504,256,504,50
4,393,504,256,393,8,256,8Zm92.49,313h0l-20,25a16,16,0,0,1-22.49,2.5h0l-67-49.72
a40,40,0,0,1-15-31.23V112a16,16,0,0,1,16-16h32a16,16,0,0,1,16,16V256l58,42.5A16
,16,0,0,1,348.49,321Z"[39m
                [36m/>[39m
              [36m</svg>[39m
            [36m</div>[39m
            [36m<p[39m
              [33mclass[39m=[32m"text-slate-400 text-xs font-bold uppercase 
tracking-widest mb-1"[39m
            [36m>[39m
              [0mChß╗¥ duyß╗çt[0m
            [36m</p>[39m
            [36m<div[39m
              [33mclass[39m=[32m"flex items-end gap-2"[39m
            [36m>[39m
              [36m<h2[39m
                [33mclass[39m=[32m"text-4xl font-black 
text-fuchsia-500"[39m
              [36m>[39m
                [0m0[0m
              [36m</h2>[39m
              [36m<span[39m
                [33mclass[39m=[32m"text-sm font-medium mb-1 
text-fuchsia-500/70"[39m
              [36m>[39m
                [0m0[0m
              [36m</span>[39m
            [36m</div>[39m
          [36m</div>[39m
          [36m<div[39m
            [33mclass[39m=[32m"relative overflow-hidden rounded-2xl border 
border-primary/10 bg-[#18122B]/70 backdrop-blur-md p-6 group 
hover:border-primary/30 transition-all duration-300"[39m
          [36m>[39m
            [36m<div[39m
              [33mclass[39m=[32m"absolute top-0 right-0 p-4 opacity-10 
group-hover:opacity-20 transition-opacity"[39m
            [36m>[39m
              [36m<svg[39m
                [33mclass[39m=[32m"text-6xl"[39m
                [33mfill[39m=[32m"currentColor"[39m
                [33mheight[39m=[32m"1em"[39m
                [33mstroke[39m=[32m"currentColor"[39m
                [33mstroke-width[39m=[32m"0"[39m
                [33mviewBox[39m=[32m"0 0 512 512"[39m
                [33mwidth[39m=[32m"1em"[39m
                [33mxmlns[39m=[32m"http://www.w3.org/2000/svg"[39m
              [36m>[39m
                [36m<path[39m
                  [33md[39m=[32m"M504 256c0 136.967-111.033 248-248 248S8 
392.967 8 256 119.033 8 256 8s248 111.033 248 248zM227.314 
387.314l184-184c6.248-6.248 6.248-16.379 
0-22.627l-22.627-22.627c-6.248-6.249-16.379-6.249-22.628 0L216 
308.118l-70.059-70.059c-6.248-6.248-16.379-6.248-22.628 0l-22.627 
22.627c-6.248 6.248-6.248 16.379 0 22.627l104 104c6.249 6.249 16.379 6.249 
22.628.001z"[39m
                [36m/>[39m
              [36m</svg>[39m
            [36m</div>[39m
            [36m<p[39m
              [33mclass[39m=[32m"text-slate-400 text-xs font-bold uppercase 
tracking-widest mb-1"[39m
            [36m>[39m
              [0m─É├ú xß╗¡ l├╜ th├ánh c├┤ng[0m
            [36m</p>[39m
            [36m<div[39m
              [33mclass[39m=[32m"flex items-end gap-2"[39m
            [36m>[39m
              [36m<h2[39m
                [33mclass[39m=[32m"text-4xl font-black 
text-emerald-500"[39m
              [36m>[39m
                [0m0[0m
              [36m</h2>[39m
              [36m<span[39m
                [33mclass[39m=[32m"text-sm font-medium mb-1 
text-emerald-500/70"[39m
              [36m>[39m
                [0m0%[0m
              [36m</span>[39m
            [36m</div>[39m
          [36m</div>[39m
        [36m</div>[39m
      [36m</div>[39m
    [36m</body>[39m

    [0m [90m 350 |[39m
     [90m 351 |[39m       [90m// Should default to 0[39m
    [31m[1m>[22m[39m[90m 352 |[39m       [36mawait[39m waitFor(() 
[33m=>[39m {
     [90m     |[39m                    [31m[1m^[22m[39m
     [90m 353 |[39m         
expect(screen[33m.[39mgetByText([32m'0'[39m))[33m.[39mtoBeInTheDocument()
     [90m 354 |[39m       })
     [90m 355 |[39m     })[0m

      at waitForWrapper 
(node_modules/@testing-library/dom/dist/wait-for.js:163:27)
      at Object.<anonymous> 
(src/test/unit/components/Staff/posts/StaffPostApprovalStats.test.tsx:352:20)

Test Suites: 9 failed, 1 passed, 10 total
Tests:       70 failed, 184 passed, 254 total
Snapshots:   0 total
Time:        15.565 s, estimated 19 s
Ran all test suites matching src/test/unit/components/Staff.
